#
# There is insufficient memory for the Java Runtime Environment to continue.
# Native memory allocation (malloc) failed to allocate 2851040 bytes. Error detail: Chunk::new
# Possible reasons:
#   The system is out of physical RAM or swap space
#   This process is running with CompressedOops enabled, and the Java Heap may be blocking the growth of the native heap
# Possible solutions:
#   Reduce memory load on the system
#   Increase physical memory or swap space
#   Check if swap backing store is full
#   Decrease Java heap size (-Xmx/-Xms)
#   Decrease number of Java threads
#   Decrease Java thread stack sizes (-Xss)
#   Set larger code cache with -XX:ReservedCodeCacheSize=
#   JVM is running with Unscaled Compressed Oops mode in which the Java heap is
#     placed in the first 4GB address space. The Java Heap base address is the
#     maximum limit for the native heap growth. Please use -XX:HeapBaseMinAddress
#     to set the Java Heap base and to place the Java Heap above 4GB virtual address.
# This output file may be truncated or incomplete.
#
#  Out of Memory Error (arena.cpp:191), pid=11208, tid=12432
#
# JRE version: OpenJDK Runtime Environment Temurin-17.0.18+8 (17.0.18+8) (build 17.0.18+8)
# Java VM: OpenJDK 64-Bit Server VM Temurin-17.0.18+8 (17.0.18+8, mixed mode, sharing, tiered, compressed oops, compressed class ptrs, g1 gc, windows-amd64)
# No core dump will be written. Minidumps are not enabled by default on client versions of Windows
#

---------------  S U M M A R Y ------------

Command Line: --add-opens=java.base/java.lang=ALL-UNNAMED --add-opens=java.base/java.lang.invoke=ALL-UNNAMED --add-opens=java.base/java.util=ALL-UNNAMED --add-opens=java.prefs/java.util.prefs=ALL-UNNAMED --add-exports=jdk.compiler/com.sun.tools.javac.api=ALL-UNNAMED --add-exports=jdk.compiler/com.sun.tools.javac.util=ALL-UNNAMED --add-opens=java.base/java.util=ALL-UNNAMED --add-opens=java.prefs/java.util.prefs=ALL-UNNAMED --add-opens=java.base/java.nio.charset=ALL-UNNAMED --add-opens=java.base/java.net=ALL-UNNAMED --add-opens=java.base/java.util.concurrent=ALL-UNNAMED --add-opens=java.base/java.util.concurrent.atomic=ALL-UNNAMED --add-opens=java.xml/javax.xml.namespace=ALL-UNNAMED --add-opens=java.base/java.time=ALL-UNNAMED -Xmx2048m -Dfile.encoding=UTF-8 -Duser.country=IN -Duser.language=en -Duser.variant -javaagent:C:\Users\welcome\.gradle\wrapper\dists\gradle-9.3.1-bin\23ovyewtku6u96viwx3xl3oks\gradle-9.3.1\lib\agents\gradle-instrumentation-agent-9.3.1.jar org.gradle.launcher.daemon.bootstrap.GradleDaemon 9.3.1

Host: 11th Gen Intel(R) Core(TM) i5-1155G7 @ 2.50GHz, 8 cores, 3G,  Windows 10 , 64 bit Build 19041 (10.0.19041.6807)
Time: Thu Mar 26 09:58:06 2026 India Standard Time elapsed time: 28.914712 seconds (0d 0h 0m 28s)

---------------  T H R E A D  ---------------

Current thread (0x000001cc4b405180):  JavaThread "C2 CompilerThread0" daemon [_thread_in_native, id=12432, stack(0x0000007bcc000000,0x0000007bcc100000)]


Current CompileTask:
C2:28915 9117       4       org.gradle.internal.instantiation.generator.AbstractClassGenerator$PropertyMetadata$$Lambda$135/0x000001cc4d1c0698::get (12 bytes)

Stack: [0x0000007bcc000000,0x0000007bcc100000]
Native frames: (J=compiled Java code, j=interpreted, Vv=VM code, C=native code)
V  [jvm.dll+0x6846f9]
V  [jvm.dll+0x839ea5]
V  [jvm.dll+0x83b91e]
V  [jvm.dll+0x83bfa3]
V  [jvm.dll+0x248eff]
V  [jvm.dll+0xad496]
V  [jvm.dll+0xadb3c]
V  [jvm.dll+0x368c1e]
V  [jvm.dll+0x1bc3f9]
V  [jvm.dll+0x219f10]
V  [jvm.dll+0x219200]
V  [jvm.dll+0x1a4920]
V  [jvm.dll+0x22989a]
V  [jvm.dll+0x227a4b]
V  [jvm.dll+0x7f0658]
V  [jvm.dll+0x7eaaec]
V  [jvm.dll+0x6835c7]
C  [ucrtbase.dll+0x21bb2]
C  [KERNEL32.DLL+0x17374]
C  [ntdll.dll+0x4cc91]


---------------  P R O C E S S  ---------------

Threads class SMR info:
_java_thread_list=0x000001cc9367e6a0, length=88, elements={
0x000001cc2afc09d0, 0x000001cc4b3db5c0, 0x000001cc4b3de0a0, 0x000001cc4b3f24f0,
0x000001cc4b3f6ee0, 0x000001cc4b3f7dc0, 0x000001cc4b3f8690, 0x000001cc4b405180,
0x000001cc4b425aa0, 0x000001cc4b4267c0, 0x000001cc4b602a60, 0x000001cc4b6e94a0,
0x000001cc9252d860, 0x000001cc92446990, 0x000001cc924433e0, 0x000001cc924438f0,
0x000001cc92442ed0, 0x000001cc92443e00, 0x000001cc92444310, 0x000001cc924429c0,
0x000001cc4b8e1100, 0x000001cc4b8db5e0, 0x000001cc4b8e1610, 0x000001cc4b8dd440,
0x000001cc4b8e1b20, 0x000001cc4b8dd950, 0x000001cc4b8e0bf0, 0x000001cc4b8dde60,
0x000001cc4b8da6b0, 0x000001cc4b8e2030, 0x000001cc4b8e06e0, 0x000001cc4b8df7b0,
0x000001cc4b8e01d0, 0x000001cc4b8dca20, 0x000001cc4b8de370, 0x000001cc4b8de880,
0x000001cc4b8dcf30, 0x000001cc4b8ded90, 0x000001cc4b8df2a0, 0x000001cc4b8dabc0,
0x000001cc4b8dfcc0, 0x000001cc4b8db0d0, 0x000001cc4b8dbaf0, 0x000001cc4b8dc000,
0x000001cc4b8dc510, 0x000001cc93fe3e10, 0x000001cc93fe6ba0, 0x000001cc93fe4320,
0x000001cc93fe70b0, 0x000001cc93fe5760, 0x000001cc93fe3900, 0x000001cc93fe6690,
0x000001cc93fe5c70, 0x000001cc93fe4830, 0x000001cc93fe4d40, 0x000001cc93fe5250,
0x000001cc93fe6180, 0x000001cc93c00c70, 0x000001cc93bfd9d0, 0x000001cc93c01180,
0x000001cc93bff830, 0x000001cc93c01690, 0x000001cc93c01ba0, 0x000001cc93bfb150,
0x000001cc93c020b0, 0x000001cc93bfb660, 0x000001cc93bffd40, 0x000001cc93bfee10,
0x000001cc93bfbb70, 0x000001cc93bfe900, 0x000001cc93c00250, 0x000001cc93bfe3f0,
0x000001cc93bfcaa0, 0x000001cc93bfc080, 0x000001cc93c00760, 0x000001cc93bfc590,
0x000001cc93bfac40, 0x000001cc93bfcfb0, 0x000001cc93bfd4c0, 0x000001cc93c025c0,
0x000001cc93bff320, 0x000001cc93bfdee0, 0x000001cc92e35510, 0x000001cc92e30920,
0x000001cc92e35a20, 0x000001cc92e35f30, 0x000001cc92e36950, 0x000001cc92e32270
}

Java Threads: ( => current thread )
  0x000001cc2afc09d0 JavaThread "main" [_thread_blocked, id=3492, stack(0x0000007bcb300000,0x0000007bcb400000)]
  0x000001cc4b3db5c0 JavaThread "Reference Handler" daemon [_thread_blocked, id=3548, stack(0x0000007bcba00000,0x0000007bcbb00000)]
  0x000001cc4b3de0a0 JavaThread "Finalizer" daemon [_thread_blocked, id=3236, stack(0x0000007bcbb00000,0x0000007bcbc00000)]
  0x000001cc4b3f24f0 JavaThread "Signal Dispatcher" daemon [_thread_blocked, id=22340, stack(0x0000007bcbc00000,0x0000007bcbd00000)]
  0x000001cc4b3f6ee0 JavaThread "Attach Listener" daemon [_thread_blocked, id=13588, stack(0x0000007bcbd00000,0x0000007bcbe00000)]
  0x000001cc4b3f7dc0 JavaThread "Service Thread" daemon [_thread_blocked, id=12220, stack(0x0000007bcbe00000,0x0000007bcbf00000)]
  0x000001cc4b3f8690 JavaThread "Monitor Deflation Thread" daemon [_thread_blocked, id=18060, stack(0x0000007bcbf00000,0x0000007bcc000000)]
=>0x000001cc4b405180 JavaThread "C2 CompilerThread0" daemon [_thread_in_native, id=12432, stack(0x0000007bcc000000,0x0000007bcc100000)]
  0x000001cc4b425aa0 JavaThread "C1 CompilerThread0" daemon [_thread_blocked, id=14796, stack(0x0000007bcc100000,0x0000007bcc200000)]
  0x000001cc4b4267c0 JavaThread "Sweeper thread" daemon [_thread_blocked, id=22404, stack(0x0000007bcc200000,0x0000007bcc300000)]
  0x000001cc4b602a60 JavaThread "Common-Cleaner" daemon [_thread_blocked, id=20064, stack(0x0000007bcc300000,0x0000007bcc400000)]
  0x000001cc4b6e94a0 JavaThread "Notification Thread" daemon [_thread_blocked, id=17584, stack(0x0000007bcc400000,0x0000007bcc500000)]
  0x000001cc9252d860 JavaThread "Daemon health stats" [_thread_blocked, id=9880, stack(0x0000007bcca00000,0x0000007bccb00000)]
  0x000001cc92446990 JavaThread "Incoming local TCP Connector on port 54149" [_thread_in_native, id=20768, stack(0x0000007bccb00000,0x0000007bccc00000)]
  0x000001cc924433e0 JavaThread "Daemon periodic checks" [_thread_blocked, id=13248, stack(0x0000007bccc00000,0x0000007bccd00000)]
  0x000001cc924438f0 JavaThread "Daemon" [_thread_blocked, id=3292, stack(0x0000007bcd000000,0x0000007bcd100000)]
  0x000001cc92442ed0 JavaThread "Handler for socket connection from /127.0.0.1:54149 to /127.0.0.1:54150" [_thread_in_native, id=11772, stack(0x0000007bcd100000,0x0000007bcd200000)]
  0x000001cc92443e00 JavaThread "Cancel handler" [_thread_blocked, id=10860, stack(0x0000007bcd200000,0x0000007bcd300000)]
  0x000001cc92444310 JavaThread "Daemon worker" [_thread_in_vm, id=3732, stack(0x0000007bcd300000,0x0000007bcd400000)]
  0x000001cc924429c0 JavaThread "Asynchronous log dispatcher for DefaultDaemonConnection: socket connection from /127.0.0.1:54149 to /127.0.0.1:54150" [_thread_blocked, id=6960, stack(0x0000007bcd400000,0x0000007bcd500000)]
  0x000001cc4b8e1100 JavaThread "Stdin handler" [_thread_blocked, id=13344, stack(0x0000007bcd500000,0x0000007bcd600000)]
  0x000001cc4b8db5e0 JavaThread "Daemon client event forwarder" [_thread_blocked, id=18844, stack(0x0000007bcd600000,0x0000007bcd700000)]
  0x000001cc4b8e1610 JavaThread "Cache worker for journal cache (C:\Users\welcome\.gradle\caches\journal-1)" [_thread_blocked, id=10316, stack(0x0000007bcd700000,0x0000007bcd800000)]
  0x000001cc4b8dd440 JavaThread "File lock request listener" [_thread_in_native, id=8096, stack(0x0000007bcd800000,0x0000007bcd900000)]
  0x000001cc4b8e1b20 JavaThread "Cache worker for file hash cache (C:\Users\welcome\.gradle\caches\9.3.1\fileHashes)" [_thread_blocked, id=1552, stack(0x0000007bcd900000,0x0000007bcda00000)]
  0x000001cc4b8dd950 JavaThread "Cache worker for file hash cache (C:\Users\welcome\AndroidStudioProjects\mindguardaipsychologicalsupportapp\.gradle\9.3.1\fileHashes)" [_thread_blocked, id=15924, stack(0x0000007bcdb00000,0x0000007bcdc00000)]
  0x000001cc4b8e0bf0 JavaThread "Cache worker for Build Output Cleanup Cache (C:\Users\welcome\AndroidStudioProjects\mindguardaipsychologicalsupportapp\.gradle\buildOutputCleanup)" [_thread_blocked, id=16184, stack(0x0000007bcdc00000,0x0000007bcdd00000)]
  0x000001cc4b8dde60 JavaThread "File watcher server" daemon [_thread_in_native, id=19968, stack(0x0000007bcdd00000,0x0000007bcde00000)]
  0x000001cc4b8da6b0 JavaThread "File watcher consumer" daemon [_thread_blocked, id=21604, stack(0x0000007bcde00000,0x0000007bcdf00000)]
  0x000001cc4b8e2030 JavaThread "Cache worker for checksums cache (C:\Users\welcome\AndroidStudioProjects\mindguardaipsychologicalsupportapp\.gradle\9.3.1\checksums)" [_thread_blocked, id=21600, stack(0x0000007bcdf00000,0x0000007bce000000)]
  0x000001cc4b8e06e0 JavaThread "Cache worker for file content cache (C:\Users\welcome\.gradle\caches\9.3.1\fileContent)" [_thread_blocked, id=20780, stack(0x0000007bce000000,0x0000007bce100000)]
  0x000001cc4b8df7b0 JavaThread "Cache worker for cache directory md-supplier (C:\Users\welcome\.gradle\caches\9.3.1\md-supplier)" [_thread_blocked, id=7304, stack(0x0000007bce100000,0x0000007bce200000)]
  0x000001cc4b8e01d0 JavaThread "Cache worker for cache directory md-rule (C:\Users\welcome\.gradle\caches\9.3.1\md-rule)" [_thread_blocked, id=20456, stack(0x0000007bce200000,0x0000007bce300000)]
  0x000001cc4b8dca20 JavaThread "jar transforms" [_thread_blocked, id=5972, stack(0x0000007bce300000,0x0000007bce400000)]
  0x000001cc4b8de370 JavaThread "jar transforms Thread 2" [_thread_blocked, id=8052, stack(0x0000007bce400000,0x0000007bce500000)]
  0x000001cc4b8de880 JavaThread "jar transforms Thread 3" [_thread_blocked, id=17756, stack(0x0000007bce500000,0x0000007bce600000)]
  0x000001cc4b8dcf30 JavaThread "jar transforms Thread 4" [_thread_blocked, id=7724, stack(0x0000007bce600000,0x0000007bce700000)]
  0x000001cc4b8ded90 JavaThread "jar transforms Thread 5" [_thread_blocked, id=18180, stack(0x0000007bce700000,0x0000007bce800000)]
  0x000001cc4b8df2a0 JavaThread "Unconstrained build operations" [_thread_blocked, id=19384, stack(0x0000007bce800000,0x0000007bce900000)]
  0x000001cc4b8dabc0 JavaThread "Unconstrained build operations Thread 2" [_thread_blocked, id=18132, stack(0x0000007bce900000,0x0000007bcea00000)]
  0x000001cc4b8dfcc0 JavaThread "Unconstrained build operations Thread 3" [_thread_blocked, id=20200, stack(0x0000007bcea00000,0x0000007bceb00000)]
  0x000001cc4b8db0d0 JavaThread "Unconstrained build operations Thread 4" [_thread_blocked, id=12396, stack(0x0000007bceb00000,0x0000007bcec00000)]
  0x000001cc4b8dbaf0 JavaThread "Unconstrained build operations Thread 5" [_thread_blocked, id=14728, stack(0x0000007bcec00000,0x0000007bced00000)]
  0x000001cc4b8dc000 JavaThread "Unconstrained build operations Thread 6" [_thread_blocked, id=7920, stack(0x0000007bced00000,0x0000007bcee00000)]
  0x000001cc4b8dc510 JavaThread "Unconstrained build operations Thread 7" [_thread_blocked, id=12244, stack(0x0000007bcee00000,0x0000007bcef00000)]
  0x000001cc93fe3e10 JavaThread "Unconstrained build operations Thread 8" [_thread_blocked, id=13044, stack(0x0000007bcef00000,0x0000007bcf000000)]
  0x000001cc93fe6ba0 JavaThread "Unconstrained build operations Thread 9" [_thread_blocked, id=21552, stack(0x0000007bcf000000,0x0000007bcf100000)]
  0x000001cc93fe4320 JavaThread "Unconstrained build operations Thread 10" [_thread_blocked, id=9868, stack(0x0000007bcf100000,0x0000007bcf200000)]
  0x000001cc93fe70b0 JavaThread "Unconstrained build operations Thread 11" [_thread_blocked, id=15276, stack(0x0000007bcf200000,0x0000007bcf300000)]
  0x000001cc93fe5760 JavaThread "Unconstrained build operations Thread 12" [_thread_blocked, id=20488, stack(0x0000007bcf300000,0x0000007bcf400000)]
  0x000001cc93fe3900 JavaThread "Unconstrained build operations Thread 13" [_thread_blocked, id=15672, stack(0x0000007bcf400000,0x0000007bcf500000)]
  0x000001cc93fe6690 JavaThread "Unconstrained build operations Thread 14" [_thread_blocked, id=3304, stack(0x0000007bcf500000,0x0000007bcf600000)]
  0x000001cc93fe5c70 JavaThread "jar transforms Thread 6" [_thread_blocked, id=9336, stack(0x0000007bcf600000,0x0000007bcf700000)]
  0x000001cc93fe4830 JavaThread "jar transforms Thread 7" [_thread_blocked, id=16896, stack(0x0000007bcf700000,0x0000007bcf800000)]
  0x000001cc93fe4d40 JavaThread "Unconstrained build operations Thread 15" [_thread_blocked, id=17552, stack(0x0000007bcf800000,0x0000007bcf900000)]
  0x000001cc93fe5250 JavaThread "Unconstrained build operations Thread 16" [_thread_blocked, id=2640, stack(0x0000007bcf900000,0x0000007bcfa00000)]
  0x000001cc93fe6180 JavaThread "Unconstrained build operations Thread 17" [_thread_blocked, id=3544, stack(0x0000007bcfa00000,0x0000007bcfb00000)]
  0x000001cc93c00c70 JavaThread "Unconstrained build operations Thread 18" [_thread_blocked, id=12972, stack(0x0000007bcfb00000,0x0000007bcfc00000)]
  0x000001cc93bfd9d0 JavaThread "Unconstrained build operations Thread 19" [_thread_blocked, id=14740, stack(0x0000007bcfc00000,0x0000007bcfd00000)]
  0x000001cc93c01180 JavaThread "Unconstrained build operations Thread 20" [_thread_blocked, id=16300, stack(0x0000007bcfd00000,0x0000007bcfe00000)]
  0x000001cc93bff830 JavaThread "Unconstrained build operations Thread 21" [_thread_blocked, id=10884, stack(0x0000007bcfe00000,0x0000007bcff00000)]
  0x000001cc93c01690 JavaThread "jar transforms Thread 8" [_thread_blocked, id=19684, stack(0x0000007bcff00000,0x0000007bd0000000)]
  0x000001cc93c01ba0 JavaThread "Unconstrained build operations Thread 22" [_thread_blocked, id=14152, stack(0x0000007bd0000000,0x0000007bd0100000)]
  0x000001cc93bfb150 JavaThread "Unconstrained build operations Thread 23" [_thread_blocked, id=11456, stack(0x0000007bd0100000,0x0000007bd0200000)]
  0x000001cc93c020b0 JavaThread "Unconstrained build operations Thread 24" [_thread_blocked, id=18508, stack(0x0000007bd0200000,0x0000007bd0300000)]
  0x000001cc93bfb660 JavaThread "Unconstrained build operations Thread 25" [_thread_blocked, id=2980, stack(0x0000007bd0300000,0x0000007bd0400000)]
  0x000001cc93bffd40 JavaThread "Unconstrained build operations Thread 26" [_thread_blocked, id=532, stack(0x0000007bd0400000,0x0000007bd0500000)]
  0x000001cc93bfee10 JavaThread "Unconstrained build operations Thread 27" [_thread_blocked, id=16200, stack(0x0000007bd0500000,0x0000007bd0600000)]
  0x000001cc93bfbb70 JavaThread "Unconstrained build operations Thread 28" [_thread_blocked, id=3992, stack(0x0000007bd0600000,0x0000007bd0700000)]
  0x000001cc93bfe900 JavaThread "Unconstrained build operations Thread 29" [_thread_blocked, id=11340, stack(0x0000007bd0700000,0x0000007bd0800000)]
  0x000001cc93c00250 JavaThread "Unconstrained build operations Thread 30" [_thread_blocked, id=17688, stack(0x0000007bd0800000,0x0000007bd0900000)]
  0x000001cc93bfe3f0 JavaThread "Unconstrained build operations Thread 31" [_thread_blocked, id=20308, stack(0x0000007bd0900000,0x0000007bd0a00000)]
  0x000001cc93bfcaa0 JavaThread "Unconstrained build operations Thread 32" [_thread_blocked, id=12304, stack(0x0000007bd0a00000,0x0000007bd0b00000)]
  0x000001cc93bfc080 JavaThread "Unconstrained build operations Thread 33" [_thread_blocked, id=4652, stack(0x0000007bd0b00000,0x0000007bd0c00000)]
  0x000001cc93c00760 JavaThread "Unconstrained build operations Thread 34" [_thread_blocked, id=23360, stack(0x0000007bd0c00000,0x0000007bd0d00000)]
  0x000001cc93bfc590 JavaThread "Unconstrained build operations Thread 35" [_thread_blocked, id=4164, stack(0x0000007bd0d00000,0x0000007bd0e00000)]
  0x000001cc93bfac40 JavaThread "Unconstrained build operations Thread 36" [_thread_blocked, id=12752, stack(0x0000007bd0e00000,0x0000007bd0f00000)]
  0x000001cc93bfcfb0 JavaThread "Unconstrained build operations Thread 37" [_thread_blocked, id=17012, stack(0x0000007bd0f00000,0x0000007bd1000000)]
  0x000001cc93bfd4c0 JavaThread "Unconstrained build operations Thread 38" [_thread_blocked, id=16820, stack(0x0000007bd1000000,0x0000007bd1100000)]
  0x000001cc93c025c0 JavaThread "Unconstrained build operations Thread 39" [_thread_blocked, id=22812, stack(0x0000007bd1100000,0x0000007bd1200000)]
  0x000001cc93bff320 JavaThread "Unconstrained build operations Thread 40" [_thread_blocked, id=14332, stack(0x0000007bd1200000,0x0000007bd1300000)]
  0x000001cc93bfdee0 JavaThread "Unconstrained build operations Thread 41" [_thread_blocked, id=13336, stack(0x0000007bd1300000,0x0000007bd1400000)]
  0x000001cc92e35510 JavaThread "Unconstrained build operations Thread 42" [_thread_blocked, id=980, stack(0x0000007bd1400000,0x0000007bd1500000)]
  0x000001cc92e30920 JavaThread "Unconstrained build operations Thread 43" [_thread_blocked, id=19868, stack(0x0000007bd1500000,0x0000007bd1600000)]
  0x000001cc92e35a20 JavaThread "Unconstrained build operations Thread 44" [_thread_blocked, id=6816, stack(0x0000007bd1600000,0x0000007bd1700000)]
  0x000001cc92e35f30 JavaThread "Unconstrained build operations Thread 45" [_thread_blocked, id=20504, stack(0x0000007bd1700000,0x0000007bd1800000)]
  0x000001cc92e36950 JavaThread "build event listener" [_thread_blocked, id=6680, stack(0x0000007bd1800000,0x0000007bd1900000)]
  0x000001cc92e32270 JavaThread "Memory manager" [_thread_blocked, id=5316, stack(0x0000007bd1900000,0x0000007bd1a00000)]

Other Threads:
  0x000001cc4b3d6d70 VMThread "VM Thread" [stack: 0x0000007bcb900000,0x0000007bcba00000] [id=7840]
  0x000001cc2afc18a0 WatcherThread [stack: 0x0000007bcc500000,0x0000007bcc600000] [id=11820]
  0x000001cc2b01baf0 GCTaskThread "GC Thread#0" [stack: 0x0000007bcb400000,0x0000007bcb500000] [id=19996]
  0x000001cc91092e30 GCTaskThread "GC Thread#1" [stack: 0x0000007bcc600000,0x0000007bcc700000] [id=17184]
  0x000001cc4b91c560 GCTaskThread "GC Thread#2" [stack: 0x0000007bcc700000,0x0000007bcc800000] [id=8352]
  0x000001cc91f8b690 GCTaskThread "GC Thread#3" [stack: 0x0000007bcc800000,0x0000007bcc900000] [id=10936]
  0x000001cc9209f420 GCTaskThread "GC Thread#4" [stack: 0x0000007bcc900000,0x0000007bcca00000] [id=10384]
  0x000001cc92446e70 GCTaskThread "GC Thread#5" [stack: 0x0000007bccd00000,0x0000007bcce00000] [id=7240]
  0x000001cc927c3810 GCTaskThread "GC Thread#6" [stack: 0x0000007bcce00000,0x0000007bccf00000] [id=17784]
  0x000001cc92ae1380 GCTaskThread "GC Thread#7" [stack: 0x0000007bccf00000,0x0000007bcd000000] [id=10304]
  0x000001cc2b02c950 ConcurrentGCThread "G1 Main Marker" [stack: 0x0000007bcb500000,0x0000007bcb600000] [id=3596]
  0x000001cc2b02da20 ConcurrentGCThread "G1 Conc#0" [stack: 0x0000007bcb600000,0x0000007bcb700000] [id=6400]
  0x000001cc92b34c50 ConcurrentGCThread "G1 Conc#1" [stack: 0x0000007bcda00000,0x0000007bcdb00000] [id=17160]
  0x000001cc4b290490 ConcurrentGCThread "G1 Refine#0" [stack: 0x0000007bcb700000,0x0000007bcb800000] [id=23180]
  0x000001cc4b290dd0 ConcurrentGCThread "G1 Service" [stack: 0x0000007bcb800000,0x0000007bcb900000] [id=8356]

Threads with active compile tasks:
C2 CompilerThread0  29003 9117       4       org.gradle.internal.instantiation.generator.AbstractClassGenerator$PropertyMetadata$$Lambda$135/0x000001cc4d1c0698::get (12 bytes)
C1 CompilerThread0  29003 9231       3       java.lang.reflect.Field::copy (80 bytes)

VM state: not at safepoint (normal execution)

VM Mutex/Monitor currently owned by a thread: None

Heap address: 0x0000000080000000, size: 2048 MB, Compressed Oops mode: 32-bit

CDS archive(s) mapped at: [0x000001cc4c000000-0x000001cc4cbb0000-0x000001cc4cbb0000), size 12255232, SharedBaseAddress: 0x000001cc4c000000, ArchiveRelocationMode: 1.
Compressed class space mapped at: 0x000001cc4d000000-0x000001cc8d000000, reserved size: 1073741824
Narrow klass base: 0x000001cc4c000000, Narrow klass shift: 0, Narrow klass range: 0x100000000

GC Precious Log:
 CPUs: 8 total, 8 available
 Memory: 3738M
 Large Page Support: Disabled
 NUMA Support: Disabled
 Compressed Oops: Enabled (32-bit)
 Heap Region Size: 1M
 Heap Min Capacity: 8M
 Heap Initial Capacity: 60M
 Heap Max Capacity: 2G
 Pre-touch: Disabled
 Parallel Workers: 8
 Concurrent Workers: 2
 Concurrent Refinement Workers: 8
 Periodic GC: Disabled

Heap:
 garbage-first heap   total 173056K, used 80901K [0x0000000080000000, 0x0000000100000000)
  region size 1024K, 15 young (15360K), 7 survivors (7168K)
 Metaspace       used 66825K, committed 67776K, reserved 1114112K
  class space    used 9287K, committed 9792K, reserved 1048576K

Heap Regions: E=young(eden), S=young(survivor), O=old, HS=humongous(starts), HC=humongous(continues), CS=collection set, F=free, OA=open archive, CA=closed archive, TAMS=top-at-mark-start (previous, next)
|   0|0x0000000080000000, 0x0000000080100000, 0x0000000080100000|100%|HS|  |TAMS 0x0000000080100000, 0x0000000080000000| Complete 
|   1|0x0000000080100000, 0x0000000080200000, 0x0000000080200000|100%|HC|  |TAMS 0x0000000080200000, 0x0000000080100000| Complete 
|   2|0x0000000080200000, 0x0000000080300000, 0x0000000080300000|100%|HC|  |TAMS 0x0000000080300000, 0x0000000080200000| Complete 
|   3|0x0000000080300000, 0x0000000080400000, 0x0000000080400000|100%|HC|  |TAMS 0x0000000080400000, 0x0000000080300000| Complete 
|   4|0x0000000080400000, 0x0000000080500000, 0x0000000080500000|100%| O|  |TAMS 0x0000000080500000, 0x0000000080400000| Untracked 
|   5|0x0000000080500000, 0x0000000080600000, 0x0000000080600000|100%| O|  |TAMS 0x0000000080600000, 0x0000000080500000| Untracked 
|   6|0x0000000080600000, 0x0000000080700000, 0x0000000080700000|100%| O|  |TAMS 0x0000000080700000, 0x0000000080600000| Untracked 
|   7|0x0000000080700000, 0x0000000080800000, 0x0000000080800000|100%| O|  |TAMS 0x0000000080800000, 0x0000000080700000| Untracked 
|   8|0x0000000080800000, 0x0000000080900000, 0x0000000080900000|100%| O|  |TAMS 0x0000000080900000, 0x0000000080800000| Untracked 
|   9|0x0000000080900000, 0x0000000080a00000, 0x0000000080a00000|100%| O|  |TAMS 0x0000000080a00000, 0x0000000080900000| Untracked 
|  10|0x0000000080a00000, 0x0000000080b00000, 0x0000000080b00000|100%| O|  |TAMS 0x0000000080b00000, 0x0000000080a00000| Untracked 
|  11|0x0000000080b00000, 0x0000000080c00000, 0x0000000080c00000|100%| O|  |TAMS 0x0000000080c00000, 0x0000000080b00000| Untracked 
|  12|0x0000000080c00000, 0x0000000080d00000, 0x0000000080d00000|100%|HS|  |TAMS 0x0000000080d00000, 0x0000000080c00000| Complete 
|  13|0x0000000080d00000, 0x0000000080e00000, 0x0000000080e00000|100%| O|  |TAMS 0x0000000080e00000, 0x0000000080d00000| Untracked 
|  14|0x0000000080e00000, 0x0000000080f00000, 0x0000000080f00000|100%| O|  |TAMS 0x0000000080f00000, 0x0000000080e00000| Untracked 
|  15|0x0000000080f00000, 0x0000000081000000, 0x0000000081000000|100%| O|  |TAMS 0x0000000081000000, 0x0000000080f00000| Untracked 
|  16|0x0000000081000000, 0x0000000081100000, 0x0000000081100000|100%| O|  |TAMS 0x0000000081100000, 0x0000000081000000| Untracked 
|  17|0x0000000081100000, 0x0000000081200000, 0x0000000081200000|100%| O|  |TAMS 0x0000000081200000, 0x0000000081100000| Untracked 
|  18|0x0000000081200000, 0x0000000081300000, 0x0000000081300000|100%| O|  |TAMS 0x0000000081300000, 0x0000000081200000| Untracked 
|  19|0x0000000081300000, 0x0000000081400000, 0x0000000081400000|100%| O|  |TAMS 0x0000000081400000, 0x0000000081300000| Untracked 
|  20|0x0000000081400000, 0x0000000081500000, 0x0000000081500000|100%| O|  |TAMS 0x0000000081500000, 0x0000000081400000| Untracked 
|  21|0x0000000081500000, 0x0000000081600000, 0x0000000081600000|100%| O|  |TAMS 0x0000000081600000, 0x0000000081500000| Untracked 
|  22|0x0000000081600000, 0x0000000081700000, 0x0000000081700000|100%| O|  |TAMS 0x0000000081700000, 0x0000000081600000| Untracked 
|  23|0x0000000081700000, 0x0000000081800000, 0x0000000081800000|100%| O|  |TAMS 0x0000000081800000, 0x0000000081700000| Untracked 
|  24|0x0000000081800000, 0x0000000081900000, 0x0000000081900000|100%| O|  |TAMS 0x0000000081900000, 0x0000000081800000| Untracked 
|  25|0x0000000081900000, 0x0000000081a00000, 0x0000000081a00000|100%| O|  |TAMS 0x0000000081a00000, 0x0000000081900000| Untracked 
|  26|0x0000000081a00000, 0x0000000081b00000, 0x0000000081b00000|100%| O|  |TAMS 0x0000000081b00000, 0x0000000081a00000| Untracked 
|  27|0x0000000081b00000, 0x0000000081c00000, 0x0000000081c00000|100%| O|  |TAMS 0x0000000081c00000, 0x0000000081b00000| Untracked 
|  28|0x0000000081c00000, 0x0000000081d00000, 0x0000000081d00000|100%| O|  |TAMS 0x0000000081d00000, 0x0000000081c00000| Untracked 
|  29|0x0000000081d00000, 0x0000000081e00000, 0x0000000081e00000|100%| O|  |TAMS 0x0000000081e00000, 0x0000000081d00000| Untracked 
|  30|0x0000000081e00000, 0x0000000081f00000, 0x0000000081f00000|100%| O|  |TAMS 0x0000000081f00000, 0x0000000081e00000| Untracked 
|  31|0x0000000081f00000, 0x0000000082000000, 0x0000000082000000|100%| O|  |TAMS 0x0000000082000000, 0x0000000081f00000| Untracked 
|  32|0x0000000082000000, 0x0000000082100000, 0x0000000082100000|100%| O|  |TAMS 0x0000000082100000, 0x0000000082000000| Untracked 
|  33|0x0000000082100000, 0x0000000082200000, 0x0000000082200000|100%| O|  |TAMS 0x0000000082200000, 0x0000000082100000| Untracked 
|  34|0x0000000082200000, 0x0000000082300000, 0x0000000082300000|100%| O|  |TAMS 0x0000000082300000, 0x0000000082200000| Untracked 
|  35|0x0000000082300000, 0x0000000082400000, 0x0000000082400000|100%|HS|  |TAMS 0x0000000082400000, 0x0000000082300000| Complete 
|  36|0x0000000082400000, 0x0000000082500000, 0x0000000082500000|100%|HC|  |TAMS 0x0000000082500000, 0x0000000082400000| Complete 
|  37|0x0000000082500000, 0x0000000082600000, 0x0000000082600000|100%| O|  |TAMS 0x0000000082600000, 0x0000000082500000| Untracked 
|  38|0x0000000082600000, 0x0000000082700000, 0x0000000082700000|100%| O|  |TAMS 0x0000000082700000, 0x0000000082600000| Untracked 
|  39|0x0000000082700000, 0x0000000082800000, 0x0000000082800000|100%| O|  |TAMS 0x0000000082800000, 0x0000000082700000| Untracked 
|  40|0x0000000082800000, 0x0000000082900000, 0x0000000082900000|100%| O|  |TAMS 0x0000000082900000, 0x0000000082800000| Untracked 
|  41|0x0000000082900000, 0x0000000082a00000, 0x0000000082a00000|100%| O|  |TAMS 0x0000000082a00000, 0x0000000082900000| Untracked 
|  42|0x0000000082a00000, 0x0000000082b00000, 0x0000000082b00000|100%| O|  |TAMS 0x0000000082b00000, 0x0000000082a00000| Untracked 
|  43|0x0000000082b00000, 0x0000000082c00000, 0x0000000082c00000|100%|HS|  |TAMS 0x0000000082c00000, 0x0000000082b00000| Complete 
|  44|0x0000000082c00000, 0x0000000082d00000, 0x0000000082d00000|100%|HS|  |TAMS 0x0000000082d00000, 0x0000000082c00000| Complete 
|  45|0x0000000082d00000, 0x0000000082e00000, 0x0000000082e00000|100%|HS|  |TAMS 0x0000000082e00000, 0x0000000082d00000| Complete 
|  46|0x0000000082e00000, 0x0000000082f00000, 0x0000000082f00000|100%|HC|  |TAMS 0x0000000082f00000, 0x0000000082e00000| Complete 
|  47|0x0000000082f00000, 0x0000000083000000, 0x0000000083000000|100%|HS|  |TAMS 0x0000000083000000, 0x0000000082f00000| Complete 
|  48|0x0000000083000000, 0x0000000083100000, 0x0000000083100000|100%|HS|  |TAMS 0x0000000083100000, 0x0000000083000000| Complete 
|  49|0x0000000083100000, 0x0000000083200000, 0x0000000083200000|100%| O|  |TAMS 0x0000000083200000, 0x0000000083100000| Untracked 
|  50|0x0000000083200000, 0x0000000083200000, 0x0000000083300000|  0%| F|  |TAMS 0x0000000083200000, 0x0000000083200000| Untracked 
|  51|0x0000000083300000, 0x0000000083400000, 0x0000000083400000|100%|HS|  |TAMS 0x0000000083400000, 0x0000000083300000| Complete 
|  52|0x0000000083400000, 0x0000000083500000, 0x0000000083500000|100%|HS|  |TAMS 0x0000000083500000, 0x0000000083400000| Complete 
|  53|0x0000000083500000, 0x0000000083600000, 0x0000000083600000|100%| O|  |TAMS 0x0000000083600000, 0x0000000083500000| Untracked 
|  54|0x0000000083600000, 0x0000000083700000, 0x0000000083700000|100%| O|  |TAMS 0x0000000083700000, 0x0000000083600000| Untracked 
|  55|0x0000000083700000, 0x0000000083800000, 0x0000000083800000|100%| O|  |TAMS 0x0000000083800000, 0x0000000083700000| Untracked 
|  56|0x0000000083800000, 0x0000000083900000, 0x0000000083900000|100%| O|  |TAMS 0x0000000083900000, 0x0000000083800000| Untracked 
|  57|0x0000000083900000, 0x0000000083a00000, 0x0000000083a00000|100%| O|  |TAMS 0x0000000083a00000, 0x0000000083900000| Untracked 
|  58|0x0000000083a00000, 0x0000000083b00000, 0x0000000083b00000|100%| O|  |TAMS 0x0000000083b00000, 0x0000000083a00000| Untracked 
|  59|0x0000000083b00000, 0x0000000083c00000, 0x0000000083c00000|100%| O|  |TAMS 0x0000000083c00000, 0x0000000083b00000| Untracked 
|  60|0x0000000083c00000, 0x0000000083d00000, 0x0000000083d00000|100%| O|  |TAMS 0x0000000083d00000, 0x0000000083c00000| Untracked 
|  61|0x0000000083d00000, 0x0000000083e00000, 0x0000000083e00000|100%| O|  |TAMS 0x0000000083e00000, 0x0000000083d00000| Untracked 
|  62|0x0000000083e00000, 0x0000000083f00000, 0x0000000083f00000|100%| O|  |TAMS 0x0000000083f00000, 0x0000000083e00000| Untracked 
|  63|0x0000000083f00000, 0x0000000084000000, 0x0000000084000000|100%| O|  |TAMS 0x0000000084000000, 0x0000000083f00000| Untracked 
|  64|0x0000000084000000, 0x00000000840a5200, 0x0000000084100000| 64%| O|  |TAMS 0x00000000840a5200, 0x0000000084000000| Untracked 
|  65|0x0000000084100000, 0x0000000084200000, 0x0000000084200000|100%|HS|  |TAMS 0x0000000084200000, 0x0000000084100000| Complete 
|  66|0x0000000084200000, 0x0000000084300000, 0x0000000084300000|100%|HC|  |TAMS 0x0000000084300000, 0x0000000084200000| Complete 
|  67|0x0000000084300000, 0x0000000084300000, 0x0000000084400000|  0%| F|  |TAMS 0x0000000084300000, 0x0000000084300000| Untracked 
|  68|0x0000000084400000, 0x0000000084400000, 0x0000000084500000|  0%| F|  |TAMS 0x0000000084400000, 0x0000000084400000| Untracked 
|  69|0x0000000084500000, 0x0000000084500000, 0x0000000084600000|  0%| F|  |TAMS 0x0000000084500000, 0x0000000084500000| Untracked 
|  70|0x0000000084600000, 0x0000000084600000, 0x0000000084700000|  0%| F|  |TAMS 0x0000000084600000, 0x0000000084600000| Untracked 
|  71|0x0000000084700000, 0x0000000084700000, 0x0000000084800000|  0%| F|  |TAMS 0x0000000084700000, 0x0000000084700000| Untracked 
|  72|0x0000000084800000, 0x0000000084800000, 0x0000000084900000|  0%| F|  |TAMS 0x0000000084800000, 0x0000000084800000| Untracked 
|  73|0x0000000084900000, 0x0000000084900000, 0x0000000084a00000|  0%| F|  |TAMS 0x0000000084900000, 0x0000000084900000| Untracked 
|  74|0x0000000084a00000, 0x0000000084a00000, 0x0000000084b00000|  0%| F|  |TAMS 0x0000000084a00000, 0x0000000084a00000| Untracked 
|  75|0x0000000084b00000, 0x0000000084b00000, 0x0000000084c00000|  0%| F|  |TAMS 0x0000000084b00000, 0x0000000084b00000| Untracked 
|  76|0x0000000084c00000, 0x0000000084c00000, 0x0000000084d00000|  0%| F|  |TAMS 0x0000000084c00000, 0x0000000084c00000| Untracked 
|  77|0x0000000084d00000, 0x0000000084d00000, 0x0000000084e00000|  0%| F|  |TAMS 0x0000000084d00000, 0x0000000084d00000| Untracked 
|  78|0x0000000084e00000, 0x0000000084e00000, 0x0000000084f00000|  0%| F|  |TAMS 0x0000000084e00000, 0x0000000084e00000| Untracked 
|  79|0x0000000084f00000, 0x0000000084f00000, 0x0000000085000000|  0%| F|  |TAMS 0x0000000084f00000, 0x0000000084f00000| Untracked 
|  80|0x0000000085000000, 0x0000000085000000, 0x0000000085100000|  0%| F|  |TAMS 0x0000000085000000, 0x0000000085000000| Untracked 
|  81|0x0000000085100000, 0x0000000085100000, 0x0000000085200000|  0%| F|  |TAMS 0x0000000085100000, 0x0000000085100000| Untracked 
|  82|0x0000000085200000, 0x0000000085200000, 0x0000000085300000|  0%| F|  |TAMS 0x0000000085200000, 0x0000000085200000| Untracked 
|  83|0x0000000085300000, 0x0000000085300000, 0x0000000085400000|  0%| F|  |TAMS 0x0000000085300000, 0x0000000085300000| Untracked 
|  84|0x0000000085400000, 0x0000000085400000, 0x0000000085500000|  0%| F|  |TAMS 0x0000000085400000, 0x0000000085400000| Untracked 
|  85|0x0000000085500000, 0x0000000085500000, 0x0000000085600000|  0%| F|  |TAMS 0x0000000085500000, 0x0000000085500000| Untracked 
|  86|0x0000000085600000, 0x0000000085600000, 0x0000000085700000|  0%| F|  |TAMS 0x0000000085600000, 0x0000000085600000| Untracked 
|  87|0x0000000085700000, 0x0000000085700000, 0x0000000085800000|  0%| F|  |TAMS 0x0000000085700000, 0x0000000085700000| Untracked 
|  88|0x0000000085800000, 0x0000000085800000, 0x0000000085900000|  0%| F|  |TAMS 0x0000000085800000, 0x0000000085800000| Untracked 
|  89|0x0000000085900000, 0x0000000085900000, 0x0000000085a00000|  0%| F|  |TAMS 0x0000000085900000, 0x0000000085900000| Untracked 
|  90|0x0000000085a00000, 0x0000000085a00000, 0x0000000085b00000|  0%| F|  |TAMS 0x0000000085a00000, 0x0000000085a00000| Untracked 
|  91|0x0000000085b00000, 0x0000000085b5c4d0, 0x0000000085c00000| 36%| S|CS|TAMS 0x0000000085b00000, 0x0000000085b00000| Complete 
|  92|0x0000000085c00000, 0x0000000085d00000, 0x0000000085d00000|100%| S|CS|TAMS 0x0000000085c00000, 0x0000000085c00000| Complete 
|  93|0x0000000085d00000, 0x0000000085e00000, 0x0000000085e00000|100%| S|CS|TAMS 0x0000000085d00000, 0x0000000085d00000| Complete 
|  94|0x0000000085e00000, 0x0000000085f00000, 0x0000000085f00000|100%| S|CS|TAMS 0x0000000085e00000, 0x0000000085e00000| Complete 
|  95|0x0000000085f00000, 0x0000000086000000, 0x0000000086000000|100%| S|CS|TAMS 0x0000000085f00000, 0x0000000085f00000| Complete 
|  96|0x0000000086000000, 0x0000000086100000, 0x0000000086100000|100%| S|CS|TAMS 0x0000000086000000, 0x0000000086000000| Complete 
|  97|0x0000000086100000, 0x0000000086200000, 0x0000000086200000|100%| S|CS|TAMS 0x0000000086100000, 0x0000000086100000| Complete 
|  98|0x0000000086200000, 0x0000000086200000, 0x0000000086300000|  0%| F|  |TAMS 0x0000000086200000, 0x0000000086200000| Untracked 
|  99|0x0000000086300000, 0x0000000086300000, 0x0000000086400000|  0%| F|  |TAMS 0x0000000086300000, 0x0000000086300000| Untracked 
| 100|0x0000000086400000, 0x0000000086400000, 0x0000000086500000|  0%| F|  |TAMS 0x0000000086400000, 0x0000000086400000| Untracked 
| 101|0x0000000086500000, 0x0000000086500000, 0x0000000086600000|  0%| F|  |TAMS 0x0000000086500000, 0x0000000086500000| Untracked 
| 102|0x0000000086600000, 0x0000000086600000, 0x0000000086700000|  0%| F|  |TAMS 0x0000000086600000, 0x0000000086600000| Untracked 
| 103|0x0000000086700000, 0x0000000086700000, 0x0000000086800000|  0%| F|  |TAMS 0x0000000086700000, 0x0000000086700000| Untracked 
| 104|0x0000000086800000, 0x0000000086800000, 0x0000000086900000|  0%| F|  |TAMS 0x0000000086800000, 0x0000000086800000| Untracked 
| 105|0x0000000086900000, 0x0000000086900000, 0x0000000086a00000|  0%| F|  |TAMS 0x0000000086900000, 0x0000000086900000| Untracked 
| 106|0x0000000086a00000, 0x0000000086a00000, 0x0000000086b00000|  0%| F|  |TAMS 0x0000000086a00000, 0x0000000086a00000| Untracked 
| 107|0x0000000086b00000, 0x0000000086b00000, 0x0000000086c00000|  0%| F|  |TAMS 0x0000000086b00000, 0x0000000086b00000| Untracked 
| 108|0x0000000086c00000, 0x0000000086c00000, 0x0000000086d00000|  0%| F|  |TAMS 0x0000000086c00000, 0x0000000086c00000| Untracked 
| 109|0x0000000086d00000, 0x0000000086d00000, 0x0000000086e00000|  0%| F|  |TAMS 0x0000000086d00000, 0x0000000086d00000| Untracked 
| 110|0x0000000086e00000, 0x0000000086e00000, 0x0000000086f00000|  0%| F|  |TAMS 0x0000000086e00000, 0x0000000086e00000| Untracked 
| 111|0x0000000086f00000, 0x0000000086f00000, 0x0000000087000000|  0%| F|  |TAMS 0x0000000086f00000, 0x0000000086f00000| Untracked 
| 112|0x0000000087000000, 0x0000000087000000, 0x0000000087100000|  0%| F|  |TAMS 0x0000000087000000, 0x0000000087000000| Untracked 
| 113|0x0000000087100000, 0x0000000087100000, 0x0000000087200000|  0%| F|  |TAMS 0x0000000087100000, 0x0000000087100000| Untracked 
| 114|0x0000000087200000, 0x0000000087200000, 0x0000000087300000|  0%| F|  |TAMS 0x0000000087200000, 0x0000000087200000| Untracked 
| 115|0x0000000087300000, 0x0000000087300000, 0x0000000087400000|  0%| F|  |TAMS 0x0000000087300000, 0x0000000087300000| Untracked 
| 116|0x0000000087400000, 0x0000000087400000, 0x0000000087500000|  0%| F|  |TAMS 0x0000000087400000, 0x0000000087400000| Untracked 
| 117|0x0000000087500000, 0x0000000087500000, 0x0000000087600000|  0%| F|  |TAMS 0x0000000087500000, 0x0000000087500000| Untracked 
| 118|0x0000000087600000, 0x0000000087600000, 0x0000000087700000|  0%| F|  |TAMS 0x0000000087600000, 0x0000000087600000| Untracked 
| 119|0x0000000087700000, 0x0000000087700000, 0x0000000087800000|  0%| F|  |TAMS 0x0000000087700000, 0x0000000087700000| Untracked 
| 120|0x0000000087800000, 0x0000000087800000, 0x0000000087900000|  0%| F|  |TAMS 0x0000000087800000, 0x0000000087800000| Untracked 
| 121|0x0000000087900000, 0x0000000087900000, 0x0000000087a00000|  0%| F|  |TAMS 0x0000000087900000, 0x0000000087900000| Untracked 
| 122|0x0000000087a00000, 0x0000000087a00000, 0x0000000087b00000|  0%| F|  |TAMS 0x0000000087a00000, 0x0000000087a00000| Untracked 
| 123|0x0000000087b00000, 0x0000000087b00000, 0x0000000087c00000|  0%| F|  |TAMS 0x0000000087b00000, 0x0000000087b00000| Untracked 
| 124|0x0000000087c00000, 0x0000000087c00000, 0x0000000087d00000|  0%| F|  |TAMS 0x0000000087c00000, 0x0000000087c00000| Untracked 
| 125|0x0000000087d00000, 0x0000000087d00000, 0x0000000087e00000|  0%| F|  |TAMS 0x0000000087d00000, 0x0000000087d00000| Untracked 
| 126|0x0000000087e00000, 0x0000000087e00000, 0x0000000087f00000|  0%| F|  |TAMS 0x0000000087e00000, 0x0000000087e00000| Untracked 
| 127|0x0000000087f00000, 0x0000000087f00000, 0x0000000088000000|  0%| F|  |TAMS 0x0000000087f00000, 0x0000000087f00000| Untracked 
| 128|0x0000000088000000, 0x0000000088000000, 0x0000000088100000|  0%| F|  |TAMS 0x0000000088000000, 0x0000000088000000| Untracked 
| 129|0x0000000088100000, 0x0000000088100000, 0x0000000088200000|  0%| F|  |TAMS 0x0000000088100000, 0x0000000088100000| Untracked 
| 130|0x0000000088200000, 0x0000000088200000, 0x0000000088300000|  0%| F|  |TAMS 0x0000000088200000, 0x0000000088200000| Untracked 
| 131|0x0000000088300000, 0x0000000088300000, 0x0000000088400000|  0%| F|  |TAMS 0x0000000088300000, 0x0000000088300000| Untracked 
| 132|0x0000000088400000, 0x0000000088400000, 0x0000000088500000|  0%| F|  |TAMS 0x0000000088400000, 0x0000000088400000| Untracked 
| 133|0x0000000088500000, 0x0000000088500000, 0x0000000088600000|  0%| F|  |TAMS 0x0000000088500000, 0x0000000088500000| Untracked 
| 134|0x0000000088600000, 0x0000000088600000, 0x0000000088700000|  0%| F|  |TAMS 0x0000000088600000, 0x0000000088600000| Untracked 
| 135|0x0000000088700000, 0x0000000088700000, 0x0000000088800000|  0%| F|  |TAMS 0x0000000088700000, 0x0000000088700000| Untracked 
| 136|0x0000000088800000, 0x0000000088800000, 0x0000000088900000|  0%| F|  |TAMS 0x0000000088800000, 0x0000000088800000| Untracked 
| 137|0x0000000088900000, 0x0000000088900000, 0x0000000088a00000|  0%| F|  |TAMS 0x0000000088900000, 0x0000000088900000| Untracked 
| 138|0x0000000088a00000, 0x0000000088a00000, 0x0000000088b00000|  0%| F|  |TAMS 0x0000000088a00000, 0x0000000088a00000| Untracked 
| 139|0x0000000088b00000, 0x0000000088b00000, 0x0000000088c00000|  0%| F|  |TAMS 0x0000000088b00000, 0x0000000088b00000| Untracked 
| 140|0x0000000088c00000, 0x0000000088c00000, 0x0000000088d00000|  0%| F|  |TAMS 0x0000000088c00000, 0x0000000088c00000| Untracked 
| 141|0x0000000088d00000, 0x0000000088d00000, 0x0000000088e00000|  0%| F|  |TAMS 0x0000000088d00000, 0x0000000088d00000| Untracked 
| 142|0x0000000088e00000, 0x0000000088e00000, 0x0000000088f00000|  0%| F|  |TAMS 0x0000000088e00000, 0x0000000088e00000| Untracked 
| 143|0x0000000088f00000, 0x0000000088f00000, 0x0000000089000000|  0%| F|  |TAMS 0x0000000088f00000, 0x0000000088f00000| Untracked 
| 144|0x0000000089000000, 0x0000000089000000, 0x0000000089100000|  0%| F|  |TAMS 0x0000000089000000, 0x0000000089000000| Untracked 
| 145|0x0000000089100000, 0x0000000089100000, 0x0000000089200000|  0%| F|  |TAMS 0x0000000089100000, 0x0000000089100000| Untracked 
| 146|0x0000000089200000, 0x0000000089200000, 0x0000000089300000|  0%| F|  |TAMS 0x0000000089200000, 0x0000000089200000| Untracked 
| 147|0x0000000089300000, 0x0000000089300000, 0x0000000089400000|  0%| F|  |TAMS 0x0000000089300000, 0x0000000089300000| Untracked 
| 148|0x0000000089400000, 0x0000000089400000, 0x0000000089500000|  0%| F|  |TAMS 0x0000000089400000, 0x0000000089400000| Untracked 
| 149|0x0000000089500000, 0x0000000089500000, 0x0000000089600000|  0%| F|  |TAMS 0x0000000089500000, 0x0000000089500000| Untracked 
| 150|0x0000000089600000, 0x0000000089600000, 0x0000000089700000|  0%| F|  |TAMS 0x0000000089600000, 0x0000000089600000| Untracked 
| 151|0x0000000089700000, 0x0000000089700000, 0x0000000089800000|  0%| F|  |TAMS 0x0000000089700000, 0x0000000089700000| Untracked 
| 152|0x0000000089800000, 0x0000000089800000, 0x0000000089900000|  0%| F|  |TAMS 0x0000000089800000, 0x0000000089800000| Untracked 
| 153|0x0000000089900000, 0x0000000089900000, 0x0000000089a00000|  0%| F|  |TAMS 0x0000000089900000, 0x0000000089900000| Untracked 
| 154|0x0000000089a00000, 0x0000000089a00000, 0x0000000089b00000|  0%| F|  |TAMS 0x0000000089a00000, 0x0000000089a00000| Untracked 
| 155|0x0000000089b00000, 0x0000000089b00000, 0x0000000089c00000|  0%| F|  |TAMS 0x0000000089b00000, 0x0000000089b00000| Untracked 
| 156|0x0000000089c00000, 0x0000000089c00000, 0x0000000089d00000|  0%| F|  |TAMS 0x0000000089c00000, 0x0000000089c00000| Untracked 
| 157|0x0000000089d00000, 0x0000000089d00000, 0x0000000089e00000|  0%| F|  |TAMS 0x0000000089d00000, 0x0000000089d00000| Untracked 
| 158|0x0000000089e00000, 0x0000000089e00000, 0x0000000089f00000|  0%| F|  |TAMS 0x0000000089e00000, 0x0000000089e00000| Untracked 
| 159|0x0000000089f00000, 0x0000000089f00000, 0x000000008a000000|  0%| F|  |TAMS 0x0000000089f00000, 0x0000000089f00000| Untracked 
| 160|0x000000008a000000, 0x000000008a000000, 0x000000008a100000|  0%| F|  |TAMS 0x000000008a000000, 0x000000008a000000| Untracked 
| 161|0x000000008a100000, 0x000000008a200000, 0x000000008a200000|100%| E|  |TAMS 0x000000008a100000, 0x000000008a100000| Complete 
| 162|0x000000008a200000, 0x000000008a300000, 0x000000008a300000|100%| E|CS|TAMS 0x000000008a200000, 0x000000008a200000| Complete 
| 163|0x000000008a300000, 0x000000008a400000, 0x000000008a400000|100%| E|CS|TAMS 0x000000008a300000, 0x000000008a300000| Complete 
| 164|0x000000008a400000, 0x000000008a500000, 0x000000008a500000|100%| E|CS|TAMS 0x000000008a400000, 0x000000008a400000| Complete 
| 165|0x000000008a500000, 0x000000008a600000, 0x000000008a600000|100%| E|CS|TAMS 0x000000008a500000, 0x000000008a500000| Complete 
| 166|0x000000008a600000, 0x000000008a700000, 0x000000008a700000|100%| E|CS|TAMS 0x000000008a600000, 0x000000008a600000| Complete 
| 167|0x000000008a700000, 0x000000008a800000, 0x000000008a800000|100%| E|CS|TAMS 0x000000008a700000, 0x000000008a700000| Complete 
| 168|0x000000008a800000, 0x000000008a900000, 0x000000008a900000|100%| E|CS|TAMS 0x000000008a800000, 0x000000008a800000| Complete 

Card table byte_map: [0x000001cc44170000,0x000001cc44570000] _byte_map_base: 0x000001cc43d70000

Marking Bits (Prev, Next): (CMBitMap*) 0x000001cc2b01c020, (CMBitMap*) 0x000001cc2b01c060
 Prev Bits: [0x000001cc44970000, 0x000001cc46970000)
 Next Bits: [0x000001cc46970000, 0x000001cc48970000)

Polling page: 0x000001cc2b080000

Metaspace:

Usage:
  Non-class:     56.20 MB used.
      Class:      9.07 MB used.
       Both:     65.27 MB used.

Virtual space:
  Non-class space:       64.00 MB reserved,      56.69 MB ( 89%) committed,  1 nodes.
      Class space:        1.00 GB reserved,       9.56 MB ( <1%) committed,  1 nodes.
             Both:        1.06 GB reserved,      66.25 MB (  6%) committed. 

Chunk freelists:
   Non-Class:  6.67 MB
       Class:  6.49 MB
        Both:  13.16 MB

MaxMetaspaceSize: unlimited
CompressedClassSpaceSize: 1.00 GB
Initial GC threshold: 21.00 MB
Current GC threshold: 110.12 MB
CDS: on
MetaspaceReclaimPolicy: balanced
 - commit_granule_bytes: 65536.
 - commit_granule_words: 8192.
 - virtual_space_node_default_size: 8388608.
 - enlarge_chunks_in_place: 1.
 - new_chunks_are_fully_committed: 0.
 - uncommit_free_chunks: 1.
 - use_allocation_guard: 0.
 - handle_deallocations: 1.


Internal statistics:

num_allocs_failed_limit: 12.
num_arena_births: 1288.
num_arena_deaths: 0.
num_vsnodes_births: 2.
num_vsnodes_deaths: 0.
num_space_committed: 1060.
num_space_uncommitted: 0.
num_chunks_returned_to_freelist: 12.
num_chunks_taken_from_freelist: 4198.
num_chunk_merges: 9.
num_chunk_splits: 2754.
num_chunks_enlarged: 1782.
num_inconsistent_stats: 0.

CodeHeap 'non-profiled nmethods': size=120000Kb used=3459Kb max_used=3459Kb free=116540Kb
 bounds [0x000001cc3bdd0000, 0x000001cc3c140000, 0x000001cc43300000]
CodeHeap 'profiled nmethods': size=120000Kb used=15334Kb max_used=15334Kb free=104666Kb
 bounds [0x000001cc34300000, 0x000001cc35200000, 0x000001cc3b830000]
CodeHeap 'non-nmethods': size=5760Kb used=1721Kb max_used=1737Kb free=4039Kb
 bounds [0x000001cc3b830000, 0x000001cc3baa0000, 0x000001cc3bdd0000]
 total_blobs=9095 nmethods=8294 adapters=713
 compilation: enabled
              stopped_count=0, restarted_count=0
 full_count=0

Compilation events (20 events):
Event: 28.482 Thread 0x000001cc4b425aa0 9208       3       java.util.WeakHashMap::get (75 bytes)
Event: 28.483 Thread 0x000001cc4b425aa0 nmethod 9208 0x000001cc351e2c10 code [0x000001cc351e2e40, 0x000001cc351e36d8]
Event: 28.485 Thread 0x000001cc4b425aa0 9209       3       javax.management.ImmutableDescriptor::union (314 bytes)
Event: 28.488 Thread 0x000001cc4b425aa0 nmethod 9209 0x000001cc351e3a10 code [0x000001cc351e3dc0, 0x000001cc351e5be8]
Event: 28.488 Thread 0x000001cc4b425aa0 9210       3       javax.management.MBeanFeatureInfo::<init> (20 bytes)
Event: 28.489 Thread 0x000001cc4b425aa0 nmethod 9210 0x000001cc351e6690 code [0x000001cc351e6840, 0x000001cc351e6ab8]
Event: 28.489 Thread 0x000001cc4b425aa0 9212       3       java.util.TreeMap$EntrySet::iterator (19 bytes)
Event: 28.489 Thread 0x000001cc4b425aa0 nmethod 9212 0x000001cc351e6b90 code [0x000001cc351e6d60, 0x000001cc351e7278]
Event: 28.489 Thread 0x000001cc4b425aa0 9213       3       java.util.TreeMap$EntryIterator::<init> (12 bytes)
Event: 28.490 Thread 0x000001cc4b425aa0 nmethod 9213 0x000001cc351e7490 code [0x000001cc351e7640, 0x000001cc351e7958]
Event: 28.490 Thread 0x000001cc4b425aa0 9211       3       java.lang.reflect.Method::getDeclaredAnnotations (5 bytes)
Event: 28.490 Thread 0x000001cc4b425aa0 nmethod 9211 0x000001cc351e7a90 code [0x000001cc351e7c80, 0x000001cc351e8128]
Event: 28.558 Thread 0x000001cc4b425aa0 9215       3       java.lang.invoke.BoundMethodHandle$Species_LLL::make (14 bytes)
Event: 28.559 Thread 0x000001cc4b425aa0 nmethod 9215 0x000001cc351e8290 code [0x000001cc351e8440, 0x000001cc351e8768]
Event: 28.559 Thread 0x000001cc4b425aa0 9217       3       java.lang.invoke.Invokers$Holder::linkToTargetMethod (9 bytes)
Event: 28.559 Thread 0x000001cc4b425aa0 nmethod 9217 0x000001cc351e8890 code [0x000001cc351e8a40, 0x000001cc351e8d58]
Event: 28.559 Thread 0x000001cc4b425aa0 9216       3       java.lang.invoke.BoundMethodHandle$Species_LLL::<init> (24 bytes)
Event: 28.560 Thread 0x000001cc4b425aa0 nmethod 9216 0x000001cc351e8e10 code [0x000001cc351e8fc0, 0x000001cc351e92a8]
Event: 28.568 Thread 0x000001cc4b425aa0 9218   !   3       com.sun.jmx.mbeanserver.Introspector::descriptorForAnnotations (248 bytes)
Event: 28.579 Thread 0x000001cc4b425aa0 nmethod 9218 0x000001cc351e9390 code [0x000001cc351e9860, 0x000001cc351ebe88]

GC Heap History (20 events):
Event: 13.471 GC heap before
{Heap before GC invocations=17 (full 0):
 garbage-first heap   total 94208K, used 35956K [0x0000000080000000, 0x0000000100000000)
  region size 1024K, 6 young (6144K), 5 survivors (5120K)
 Metaspace       used 39662K, committed 40320K, reserved 1114112K
  class space    used 5698K, committed 6016K, reserved 1048576K
}
Event: 13.485 GC heap after
{Heap after GC invocations=18 (full 0):
 garbage-first heap   total 94208K, used 35309K [0x0000000080000000, 0x0000000100000000)
  region size 1024K, 1 young (1024K), 1 survivors (1024K)
 Metaspace       used 39662K, committed 40320K, reserved 1114112K
  class space    used 5698K, committed 6016K, reserved 1048576K
}
Event: 14.446 GC heap before
{Heap before GC invocations=18 (full 0):
 garbage-first heap   total 94208K, used 75245K [0x0000000080000000, 0x0000000100000000)
  region size 1024K, 39 young (39936K), 1 survivors (1024K)
 Metaspace       used 41217K, committed 41920K, reserved 1114112K
  class space    used 5905K, committed 6208K, reserved 1048576K
}
Event: 14.451 GC heap after
{Heap after GC invocations=19 (full 0):
 garbage-first heap   total 94208K, used 39952K [0x0000000080000000, 0x0000000100000000)
  region size 1024K, 4 young (4096K), 4 survivors (4096K)
 Metaspace       used 41217K, committed 41920K, reserved 1114112K
  class space    used 5905K, committed 6208K, reserved 1048576K
}
Event: 15.173 GC heap before
{Heap before GC invocations=19 (full 0):
 garbage-first heap   total 94208K, used 72720K [0x0000000080000000, 0x0000000100000000)
  region size 1024K, 37 young (37888K), 4 survivors (4096K)
 Metaspace       used 42808K, committed 43520K, reserved 1114112K
  class space    used 6157K, committed 6464K, reserved 1048576K
}
Event: 15.180 GC heap after
{Heap after GC invocations=20 (full 0):
 garbage-first heap   total 94208K, used 40891K [0x0000000080000000, 0x0000000100000000)
  region size 1024K, 1 young (1024K), 1 survivors (1024K)
 Metaspace       used 42808K, committed 43520K, reserved 1114112K
  class space    used 6157K, committed 6464K, reserved 1048576K
}
Event: 16.079 GC heap before
{Heap before GC invocations=20 (full 0):
 garbage-first heap   total 94208K, used 75707K [0x0000000080000000, 0x0000000100000000)
  region size 1024K, 35 young (35840K), 1 survivors (1024K)
 Metaspace       used 46742K, committed 47488K, reserved 1114112K
  class space    used 6698K, committed 7040K, reserved 1048576K
}
Event: 16.088 GC heap after
{Heap after GC invocations=21 (full 0):
 garbage-first heap   total 94208K, used 42059K [0x0000000080000000, 0x0000000100000000)
  region size 1024K, 3 young (3072K), 3 survivors (3072K)
 Metaspace       used 46742K, committed 47488K, reserved 1114112K
  class space    used 6698K, committed 7040K, reserved 1048576K
}
Event: 17.119 GC heap before
{Heap before GC invocations=21 (full 0):
 garbage-first heap   total 94208K, used 75851K [0x0000000080000000, 0x0000000100000000)
  region size 1024K, 36 young (36864K), 3 survivors (3072K)
 Metaspace       used 50631K, committed 51392K, reserved 1114112K
  class space    used 7282K, committed 7616K, reserved 1048576K
}
Event: 17.128 GC heap after
{Heap after GC invocations=22 (full 0):
 garbage-first heap   total 94208K, used 43536K [0x0000000080000000, 0x0000000100000000)
  region size 1024K, 4 young (4096K), 4 survivors (4096K)
 Metaspace       used 50631K, committed 51392K, reserved 1114112K
  class space    used 7282K, committed 7616K, reserved 1048576K
}
Event: 18.320 GC heap before
{Heap before GC invocations=22 (full 0):
 garbage-first heap   total 94208K, used 77328K [0x0000000080000000, 0x0000000100000000)
  region size 1024K, 37 young (37888K), 4 survivors (4096K)
 Metaspace       used 54223K, committed 55040K, reserved 1114112K
  class space    used 7811K, committed 8192K, reserved 1048576K
}
Event: 18.346 GC heap after
{Heap after GC invocations=23 (full 0):
 garbage-first heap   total 94208K, used 45186K [0x0000000080000000, 0x0000000100000000)
  region size 1024K, 4 young (4096K), 4 survivors (4096K)
 Metaspace       used 54223K, committed 55040K, reserved 1114112K
  class space    used 7811K, committed 8192K, reserved 1048576K
}
Event: 19.403 GC heap before
{Heap before GC invocations=23 (full 0):
 garbage-first heap   total 94208K, used 75906K [0x0000000080000000, 0x0000000100000000)
  region size 1024K, 35 young (35840K), 4 survivors (4096K)
 Metaspace       used 54795K, committed 55616K, reserved 1114112K
  class space    used 7847K, committed 8256K, reserved 1048576K
}
Event: 19.425 GC heap after
{Heap after GC invocations=24 (full 0):
 garbage-first heap   total 173056K, used 48263K [0x0000000080000000, 0x0000000100000000)
  region size 1024K, 5 young (5120K), 5 survivors (5120K)
 Metaspace       used 54795K, committed 55616K, reserved 1114112K
  class space    used 7847K, committed 8256K, reserved 1048576K
}
Event: 22.060 GC heap before
{Heap before GC invocations=24 (full 0):
 garbage-first heap   total 173056K, used 145543K [0x0000000080000000, 0x0000000100000000)
  region size 1024K, 94 young (96256K), 5 survivors (5120K)
 Metaspace       used 55606K, committed 56384K, reserved 1114112K
  class space    used 7898K, committed 8256K, reserved 1048576K
}
Event: 22.094 GC heap after
{Heap after GC invocations=25 (full 0):
 garbage-first heap   total 173056K, used 62872K [0x0000000080000000, 0x0000000100000000)
  region size 1024K, 12 young (12288K), 12 survivors (12288K)
 Metaspace       used 55606K, committed 56384K, reserved 1114112K
  class space    used 7898K, committed 8256K, reserved 1048576K
}
Event: 24.396 GC heap before
{Heap before GC invocations=25 (full 0):
 garbage-first heap   total 173056K, used 124312K [0x0000000080000000, 0x0000000100000000)
  region size 1024K, 71 young (72704K), 12 survivors (12288K)
 Metaspace       used 59769K, committed 60608K, reserved 1114112K
  class space    used 8369K, committed 8768K, reserved 1048576K
}
Event: 24.522 GC heap after
{Heap after GC invocations=26 (full 0):
 garbage-first heap   total 173056K, used 69776K [0x0000000080000000, 0x0000000100000000)
  region size 1024K, 5 young (5120K), 5 survivors (5120K)
 Metaspace       used 59769K, committed 60608K, reserved 1114112K
  class space    used 8369K, committed 8768K, reserved 1048576K
}
Event: 28.351 GC heap before
{Heap before GC invocations=27 (full 0):
 garbage-first heap   total 173056K, used 139408K [0x0000000080000000, 0x0000000100000000)
  region size 1024K, 71 young (72704K), 5 survivors (5120K)
 Metaspace       used 66078K, committed 66944K, reserved 1114112K
  class space    used 9173K, committed 9600K, reserved 1048576K
}
Event: 28.394 GC heap after
{Heap after GC invocations=28 (full 0):
 garbage-first heap   total 173056K, used 73733K [0x0000000080000000, 0x0000000100000000)
  region size 1024K, 7 young (7168K), 7 survivors (7168K)
 Metaspace       used 66078K, committed 66944K, reserved 1114112K
  class space    used 9173K, committed 9600K, reserved 1048576K
}

Dll operation events (15 events):
Event: 0.061 Loaded shared library C:\Users\welcome\.gradle\jdks\eclipse_adoptium-17-amd64-windows.2\bin\java.dll
Event: 0.103 Loaded shared library C:\Users\welcome\.gradle\jdks\eclipse_adoptium-17-amd64-windows.2\bin\jsvml.dll
Event: 0.223 Loaded shared library C:\Users\welcome\.gradle\jdks\eclipse_adoptium-17-amd64-windows.2\bin\zip.dll
Event: 0.231 Loaded shared library C:\Users\welcome\.gradle\jdks\eclipse_adoptium-17-amd64-windows.2\bin\instrument.dll
Event: 0.244 Loaded shared library C:\Users\welcome\.gradle\jdks\eclipse_adoptium-17-amd64-windows.2\bin\net.dll
Event: 0.258 Loaded shared library C:\Users\welcome\.gradle\jdks\eclipse_adoptium-17-amd64-windows.2\bin\nio.dll
Event: 0.266 Loaded shared library C:\Users\welcome\.gradle\jdks\eclipse_adoptium-17-amd64-windows.2\bin\zip.dll
Event: 1.641 Loaded shared library C:\Users\welcome\.gradle\jdks\eclipse_adoptium-17-amd64-windows.2\bin\jimage.dll
Event: 2.083 Loaded shared library C:\Users\welcome\.gradle\jdks\eclipse_adoptium-17-amd64-windows.2\bin\verify.dll
Event: 2.148 Loaded shared library C:\Users\welcome\.gradle\native\660c5614fbf4a5f2a75b1949f50a0caf5cd603558e7d8a26e50b933a0cfb79d1\windows-amd64\native-platform.dll
Event: 2.186 Loaded shared library C:\Users\welcome\.gradle\native\0.2.8\x86_64-windows-gnu\gradle-fileevents.dll
Event: 4.871 Loaded shared library C:\Users\welcome\.gradle\jdks\eclipse_adoptium-17-amd64-windows.2\bin\management.dll
Event: 4.879 Loaded shared library C:\Users\welcome\.gradle\jdks\eclipse_adoptium-17-amd64-windows.2\bin\management_ext.dll
Event: 5.347 Loaded shared library C:\Users\welcome\.gradle\jdks\eclipse_adoptium-17-amd64-windows.2\bin\extnet.dll
Event: 5.802 Loaded shared library C:\Users\welcome\.gradle\jdks\eclipse_adoptium-17-amd64-windows.2\bin\sunmscapi.dll

Deoptimization events (20 events):
Event: 27.329 Thread 0x000001cc92444310 DEOPT PACKING pc=0x000001cc3c0ce974 sp=0x0000007bcd3f3430
Event: 27.329 Thread 0x000001cc92444310 DEOPT UNPACKING pc=0x000001cc3b88a1a3 sp=0x0000007bcd3f3380 mode 2
Event: 27.329 Thread 0x000001cc92444310 Uncommon trap: trap_request=0xffffffc6 fr.pc=0x000001cc3c0ce974 relative=0x0000000000000774
Event: 27.329 Thread 0x000001cc92444310 Uncommon trap: reason=bimorphic_or_optimized_type_check action=maybe_recompile pc=0x000001cc3c0ce974 method=java.util.regex.Pattern$Start.match(Ljava/util/regex/Matcher;ILjava/lang/CharSequence;)Z @ 44 c2
Event: 27.329 Thread 0x000001cc92444310 DEOPT PACKING pc=0x000001cc3c0ce974 sp=0x0000007bcd3f3430
Event: 27.329 Thread 0x000001cc92444310 DEOPT UNPACKING pc=0x000001cc3b88a1a3 sp=0x0000007bcd3f3380 mode 2
Event: 27.329 Thread 0x000001cc92444310 Uncommon trap: trap_request=0xffffffc6 fr.pc=0x000001cc3c0ce974 relative=0x0000000000000774
Event: 27.329 Thread 0x000001cc92444310 Uncommon trap: reason=bimorphic_or_optimized_type_check action=maybe_recompile pc=0x000001cc3c0ce974 method=java.util.regex.Pattern$Start.match(Ljava/util/regex/Matcher;ILjava/lang/CharSequence;)Z @ 44 c2
Event: 27.329 Thread 0x000001cc92444310 DEOPT PACKING pc=0x000001cc3c0ce974 sp=0x0000007bcd3f3430
Event: 27.330 Thread 0x000001cc92444310 DEOPT UNPACKING pc=0x000001cc3b88a1a3 sp=0x0000007bcd3f3380 mode 2
Event: 27.364 Thread 0x000001cc92444310 Uncommon trap: trap_request=0xffffffc6 fr.pc=0x000001cc3c0de874 relative=0x0000000000000914
Event: 27.364 Thread 0x000001cc92444310 Uncommon trap: reason=bimorphic_or_optimized_type_check action=maybe_recompile pc=0x000001cc3c0de874 method=java.util.concurrent.CopyOnWriteArrayList.indexOfRange(Ljava/lang/Object;[Ljava/lang/Object;II)I @ 46 c2
Event: 27.364 Thread 0x000001cc92444310 DEOPT PACKING pc=0x000001cc3c0de874 sp=0x0000007bcd3f4710
Event: 27.364 Thread 0x000001cc92444310 DEOPT UNPACKING pc=0x000001cc3b88a1a3 sp=0x0000007bcd3f46b0 mode 2
Event: 28.193 Thread 0x000001cc92444310 DEOPT PACKING pc=0x000001cc34bf4229 sp=0x0000007bcd3f45b0
Event: 28.193 Thread 0x000001cc92444310 DEOPT UNPACKING pc=0x000001cc3b88ace3 sp=0x0000007bcd3f3ac0 mode 0
Event: 28.515 Thread 0x000001cc92444310 DEOPT PACKING pc=0x000001cc34bf424a sp=0x0000007bcd3f4d00
Event: 28.515 Thread 0x000001cc92444310 DEOPT UNPACKING pc=0x000001cc3b88ace3 sp=0x0000007bcd3f4210 mode 0
Event: 28.603 Thread 0x000001cc92444310 DEOPT PACKING pc=0x000001cc34bf4229 sp=0x0000007bcd3f5140
Event: 28.603 Thread 0x000001cc92444310 DEOPT UNPACKING pc=0x000001cc3b88ace3 sp=0x0000007bcd3f4650 mode 0

Classes loaded (20 events):
Event: 28.488 Loading class javax/management/NotificationFilter
Event: 28.488 Loading class javax/management/NotificationFilter done
Event: 28.488 Loading class javax/management/ListenerNotFoundException
Event: 28.488 Loading class javax/management/OperationsException
Event: 28.489 Loading class javax/management/JMException
Event: 28.489 Loading class javax/management/JMException done
Event: 28.489 Loading class javax/management/OperationsException done
Event: 28.489 Loading class javax/management/ListenerNotFoundException done
Event: 28.489 Loading class jdk/jfr/Recording
Event: 28.490 Loading class jdk/jfr/Recording done
Event: 28.490 Loading class jdk/jfr/FlightRecorder
Event: 28.491 Loading class jdk/jfr/FlightRecorder done
Event: 28.491 Loading class jdk/management/jfr/FlightRecorderMXBeanImpl$MXBeanListener
Event: 28.491 Loading class jdk/jfr/FlightRecorderListener
Event: 28.491 Loading class jdk/jfr/FlightRecorderListener done
Event: 28.491 Loading class jdk/management/jfr/FlightRecorderMXBeanImpl$MXBeanListener done
Event: 28.556 Loading class com/sun/jmx/mbeanserver/StandardMBeanSupport
Event: 28.557 Loading class com/sun/jmx/mbeanserver/StandardMBeanSupport done
Event: 28.557 Loading class com/sun/jmx/mbeanserver/StandardMBeanIntrospector
Event: 28.557 Loading class com/sun/jmx/mbeanserver/StandardMBeanIntrospector done

Classes unloaded (0 events):
No events

Classes redefined (0 events):
No events

Internal exceptions (20 events):
Event: 21.584 Thread 0x000001cc4b8db5e0 Exception <a 'java/lang/NoSuchMethodError'{0x0000000085821168}: static Lorg/gradle/internal/build/event/types/AbstractOperationResult;.<clinit>()V> (0x0000000085821168) 
thrown [s\src\hotspot\share\prims\jni.cpp, line 1112]
Event: 21.584 Thread 0x000001cc4b8db5e0 Exception <a 'java/lang/NoSuchMethodError'{0x0000000085822128}: static Lorg/gradle/internal/build/event/types/AbstractResult;.<clinit>()V> (0x0000000085822128) 
thrown [s\src\hotspot\share\prims\jni.cpp, line 1112]
Event: 21.588 Thread 0x000001cc4b8db5e0 Exception <a 'java/lang/NoSuchMethodError'{0x0000000085838fe8}: static Lorg/gradle/internal/build/event/types/DefaultPluginApplicationResult;.<clinit>()V> (0x0000000085838fe8) 
thrown [s\src\hotspot\share\prims\jni.cpp, line 1112]
Event: 21.590 Thread 0x000001cc4b8db5e0 Exception <a 'java/lang/NoSuchMethodError'{0x0000000085844740}: static Lorg/gradle/internal/build/event/types/DefaultBinaryPluginIdentifier;.<clinit>()V> (0x0000000085844740) 
thrown [s\src\hotspot\share\prims\jni.cpp, line 1112]
Event: 21.595 Thread 0x000001cc4b8db5e0 Exception <a 'java/lang/NoSuchMethodError'{0x000000008585b908}: static Lorg/gradle/internal/build/event/types/DefaultScriptPluginIdentifier;.<clinit>()V> (0x000000008585b908) 
thrown [s\src\hotspot\share\prims\jni.cpp, line 1112]
Event: 21.705 Thread 0x000001cc92444310 Implicit null exception at 0x000001cc3be78830 to 0x000001cc3be78e9c
Event: 21.707 Thread 0x000001cc92444310 Implicit null exception at 0x000001cc3be05816 to 0x000001cc3be05efc
Event: 22.196 Thread 0x000001cc92444310 Exception <a 'java/lang/ClassNotFoundException'{0x000000008a65d9a0}: org/gradle/api/internal/plugins/DefaultObjectConfigurationActionBeanInfo> (0x000000008a65d9a0) 
thrown [s\src\hotspot\share\classfile\systemDictionary.cpp, line 256]
Event: 22.200 Thread 0x000001cc92444310 Exception <a 'java/lang/ClassNotFoundException'{0x000000008a6766c0}: org/gradle/api/internal/plugins/DefaultObjectConfigurationActionCustomizer> (0x000000008a6766c0) 
thrown [s\src\hotspot\share\classfile\systemDictionary.cpp, line 256]
Event: 22.781 Thread 0x000001cc92444310 Exception <a 'java/lang/NoSuchMethodError'{0x00000000891b16b8}: 'java.lang.Object java.lang.invoke.DirectMethodHandle$Holder.invokeSpecial(java.lang.Object, java.lang.Object, long, java.lang.Object, java.lang.Object, java.lang.Object, java.lang.Object, java.lang.Object, java.lang.Object, java.lang.Object, java.lang.Object, java.lang.Object)'> (0x00000000891b16b8) 
thrown [s\src\hotspot\share\interpreter\linkResolver.cpp, line 759]
Event: 22.781 Thread 0x000001cc92444310 Exception <a 'java/lang/NoSuchMethodError'{0x00000000891b7140}: 'java.lang.Object java.lang.invoke.DelegatingMethodHandle$Holder.reinvoke_L(java.lang.Object, long, java.lang.Object, java.lang.Object, java.lang.Object, java.lang.Object, java.lang.Object, java.lang.Object, java.lang.Object, java.lang.Object, java.lang.Object)'> (0x00000000891b7140) 
thrown [s\src\hotspot\share\interpreter\linkResolver.cpp, line 759]
Event: 23.456 Thread 0x000001cc92444310 Exception <a 'java/lang/NoSuchMethodError'{0x0000000087ee82a8}: 'int java.lang.invoke.DirectMethodHandle$Holder.invokeSpecialIFC(java.lang.Object, java.lang.Object, java.lang.Object, java.lang.Object, java.lang.Object)'> (0x0000000087ee82a8) 
thrown [s\src\hotspot\share\interpreter\linkResolver.cpp, line 759]
Event: 27.400 Thread 0x000001cc92444310 Exception <a 'java/lang/NoSuchMethodError'{0x00000000880b8648}: 'void java.lang.invoke.DirectMethodHandle$Holder.invokeVirtual(java.lang.Object, java.lang.Object)'> (0x00000000880b8648) 
thrown [s\src\hotspot\share\interpreter\linkResolver.cpp, line 759]
Event: 28.173 Thread 0x000001cc92444310 Exception <a 'java/lang/NoSuchMethodError'{0x00000000864283c8}: static Lorg/jetbrains/kotlin/gradle/plugin/internal/DefaultProjectIsolationStartParameterAccessor$Factory;.<clinit>()V> (0x00000000864283c8) 
thrown [s\src\hotspot\share\prims\jni.cpp, line 1112]
Event: 28.181 Thread 0x000001cc92444310 Exception <a 'java/lang/NoSuchMethodError'{0x000000008644de70}: static Lorg/jetbrains/kotlin/gradle/plugin/internal/DefaultJavaExecTaskParametersCompatibility$Factory;.<clinit>()V> (0x000000008644de70) 
thrown [s\src\hotspot\share\prims\jni.cpp, line 1112]
Event: 28.185 Thread 0x000001cc92444310 Exception <a 'java/lang/NoSuchMethodError'{0x0000000086483e40}: static Lorg/jetbrains/kotlin/gradle/plugin/internal/DefaultMavenPublicationComponentAccessorFactory;.<clinit>()V> (0x0000000086483e40) 
thrown [s\src\hotspot\share\prims\jni.cpp, line 1112]
Event: 28.189 Thread 0x000001cc92444310 Exception <a 'java/lang/NoSuchMethodError'{0x00000000864a8578}: static Lorg/jetbrains/kotlin/gradle/plugin/diagnostics/DefaultProblemsReporter$Factory;.<clinit>()V> (0x00000000864a8578) 
thrown [s\src\hotspot\share\prims\jni.cpp, line 1112]
Event: 28.199 Thread 0x000001cc92444310 Exception <a 'java/lang/NoSuchMethodError'{0x00000000864e03a0}: static Lorg/jetbrains/kotlin/gradle/plugin/internal/DefaultCompatibilityConventionRegistrar$Factory;.<clinit>()V> (0x00000000864e03a0) 
thrown [s\src\hotspot\share\prims\jni.cpp, line 1112]
Event: 28.203 Thread 0x000001cc92444310 Exception <a 'java/lang/NoSuchMethodError'{0x0000000086304700}: static Lorg/jetbrains/kotlin/gradle/plugin/internal/DefaultConfigurationCacheStartParameterAccessorVariantFactory;.<clinit>()V> (0x0000000086304700) 
thrown [s\src\hotspot\share\prims\jni.cpp, line 1112]
Event: 28.295 Thread 0x000001cc92444310 Exception <a 'java/lang/IncompatibleClassChangeError'{0x000000008629c960}: Found class java.lang.Object, but interface was expected> (0x000000008629c960) 
thrown [s\src\hotspot\share\interpreter\linkResolver.cpp, line 826]

VM Operations (20 events):
Event: 24.684 Executing VM operation: CollectForMetadataAllocation
Event: 24.685 Executing VM operation: CollectForMetadataAllocation done
Event: 24.880 Executing VM operation: G1PauseRemark
Event: 24.973 Executing VM operation: G1PauseRemark done
Event: 25.032 Executing VM operation: G1PauseCleanup
Event: 25.032 Executing VM operation: G1PauseCleanup done
Event: 25.155 Executing VM operation: HandshakeAllThreads
Event: 25.155 Executing VM operation: HandshakeAllThreads done
Event: 26.168 Executing VM operation: Cleanup
Event: 26.186 Executing VM operation: Cleanup done
Event: 27.187 Executing VM operation: Cleanup
Event: 27.187 Executing VM operation: Cleanup done
Event: 27.280 Executing VM operation: HandshakeAllThreads
Event: 27.280 Executing VM operation: HandshakeAllThreads done
Event: 28.287 Executing VM operation: Cleanup
Event: 28.288 Executing VM operation: Cleanup done
Event: 28.348 Executing VM operation: G1CollectForAllocation
Event: 28.394 Executing VM operation: G1CollectForAllocation done
Event: 28.621 Executing VM operation: G1PauseRemark
Event: 28.846 Executing VM operation: G1PauseRemark done

Memory protections (0 events):
No events

Nmethod flushes (20 events):
Event: 18.050 Thread 0x000001cc4b4267c0 flushing  nmethod 0x000001cc34d2e110
Event: 18.050 Thread 0x000001cc4b4267c0 flushing  nmethod 0x000001cc34d2e910
Event: 18.050 Thread 0x000001cc4b4267c0 flushing  nmethod 0x000001cc34d30090
Event: 18.050 Thread 0x000001cc4b4267c0 flushing  nmethod 0x000001cc34d31210
Event: 18.050 Thread 0x000001cc4b4267c0 flushing  nmethod 0x000001cc34d31990
Event: 18.050 Thread 0x000001cc4b4267c0 flushing  nmethod 0x000001cc34d32890
Event: 18.050 Thread 0x000001cc4b4267c0 flushing  nmethod 0x000001cc34d32c10
Event: 18.050 Thread 0x000001cc4b4267c0 flushing  nmethod 0x000001cc34d33910
Event: 18.050 Thread 0x000001cc4b4267c0 flushing  nmethod 0x000001cc34d3fa10
Event: 18.050 Thread 0x000001cc4b4267c0 flushing  nmethod 0x000001cc34d40490
Event: 18.050 Thread 0x000001cc4b4267c0 flushing  nmethod 0x000001cc34d8cc90
Event: 18.050 Thread 0x000001cc4b4267c0 flushing  nmethod 0x000001cc34d8d410
Event: 18.050 Thread 0x000001cc4b4267c0 flushing  nmethod 0x000001cc34d8d810
Event: 18.050 Thread 0x000001cc4b4267c0 flushing  nmethod 0x000001cc34d8df10
Event: 18.050 Thread 0x000001cc4b4267c0 flushing  nmethod 0x000001cc34d8ec10
Event: 18.050 Thread 0x000001cc4b4267c0 flushing  nmethod 0x000001cc34db8310
Event: 18.050 Thread 0x000001cc4b4267c0 flushing  nmethod 0x000001cc34db8b10
Event: 18.050 Thread 0x000001cc4b4267c0 flushing  nmethod 0x000001cc34db8f90
Event: 23.675 Thread 0x000001cc4b4267c0 flushing  nmethod 0x000001cc346e8e10
Event: 23.679 Thread 0x000001cc4b4267c0 flushing  nmethod 0x000001cc3476c890

Events (20 events):
Event: 18.839 Thread 0x000001cc92444310 Thread added: 0x000001cc93bfbb70
Event: 18.839 Thread 0x000001cc92444310 Thread added: 0x000001cc93bfe900
Event: 18.839 Thread 0x000001cc92444310 Thread added: 0x000001cc93c00250
Event: 18.840 Thread 0x000001cc92444310 Thread added: 0x000001cc93bfe3f0
Event: 18.967 Thread 0x000001cc92444310 Thread added: 0x000001cc93bfcaa0
Event: 18.969 Thread 0x000001cc92444310 Thread added: 0x000001cc93bfc080
Event: 18.971 Thread 0x000001cc92444310 Thread added: 0x000001cc93c00760
Event: 18.974 Thread 0x000001cc92444310 Thread added: 0x000001cc93bfc590
Event: 18.976 Thread 0x000001cc92444310 Thread added: 0x000001cc93bfac40
Event: 18.978 Thread 0x000001cc92444310 Thread added: 0x000001cc93bfcfb0
Event: 18.980 Thread 0x000001cc92444310 Thread added: 0x000001cc93bfd4c0
Event: 19.453 Thread 0x000001cc92444310 Thread added: 0x000001cc93c025c0
Event: 19.454 Thread 0x000001cc92444310 Thread added: 0x000001cc93bff320
Event: 19.455 Thread 0x000001cc92444310 Thread added: 0x000001cc93bfdee0
Event: 19.455 Thread 0x000001cc92444310 Thread added: 0x000001cc92e35510
Event: 19.456 Thread 0x000001cc92444310 Thread added: 0x000001cc92e30920
Event: 19.457 Thread 0x000001cc92444310 Thread added: 0x000001cc92e35a20
Event: 19.457 Thread 0x000001cc92444310 Thread added: 0x000001cc92e35f30
Event: 25.173 Thread 0x000001cc92444310 Thread added: 0x000001cc92e36950
Event: 27.382 Thread 0x000001cc92444310 Thread added: 0x000001cc92e32270


Dynamic libraries:
0x00007ff750fe0000 - 0x00007ff750fee000 	C:\Users\welcome\.gradle\jdks\eclipse_adoptium-17-amd64-windows.2\bin\java.exe
0x00007ffaf93b0000 - 0x00007ffaf95a8000 	C:\Windows\SYSTEM32\ntdll.dll
0x00007ffaf7c90000 - 0x00007ffaf7d52000 	C:\Windows\System32\KERNEL32.DLL
0x00007ffaf6a30000 - 0x00007ffaf6d27000 	C:\Windows\System32\KERNELBASE.dll
0x00007ffaf6d30000 - 0x00007ffaf6e30000 	C:\Windows\System32\ucrtbase.dll
0x00007ffaed570000 - 0x00007ffaed588000 	C:\Users\welcome\.gradle\jdks\eclipse_adoptium-17-amd64-windows.2\bin\jli.dll
0x00007ffaed550000 - 0x00007ffaed56e000 	C:\Users\welcome\.gradle\jdks\eclipse_adoptium-17-amd64-windows.2\bin\VCRUNTIME140.dll
0x00007ffaf8a50000 - 0x00007ffaf8bed000 	C:\Windows\System32\USER32.dll
0x00007ffaf7080000 - 0x00007ffaf70a2000 	C:\Windows\System32\win32u.dll
0x00007ffaf8960000 - 0x00007ffaf898b000 	C:\Windows\System32\GDI32.dll
0x00007ffaf6f60000 - 0x00007ffaf707a000 	C:\Windows\System32\gdi32full.dll
0x00007ffaf6e30000 - 0x00007ffaf6ecd000 	C:\Windows\System32\msvcp_win.dll
0x00007ffadd660000 - 0x00007ffadd8fb000 	C:\Windows\WinSxS\amd64_microsoft.windows.common-controls_6595b64144ccf1df_6.0.19041.6926_none_60b5a53971f8f7e6\COMCTL32.dll
0x00007ffaf9000000 - 0x00007ffaf909e000 	C:\Windows\System32\msvcrt.dll
0x00007ffaf8130000 - 0x00007ffaf815f000 	C:\Windows\System32\IMM32.DLL
0x00007ffae07d0000 - 0x00007ffae07dc000 	C:\Users\welcome\.gradle\jdks\eclipse_adoptium-17-amd64-windows.2\bin\vcruntime140_1.dll
0x00007ffac20a0000 - 0x00007ffac212d000 	C:\Users\welcome\.gradle\jdks\eclipse_adoptium-17-amd64-windows.2\bin\msvcp140.dll
0x00007ffa7b1c0000 - 0x00007ffa7be2b000 	C:\Users\welcome\.gradle\jdks\eclipse_adoptium-17-amd64-windows.2\bin\server\jvm.dll
0x00007ffaf8990000 - 0x00007ffaf8a41000 	C:\Windows\System32\ADVAPI32.dll
0x00007ffaf8bf0000 - 0x00007ffaf8c8f000 	C:\Windows\System32\sechost.dll
0x00007ffaf8000000 - 0x00007ffaf8126000 	C:\Windows\System32\RPCRT4.dll
0x00007ffaf7210000 - 0x00007ffaf7237000 	C:\Windows\System32\bcrypt.dll
0x00007ffaf88f0000 - 0x00007ffaf895b000 	C:\Windows\System32\WS2_32.dll
0x00007ffaf5f40000 - 0x00007ffaf5f8b000 	C:\Windows\SYSTEM32\POWRPROF.dll
0x00007ffad9850000 - 0x00007ffad9877000 	C:\Windows\SYSTEM32\WINMM.dll
0x00007ffaec940000 - 0x00007ffaec94a000 	C:\Windows\SYSTEM32\VERSION.dll
0x00007ffaf5e00000 - 0x00007ffaf5e12000 	C:\Windows\SYSTEM32\UMPDC.dll
0x00007ffaf5250000 - 0x00007ffaf5262000 	C:\Windows\SYSTEM32\kernel.appcore.dll
0x00007ffae0260000 - 0x00007ffae026a000 	C:\Users\welcome\.gradle\jdks\eclipse_adoptium-17-amd64-windows.2\bin\jimage.dll
0x00007ffaf4610000 - 0x00007ffaf4811000 	C:\Windows\SYSTEM32\DBGHELP.DLL
0x00007ffad89c0000 - 0x00007ffad89f4000 	C:\Windows\SYSTEM32\dbgcore.DLL
0x00007ffaf6ed0000 - 0x00007ffaf6f52000 	C:\Windows\System32\bcryptPrimitives.dll
0x00007ffae0180000 - 0x00007ffae018e000 	C:\Users\welcome\.gradle\jdks\eclipse_adoptium-17-amd64-windows.2\bin\instrument.dll
0x00007ffad4580000 - 0x00007ffad45a5000 	C:\Users\welcome\.gradle\jdks\eclipse_adoptium-17-amd64-windows.2\bin\java.dll
0x00007ffab6290000 - 0x00007ffab6367000 	C:\Users\welcome\.gradle\jdks\eclipse_adoptium-17-amd64-windows.2\bin\jsvml.dll
0x00007ffaf73d0000 - 0x00007ffaf7b41000 	C:\Windows\System32\SHELL32.dll
0x00007ffaf4a90000 - 0x00007ffaf5236000 	C:\Windows\SYSTEM32\windows.storage.dll
0x00007ffaf8c90000 - 0x00007ffaf8fe3000 	C:\Windows\System32\combase.dll
0x00007ffaf6460000 - 0x00007ffaf648b000 	C:\Windows\SYSTEM32\Wldp.dll
0x00007ffaf7f30000 - 0x00007ffaf7ffd000 	C:\Windows\System32\OLEAUT32.dll
0x00007ffaf9260000 - 0x00007ffaf930d000 	C:\Windows\System32\SHCORE.dll
0x00007ffaf8740000 - 0x00007ffaf879b000 	C:\Windows\System32\shlwapi.dll
0x00007ffaf6960000 - 0x00007ffaf6984000 	C:\Windows\SYSTEM32\profapi.dll
0x00007ffaddfb0000 - 0x00007ffaddfc8000 	C:\Users\welcome\.gradle\jdks\eclipse_adoptium-17-amd64-windows.2\bin\zip.dll
0x00007ffaddd30000 - 0x00007ffaddd4a000 	C:\Users\welcome\.gradle\jdks\eclipse_adoptium-17-amd64-windows.2\bin\net.dll
0x00007ffaf07f0000 - 0x00007ffaf08fa000 	C:\Windows\SYSTEM32\WINHTTP.dll
0x00007ffaf6190000 - 0x00007ffaf61fa000 	C:\Windows\system32\mswsock.dll
0x00007ffadad90000 - 0x00007ffadada6000 	C:\Users\welcome\.gradle\jdks\eclipse_adoptium-17-amd64-windows.2\bin\nio.dll
0x00007ffae0150000 - 0x00007ffae0160000 	C:\Users\welcome\.gradle\jdks\eclipse_adoptium-17-amd64-windows.2\bin\verify.dll
0x00007ffadda90000 - 0x00007ffaddab7000 	C:\Users\welcome\.gradle\native\660c5614fbf4a5f2a75b1949f50a0caf5cd603558e7d8a26e50b933a0cfb79d1\windows-amd64\native-platform.dll
0x00007ffac1fe0000 - 0x00007ffac2057000 	C:\Users\welcome\.gradle\native\0.2.8\x86_64-windows-gnu\gradle-fileevents.dll
0x00007ffadac80000 - 0x00007ffadac8a000 	C:\Users\welcome\.gradle\jdks\eclipse_adoptium-17-amd64-windows.2\bin\management.dll
0x00007ffad9d80000 - 0x00007ffad9d8c000 	C:\Users\welcome\.gradle\jdks\eclipse_adoptium-17-amd64-windows.2\bin\management_ext.dll
0x00007ffaf9250000 - 0x00007ffaf9258000 	C:\Windows\System32\PSAPI.DLL
0x00007ffaf5e20000 - 0x00007ffaf5e5b000 	C:\Windows\SYSTEM32\IPHLPAPI.DLL
0x00007ffaf8ff0000 - 0x00007ffaf8ff8000 	C:\Windows\System32\NSI.dll
0x00007ffaec690000 - 0x00007ffaec6a7000 	C:\Windows\SYSTEM32\dhcpcsvc6.DLL
0x00007ffaef4a0000 - 0x00007ffaef4bd000 	C:\Windows\SYSTEM32\dhcpcsvc.DLL
0x00007ffaf5e70000 - 0x00007ffaf5f3a000 	C:\Windows\SYSTEM32\DNSAPI.dll
0x00007ffad9ce0000 - 0x00007ffad9ce9000 	C:\Users\welcome\.gradle\jdks\eclipse_adoptium-17-amd64-windows.2\bin\extnet.dll
0x00007ffaf63b0000 - 0x00007ffaf63c8000 	C:\Windows\SYSTEM32\CRYPTSP.dll
0x00007ffaf5a40000 - 0x00007ffaf5a78000 	C:\Windows\system32\rsaenh.dll
0x00007ffaf68e0000 - 0x00007ffaf690e000 	C:\Windows\SYSTEM32\USERENV.dll
0x00007ffaf63d0000 - 0x00007ffaf63dc000 	C:\Windows\SYSTEM32\CRYPTBASE.dll
0x00007ffad9c40000 - 0x00007ffad9c4e000 	C:\Users\welcome\.gradle\jdks\eclipse_adoptium-17-amd64-windows.2\bin\sunmscapi.dll
0x00007ffaf70b0000 - 0x00007ffaf720d000 	C:\Windows\System32\CRYPT32.dll
0x00007ffaf64d0000 - 0x00007ffaf64f7000 	C:\Windows\SYSTEM32\ncrypt.dll
0x00007ffaf6490000 - 0x00007ffaf64cb000 	C:\Windows\SYSTEM32\NTASN1.dll
0x00007ffaef990000 - 0x00007ffaef997000 	C:\Windows\system32\wshunix.dll

dbghelp: loaded successfully - version: 4.0.5 - missing functions: none
symbol engine: initialized successfully - sym options: 0x614 - pdb path: .;C:\Users\welcome\.gradle\jdks\eclipse_adoptium-17-amd64-windows.2\bin;C:\Windows\SYSTEM32;C:\Windows\WinSxS\amd64_microsoft.windows.common-controls_6595b64144ccf1df_6.0.19041.6926_none_60b5a53971f8f7e6;C:\Users\welcome\.gradle\jdks\eclipse_adoptium-17-amd64-windows.2\bin\server;C:\Users\welcome\.gradle\native\660c5614fbf4a5f2a75b1949f50a0caf5cd603558e7d8a26e50b933a0cfb79d1\windows-amd64;C:\Users\welcome\.gradle\native\0.2.8\x86_64-windows-gnu

VM Arguments:
jvm_args: --add-opens=java.base/java.lang=ALL-UNNAMED --add-opens=java.base/java.lang.invoke=ALL-UNNAMED --add-opens=java.base/java.util=ALL-UNNAMED --add-opens=java.prefs/java.util.prefs=ALL-UNNAMED --add-exports=jdk.compiler/com.sun.tools.javac.api=ALL-UNNAMED --add-exports=jdk.compiler/com.sun.tools.javac.util=ALL-UNNAMED --add-opens=java.base/java.util=ALL-UNNAMED --add-opens=java.prefs/java.util.prefs=ALL-UNNAMED --add-opens=java.base/java.nio.charset=ALL-UNNAMED --add-opens=java.base/java.net=ALL-UNNAMED --add-opens=java.base/java.util.concurrent=ALL-UNNAMED --add-opens=java.base/java.util.concurrent.atomic=ALL-UNNAMED --add-opens=java.xml/javax.xml.namespace=ALL-UNNAMED --add-opens=java.base/java.time=ALL-UNNAMED -Xmx2048m -Dfile.encoding=UTF-8 -Duser.country=IN -Duser.language=en -Duser.variant -javaagent:C:\Users\welcome\.gradle\wrapper\dists\gradle-9.3.1-bin\23ovyewtku6u96viwx3xl3oks\gradle-9.3.1\lib\agents\gradle-instrumentation-agent-9.3.1.jar 
java_command: org.gradle.launcher.daemon.bootstrap.GradleDaemon 9.3.1
java_class_path (initial): C:\Users\welcome\.gradle\wrapper\dists\gradle-9.3.1-bin\23ovyewtku6u96viwx3xl3oks\gradle-9.3.1\lib\gradle-daemon-main-9.3.1.jar
Launcher Type: SUN_STANDARD

[Global flags]
     intx CICompilerCount                          = 4                                         {product} {ergonomic}
     uint ConcGCThreads                            = 2                                         {product} {ergonomic}
     uint G1ConcRefinementThreads                  = 8                                         {product} {ergonomic}
   size_t G1HeapRegionSize                         = 1048576                                   {product} {ergonomic}
    uintx GCDrainStackTargetSize                   = 64                                        {product} {ergonomic}
   size_t InitialHeapSize                          = 62914560                                  {product} {ergonomic}
   size_t MarkStackSize                            = 4194304                                   {product} {ergonomic}
   size_t MaxHeapSize                              = 2147483648                                {product} {command line}
   size_t MaxNewSize                               = 1287651328                                {product} {ergonomic}
   size_t MinHeapDeltaBytes                        = 1048576                                   {product} {ergonomic}
   size_t MinHeapSize                              = 8388608                                   {product} {ergonomic}
    uintx NonNMethodCodeHeapSize                   = 5839372                                {pd product} {ergonomic}
    uintx NonProfiledCodeHeapSize                  = 122909434                              {pd product} {ergonomic}
    uintx ProfiledCodeHeapSize                     = 122909434                              {pd product} {ergonomic}
    uintx ReservedCodeCacheSize                    = 251658240                              {pd product} {ergonomic}
     bool SegmentedCodeCache                       = true                                      {product} {ergonomic}
   size_t SoftMaxHeapSize                          = 2147483648                             {manageable} {ergonomic}
     bool UseCompressedClassPointers               = true                           {product lp64_product} {ergonomic}
     bool UseCompressedOops                        = true                           {product lp64_product} {ergonomic}
     bool UseG1GC                                  = true                                      {product} {ergonomic}
     bool UseLargePagesIndividualAllocation        = false                                  {pd product} {ergonomic}

Logging:
Log output configuration:
 #0: stdout all=warning uptime,level,tags
 #1: stderr all=off uptime,level,tags

Environment Variables:
PATH=C:\Windows\system32;C:\Windows;C:\Windows\System32\Wbem;C:\Windows\System32\WindowsPowerShell\v1.0\;C:\Windows\System32\OpenSSH\;C:\Program Files\Git\cmd;C:\Program Files\nodejs\;C:\Users\welcome\AppData\Local\Microsoft\WindowsApps;C:\Users\welcome\AppData\Local\Programs\Antigravity\bin;C:\Users\welcome\AppData\Local\Programs\cursor\resources\app\bin;C:\Users\welcome\AppData\Local\Programs\Microsoft VS Code\bin;C:\Users\welcome\AppData\Roaming\npm;C:\Users\welcome\AppData\Local\Android\Sdk;;C:\Users\welcome\AppData\Local\Android\Sdk\platform-tools;
USERNAME=welcome
OS=Windows_NT
PROCESSOR_IDENTIFIER=Intel64 Family 6 Model 140 Stepping 2, GenuineIntel
TMP=C:\Users\welcome\AppData\Local\Temp
TEMP=C:\Users\welcome\AppData\Local\Temp



Periodic native trim disabled


---------------  S Y S T E M  ---------------

OS:
 Windows 10 , 64 bit Build 19041 (10.0.19041.6807)
OS uptime: 5 days 19:58 hours

CPU: total 8 (initial active 8) (4 cores per cpu, 2 threads per core) family 6 model 140 stepping 2 microcode 0x34, cx8, cmov, fxsr, ht, mmx, 3dnowpref, sse, sse2, sse3, ssse3, sse4.1, sse4.2, popcnt, lzcnt, tsc, tscinvbit, avx, avx2, aes, erms, clmul, bmi1, bmi2, adx, avx512f, avx512dq, avx512cd, avx512bw, avx512vl, sha, fma, vzeroupper, avx512_vpopcntdq, avx512_vpclmulqdq, avx512_vaes, avx512_vnni, clflush, clflushopt, clwb, avx512_vbmi2, avx512_vbmi
Processor Information for all 8 processors :
  Max Mhz: 2496, Current Mhz: 2496, Mhz Limit: 2496

Memory: 4k page, system-wide physical 3738M (167M free)
TotalPageFile size 15002M (AvailPageFile size 7M)
current process WorkingSet (physical memory assigned to process): 133M, peak: 271M
current process commit charge ("private bytes"): 420M, peak: 422M

vm_info: OpenJDK 64-Bit Server VM (17.0.18+8) for windows-amd64 JRE (17.0.18+8), built on Jan 20 2026 22:28:22 by "admin" with MS VC++ 17.12 (VS2022)

END.
