#
# There is insufficient memory for the Java Runtime Environment to continue.
# Native memory allocation (malloc) failed to allocate 1378896 bytes. Error detail: Chunk::new
# Possible reasons:
#   The system is out of physical RAM or swap space
#   This process is running with CompressedOops enabled, and the Java Heap may be blocking the growth of the native heap
# Possible solutions:
#   Reduce memory load on the system
#   Increase physical memory or swap space
#   Check if swap backing store is full
#   Decrease Java heap size (-Xmx/-Xms)
#   Decrease number of Java threads
#   Decrease Java thread stack sizes (-Xss)
#   Set larger code cache with -XX:ReservedCodeCacheSize=
#   JVM is running with Unscaled Compressed Oops mode in which the Java heap is
#     placed in the first 4GB address space. The Java Heap base address is the
#     maximum limit for the native heap growth. Please use -XX:HeapBaseMinAddress
#     to set the Java Heap base and to place the Java Heap above 4GB virtual address.
# This output file may be truncated or incomplete.
#
#  Out of Memory Error (arena.cpp:191), pid=10276, tid=11916
#
# JRE version: OpenJDK Runtime Environment Temurin-17.0.18+8 (17.0.18+8) (build 17.0.18+8)
# Java VM: OpenJDK 64-Bit Server VM Temurin-17.0.18+8 (17.0.18+8, mixed mode, sharing, tiered, compressed oops, compressed class ptrs, g1 gc, windows-amd64)
# No core dump will be written. Minidumps are not enabled by default on client versions of Windows
#

---------------  S U M M A R Y ------------

Command Line: --add-opens=java.base/java.lang=ALL-UNNAMED --add-opens=java.base/java.lang.invoke=ALL-UNNAMED --add-opens=java.base/java.util=ALL-UNNAMED --add-opens=java.prefs/java.util.prefs=ALL-UNNAMED --add-exports=jdk.compiler/com.sun.tools.javac.api=ALL-UNNAMED --add-exports=jdk.compiler/com.sun.tools.javac.util=ALL-UNNAMED --add-opens=java.base/java.util=ALL-UNNAMED --add-opens=java.prefs/java.util.prefs=ALL-UNNAMED --add-opens=java.base/java.nio.charset=ALL-UNNAMED --add-opens=java.base/java.net=ALL-UNNAMED --add-opens=java.base/java.util.concurrent=ALL-UNNAMED --add-opens=java.base/java.util.concurrent.atomic=ALL-UNNAMED --add-opens=java.xml/javax.xml.namespace=ALL-UNNAMED --add-opens=java.base/java.time=ALL-UNNAMED -Xmx2048m -Dfile.encoding=UTF-8 -Duser.country=IN -Duser.language=en -Duser.variant -javaagent:C:\Users\welcome\.gradle\wrapper\dists\gradle-9.2.1-bin\2t0n5ozlw9xmuyvbp7dnzaxug\gradle-9.2.1\lib\agents\gradle-instrumentation-agent-9.2.1.jar org.gradle.launcher.daemon.bootstrap.GradleDaemon 9.2.1

Host: 11th Gen Intel(R) Core(TM) i5-1155G7 @ 2.50GHz, 8 cores, 3G,  Windows 10 , 64 bit Build 19041 (10.0.19041.6807)
Time: Tue Mar 17 09:20:41 2026 India Standard Time elapsed time: 6.500745 seconds (0d 0h 0m 6s)

---------------  T H R E A D  ---------------

Current thread (0x000001f9ffec8590):  JavaThread "C2 CompilerThread0" daemon [_thread_in_native, id=11916, stack(0x0000001def700000,0x0000001def800000)]


Current CompileTask:
C2:6501 2491   !   4       java.net.URLClassLoader::findClass (47 bytes)

Stack: [0x0000001def700000,0x0000001def800000]
Native frames: (J=compiled Java code, j=interpreted, Vv=VM code, C=native code)
V  [jvm.dll+0x6846f9]
V  [jvm.dll+0x839ea5]
V  [jvm.dll+0x83b91e]
V  [jvm.dll+0x83bfa3]
V  [jvm.dll+0x248eff]
V  [jvm.dll+0xad496]
V  [jvm.dll+0xadb3c]
V  [jvm.dll+0x368bcf]
V  [jvm.dll+0x1bc1ef]
V  [jvm.dll+0x219f10]
V  [jvm.dll+0x219200]
V  [jvm.dll+0x1a4920]
V  [jvm.dll+0x22989a]
V  [jvm.dll+0x227a4b]
V  [jvm.dll+0x7f0658]
V  [jvm.dll+0x7eaaec]
V  [jvm.dll+0x6835c7]
C  [ucrtbase.dll+0x21bb2]
C  [KERNEL32.DLL+0x17374]
C  [ntdll.dll+0x4cc91]


---------------  P R O C E S S  ---------------

Threads class SMR info:
_java_thread_list=0x000001f9e17a6b30, length=27, elements={
0x000001f9fc4df560, 0x000001f9ffeaa600, 0x000001f9ffeab870, 0x000001f9ffec1660,
0x000001f9ffec4040, 0x000001f9ffec6920, 0x000001f9ffec7990, 0x000001f9ffec8590,
0x000001f9ffec9c50, 0x000001f9ffecd4c0, 0x000001f99ac3ff40, 0x000001f99ac3f520,
0x000001f99ac3fa30, 0x000001f99ac3e5f0, 0x000001f99ac40450, 0x000001f99ac3cca0,
0x000001f99ac3eb00, 0x000001f99ac3e0e0, 0x000001f99ac3d1b0, 0x000001f99ac3d6c0,
0x000001f99ac3dbd0, 0x000001f9e1dc23d0, 0x000001f9e1dc6090, 0x000001f9e1dc8e20,
0x000001f9e1dc1ec0, 0x000001f9e1dc4740, 0x000001f9e1dc3810
}

Java Threads: ( => current thread )
  0x000001f9fc4df560 JavaThread "main" [_thread_blocked, id=18780, stack(0x0000001deea00000,0x0000001deeb00000)]
  0x000001f9ffeaa600 JavaThread "Reference Handler" daemon [_thread_blocked, id=14512, stack(0x0000001def100000,0x0000001def200000)]
  0x000001f9ffeab870 JavaThread "Finalizer" daemon [_thread_blocked, id=10284, stack(0x0000001def200000,0x0000001def300000)]
  0x000001f9ffec1660 JavaThread "Signal Dispatcher" daemon [_thread_blocked, id=12468, stack(0x0000001def300000,0x0000001def400000)]
  0x000001f9ffec4040 JavaThread "Attach Listener" daemon [_thread_blocked, id=9436, stack(0x0000001def400000,0x0000001def500000)]
  0x000001f9ffec6920 JavaThread "Service Thread" daemon [_thread_blocked, id=23912, stack(0x0000001def500000,0x0000001def600000)]
  0x000001f9ffec7990 JavaThread "Monitor Deflation Thread" daemon [_thread_blocked, id=17552, stack(0x0000001def600000,0x0000001def700000)]
=>0x000001f9ffec8590 JavaThread "C2 CompilerThread0" daemon [_thread_in_native, id=11916, stack(0x0000001def700000,0x0000001def800000)]
  0x000001f9ffec9c50 JavaThread "C1 CompilerThread0" daemon [_thread_in_vm, id=21932, stack(0x0000001def800000,0x0000001def900000)]
  0x000001f9ffecd4c0 JavaThread "Sweeper thread" daemon [_thread_blocked, id=10692, stack(0x0000001def900000,0x0000001defa00000)]
  0x000001f99ac3ff40 JavaThread "Common-Cleaner" daemon [_thread_blocked, id=16140, stack(0x0000001defa00000,0x0000001defb00000)]
  0x000001f99ac3f520 JavaThread "Notification Thread" daemon [_thread_blocked, id=1852, stack(0x0000001defb00000,0x0000001defc00000)]
  0x000001f99ac3fa30 JavaThread "Daemon health stats" [_thread_blocked, id=10644, stack(0x0000001df0200000,0x0000001df0300000)]
  0x000001f99ac3e5f0 JavaThread "Incoming local TCP Connector on port 51880" [_thread_in_native, id=8580, stack(0x0000001df0300000,0x0000001df0400000)]
  0x000001f99ac40450 JavaThread "Daemon periodic checks" [_thread_blocked, id=22736, stack(0x0000001df0400000,0x0000001df0500000)]
  0x000001f99ac3cca0 JavaThread "Daemon" [_thread_blocked, id=676, stack(0x0000001df0500000,0x0000001df0600000)]
  0x000001f99ac3eb00 JavaThread "Handler for socket connection from /127.0.0.1:51880 to /127.0.0.1:51881" [_thread_in_native, id=16588, stack(0x0000001df0600000,0x0000001df0700000)]
  0x000001f99ac3e0e0 JavaThread "Cancel handler" [_thread_blocked, id=1092, stack(0x0000001df0a00000,0x0000001df0b00000)]
  0x000001f99ac3d1b0 JavaThread "Daemon worker" [_thread_in_vm, id=21912, stack(0x0000001df0b00000,0x0000001df0c00000)]
  0x000001f99ac3d6c0 JavaThread "Asynchronous log dispatcher for DefaultDaemonConnection: socket connection from /127.0.0.1:51880 to /127.0.0.1:51881" [_thread_blocked, id=23356, stack(0x0000001df0c00000,0x0000001df0d00000)]
  0x000001f99ac3dbd0 JavaThread "Stdin handler" [_thread_blocked, id=2784, stack(0x0000001df0d00000,0x0000001df0e00000)]
  0x000001f9e1dc23d0 JavaThread "Daemon client event forwarder" [_thread_blocked, id=3176, stack(0x0000001df0e00000,0x0000001df0f00000)]
  0x000001f9e1dc6090 JavaThread "Cache worker for journal cache (C:\Users\welcome\.gradle\caches\journal-1)" [_thread_blocked, id=24272, stack(0x0000001df0f00000,0x0000001df1000000)]
  0x000001f9e1dc8e20 JavaThread "File lock request listener" [_thread_in_native, id=7540, stack(0x0000001df1000000,0x0000001df1100000)]
  0x000001f9e1dc1ec0 JavaThread "Cache worker for file hash cache (C:\Users\welcome\.gradle\caches\9.2.1\fileHashes)" [_thread_blocked, id=18688, stack(0x0000001df1100000,0x0000001df1200000)]
  0x000001f9e1dc4740 JavaThread "Cache worker for file hash cache (C:\Users\welcome\AndroidStudioProjects\mindguardaipsychologicalsupportapp\.gradle\9.2.1\fileHashes)" [_thread_blocked, id=23056, stack(0x0000001df1300000,0x0000001df1400000)]
  0x000001f9e1dc3810 JavaThread "Cache worker for Build Output Cleanup Cache (C:\Users\welcome\AndroidStudioProjects\mindguardaipsychologicalsupportapp\.gradle\buildOutputCleanup)" [_thread_blocked, id=18960, stack(0x0000001df1400000,0x0000001df1500000)]

Other Threads:
  0x000001f9ffea5610 VMThread "VM Thread" [stack: 0x0000001def000000,0x0000001def100000] [id=15724]
  0x000001f9fc4e0430 WatcherThread [stack: 0x0000001defc00000,0x0000001defd00000] [id=9752]
  0x000001f9fc53d480 GCTaskThread "GC Thread#0" [stack: 0x0000001deeb00000,0x0000001deec00000] [id=12284]
  0x000001f99ae32a90 GCTaskThread "GC Thread#1" [stack: 0x0000001defd00000,0x0000001defe00000] [id=14132]
  0x000001f99af5fa50 GCTaskThread "GC Thread#2" [stack: 0x0000001defe00000,0x0000001deff00000] [id=21836]
  0x000001f9e07c9da0 GCTaskThread "GC Thread#3" [stack: 0x0000001deff00000,0x0000001df0000000] [id=24312]
  0x000001f9e03ef1c0 GCTaskThread "GC Thread#4" [stack: 0x0000001df0000000,0x0000001df0100000] [id=10272]
  0x000001f9e1d7ff70 GCTaskThread "GC Thread#5" [stack: 0x0000001df0700000,0x0000001df0800000] [id=15504]
  0x000001f9e1d7fcb0 GCTaskThread "GC Thread#6" [stack: 0x0000001df0800000,0x0000001df0900000] [id=12196]
  0x000001f9e1d80230 GCTaskThread "GC Thread#7" [stack: 0x0000001df0900000,0x0000001df0a00000] [id=3744]
  0x000001f9fc54ea80 ConcurrentGCThread "G1 Main Marker" [stack: 0x0000001deec00000,0x0000001deed00000] [id=20932]
  0x000001f9fc54f3b0 ConcurrentGCThread "G1 Conc#0" [stack: 0x0000001deed00000,0x0000001deee00000] [id=23488]
  0x000001f9e1d80d30 ConcurrentGCThread "G1 Conc#1" [stack: 0x0000001df1200000,0x0000001df1300000] [id=8376]
  0x000001f9fc59e220 ConcurrentGCThread "G1 Refine#0" [stack: 0x0000001deee00000,0x0000001deef00000] [id=19352]
  0x000001f99adb4710 ConcurrentGCThread "G1 Refine#1" [stack: 0x0000001df0100000,0x0000001df0200000] [id=7172]
  0x000001f9fc59eb60 ConcurrentGCThread "G1 Service" [stack: 0x0000001deef00000,0x0000001def000000] [id=17516]

Threads with active compile tasks:
C2 CompilerThread0  6560 2491   !   4       java.net.URLClassLoader::findClass (47 bytes)
C1 CompilerThread0  6560 2740       3       jdk.internal.org.objectweb.asm.Frame::execute (2305 bytes)

VM state: not at safepoint (normal execution)

VM Mutex/Monitor currently owned by a thread: None

Heap address: 0x0000000080000000, size: 2048 MB, Compressed Oops mode: 32-bit

CDS archive(s) mapped at: [0x000001f99b000000-0x000001f99bbb0000-0x000001f99bbb0000), size 12255232, SharedBaseAddress: 0x000001f99b000000, ArchiveRelocationMode: 1.
Compressed class space mapped at: 0x000001f99c000000-0x000001f9dc000000, reserved size: 1073741824
Narrow klass base: 0x000001f99b000000, Narrow klass shift: 0, Narrow klass range: 0x100000000

GC Precious Log:
 CPUs: 8 total, 8 available
 Memory: 3738M
 Large Page Support: Disabled
 NUMA Support: Disabled
 Compressed Oops: Enabled (32-bit)
 Heap Region Size: 1M
 Heap Min Capacity: 8M
 Heap Initial Capacity: 60M
 Heap Max Capacity: 2G
 Pre-touch: Disabled
 Parallel Workers: 8
 Concurrent Workers: 2
 Concurrent Refinement Workers: 8
 Periodic GC: Disabled

Heap:
 garbage-first heap   total 61440K, used 38489K [0x0000000080000000, 0x0000000100000000)
  region size 1024K, 17 young (17408K), 2 survivors (2048K)
 Metaspace       used 22865K, committed 23232K, reserved 1114112K
  class space    used 3196K, committed 3392K, reserved 1048576K

Heap Regions: E=young(eden), S=young(survivor), O=old, HS=humongous(starts), HC=humongous(continues), CS=collection set, F=free, OA=open archive, CA=closed archive, TAMS=top-at-mark-start (previous, next)
|   0|0x0000000080000000, 0x0000000080100000, 0x0000000080100000|100%|HS|  |TAMS 0x0000000080100000, 0x0000000080000000| Complete 
|   1|0x0000000080100000, 0x0000000080200000, 0x0000000080200000|100%|HC|  |TAMS 0x0000000080200000, 0x0000000080100000| Complete 
|   2|0x0000000080200000, 0x0000000080300000, 0x0000000080300000|100%|HC|  |TAMS 0x0000000080300000, 0x0000000080200000| Complete 
|   3|0x0000000080300000, 0x0000000080400000, 0x0000000080400000|100%|HC|  |TAMS 0x0000000080400000, 0x0000000080300000| Complete 
|   4|0x0000000080400000, 0x0000000080500000, 0x0000000080500000|100%| O|  |TAMS 0x0000000080500000, 0x0000000080400000| Untracked 
|   5|0x0000000080500000, 0x0000000080600000, 0x0000000080600000|100%| O|  |TAMS 0x0000000080600000, 0x0000000080500000| Untracked 
|   6|0x0000000080600000, 0x0000000080700000, 0x0000000080700000|100%| O|  |TAMS 0x0000000080700000, 0x0000000080600000| Untracked 
|   7|0x0000000080700000, 0x0000000080800000, 0x0000000080800000|100%| O|  |TAMS 0x0000000080800000, 0x0000000080700000| Untracked 
|   8|0x0000000080800000, 0x0000000080900000, 0x0000000080900000|100%| O|  |TAMS 0x0000000080900000, 0x0000000080800000| Untracked 
|   9|0x0000000080900000, 0x0000000080a00000, 0x0000000080a00000|100%| O|  |TAMS 0x0000000080a00000, 0x0000000080900000| Untracked 
|  10|0x0000000080a00000, 0x0000000080b00000, 0x0000000080b00000|100%| O|  |TAMS 0x0000000080b00000, 0x0000000080a00000| Untracked 
|  11|0x0000000080b00000, 0x0000000080c00000, 0x0000000080c00000|100%| O|  |TAMS 0x0000000080c00000, 0x0000000080b00000| Complete 
|  12|0x0000000080c00000, 0x0000000080d00000, 0x0000000080d00000|100%|HS|  |TAMS 0x0000000080d00000, 0x0000000080c00000| Complete 
|  13|0x0000000080d00000, 0x0000000080e00000, 0x0000000080e00000|100%| O|  |TAMS 0x0000000080e00000, 0x0000000080d00000| Untracked 
|  14|0x0000000080e00000, 0x0000000080f00000, 0x0000000080f00000|100%| O|  |TAMS 0x0000000080f00000, 0x0000000080e00000| Untracked 
|  15|0x0000000080f00000, 0x0000000081000000, 0x0000000081000000|100%| O|  |TAMS 0x0000000081000000, 0x0000000080f00000| Untracked 
|  16|0x0000000081000000, 0x0000000081100000, 0x0000000081100000|100%| O|  |TAMS 0x0000000081100000, 0x0000000081000000| Untracked 
|  17|0x0000000081100000, 0x0000000081200000, 0x0000000081200000|100%| O|  |TAMS 0x0000000081200000, 0x0000000081100000| Untracked 
|  18|0x0000000081200000, 0x0000000081300000, 0x0000000081300000|100%| O|  |TAMS 0x0000000081300000, 0x0000000081200000| Untracked 
|  19|0x0000000081300000, 0x0000000081400000, 0x0000000081400000|100%| O|  |TAMS 0x00000000813cc800, 0x0000000081300000| Untracked 
|  20|0x0000000081400000, 0x0000000081500000, 0x0000000081500000|100%| O|  |TAMS 0x0000000081400000, 0x0000000081400000| Untracked 
|  21|0x0000000081500000, 0x00000000815bb000, 0x0000000081600000| 73%| O|  |TAMS 0x0000000081500000, 0x0000000081500000| Untracked 
|  22|0x0000000081600000, 0x0000000081600000, 0x0000000081700000|  0%| F|  |TAMS 0x0000000081600000, 0x0000000081600000| Untracked 
|  23|0x0000000081700000, 0x0000000081700000, 0x0000000081800000|  0%| F|  |TAMS 0x0000000081700000, 0x0000000081700000| Untracked 
|  24|0x0000000081800000, 0x0000000081800000, 0x0000000081900000|  0%| F|  |TAMS 0x0000000081800000, 0x0000000081800000| Untracked 
|  25|0x0000000081900000, 0x0000000081900000, 0x0000000081a00000|  0%| F|  |TAMS 0x0000000081900000, 0x0000000081900000| Untracked 
|  26|0x0000000081a00000, 0x0000000081a00000, 0x0000000081b00000|  0%| F|  |TAMS 0x0000000081a00000, 0x0000000081a00000| Untracked 
|  27|0x0000000081b00000, 0x0000000081b00000, 0x0000000081c00000|  0%| F|  |TAMS 0x0000000081b00000, 0x0000000081b00000| Untracked 
|  28|0x0000000081c00000, 0x0000000081c00000, 0x0000000081d00000|  0%| F|  |TAMS 0x0000000081c00000, 0x0000000081c00000| Untracked 
|  29|0x0000000081d00000, 0x0000000081d00000, 0x0000000081e00000|  0%| F|  |TAMS 0x0000000081d00000, 0x0000000081d00000| Untracked 
|  30|0x0000000081e00000, 0x0000000081e00000, 0x0000000081f00000|  0%| F|  |TAMS 0x0000000081e00000, 0x0000000081e00000| Untracked 
|  31|0x0000000081f00000, 0x0000000081f00000, 0x0000000082000000|  0%| F|  |TAMS 0x0000000081f00000, 0x0000000081f00000| Untracked 
|  32|0x0000000082000000, 0x0000000082000000, 0x0000000082100000|  0%| F|  |TAMS 0x0000000082000000, 0x0000000082000000| Untracked 
|  33|0x0000000082100000, 0x0000000082100000, 0x0000000082200000|  0%| F|  |TAMS 0x0000000082100000, 0x0000000082100000| Untracked 
|  34|0x0000000082200000, 0x0000000082200000, 0x0000000082300000|  0%| F|  |TAMS 0x0000000082200000, 0x0000000082200000| Untracked 
|  35|0x0000000082300000, 0x0000000082300000, 0x0000000082400000|  0%| F|  |TAMS 0x0000000082300000, 0x0000000082300000| Untracked 
|  36|0x0000000082400000, 0x0000000082400000, 0x0000000082500000|  0%| F|  |TAMS 0x0000000082400000, 0x0000000082400000| Untracked 
|  37|0x0000000082500000, 0x0000000082500000, 0x0000000082600000|  0%| F|  |TAMS 0x0000000082500000, 0x0000000082500000| Untracked 
|  38|0x0000000082600000, 0x0000000082600000, 0x0000000082700000|  0%| F|  |TAMS 0x0000000082600000, 0x0000000082600000| Untracked 
|  39|0x0000000082700000, 0x0000000082700000, 0x0000000082800000|  0%| F|  |TAMS 0x0000000082700000, 0x0000000082700000| Untracked 
|  40|0x0000000082800000, 0x0000000082800000, 0x0000000082900000|  0%| F|  |TAMS 0x0000000082800000, 0x0000000082800000| Untracked 
|  41|0x0000000082900000, 0x0000000082900000, 0x0000000082a00000|  0%| F|  |TAMS 0x0000000082900000, 0x0000000082900000| Untracked 
|  42|0x0000000082a00000, 0x0000000082a00000, 0x0000000082b00000|  0%| F|  |TAMS 0x0000000082a00000, 0x0000000082a00000| Untracked 
|  43|0x0000000082b00000, 0x0000000082bcac90, 0x0000000082c00000| 79%| E|  |TAMS 0x0000000082b00000, 0x0000000082b00000| Complete 
|  44|0x0000000082c00000, 0x0000000082d00000, 0x0000000082d00000|100%| E|CS|TAMS 0x0000000082c00000, 0x0000000082c00000| Complete 
|  45|0x0000000082d00000, 0x0000000082e00000, 0x0000000082e00000|100%| E|CS|TAMS 0x0000000082d00000, 0x0000000082d00000| Complete 
|  46|0x0000000082e00000, 0x0000000082f00000, 0x0000000082f00000|100%| E|CS|TAMS 0x0000000082e00000, 0x0000000082e00000| Complete 
|  47|0x0000000082f00000, 0x0000000083000000, 0x0000000083000000|100%| E|CS|TAMS 0x0000000082f00000, 0x0000000082f00000| Complete 
|  48|0x0000000083000000, 0x0000000083100000, 0x0000000083100000|100%| E|CS|TAMS 0x0000000083000000, 0x0000000083000000| Complete 
|  49|0x0000000083100000, 0x0000000083200000, 0x0000000083200000|100%| E|CS|TAMS 0x0000000083100000, 0x0000000083100000| Complete 
|  50|0x0000000083200000, 0x0000000083300000, 0x0000000083300000|100%| E|CS|TAMS 0x0000000083200000, 0x0000000083200000| Complete 
|  51|0x0000000083300000, 0x0000000083400000, 0x0000000083400000|100%| E|CS|TAMS 0x0000000083300000, 0x0000000083300000| Complete 
|  52|0x0000000083400000, 0x0000000083500000, 0x0000000083500000|100%| E|CS|TAMS 0x0000000083400000, 0x0000000083400000| Complete 
|  53|0x0000000083500000, 0x0000000083600000, 0x0000000083600000|100%| E|CS|TAMS 0x0000000083500000, 0x0000000083500000| Complete 
|  54|0x0000000083600000, 0x00000000836db4e0, 0x0000000083700000| 85%| S|CS|TAMS 0x0000000083600000, 0x0000000083600000| Complete 
|  55|0x0000000083700000, 0x0000000083800000, 0x0000000083800000|100%| S|CS|TAMS 0x0000000083700000, 0x0000000083700000| Complete 
|  56|0x0000000083800000, 0x0000000083900000, 0x0000000083900000|100%| E|CS|TAMS 0x0000000083800000, 0x0000000083800000| Complete 
|  57|0x0000000083900000, 0x0000000083a00000, 0x0000000083a00000|100%| E|CS|TAMS 0x0000000083900000, 0x0000000083900000| Complete 
|  58|0x0000000083a00000, 0x0000000083b00000, 0x0000000083b00000|100%| E|CS|TAMS 0x0000000083a00000, 0x0000000083a00000| Complete 
|  59|0x0000000083b00000, 0x0000000083c00000, 0x0000000083c00000|100%| E|CS|TAMS 0x0000000083b00000, 0x0000000083b00000| Complete 

Card table byte_map: [0x000001f9fccd0000,0x000001f9fd0d0000] _byte_map_base: 0x000001f9fc8d0000

Marking Bits (Prev, Next): (CMBitMap*) 0x000001f9fc53d9f0, (CMBitMap*) 0x000001f9fc53d9b0
 Prev Bits: [0x000001f996ab0000, 0x000001f998ab0000)
 Next Bits: [0x000001f9fd4d0000, 0x000001f9ff4d0000)

Polling page: 0x000001f9fa430000

Metaspace:

Usage:
  Non-class:     19.22 MB used.
      Class:      3.12 MB used.
       Both:     22.34 MB used.

Virtual space:
  Non-class space:       64.00 MB reserved,      19.38 MB ( 30%) committed,  1 nodes.
      Class space:        1.00 GB reserved,       3.31 MB ( <1%) committed,  1 nodes.
             Both:        1.06 GB reserved,      22.69 MB (  2%) committed. 

Chunk freelists:
   Non-Class:  12.59 MB
       Class:  12.73 MB
        Both:  25.32 MB

MaxMetaspaceSize: unlimited
CompressedClassSpaceSize: 1.00 GB
Initial GC threshold: 21.00 MB
Current GC threshold: 35.25 MB
CDS: on
MetaspaceReclaimPolicy: balanced
 - commit_granule_bytes: 65536.
 - commit_granule_words: 8192.
 - virtual_space_node_default_size: 8388608.
 - enlarge_chunks_in_place: 1.
 - new_chunks_are_fully_committed: 0.
 - uncommit_free_chunks: 1.
 - use_allocation_guard: 0.
 - handle_deallocations: 1.


Internal statistics:

num_allocs_failed_limit: 3.
num_arena_births: 270.
num_arena_deaths: 0.
num_vsnodes_births: 2.
num_vsnodes_deaths: 0.
num_space_committed: 363.
num_space_uncommitted: 0.
num_chunks_returned_to_freelist: 3.
num_chunks_taken_from_freelist: 1094.
num_chunk_merges: 3.
num_chunk_splits: 738.
num_chunks_enlarged: 535.
num_inconsistent_stats: 0.

CodeHeap 'non-profiled nmethods': size=120000Kb used=1413Kb max_used=1413Kb free=118586Kb
 bounds [0x000001f98f580000, 0x000001f98f7f0000, 0x000001f996ab0000]
CodeHeap 'profiled nmethods': size=120000Kb used=5544Kb max_used=5544Kb free=114455Kb
 bounds [0x000001f987ab0000, 0x000001f988020000, 0x000001f98efe0000]
CodeHeap 'non-nmethods': size=5760Kb used=1262Kb max_used=1308Kb free=4497Kb
 bounds [0x000001f98efe0000, 0x000001f98f250000, 0x000001f98f580000]
 total_blobs=3296 nmethods=2738 adapters=470
 compilation: enabled
              stopped_count=0, restarted_count=0
 full_count=0

Compilation events (20 events):
Event: 6.333 Thread 0x000001f9ffec9c50 2699       3       org.objectweb.asm.SymbolTable$Entry::<init> (18 bytes)
Event: 6.333 Thread 0x000001f9ffec9c50 nmethod 2699 0x000001f988000210 code [0x000001f9880003c0, 0x000001f988000548]
Event: 6.333 Thread 0x000001f9ffec9c50 2700       3       org.objectweb.asm.Frame::getInputStackSize (6 bytes)
Event: 6.334 Thread 0x000001f9ffec9c50 nmethod 2700 0x000001f988000610 code [0x000001f9880007a0, 0x000001f9880008b8]
Event: 6.334 Thread 0x000001f9ffec9c50 2702       3       org.objectweb.asm.Frame::accept (264 bytes)
Event: 6.334 Thread 0x000001f9ffec9c50 nmethod 2702 0x000001f988000990 code [0x000001f988000bc0, 0x000001f988001498]
Event: 6.334 Thread 0x000001f9ffec9c50 2701       3       org.objectweb.asm.MethodVisitor::visitInsn (16 bytes)
Event: 6.334 Thread 0x000001f9ffec9c50 nmethod 2701 0x000001f988001890 code [0x000001f988001a40, 0x000001f988001c48]
Event: 6.334 Thread 0x000001f9ffec9c50 2703       3       org.objectweb.asm.Attribute::computeAttributesSize (62 bytes)
Event: 6.334 Thread 0x000001f9ffec9c50 nmethod 2703 0x000001f988001d10 code [0x000001f988001ee0, 0x000001f9880021e8]
Event: 6.420 Thread 0x000001f9ffec9c50 2705       1       org.gradle.launcher.daemon.server.exec.DaemonConnectionBackedEventConsumer::access$000 (5 bytes)
Event: 6.421 Thread 0x000001f9ffec9c50 nmethod 2705 0x000001f98f6dd810 code [0x000001f98f6dd9a0, 0x000001f98f6dda58]
Event: 6.448 Thread 0x000001f9ffec9c50 2706   !   3       org.gradle.internal.service.ReflectionBasedServiceMethod::invoke (16 bytes)
Event: 6.448 Thread 0x000001f9ffec9c50 nmethod 2706 0x000001f988002390 code [0x000001f988002540, 0x000001f9880026d8]
Event: 6.448 Thread 0x000001f9ffec9c50 2707   !   3       org.gradle.internal.reflect.JavaMethod::invoke (87 bytes)
Event: 6.449 Thread 0x000001f9ffec9c50 nmethod 2707 0x000001f988002810 code [0x000001f988002b80, 0x000001f988004208]
Event: 6.449 Thread 0x000001f9ffec9c50 2708       3       java.util.concurrent.locks.ReentrantLock$Sync::<init> (5 bytes)
Event: 6.450 Thread 0x000001f9ffec9c50 nmethod 2708 0x000001f988004b90 code [0x000001f988004d40, 0x000001f988004f78]
Event: 6.450 Thread 0x000001f9ffec9c50 2709       3       java.util.concurrent.locks.ReentrantLock$NonfairSync::<init> (5 bytes)
Event: 6.450 Thread 0x000001f9ffec9c50 nmethod 2709 0x000001f988005090 code [0x000001f988005240, 0x000001f9880054b8]

GC Heap History (18 events):
Event: 1.148 GC heap before
{Heap before GC invocations=0 (full 0):
 garbage-first heap   total 61440K, used 23552K [0x0000000080000000, 0x0000000100000000)
  region size 1024K, 23 young (23552K), 0 survivors (0K)
 Metaspace       used 869K, committed 960K, reserved 1114112K
  class space    used 63K, committed 128K, reserved 1048576K
}
Event: 1.153 GC heap after
{Heap after GC invocations=1 (full 0):
 garbage-first heap   total 61440K, used 1536K [0x0000000080000000, 0x0000000100000000)
  region size 1024K, 2 young (2048K), 2 survivors (2048K)
 Metaspace       used 869K, committed 960K, reserved 1114112K
  class space    used 63K, committed 128K, reserved 1048576K
}
Event: 2.161 GC heap before
{Heap before GC invocations=1 (full 0):
 garbage-first heap   total 61440K, used 36352K [0x0000000080000000, 0x0000000100000000)
  region size 1024K, 32 young (32768K), 2 survivors (2048K)
 Metaspace       used 4548K, committed 4672K, reserved 1114112K
  class space    used 573K, committed 640K, reserved 1048576K
}
Event: 2.168 GC heap after
{Heap after GC invocations=2 (full 0):
 garbage-first heap   total 61440K, used 11292K [0x0000000080000000, 0x0000000100000000)
  region size 1024K, 4 young (4096K), 4 survivors (4096K)
 Metaspace       used 4548K, committed 4672K, reserved 1114112K
  class space    used 573K, committed 640K, reserved 1048576K
}
Event: 2.389 GC heap before
{Heap before GC invocations=2 (full 0):
 garbage-first heap   total 61440K, used 37916K [0x0000000080000000, 0x0000000100000000)
  region size 1024K, 30 young (30720K), 4 survivors (4096K)
 Metaspace       used 4588K, committed 4736K, reserved 1114112K
  class space    used 573K, committed 640K, reserved 1048576K
}
Event: 2.394 GC heap after
{Heap after GC invocations=3 (full 0):
 garbage-first heap   total 61440K, used 12155K [0x0000000080000000, 0x0000000100000000)
  region size 1024K, 1 young (1024K), 1 survivors (1024K)
 Metaspace       used 4588K, committed 4736K, reserved 1114112K
  class space    used 573K, committed 640K, reserved 1048576K
}
Event: 2.851 GC heap before
{Heap before GC invocations=3 (full 0):
 garbage-first heap   total 61440K, used 40827K [0x0000000080000000, 0x0000000100000000)
  region size 1024K, 27 young (27648K), 1 survivors (1024K)
 Metaspace       used 4756K, committed 4928K, reserved 1114112K
  class space    used 589K, committed 704K, reserved 1048576K
}
Event: 2.857 GC heap after
{Heap after GC invocations=4 (full 0):
 garbage-first heap   total 61440K, used 16809K [0x0000000080000000, 0x0000000100000000)
  region size 1024K, 4 young (4096K), 4 survivors (4096K)
 Metaspace       used 4756K, committed 4928K, reserved 1114112K
  class space    used 589K, committed 704K, reserved 1048576K
}
Event: 4.116 GC heap before
{Heap before GC invocations=4 (full 0):
 garbage-first heap   total 61440K, used 41385K [0x0000000080000000, 0x0000000100000000)
  region size 1024K, 29 young (29696K), 4 survivors (4096K)
 Metaspace       used 10137K, committed 10432K, reserved 1114112K
  class space    used 1331K, committed 1472K, reserved 1048576K
}
Event: 4.124 GC heap after
{Heap after GC invocations=5 (full 0):
 garbage-first heap   total 61440K, used 20318K [0x0000000080000000, 0x0000000100000000)
  region size 1024K, 4 young (4096K), 4 survivors (4096K)
 Metaspace       used 10137K, committed 10432K, reserved 1114112K
  class space    used 1331K, committed 1472K, reserved 1048576K
}
Event: 4.656 GC heap before
{Heap before GC invocations=5 (full 0):
 garbage-first heap   total 61440K, used 42846K [0x0000000080000000, 0x0000000100000000)
  region size 1024K, 27 young (27648K), 4 survivors (4096K)
 Metaspace       used 13897K, committed 14144K, reserved 1114112K
  class space    used 1903K, committed 2048K, reserved 1048576K
}
Event: 4.660 GC heap after
{Heap after GC invocations=6 (full 0):
 garbage-first heap   total 61440K, used 21751K [0x0000000080000000, 0x0000000100000000)
  region size 1024K, 2 young (2048K), 2 survivors (2048K)
 Metaspace       used 13897K, committed 14144K, reserved 1114112K
  class space    used 1903K, committed 2048K, reserved 1048576K
}
Event: 5.625 GC heap before
{Heap before GC invocations=6 (full 0):
 garbage-first heap   total 61440K, used 46327K [0x0000000080000000, 0x0000000100000000)
  region size 1024K, 25 young (25600K), 2 survivors (2048K)
 Metaspace       used 17850K, committed 18112K, reserved 1114112K
  class space    used 2381K, committed 2496K, reserved 1048576K
}
Event: 5.628 GC heap after
{Heap after GC invocations=7 (full 0):
 garbage-first heap   total 61440K, used 22361K [0x0000000080000000, 0x0000000100000000)
  region size 1024K, 3 young (3072K), 3 survivors (3072K)
 Metaspace       used 17850K, committed 18112K, reserved 1114112K
  class space    used 2381K, committed 2496K, reserved 1048576K
}
Event: 6.063 GC heap before
{Heap before GC invocations=7 (full 0):
 garbage-first heap   total 61440K, used 46937K [0x0000000080000000, 0x0000000100000000)
  region size 1024K, 27 young (27648K), 3 survivors (3072K)
 Metaspace       used 20722K, committed 20992K, reserved 1114112K
  class space    used 2867K, committed 3008K, reserved 1048576K
}
Event: 6.067 GC heap after
{Heap after GC invocations=8 (full 0):
 garbage-first heap   total 61440K, used 23831K [0x0000000080000000, 0x0000000100000000)
  region size 1024K, 4 young (4096K), 4 survivors (4096K)
 Metaspace       used 20722K, committed 20992K, reserved 1114112K
  class space    used 2867K, committed 3008K, reserved 1048576K
}
Event: 6.135 GC heap before
{Heap before GC invocations=8 (full 0):
 garbage-first heap   total 61440K, used 26903K [0x0000000080000000, 0x0000000100000000)
  region size 1024K, 8 young (8192K), 4 survivors (4096K)
 Metaspace       used 21171K, committed 21504K, reserved 1114112K
  class space    used 2939K, committed 3136K, reserved 1048576K
}
Event: 6.139 GC heap after
{Heap after GC invocations=9 (full 0):
 garbage-first heap   total 61440K, used 24153K [0x0000000080000000, 0x0000000100000000)
  region size 1024K, 2 young (2048K), 2 survivors (2048K)
 Metaspace       used 21171K, committed 21504K, reserved 1114112K
  class space    used 2939K, committed 3136K, reserved 1048576K
}

Dll operation events (15 events):
Event: 0.196 Loaded shared library C:\Users\welcome\.gradle\jdks\eclipse_adoptium-17-amd64-windows.2\bin\java.dll
Event: 0.299 Loaded shared library C:\Users\welcome\.gradle\jdks\eclipse_adoptium-17-amd64-windows.2\bin\jsvml.dll
Event: 0.569 Loaded shared library C:\Users\welcome\.gradle\jdks\eclipse_adoptium-17-amd64-windows.2\bin\zip.dll
Event: 0.579 Loaded shared library C:\Users\welcome\.gradle\jdks\eclipse_adoptium-17-amd64-windows.2\bin\instrument.dll
Event: 0.706 Loaded shared library C:\Users\welcome\.gradle\jdks\eclipse_adoptium-17-amd64-windows.2\bin\net.dll
Event: 0.779 Loaded shared library C:\Users\welcome\.gradle\jdks\eclipse_adoptium-17-amd64-windows.2\bin\nio.dll
Event: 0.782 Loaded shared library C:\Users\welcome\.gradle\jdks\eclipse_adoptium-17-amd64-windows.2\bin\zip.dll
Event: 1.134 Loaded shared library C:\Users\welcome\.gradle\jdks\eclipse_adoptium-17-amd64-windows.2\bin\jimage.dll
Event: 1.585 Loaded shared library C:\Users\welcome\.gradle\jdks\eclipse_adoptium-17-amd64-windows.2\bin\verify.dll
Event: 1.683 Loaded shared library C:\Users\welcome\.gradle\native\660c5614fbf4a5f2a75b1949f50a0caf5cd603558e7d8a26e50b933a0cfb79d1\windows-amd64\native-platform.dll
Event: 1.721 Loaded shared library C:\Users\welcome\.gradle\native\0.2.8\x86_64-windows-gnu\gradle-fileevents.dll
Event: 3.186 Loaded shared library C:\Users\welcome\.gradle\jdks\eclipse_adoptium-17-amd64-windows.2\bin\management.dll
Event: 3.234 Loaded shared library C:\Users\welcome\.gradle\jdks\eclipse_adoptium-17-amd64-windows.2\bin\management_ext.dll
Event: 3.485 Loaded shared library C:\Users\welcome\.gradle\jdks\eclipse_adoptium-17-amd64-windows.2\bin\extnet.dll
Event: 4.066 Loaded shared library C:\Users\welcome\.gradle\jdks\eclipse_adoptium-17-amd64-windows.2\bin\sunmscapi.dll

Deoptimization events (20 events):
Event: 5.345 Thread 0x000001f99ac3d1b0 Uncommon trap: trap_request=0xffffff45 fr.pc=0x000001f98f61325c relative=0x000000000000061c
Event: 5.345 Thread 0x000001f99ac3d1b0 Uncommon trap: reason=unstable_if action=reinterpret pc=0x000001f98f61325c method=java.io.File.getName()Ljava/lang/String; @ 16 c2
Event: 5.345 Thread 0x000001f99ac3d1b0 DEOPT PACKING pc=0x000001f98f61325c sp=0x0000001df0bfb020
Event: 5.345 Thread 0x000001f99ac3d1b0 DEOPT UNPACKING pc=0x000001f98f03a1a3 sp=0x0000001df0bfaff0 mode 2
Event: 5.441 Thread 0x000001f99ac3d1b0 Uncommon trap: trap_request=0xffffff45 fr.pc=0x000001f98f5b4078 relative=0x00000000000000d8
Event: 5.441 Thread 0x000001f99ac3d1b0 Uncommon trap: reason=unstable_if action=reinterpret pc=0x000001f98f5b4078 method=java.util.HashMap.hash(Ljava/lang/Object;)I @ 1 c2
Event: 5.441 Thread 0x000001f99ac3d1b0 DEOPT PACKING pc=0x000001f98f5b4078 sp=0x0000001df0bfbe00
Event: 5.441 Thread 0x000001f99ac3d1b0 DEOPT UNPACKING pc=0x000001f98f03a1a3 sp=0x0000001df0bfbd40 mode 2
Event: 6.228 Thread 0x000001f99ac3d1b0 Uncommon trap: trap_request=0xffffff45 fr.pc=0x000001f98f6985c0 relative=0x0000000000000280
Event: 6.228 Thread 0x000001f99ac3d1b0 Uncommon trap: reason=unstable_if action=reinterpret pc=0x000001f98f6985c0 method=java.util.HashMap.getNode(Ljava/lang/Object;)Ljava/util/HashMap$Node; @ 131 c2
Event: 6.228 Thread 0x000001f99ac3d1b0 DEOPT PACKING pc=0x000001f98f6985c0 sp=0x0000001df0bfa8d0
Event: 6.228 Thread 0x000001f99ac3d1b0 DEOPT UNPACKING pc=0x000001f98f03a1a3 sp=0x0000001df0bfa7f0 mode 2
Event: 6.376 Thread 0x000001f99ac3d1b0 Uncommon trap: trap_request=0xffffffcc fr.pc=0x000001f98f6d9990 relative=0x00000000000013f0
Event: 6.376 Thread 0x000001f99ac3d1b0 Uncommon trap: reason=intrinsic_or_type_checked_inlining action=make_not_entrant pc=0x000001f98f6d9990 method=java.util.ArrayList.toArray([Ljava/lang/Object;)[Ljava/lang/Object; @ 36 c2
Event: 6.376 Thread 0x000001f99ac3d1b0 DEOPT PACKING pc=0x000001f98f6d9990 sp=0x0000001df0bf4680
Event: 6.376 Thread 0x000001f99ac3d1b0 DEOPT UNPACKING pc=0x000001f98f03a1a3 sp=0x0000001df0bf45d0 mode 2
Event: 6.408 Thread 0x000001f99ac3d1b0 Uncommon trap: trap_request=0xffffffde fr.pc=0x000001f98f58f9c4 relative=0x00000000000001a4
Event: 6.408 Thread 0x000001f99ac3d1b0 Uncommon trap: reason=class_check action=maybe_recompile pc=0x000001f98f58f9c4 method=java.lang.String.equals(Ljava/lang/Object;)Z @ 8 c2
Event: 6.408 Thread 0x000001f99ac3d1b0 DEOPT PACKING pc=0x000001f98f58f9c4 sp=0x0000001df0bf8f20
Event: 6.408 Thread 0x000001f99ac3d1b0 DEOPT UNPACKING pc=0x000001f98f03a1a3 sp=0x0000001df0bf8ec8 mode 2

Classes loaded (20 events):
Event: 6.122 Loading class javax/xml/parsers/ParserConfigurationException
Event: 6.123 Loading class javax/xml/parsers/ParserConfigurationException done
Event: 6.123 Loading class org/xml/sax/SAXException
Event: 6.123 Loading class org/xml/sax/SAXException done
Event: 6.123 Loading class javax/xml/xpath/XPathExpressionException
Event: 6.124 Loading class javax/xml/xpath/XPathException
Event: 6.125 Loading class javax/xml/xpath/XPathException done
Event: 6.125 Loading class javax/xml/xpath/XPathExpressionException done
Event: 6.125 Loading class org/xml/sax/ErrorHandler
Event: 6.125 Loading class org/xml/sax/ErrorHandler done
Event: 6.130 Loading class java/nio/file/AtomicMoveNotSupportedException
Event: 6.130 Loading class java/nio/file/AtomicMoveNotSupportedException done
Event: 6.350 Loading class java/util/zip/GZIPOutputStream
Event: 6.350 Loading class java/util/zip/DeflaterOutputStream
Event: 6.351 Loading class java/util/zip/DeflaterOutputStream done
Event: 6.351 Loading class java/util/zip/GZIPOutputStream done
Event: 6.351 Loading class java/util/zip/GZIPInputStream
Event: 6.351 Loading class java/util/zip/GZIPInputStream done
Event: 6.361 Loading class java/io/UnsupportedEncodingException
Event: 6.364 Loading class java/io/UnsupportedEncodingException done

Classes unloaded (0 events):
No events

Classes redefined (0 events):
No events

Internal exceptions (20 events):
Event: 4.556 Thread 0x000001f99ac3d1b0 Exception <a 'java/lang/NoSuchMethodError'{0x000000008291df30}: 'java.lang.Object java.lang.invoke.DirectMethodHandle$Holder.invokeSpecial(java.lang.Object, java.lang.Object, java.lang.Object, java.lang.Object, java.lang.Object, java.lang.Object, java.lang.Object, java.lang.Object, java.lang.Object, java.lang.Object)'> (0x000000008291df30) 
thrown [s\src\hotspot\share\interpreter\linkResolver.cpp, line 759]
Event: 4.556 Thread 0x000001f99ac3d1b0 Exception <a 'java/lang/NoSuchMethodError'{0x0000000082922800}: 'java.lang.Object java.lang.invoke.Invokers$Holder.invoker(java.lang.Object, java.lang.Object, java.lang.Object, java.lang.Object, java.lang.Object, java.lang.Object, java.lang.Object, java.lang.Object, java.lang.Object, java.lang.Object)'> (0x0000000082922800) 
thrown [s\src\hotspot\share\interpreter\linkResolver.cpp, line 759]
Event: 4.556 Thread 0x000001f99ac3d1b0 Exception <a 'java/lang/NoSuchMethodError'{0x0000000082928648}: 'java.lang.Object java.lang.invoke.DirectMethodHandle$Holder.invokeSpecial(java.lang.Object, java.lang.Object, java.lang.Object, java.lang.Object, java.lang.Object, java.lang.Object, java.lang.Object, java.lang.Object, java.lang.Object, java.lang.Object, java.lang.Object)'> (0x0000000082928648) 
thrown [s\src\hotspot\share\interpreter\linkResolver.cpp, line 759]
Event: 4.736 Thread 0x000001f99ac3d1b0 Exception <a 'java/lang/NoSuchMethodError'{0x00000000838ce9b0}: 'java.lang.Object java.lang.invoke.DirectMethodHandle$Holder.newInvokeSpecial(java.lang.Object, java.lang.Object, int)'> (0x00000000838ce9b0) 
thrown [s\src\hotspot\share\interpreter\linkResolver.cpp, line 759]
Event: 4.797 Thread 0x000001f99ac3d1b0 Exception <a 'java/lang/NoSuchMethodError'{0x00000000836f3a08}: 'int java.lang.invoke.DirectMethodHandle$Holder.invokeStatic(java.lang.Object, java.lang.Object, int)'> (0x00000000836f3a08) 
thrown [s\src\hotspot\share\interpreter\linkResolver.cpp, line 759]
Event: 5.357 Thread 0x000001f99ac3d1b0 Exception <a 'java/lang/NoSuchMethodError'{0x000000008333c318}: 'void java.lang.invoke.DirectMethodHandle$Holder.invokeStatic(java.lang.Object, java.lang.Object, java.lang.Object, java.lang.Object)'> (0x000000008333c318) 
thrown [s\src\hotspot\share\interpreter\linkResolver.cpp, line 759]
Event: 5.358 Thread 0x000001f99ac3d1b0 Exception <a 'java/lang/NoSuchMethodError'{0x00000000833407b8}: 'void java.lang.invoke.DirectMethodHandle$Holder.invokeStaticInit(java.lang.Object, java.lang.Object, java.lang.Object, java.lang.Object)'> (0x00000000833407b8) 
thrown [s\src\hotspot\share\interpreter\linkResolver.cpp, line 759]
Event: 5.396 Thread 0x000001f99ac3d1b0 Exception <a 'java/lang/NoSuchMethodError'{0x00000000833a5af8}: 'java.lang.Object java.lang.invoke.DirectMethodHandle$Holder.invokeInterface(java.lang.Object, java.lang.Object, java.lang.Object)'> (0x00000000833a5af8) 
thrown [s\src\hotspot\share\interpreter\linkResolver.cpp, line 759]
Event: 5.418 Thread 0x000001f99ac3d1b0 Exception <a 'java/lang/NoSuchMethodError'{0x0000000083294918}: 'int java.lang.invoke.DirectMethodHandle$Holder.invokeSpecialIFC(java.lang.Object, java.lang.Object, java.lang.Object, java.lang.Object)'> (0x0000000083294918) 
thrown [s\src\hotspot\share\interpreter\linkResolver.cpp, line 759]
Event: 5.419 Thread 0x000001f99ac3d1b0 Exception <a 'java/lang/IncompatibleClassChangeError'{0x00000000832a3700}: Found class java.lang.Object, but interface was expected> (0x00000000832a3700) 
thrown [s\src\hotspot\share\interpreter\linkResolver.cpp, line 826]
Event: 5.441 Thread 0x000001f99ac3d1b0 Implicit null exception at 0x000001f98f5b3fd8 to 0x000001f98f5b406e
Event: 5.507 Thread 0x000001f99ac3d1b0 Exception <a 'java/lang/IncompatibleClassChangeError'{0x0000000082ddace8}: Found class java.lang.Object, but interface was expected> (0x0000000082ddace8) 
thrown [s\src\hotspot\share\interpreter\linkResolver.cpp, line 826]
Event: 5.767 Thread 0x000001f99ac3d1b0 Exception <a 'java/lang/NoSuchMethodError'{0x00000000833814e8}: 'int java.lang.invoke.DirectMethodHandle$Holder.invokeStaticInit(java.lang.Object, java.lang.Object, java.lang.Object)'> (0x00000000833814e8) 
thrown [s\src\hotspot\share\interpreter\linkResolver.cpp, line 759]
Event: 5.921 Thread 0x000001f99ac3d1b0 Exception <a 'java/lang/NoSuchMethodError'{0x0000000082c60158}: 'int java.lang.invoke.DirectMethodHandle$Holder.invokeStatic(java.lang.Object, java.lang.Object, java.lang.Object, java.lang.Object)'> (0x0000000082c60158) 
thrown [s\src\hotspot\share\interpreter\linkResolver.cpp, line 759]
Event: 5.922 Thread 0x000001f99ac3d1b0 Exception <a 'java/lang/NoSuchMethodError'{0x0000000082c64028}: 'java.lang.Object java.lang.invoke.Invokers$Holder.invokeExact_MT(java.lang.Object, java.lang.Object, java.lang.Object, java.lang.Object, java.lang.Object, java.lang.Object)'> (0x0000000082c64028) 
thrown [s\src\hotspot\share\interpreter\linkResolver.cpp, line 759]
Event: 6.078 Thread 0x000001f99ac3d1b0 Exception <a 'java/lang/NoSuchMethodError'{0x0000000083bdcfd8}: 'void java.lang.invoke.DirectMethodHandle$Holder.invokeSpecial(java.lang.Object, java.lang.Object, java.lang.Object, java.lang.Object, java.lang.Object)'> (0x0000000083bdcfd8) 
thrown [s\src\hotspot\share\interpreter\linkResolver.cpp, line 759]
Event: 6.079 Thread 0x000001f99ac3d1b0 Exception <a 'java/lang/NoSuchMethodError'{0x0000000083be4938}: 'java.lang.Object java.lang.invoke.Invokers$Holder.invoker(java.lang.Object, java.lang.Object, java.lang.Object, java.lang.Object)'> (0x0000000083be4938) 
thrown [s\src\hotspot\share\interpreter\linkResolver.cpp, line 759]
Event: 6.161 Thread 0x000001f99ac3d1b0 Exception <a 'java/lang/NoSuchMethodError'{0x0000000083a0db70}: 'java.lang.Object java.lang.invoke.DirectMethodHandle$Holder.invokeVirtual(java.lang.Object, java.lang.Object, java.lang.Object, java.lang.Object)'> (0x0000000083a0db70) 
thrown [s\src\hotspot\share\interpreter\linkResolver.cpp, line 759]
Event: 6.239 Thread 0x000001f99ac3d1b0 Exception <a 'java/lang/NoSuchMethodError'{0x00000000834b9df8}: 'java.lang.Object java.lang.invoke.DirectMethodHandle$Holder.newInvokeSpecial(java.lang.Object, java.lang.Object, java.lang.Object, java.lang.Object, java.lang.Object, java.lang.Object, java.lang.Object)'> (0x00000000834b9df8) 
thrown [s\src\hotspot\share\interpreter\linkResolver.cpp, line 759]
Event: 6.240 Thread 0x000001f99ac3d1b0 Exception <a 'java/lang/NoSuchMethodError'{0x00000000834beac8}: 'java.lang.Object java.lang.invoke.Invokers$Holder.linkToTargetMethod(java.lang.Object, java.lang.Object, java.lang.Object, java.lang.Object, java.lang.Object, java.lang.Object, java.lang.Object)'> (0x00000000834beac8) 
thrown [s\src\hotspot\share\interpreter\linkResolver.cpp, line 759]

VM Operations (20 events):
Event: 3.950 Executing VM operation: Cleanup
Event: 3.951 Executing VM operation: Cleanup done
Event: 4.116 Executing VM operation: G1CollectForAllocation
Event: 4.124 Executing VM operation: G1CollectForAllocation done
Event: 4.656 Executing VM operation: G1CollectForAllocation
Event: 4.660 Executing VM operation: G1CollectForAllocation done
Event: 5.492 Executing VM operation: HandshakeAllThreads
Event: 5.492 Executing VM operation: HandshakeAllThreads done
Event: 5.492 Executing VM operation: HandshakeAllThreads
Event: 5.492 Executing VM operation: HandshakeAllThreads done
Event: 5.625 Executing VM operation: G1CollectForAllocation
Event: 5.628 Executing VM operation: G1CollectForAllocation done
Event: 6.063 Executing VM operation: G1CollectForAllocation
Event: 6.067 Executing VM operation: G1CollectForAllocation done
Event: 6.135 Executing VM operation: CollectForMetadataAllocation
Event: 6.139 Executing VM operation: CollectForMetadataAllocation done
Event: 6.150 Executing VM operation: G1PauseRemark
Event: 6.152 Executing VM operation: G1PauseRemark done
Event: 6.156 Executing VM operation: G1PauseCleanup
Event: 6.156 Executing VM operation: G1PauseCleanup done

Memory protections (0 events):
No events

Nmethod flushes (0 events):
No events

Events (20 events):
Event: 0.330 Thread 0x000001f9fc4df560 Thread added: 0x000001f9ffec7990
Event: 0.331 Thread 0x000001f9fc4df560 Thread added: 0x000001f9ffec8590
Event: 0.331 Thread 0x000001f9fc4df560 Thread added: 0x000001f9ffec9c50
Event: 0.331 Thread 0x000001f9fc4df560 Thread added: 0x000001f9ffecd4c0
Event: 0.368 Thread 0x000001f9fc4df560 Thread added: 0x000001f99ac3ff40
Event: 0.794 Thread 0x000001f9fc4df560 Thread added: 0x000001f99ac3f520
Event: 3.275 Thread 0x000001f9fc4df560 Thread added: 0x000001f99ac3fa30
Event: 3.689 Thread 0x000001f9fc4df560 Thread added: 0x000001f99ac3e5f0
Event: 3.805 Thread 0x000001f9fc4df560 Thread added: 0x000001f99ac40450
Event: 4.110 Thread 0x000001f99ac3e5f0 Thread added: 0x000001f99ac3cca0
Event: 4.116 Thread 0x000001f99ac3cca0 Thread added: 0x000001f99ac3eb00
Event: 4.183 Thread 0x000001f99ac3cca0 Thread added: 0x000001f99ac3e0e0
Event: 4.262 Thread 0x000001f99ac3cca0 Thread added: 0x000001f99ac3d1b0
Event: 4.283 Thread 0x000001f99ac3d1b0 Thread added: 0x000001f99ac3d6c0
Event: 4.290 Thread 0x000001f99ac3d1b0 Thread added: 0x000001f99ac3dbd0
Event: 4.304 Thread 0x000001f99ac3d1b0 Thread added: 0x000001f9e1dc23d0
Event: 4.735 Thread 0x000001f99ac3d1b0 Thread added: 0x000001f9e1dc6090
Event: 4.762 Thread 0x000001f99ac3d1b0 Thread added: 0x000001f9e1dc8e20
Event: 4.819 Thread 0x000001f99ac3d1b0 Thread added: 0x000001f9e1dc1ec0
Event: 6.448 Thread 0x000001f99ac3d1b0 Thread added: 0x000001f9e1dc4740


Dynamic libraries:
0x00007ff7e6a80000 - 0x00007ff7e6a8e000 	C:\Users\welcome\.gradle\jdks\eclipse_adoptium-17-amd64-windows.2\bin\java.exe
0x00007ffa601b0000 - 0x00007ffa603a8000 	C:\Windows\SYSTEM32\ntdll.dll
0x00007ffa5f520000 - 0x00007ffa5f5e2000 	C:\Windows\System32\KERNEL32.DLL
0x00007ffa5d950000 - 0x00007ffa5dc47000 	C:\Windows\System32\KERNELBASE.dll
0x00007ffa5dfb0000 - 0x00007ffa5e0b0000 	C:\Windows\System32\ucrtbase.dll
0x00007ffa46d50000 - 0x00007ffa46d6e000 	C:\Users\welcome\.gradle\jdks\eclipse_adoptium-17-amd64-windows.2\bin\VCRUNTIME140.dll
0x00007ffa46c60000 - 0x00007ffa46c78000 	C:\Users\welcome\.gradle\jdks\eclipse_adoptium-17-amd64-windows.2\bin\jli.dll
0x00007ffa5f200000 - 0x00007ffa5f39d000 	C:\Windows\System32\USER32.dll
0x00007ffa5e0b0000 - 0x00007ffa5e0d2000 	C:\Windows\System32\win32u.dll
0x00007ffa47ea0000 - 0x00007ffa4813b000 	C:\Windows\WinSxS\amd64_microsoft.windows.common-controls_6595b64144ccf1df_6.0.19041.6926_none_60b5a53971f8f7e6\COMCTL32.dll
0x00007ffa5f1d0000 - 0x00007ffa5f1fb000 	C:\Windows\System32\GDI32.dll
0x00007ffa5f7a0000 - 0x00007ffa5f83e000 	C:\Windows\System32\msvcrt.dll
0x00007ffa5d830000 - 0x00007ffa5d949000 	C:\Windows\System32\gdi32full.dll
0x00007ffa5dcd0000 - 0x00007ffa5dd6d000 	C:\Windows\System32\msvcp_win.dll
0x00007ffa5f1a0000 - 0x00007ffa5f1cf000 	C:\Windows\System32\IMM32.DLL
0x00007ffa56e10000 - 0x00007ffa56e1c000 	C:\Users\welcome\.gradle\jdks\eclipse_adoptium-17-amd64-windows.2\bin\vcruntime140_1.dll
0x00007ffa28d60000 - 0x00007ffa28ded000 	C:\Users\welcome\.gradle\jdks\eclipse_adoptium-17-amd64-windows.2\bin\msvcp140.dll
0x00007ff9b20a0000 - 0x00007ff9b2d0b000 	C:\Users\welcome\.gradle\jdks\eclipse_adoptium-17-amd64-windows.2\bin\server\jvm.dll
0x00007ffa600b0000 - 0x00007ffa60161000 	C:\Windows\System32\ADVAPI32.dll
0x00007ffa5fb00000 - 0x00007ffa5fb9f000 	C:\Windows\System32\sechost.dll
0x00007ffa5e880000 - 0x00007ffa5e9a6000 	C:\Windows\System32\RPCRT4.dll
0x00007ffa5dd70000 - 0x00007ffa5dd97000 	C:\Windows\System32\bcrypt.dll
0x00007ffa5f130000 - 0x00007ffa5f19b000 	C:\Windows\System32\WS2_32.dll
0x00007ffa40930000 - 0x00007ffa40957000 	C:\Windows\SYSTEM32\WINMM.dll
0x00007ffa546b0000 - 0x00007ffa546ba000 	C:\Windows\SYSTEM32\VERSION.dll
0x00007ffa5cd70000 - 0x00007ffa5cdbb000 	C:\Windows\SYSTEM32\POWRPROF.dll
0x00007ffa5cc30000 - 0x00007ffa5cc42000 	C:\Windows\SYSTEM32\UMPDC.dll
0x00007ffa5c050000 - 0x00007ffa5c062000 	C:\Windows\SYSTEM32\kernel.appcore.dll
0x00007ffa4cf90000 - 0x00007ffa4cf9a000 	C:\Users\welcome\.gradle\jdks\eclipse_adoptium-17-amd64-windows.2\bin\jimage.dll
0x00007ffa5bd50000 - 0x00007ffa5bf51000 	C:\Windows\SYSTEM32\DBGHELP.DLL
0x00007ffa3f820000 - 0x00007ffa3f854000 	C:\Windows\SYSTEM32\dbgcore.DLL
0x00007ffa5e0e0000 - 0x00007ffa5e162000 	C:\Windows\System32\bcryptPrimitives.dll
0x00007ffa4cf50000 - 0x00007ffa4cf5e000 	C:\Users\welcome\.gradle\jdks\eclipse_adoptium-17-amd64-windows.2\bin\instrument.dll
0x00007ffa46c30000 - 0x00007ffa46c55000 	C:\Users\welcome\.gradle\jdks\eclipse_adoptium-17-amd64-windows.2\bin\java.dll
0x00007ffa1b580000 - 0x00007ffa1b657000 	C:\Users\welcome\.gradle\jdks\eclipse_adoptium-17-amd64-windows.2\bin\jsvml.dll
0x00007ffa5e9b0000 - 0x00007ffa5f122000 	C:\Windows\System32\SHELL32.dll
0x00007ffa5b5a0000 - 0x00007ffa5bd46000 	C:\Windows\SYSTEM32\windows.storage.dll
0x00007ffa5fba0000 - 0x00007ffa5fef3000 	C:\Windows\System32\combase.dll
0x00007ffa5d260000 - 0x00007ffa5d28b000 	C:\Windows\SYSTEM32\Wldp.dll
0x00007ffa5fa30000 - 0x00007ffa5fafd000 	C:\Windows\System32\OLEAUT32.dll
0x00007ffa5e280000 - 0x00007ffa5e32d000 	C:\Windows\System32\SHCORE.dll
0x00007ffa5e220000 - 0x00007ffa5e27b000 	C:\Windows\System32\shlwapi.dll
0x00007ffa5d760000 - 0x00007ffa5d784000 	C:\Windows\SYSTEM32\profapi.dll
0x00007ffa46c10000 - 0x00007ffa46c28000 	C:\Users\welcome\.gradle\jdks\eclipse_adoptium-17-amd64-windows.2\bin\zip.dll
0x00007ffa42270000 - 0x00007ffa4228a000 	C:\Users\welcome\.gradle\jdks\eclipse_adoptium-17-amd64-windows.2\bin\net.dll
0x00007ffa574f0000 - 0x00007ffa575fa000 	C:\Windows\SYSTEM32\WINHTTP.dll
0x00007ffa5cfc0000 - 0x00007ffa5d02a000 	C:\Windows\system32\mswsock.dll
0x00007ffa408c0000 - 0x00007ffa408d6000 	C:\Users\welcome\.gradle\jdks\eclipse_adoptium-17-amd64-windows.2\bin\nio.dll
0x00007ffa494e0000 - 0x00007ffa494f0000 	C:\Users\welcome\.gradle\jdks\eclipse_adoptium-17-amd64-windows.2\bin\verify.dll
0x00007ff9f7110000 - 0x00007ff9f7137000 	C:\Users\welcome\.gradle\native\660c5614fbf4a5f2a75b1949f50a0caf5cd603558e7d8a26e50b933a0cfb79d1\windows-amd64\native-platform.dll
0x00007ff9f1c70000 - 0x00007ff9f1ce7000 	C:\Users\welcome\.gradle\native\0.2.8\x86_64-windows-gnu\gradle-fileevents.dll
0x00007ffa47250000 - 0x00007ffa4725a000 	C:\Users\welcome\.gradle\jdks\eclipse_adoptium-17-amd64-windows.2\bin\management.dll
0x00007ffa3f190000 - 0x00007ffa3f19c000 	C:\Users\welcome\.gradle\jdks\eclipse_adoptium-17-amd64-windows.2\bin\management_ext.dll
0x00007ffa5f3a0000 - 0x00007ffa5f3a8000 	C:\Windows\System32\PSAPI.DLL
0x00007ffa5cc50000 - 0x00007ffa5cc8b000 	C:\Windows\SYSTEM32\IPHLPAPI.DLL
0x00007ffa5f9c0000 - 0x00007ffa5f9c8000 	C:\Windows\System32\NSI.dll
0x00007ffa53b80000 - 0x00007ffa53b97000 	C:\Windows\SYSTEM32\dhcpcsvc6.DLL
0x00007ffa55520000 - 0x00007ffa5553d000 	C:\Windows\SYSTEM32\dhcpcsvc.DLL
0x00007ffa5cca0000 - 0x00007ffa5cd6a000 	C:\Windows\SYSTEM32\DNSAPI.dll
0x00007ffa2bcd0000 - 0x00007ffa2bcd9000 	C:\Users\welcome\.gradle\jdks\eclipse_adoptium-17-amd64-windows.2\bin\extnet.dll
0x00007ffa5d1b0000 - 0x00007ffa5d1c8000 	C:\Windows\SYSTEM32\CRYPTSP.dll
0x00007ffa5c870000 - 0x00007ffa5c8a8000 	C:\Windows\system32\rsaenh.dll
0x00007ffa5d720000 - 0x00007ffa5d74e000 	C:\Windows\SYSTEM32\USERENV.dll
0x00007ffa5d1d0000 - 0x00007ffa5d1dc000 	C:\Windows\SYSTEM32\CRYPTBASE.dll
0x00007ffa2bc80000 - 0x00007ffa2bc8e000 	C:\Users\welcome\.gradle\jdks\eclipse_adoptium-17-amd64-windows.2\bin\sunmscapi.dll
0x00007ffa5dda0000 - 0x00007ffa5defd000 	C:\Windows\System32\CRYPT32.dll
0x00007ffa5d2d0000 - 0x00007ffa5d2f7000 	C:\Windows\SYSTEM32\ncrypt.dll
0x00007ffa5d290000 - 0x00007ffa5d2cb000 	C:\Windows\SYSTEM32\NTASN1.dll
0x00007ffa56be0000 - 0x00007ffa56be7000 	C:\Windows\system32\wshunix.dll

dbghelp: loaded successfully - version: 4.0.5 - missing functions: none
symbol engine: initialized successfully - sym options: 0x614 - pdb path: .;C:\Users\welcome\.gradle\jdks\eclipse_adoptium-17-amd64-windows.2\bin;C:\Windows\SYSTEM32;C:\Windows\WinSxS\amd64_microsoft.windows.common-controls_6595b64144ccf1df_6.0.19041.6926_none_60b5a53971f8f7e6;C:\Users\welcome\.gradle\jdks\eclipse_adoptium-17-amd64-windows.2\bin\server;C:\Users\welcome\.gradle\native\660c5614fbf4a5f2a75b1949f50a0caf5cd603558e7d8a26e50b933a0cfb79d1\windows-amd64;C:\Users\welcome\.gradle\native\0.2.8\x86_64-windows-gnu

VM Arguments:
jvm_args: --add-opens=java.base/java.lang=ALL-UNNAMED --add-opens=java.base/java.lang.invoke=ALL-UNNAMED --add-opens=java.base/java.util=ALL-UNNAMED --add-opens=java.prefs/java.util.prefs=ALL-UNNAMED --add-exports=jdk.compiler/com.sun.tools.javac.api=ALL-UNNAMED --add-exports=jdk.compiler/com.sun.tools.javac.util=ALL-UNNAMED --add-opens=java.base/java.util=ALL-UNNAMED --add-opens=java.prefs/java.util.prefs=ALL-UNNAMED --add-opens=java.base/java.nio.charset=ALL-UNNAMED --add-opens=java.base/java.net=ALL-UNNAMED --add-opens=java.base/java.util.concurrent=ALL-UNNAMED --add-opens=java.base/java.util.concurrent.atomic=ALL-UNNAMED --add-opens=java.xml/javax.xml.namespace=ALL-UNNAMED --add-opens=java.base/java.time=ALL-UNNAMED -Xmx2048m -Dfile.encoding=UTF-8 -Duser.country=IN -Duser.language=en -Duser.variant -javaagent:C:\Users\welcome\.gradle\wrapper\dists\gradle-9.2.1-bin\2t0n5ozlw9xmuyvbp7dnzaxug\gradle-9.2.1\lib\agents\gradle-instrumentation-agent-9.2.1.jar 
java_command: org.gradle.launcher.daemon.bootstrap.GradleDaemon 9.2.1
java_class_path (initial): C:\Users\welcome\.gradle\wrapper\dists\gradle-9.2.1-bin\2t0n5ozlw9xmuyvbp7dnzaxug\gradle-9.2.1\lib\gradle-daemon-main-9.2.1.jar
Launcher Type: SUN_STANDARD

[Global flags]
     intx CICompilerCount                          = 4                                         {product} {ergonomic}
     uint ConcGCThreads                            = 2                                         {product} {ergonomic}
     uint G1ConcRefinementThreads                  = 8                                         {product} {ergonomic}
   size_t G1HeapRegionSize                         = 1048576                                   {product} {ergonomic}
    uintx GCDrainStackTargetSize                   = 64                                        {product} {ergonomic}
   size_t InitialHeapSize                          = 62914560                                  {product} {ergonomic}
   size_t MarkStackSize                            = 4194304                                   {product} {ergonomic}
   size_t MaxHeapSize                              = 2147483648                                {product} {command line}
   size_t MaxNewSize                               = 1287651328                                {product} {ergonomic}
   size_t MinHeapDeltaBytes                        = 1048576                                   {product} {ergonomic}
   size_t MinHeapSize                              = 8388608                                   {product} {ergonomic}
    uintx NonNMethodCodeHeapSize                   = 5839372                                {pd product} {ergonomic}
    uintx NonProfiledCodeHeapSize                  = 122909434                              {pd product} {ergonomic}
    uintx ProfiledCodeHeapSize                     = 122909434                              {pd product} {ergonomic}
    uintx ReservedCodeCacheSize                    = 251658240                              {pd product} {ergonomic}
     bool SegmentedCodeCache                       = true                                      {product} {ergonomic}
   size_t SoftMaxHeapSize                          = 2147483648                             {manageable} {ergonomic}
     bool UseCompressedClassPointers               = true                           {product lp64_product} {ergonomic}
     bool UseCompressedOops                        = true                           {product lp64_product} {ergonomic}
     bool UseG1GC                                  = true                                      {product} {ergonomic}
     bool UseLargePagesIndividualAllocation        = false                                  {pd product} {ergonomic}

Logging:
Log output configuration:
 #0: stdout all=warning uptime,level,tags
 #1: stderr all=off uptime,level,tags

Environment Variables:
PATH=C:\Windows\system32;C:\Windows;C:\Windows\System32\Wbem;C:\Windows\System32\WindowsPowerShell\v1.0\;C:\Windows\System32\OpenSSH\;C:\Program Files\Git\cmd;C:\Program Files\nodejs\;C:\Users\welcome\AppData\Local\Microsoft\WindowsApps;C:\Users\welcome\AppData\Local\Programs\Antigravity\bin;C:\Users\welcome\AppData\Local\Programs\cursor\resources\app\bin;C:\Users\welcome\AppData\Local\Programs\Microsoft VS Code\bin;C:\Users\welcome\AppData\Roaming\npm
USERNAME=welcome
OS=Windows_NT
PROCESSOR_IDENTIFIER=Intel64 Family 6 Model 140 Stepping 2, GenuineIntel
TMP=C:\Users\welcome\AppData\Local\Temp
TEMP=C:\Users\welcome\AppData\Local\Temp



Periodic native trim disabled


---------------  S Y S T E M  ---------------

OS:
 Windows 10 , 64 bit Build 19041 (10.0.19041.6807)
OS uptime: 5 days 0:31 hours

CPU: total 8 (initial active 8) (4 cores per cpu, 2 threads per core) family 6 model 140 stepping 2 microcode 0x34, cx8, cmov, fxsr, ht, mmx, 3dnowpref, sse, sse2, sse3, ssse3, sse4.1, sse4.2, popcnt, lzcnt, tsc, tscinvbit, avx, avx2, aes, erms, clmul, bmi1, bmi2, adx, avx512f, avx512dq, avx512cd, avx512bw, avx512vl, sha, fma, vzeroupper, avx512_vpopcntdq, avx512_vpclmulqdq, avx512_vaes, avx512_vnni, clflush, clflushopt, clwb, avx512_vbmi2, avx512_vbmi
Processor Information for processor 0
  Max Mhz: 2496, Current Mhz: 2496, Mhz Limit: 2496
Processor Information for processor 1
  Max Mhz: 2496, Current Mhz: 998, Mhz Limit: 2496
Processor Information for processor 2
  Max Mhz: 2496, Current Mhz: 998, Mhz Limit: 2496
Processor Information for processor 3
  Max Mhz: 2496, Current Mhz: 2496, Mhz Limit: 2496
Processor Information for processor 4
  Max Mhz: 2496, Current Mhz: 2496, Mhz Limit: 2496
Processor Information for processor 5
  Max Mhz: 2496, Current Mhz: 2496, Mhz Limit: 2496
Processor Information for processor 6
  Max Mhz: 2496, Current Mhz: 2496, Mhz Limit: 2496
Processor Information for processor 7
  Max Mhz: 2496, Current Mhz: 2496, Mhz Limit: 2496

Memory: 4k page, system-wide physical 3738M (71M free)
TotalPageFile size 15002M (AvailPageFile size 4M)
current process WorkingSet (physical memory assigned to process): 162M, peak: 168M
current process commit charge ("private bytes"): 224M, peak: 225M

vm_info: OpenJDK 64-Bit Server VM (17.0.18+8) for windows-amd64 JRE (17.0.18+8), built on Jan 20 2026 22:28:22 by "admin" with MS VC++ 17.12 (VS2022)

END.
