#
# There is insufficient memory for the Java Runtime Environment to continue.
# Native memory allocation (mmap) failed to map 67108864 bytes. Error detail: G1 virtual space
# Possible reasons:
#   The system is out of physical RAM or swap space
#   This process is running with CompressedOops enabled, and the Java Heap may be blocking the growth of the native heap
# Possible solutions:
#   Reduce memory load on the system
#   Increase physical memory or swap space
#   Check if swap backing store is full
#   Decrease Java heap size (-Xmx/-Xms)
#   Decrease number of Java threads
#   Decrease Java thread stack sizes (-Xss)
#   Set larger code cache with -XX:ReservedCodeCacheSize=
#   JVM is running with Unscaled Compressed Oops mode in which the Java heap is
#     placed in the first 4GB address space. The Java Heap base address is the
#     maximum limit for the native heap growth. Please use -XX:HeapBaseMinAddress
#     to set the Java Heap base and to place the Java Heap above 4GB virtual address.
# This output file may be truncated or incomplete.
#
#  Out of Memory Error (os_windows.cpp:3618), pid=868, tid=14736
#
# JRE version: OpenJDK Runtime Environment Temurin-17.0.18+8 (17.0.18+8) (build 17.0.18+8)
# Java VM: OpenJDK 64-Bit Server VM Temurin-17.0.18+8 (17.0.18+8, mixed mode, sharing, tiered, compressed oops, compressed class ptrs, g1 gc, windows-amd64)
# No core dump will be written. Minidumps are not enabled by default on client versions of Windows
#

---------------  S U M M A R Y ------------

Command Line: --add-opens=java.base/java.lang=ALL-UNNAMED --add-opens=java.base/java.lang.invoke=ALL-UNNAMED --add-opens=java.base/java.util=ALL-UNNAMED --add-opens=java.prefs/java.util.prefs=ALL-UNNAMED --add-exports=jdk.compiler/com.sun.tools.javac.api=ALL-UNNAMED --add-exports=jdk.compiler/com.sun.tools.javac.util=ALL-UNNAMED --add-opens=java.base/java.util=ALL-UNNAMED --add-opens=java.prefs/java.util.prefs=ALL-UNNAMED --add-opens=java.base/java.nio.charset=ALL-UNNAMED --add-opens=java.base/java.net=ALL-UNNAMED --add-opens=java.base/java.util.concurrent=ALL-UNNAMED --add-opens=java.base/java.util.concurrent.atomic=ALL-UNNAMED --add-opens=java.xml/javax.xml.namespace=ALL-UNNAMED --add-opens=java.base/java.time=ALL-UNNAMED -Xmx2048m -Dfile.encoding=UTF-8 -Duser.country=IN -Duser.language=en -Duser.variant -javaagent:C:\Users\welcome\.gradle\wrapper\dists\gradle-9.3.1-bin\23ovyewtku6u96viwx3xl3oks\gradle-9.3.1\lib\agents\gradle-instrumentation-agent-9.3.1.jar org.gradle.launcher.daemon.bootstrap.GradleDaemon 9.3.1

Host: 11th Gen Intel(R) Core(TM) i5-1155G7 @ 2.50GHz, 8 cores, 3G,  Windows 10 , 64 bit Build 19041 (10.0.19041.6807)
Time: Thu Mar 26 09:56:04 2026 India Standard Time elapsed time: 34.891005 seconds (0d 0h 0m 34s)

---------------  T H R E A D  ---------------

Current thread (0x000002575e3915e0):  VMThread "VM Thread" [stack: 0x000000d8e3100000,0x000000d8e3200000] [id=14736]

Stack: [0x000000d8e3100000,0x000000d8e3200000]
Native frames: (J=compiled Java code, j=interpreted, Vv=VM code, C=native code)
V  [jvm.dll+0x6846f9]
V  [jvm.dll+0x839ea5]
V  [jvm.dll+0x83b91e]
V  [jvm.dll+0x83bfa3]
V  [jvm.dll+0x248eff]
V  [jvm.dll+0x6814b9]
V  [jvm.dll+0x6762ba]
V  [jvm.dll+0x309257]
V  [jvm.dll+0x310826]
V  [jvm.dll+0x360d9e]
V  [jvm.dll+0x360fdd]
V  [jvm.dll+0x2e02dc]
V  [jvm.dll+0x2de6b2]
V  [jvm.dll+0x2dde4c]
V  [jvm.dll+0x320aeb]
V  [jvm.dll+0x8407bd]
V  [jvm.dll+0x8414f3]
V  [jvm.dll+0x841a1f]
V  [jvm.dll+0x841e05]
V  [jvm.dll+0x841ece]
V  [jvm.dll+0x7eaaec]
V  [jvm.dll+0x6835c7]
C  [ucrtbase.dll+0x21bb2]
C  [KERNEL32.DLL+0x17374]
C  [ntdll.dll+0x4cc91]

VM_Operation (0x000000d8e4bf48e0): G1CollectForAllocation, mode: safepoint, requested by thread 0x000002575e6d8210


---------------  P R O C E S S  ---------------

Threads class SMR info:
_java_thread_list=0x00000257a4aef750, length=89, elements={
0x000002573ff12b10, 0x000002575e397fd0, 0x000002575e39b250, 0x000002575e3b0560,
0x000002575e3ad2c0, 0x000002575e3afb40, 0x000002575e3b0050, 0x000002575e3b85e0,
0x000002575e3bb6a0, 0x000002575e3af120, 0x000002575e3adce0, 0x000002575e3ae700,
0x000002575e3ae1f0, 0x000002575e3aec10, 0x000002575e6daa90, 0x000002575e6da580,
0x000002575e6d8720, 0x000002575e6dce00, 0x000002575e6d8210, 0x000002575e6de750,
0x000002575e6dd310, 0x000002575e6dd820, 0x000002575e6dc8f0, 0x000002575e6dec60,
0x000002575e6d7d00, 0x000002575e6dafa0, 0x000002575e6d77f0, 0x000002575e6da070,
0x000002575e6dc3e0, 0x000002575e6ddd30, 0x000002575e6df170, 0x000002575e6de240,
0x000002575e6dbed0, 0x000002575e6d8c30, 0x000002575e6d9650, 0x00000257a7871c10,
0x00000257a78702c0, 0x00000257a7872120, 0x00000257a7870ce0, 0x00000257a7872630,
0x00000257a786e970, 0x00000257a78711f0, 0x00000257a7874eb0, 0x00000257a786f8a0,
0x00000257a7873050, 0x00000257a786fdb0, 0x00000257a7873560, 0x00000257a78707d0,
0x00000257a7873a70, 0x00000257a7871700, 0x00000257a7873f80, 0x00000257a78758d0,
0x00000257a7874490, 0x00000257a78749a0, 0x00000257a786e460, 0x00000257a786ee80,
0x00000257a7d11960, 0x00000257a7d132b0, 0x00000257a7d13cd0, 0x00000257a7d16a60,
0x00000257a7d137c0, 0x00000257a7d12380, 0x00000257a7d11e70, 0x00000257a7d16f70,
0x00000257a7d12890, 0x00000257a7d141e0, 0x00000257a7d146f0, 0x00000257a7d14c00,
0x00000257a7d15620, 0x00000257a7d10010, 0x00000257a7d11450, 0x00000257a7d15110,
0x00000257a7d15b30, 0x00000257a7d16550, 0x00000257a7d17480, 0x00000257a7d17990,
0x00000257a7d10520, 0x00000257a7d10a30, 0x00000257a7d10f40, 0x000002575e3af630,
0x000002575e3ad7d0, 0x00000257a5957e60, 0x00000257a5954bc0, 0x00000257a59550d0,
0x00000257a5952d60, 0x00000257a5957950, 0x00000257a5956000, 0x00000257a59546b0,
0x00000257a5958880
}

Java Threads: ( => current thread )
  0x000002573ff12b10 JavaThread "main" [_thread_blocked, id=12332, stack(0x000000d8e2b00000,0x000000d8e2c00000)]
  0x000002575e397fd0 JavaThread "Reference Handler" daemon [_thread_blocked, id=14264, stack(0x000000d8e3200000,0x000000d8e3300000)]
  0x000002575e39b250 JavaThread "Finalizer" daemon [_thread_blocked, id=8240, stack(0x000000d8e3300000,0x000000d8e3400000)]
  0x000002575e3b0560 JavaThread "Signal Dispatcher" daemon [_thread_blocked, id=292, stack(0x000000d8e3400000,0x000000d8e3500000)]
  0x000002575e3ad2c0 JavaThread "Attach Listener" daemon [_thread_blocked, id=11460, stack(0x000000d8e3500000,0x000000d8e3600000)]
  0x000002575e3afb40 JavaThread "Service Thread" daemon [_thread_blocked, id=12868, stack(0x000000d8e3600000,0x000000d8e3700000)]
  0x000002575e3b0050 JavaThread "Monitor Deflation Thread" daemon [_thread_blocked, id=10756, stack(0x000000d8e3700000,0x000000d8e3800000)]
  0x000002575e3b85e0 JavaThread "C2 CompilerThread0" daemon [_thread_in_native, id=13860, stack(0x000000d8e3800000,0x000000d8e3900000)]
  0x000002575e3bb6a0 JavaThread "C1 CompilerThread0" daemon [_thread_blocked, id=13976, stack(0x000000d8e3900000,0x000000d8e3a00000)]
  0x000002575e3af120 JavaThread "Sweeper thread" daemon [_thread_blocked, id=20628, stack(0x000000d8e3a00000,0x000000d8e3b00000)]
  0x000002575e3adce0 JavaThread "Common-Cleaner" daemon [_thread_blocked, id=10628, stack(0x000000d8e3b00000,0x000000d8e3c00000)]
  0x000002575e3ae700 JavaThread "Notification Thread" daemon [_thread_blocked, id=5372, stack(0x000000d8e3c00000,0x000000d8e3d00000)]
  0x000002575e3ae1f0 JavaThread "Daemon health stats" [_thread_blocked, id=15380, stack(0x000000d8e4200000,0x000000d8e4300000)]
  0x000002575e3aec10 JavaThread "Incoming local TCP Connector on port 54113" [_thread_in_native, id=5200, stack(0x000000d8e4300000,0x000000d8e4400000)]
  0x000002575e6daa90 JavaThread "Daemon periodic checks" [_thread_blocked, id=21400, stack(0x000000d8e4400000,0x000000d8e4500000)]
  0x000002575e6da580 JavaThread "Daemon" [_thread_blocked, id=5708, stack(0x000000d8e4800000,0x000000d8e4900000)]
  0x000002575e6d8720 JavaThread "Handler for socket connection from /127.0.0.1:54113 to /127.0.0.1:54114" [_thread_in_native, id=23244, stack(0x000000d8e4900000,0x000000d8e4a00000)]
  0x000002575e6dce00 JavaThread "Cancel handler" [_thread_blocked, id=22100, stack(0x000000d8e4a00000,0x000000d8e4b00000)]
  0x000002575e6d8210 JavaThread "Daemon worker" [_thread_blocked, id=21928, stack(0x000000d8e4b00000,0x000000d8e4c00000)]
  0x000002575e6de750 JavaThread "Asynchronous log dispatcher for DefaultDaemonConnection: socket connection from /127.0.0.1:54113 to /127.0.0.1:54114" [_thread_blocked, id=2692, stack(0x000000d8e4c00000,0x000000d8e4d00000)]
  0x000002575e6dd310 JavaThread "Stdin handler" [_thread_blocked, id=4488, stack(0x000000d8e4d00000,0x000000d8e4e00000)]
  0x000002575e6dd820 JavaThread "Daemon client event forwarder" [_thread_blocked, id=19936, stack(0x000000d8e4e00000,0x000000d8e4f00000)]
  0x000002575e6dc8f0 JavaThread "Cache worker for journal cache (C:\Users\welcome\.gradle\caches\journal-1)" [_thread_blocked, id=11028, stack(0x000000d8e4f00000,0x000000d8e5000000)]
  0x000002575e6dec60 JavaThread "File lock request listener" [_thread_in_native, id=23028, stack(0x000000d8e5000000,0x000000d8e5100000)]
  0x000002575e6d7d00 JavaThread "Cache worker for file hash cache (C:\Users\welcome\.gradle\caches\9.3.1\fileHashes)" [_thread_blocked, id=20084, stack(0x000000d8e5100000,0x000000d8e5200000)]
  0x000002575e6dafa0 JavaThread "Cache worker for file hash cache (C:\Users\welcome\AndroidStudioProjects\mindguardaipsychologicalsupportapp\.gradle\9.3.1\fileHashes)" [_thread_blocked, id=2292, stack(0x000000d8e5300000,0x000000d8e5400000)]
  0x000002575e6d77f0 JavaThread "Cache worker for Build Output Cleanup Cache (C:\Users\welcome\AndroidStudioProjects\mindguardaipsychologicalsupportapp\.gradle\buildOutputCleanup)" [_thread_blocked, id=8792, stack(0x000000d8e5400000,0x000000d8e5500000)]
  0x000002575e6da070 JavaThread "File watcher server" daemon [_thread_in_native, id=19080, stack(0x000000d8e5500000,0x000000d8e5600000)]
  0x000002575e6dc3e0 JavaThread "File watcher consumer" daemon [_thread_blocked, id=4072, stack(0x000000d8e5600000,0x000000d8e5700000)]
  0x000002575e6ddd30 JavaThread "Cache worker for checksums cache (C:\Users\welcome\AndroidStudioProjects\mindguardaipsychologicalsupportapp\.gradle\9.3.1\checksums)" [_thread_blocked, id=13356, stack(0x000000d8e5700000,0x000000d8e5800000)]
  0x000002575e6df170 JavaThread "Cache worker for file content cache (C:\Users\welcome\.gradle\caches\9.3.1\fileContent)" [_thread_blocked, id=23168, stack(0x000000d8e5800000,0x000000d8e5900000)]
  0x000002575e6de240 JavaThread "Cache worker for cache directory md-supplier (C:\Users\welcome\.gradle\caches\9.3.1\md-supplier)" [_thread_blocked, id=21756, stack(0x000000d8e5900000,0x000000d8e5a00000)]
  0x000002575e6dbed0 JavaThread "Cache worker for cache directory md-rule (C:\Users\welcome\.gradle\caches\9.3.1\md-rule)" [_thread_blocked, id=17112, stack(0x000000d8e5a00000,0x000000d8e5b00000)]
  0x000002575e6d8c30 JavaThread "jar transforms" [_thread_blocked, id=10596, stack(0x000000d8e5b00000,0x000000d8e5c00000)]
  0x000002575e6d9650 JavaThread "jar transforms Thread 2" [_thread_blocked, id=14800, stack(0x000000d8e5c00000,0x000000d8e5d00000)]
  0x00000257a7871c10 JavaThread "jar transforms Thread 3" [_thread_blocked, id=19052, stack(0x000000d8e5d00000,0x000000d8e5e00000)]
  0x00000257a78702c0 JavaThread "jar transforms Thread 4" [_thread_blocked, id=5940, stack(0x000000d8e5e00000,0x000000d8e5f00000)]
  0x00000257a7872120 JavaThread "jar transforms Thread 5" [_thread_blocked, id=8324, stack(0x000000d8e5f00000,0x000000d8e6000000)]
  0x00000257a7870ce0 JavaThread "Unconstrained build operations" [_thread_blocked, id=22472, stack(0x000000d8e6000000,0x000000d8e6100000)]
  0x00000257a7872630 JavaThread "Unconstrained build operations Thread 2" [_thread_blocked, id=9440, stack(0x000000d8e6100000,0x000000d8e6200000)]
  0x00000257a786e970 JavaThread "Unconstrained build operations Thread 3" [_thread_blocked, id=13440, stack(0x000000d8e6200000,0x000000d8e6300000)]
  0x00000257a78711f0 JavaThread "Unconstrained build operations Thread 4" [_thread_blocked, id=8340, stack(0x000000d8e6300000,0x000000d8e6400000)]
  0x00000257a7874eb0 JavaThread "Unconstrained build operations Thread 5" [_thread_blocked, id=10804, stack(0x000000d8e6400000,0x000000d8e6500000)]
  0x00000257a786f8a0 JavaThread "Unconstrained build operations Thread 6" [_thread_blocked, id=10168, stack(0x000000d8e6500000,0x000000d8e6600000)]
  0x00000257a7873050 JavaThread "Unconstrained build operations Thread 7" [_thread_blocked, id=22452, stack(0x000000d8e6600000,0x000000d8e6700000)]
  0x00000257a786fdb0 JavaThread "Unconstrained build operations Thread 8" [_thread_blocked, id=16260, stack(0x000000d8e6700000,0x000000d8e6800000)]
  0x00000257a7873560 JavaThread "Unconstrained build operations Thread 9" [_thread_blocked, id=22056, stack(0x000000d8e6800000,0x000000d8e6900000)]
  0x00000257a78707d0 JavaThread "Unconstrained build operations Thread 10" [_thread_blocked, id=16236, stack(0x000000d8e6900000,0x000000d8e6a00000)]
  0x00000257a7873a70 JavaThread "Unconstrained build operations Thread 11" [_thread_blocked, id=13028, stack(0x000000d8e6a00000,0x000000d8e6b00000)]
  0x00000257a7871700 JavaThread "Unconstrained build operations Thread 12" [_thread_blocked, id=23132, stack(0x000000d8e6b00000,0x000000d8e6c00000)]
  0x00000257a7873f80 JavaThread "Unconstrained build operations Thread 13" [_thread_blocked, id=7636, stack(0x000000d8e6c00000,0x000000d8e6d00000)]
  0x00000257a78758d0 JavaThread "Unconstrained build operations Thread 14" [_thread_blocked, id=3212, stack(0x000000d8e6d00000,0x000000d8e6e00000)]
  0x00000257a7874490 JavaThread "jar transforms Thread 6" [_thread_blocked, id=11704, stack(0x000000d8e6e00000,0x000000d8e6f00000)]
  0x00000257a78749a0 JavaThread "jar transforms Thread 7" [_thread_blocked, id=18568, stack(0x000000d8e6f00000,0x000000d8e7000000)]
  0x00000257a786e460 JavaThread "Unconstrained build operations Thread 15" [_thread_blocked, id=20192, stack(0x000000d8e7000000,0x000000d8e7100000)]
  0x00000257a786ee80 JavaThread "Unconstrained build operations Thread 16" [_thread_blocked, id=18632, stack(0x000000d8e7100000,0x000000d8e7200000)]
  0x00000257a7d11960 JavaThread "Unconstrained build operations Thread 17" [_thread_blocked, id=10896, stack(0x000000d8e7200000,0x000000d8e7300000)]
  0x00000257a7d132b0 JavaThread "Unconstrained build operations Thread 18" [_thread_blocked, id=12036, stack(0x000000d8e7300000,0x000000d8e7400000)]
  0x00000257a7d13cd0 JavaThread "Unconstrained build operations Thread 19" [_thread_blocked, id=18840, stack(0x000000d8e7400000,0x000000d8e7500000)]
  0x00000257a7d16a60 JavaThread "Unconstrained build operations Thread 20" [_thread_blocked, id=17424, stack(0x000000d8e7500000,0x000000d8e7600000)]
  0x00000257a7d137c0 JavaThread "Unconstrained build operations Thread 21" [_thread_blocked, id=15904, stack(0x000000d8e7600000,0x000000d8e7700000)]
  0x00000257a7d12380 JavaThread "jar transforms Thread 8" [_thread_blocked, id=5512, stack(0x000000d8e7700000,0x000000d8e7800000)]
  0x00000257a7d11e70 JavaThread "Unconstrained build operations Thread 22" [_thread_blocked, id=8220, stack(0x000000d8e7800000,0x000000d8e7900000)]
  0x00000257a7d16f70 JavaThread "Unconstrained build operations Thread 23" [_thread_blocked, id=15888, stack(0x000000d8e7900000,0x000000d8e7a00000)]
  0x00000257a7d12890 JavaThread "Unconstrained build operations Thread 24" [_thread_blocked, id=13060, stack(0x000000d8e7a00000,0x000000d8e7b00000)]
  0x00000257a7d141e0 JavaThread "Unconstrained build operations Thread 25" [_thread_blocked, id=20784, stack(0x000000d8e7b00000,0x000000d8e7c00000)]
  0x00000257a7d146f0 JavaThread "Unconstrained build operations Thread 26" [_thread_blocked, id=17264, stack(0x000000d8e7c00000,0x000000d8e7d00000)]
  0x00000257a7d14c00 JavaThread "Unconstrained build operations Thread 27" [_thread_blocked, id=16752, stack(0x000000d8e7d00000,0x000000d8e7e00000)]
  0x00000257a7d15620 JavaThread "Unconstrained build operations Thread 28" [_thread_blocked, id=10980, stack(0x000000d8e7e00000,0x000000d8e7f00000)]
  0x00000257a7d10010 JavaThread "Unconstrained build operations Thread 29" [_thread_blocked, id=20696, stack(0x000000d8e7f00000,0x000000d8e8000000)]
  0x00000257a7d11450 JavaThread "Unconstrained build operations Thread 30" [_thread_blocked, id=9448, stack(0x000000d8e8000000,0x000000d8e8100000)]
  0x00000257a7d15110 JavaThread "Unconstrained build operations Thread 31" [_thread_blocked, id=18792, stack(0x000000d8e8100000,0x000000d8e8200000)]
  0x00000257a7d15b30 JavaThread "Unconstrained build operations Thread 32" [_thread_blocked, id=16484, stack(0x000000d8e8200000,0x000000d8e8300000)]
  0x00000257a7d16550 JavaThread "Unconstrained build operations Thread 33" [_thread_blocked, id=3772, stack(0x000000d8e8300000,0x000000d8e8400000)]
  0x00000257a7d17480 JavaThread "Unconstrained build operations Thread 34" [_thread_blocked, id=23048, stack(0x000000d8e8400000,0x000000d8e8500000)]
  0x00000257a7d17990 JavaThread "Unconstrained build operations Thread 35" [_thread_blocked, id=13108, stack(0x000000d8e8500000,0x000000d8e8600000)]
  0x00000257a7d10520 JavaThread "Unconstrained build operations Thread 36" [_thread_blocked, id=23176, stack(0x000000d8e8600000,0x000000d8e8700000)]
  0x00000257a7d10a30 JavaThread "Unconstrained build operations Thread 37" [_thread_blocked, id=10964, stack(0x000000d8e8700000,0x000000d8e8800000)]
  0x00000257a7d10f40 JavaThread "Unconstrained build operations Thread 38" [_thread_blocked, id=11104, stack(0x000000d8e8800000,0x000000d8e8900000)]
  0x000002575e3af630 JavaThread "Unconstrained build operations Thread 39" [_thread_blocked, id=22196, stack(0x000000d8e8900000,0x000000d8e8a00000)]
  0x000002575e3ad7d0 JavaThread "Unconstrained build operations Thread 40" [_thread_blocked, id=21544, stack(0x000000d8e8a00000,0x000000d8e8b00000)]
  0x00000257a5957e60 JavaThread "Unconstrained build operations Thread 41" [_thread_blocked, id=10688, stack(0x000000d8e8b00000,0x000000d8e8c00000)]
  0x00000257a5954bc0 JavaThread "Unconstrained build operations Thread 42" [_thread_blocked, id=17660, stack(0x000000d8e8c00000,0x000000d8e8d00000)]
  0x00000257a59550d0 JavaThread "Unconstrained build operations Thread 43" [_thread_blocked, id=22704, stack(0x000000d8e8d00000,0x000000d8e8e00000)]
  0x00000257a5952d60 JavaThread "Unconstrained build operations Thread 44" [_thread_blocked, id=12932, stack(0x000000d8e8e00000,0x000000d8e8f00000)]
  0x00000257a5957950 JavaThread "Unconstrained build operations Thread 45" [_thread_blocked, id=13924, stack(0x000000d8e8f00000,0x000000d8e9000000)]
  0x00000257a5956000 JavaThread "build event listener" [_thread_blocked, id=23216, stack(0x000000d8e9000000,0x000000d8e9100000)]
  0x00000257a59546b0 JavaThread "Memory manager" [_thread_blocked, id=11524, stack(0x000000d8e9100000,0x000000d8e9200000)]
  0x00000257a5958880 JavaThread "build event listener" [_thread_blocked, id=23528, stack(0x000000d8e9200000,0x000000d8e9300000)]

Other Threads:
=>0x000002575e3915e0 VMThread "VM Thread" [stack: 0x000000d8e3100000,0x000000d8e3200000] [id=14736]
  0x000002573ff139e0 WatcherThread [stack: 0x000000d8e3d00000,0x000000d8e3e00000] [id=21616]
  0x000002573de7e7e0 GCTaskThread "GC Thread#0" [stack: 0x000000d8e2c00000,0x000000d8e2d00000] [id=20648]
  0x000002575e832f00 GCTaskThread "GC Thread#1" [stack: 0x000000d8e3e00000,0x000000d8e3f00000] [id=2348]
  0x00000257a4085e60 GCTaskThread "GC Thread#2" [stack: 0x000000d8e3f00000,0x000000d8e4000000] [id=8680]
  0x00000257a489c800 GCTaskThread "GC Thread#3" [stack: 0x000000d8e4000000,0x000000d8e4100000] [id=16420]
  0x00000257a4ba6a20 GCTaskThread "GC Thread#4" [stack: 0x000000d8e4100000,0x000000d8e4200000] [id=12628]
  0x00000257a4c0b130 GCTaskThread "GC Thread#5" [stack: 0x000000d8e4500000,0x000000d8e4600000] [id=10284]
  0x00000257a4c460f0 GCTaskThread "GC Thread#6" [stack: 0x000000d8e4600000,0x000000d8e4700000] [id=5176]
  0x00000257a59b1c40 GCTaskThread "GC Thread#7" [stack: 0x000000d8e4700000,0x000000d8e4800000] [id=7060]
  0x000002573ff7ecf0 ConcurrentGCThread "G1 Main Marker" [stack: 0x000000d8e2d00000,0x000000d8e2e00000] [id=1376]
  0x000002573ff7fdc0 ConcurrentGCThread "G1 Conc#0" [stack: 0x000000d8e2e00000,0x000000d8e2f00000] [id=19640]
  0x00000257a62816c0 ConcurrentGCThread "G1 Conc#1" [stack: 0x000000d8e5200000,0x000000d8e5300000] [id=21688]
  0x000002573ffcacb0 ConcurrentGCThread "G1 Refine#0" [stack: 0x000000d8e2f00000,0x000000d8e3000000] [id=19848]
  0x000002573ffcb5f0 ConcurrentGCThread "G1 Service" [stack: 0x000000d8e3000000,0x000000d8e3100000] [id=13392]

Threads with active compile tasks:
C2 CompilerThread0  34991 10021       4       org.gradle.internal.instantiation.generator.AbstractClassGenerator::inspectType (602 bytes)

VM state: at safepoint (normal execution)

VM Mutex/Monitor currently owned by a thread:  ([mutex/lock_event])
[0x000002573ff0e550] Threads_lock - owner thread: 0x000002575e3915e0
[0x000002573ff0eee0] Heap_lock - owner thread: 0x000002575e6d8210

Heap address: 0x0000000080000000, size: 2048 MB, Compressed Oops mode: 32-bit

CDS archive(s) mapped at: [0x000002575f000000-0x000002575fbb0000-0x000002575fbb0000), size 12255232, SharedBaseAddress: 0x000002575f000000, ArchiveRelocationMode: 1.
Compressed class space mapped at: 0x0000025760000000-0x00000257a0000000, reserved size: 1073741824
Narrow klass base: 0x000002575f000000, Narrow klass shift: 0, Narrow klass range: 0x100000000

GC Precious Log:
 CPUs: 8 total, 8 available
 Memory: 3738M
 Large Page Support: Disabled
 NUMA Support: Disabled
 Compressed Oops: Enabled (32-bit)
 Heap Region Size: 1M
 Heap Min Capacity: 8M
 Heap Initial Capacity: 60M
 Heap Max Capacity: 2G
 Pre-touch: Disabled
 Parallel Workers: 8
 Concurrent Workers: 2
 Concurrent Refinement Workers: 8
 Periodic GC: Disabled

Heap:
 garbage-first heap   total 157696K, used 84290K [0x0000000080000000, 0x0000000100000000)
  region size 1024K, 5 young (5120K), 5 survivors (5120K)
 Metaspace       used 74920K, committed 75904K, reserved 1179648K
  class space    used 10314K, committed 10816K, reserved 1048576K

Heap Regions: E=young(eden), S=young(survivor), O=old, HS=humongous(starts), HC=humongous(continues), CS=collection set, F=free, OA=open archive, CA=closed archive, TAMS=top-at-mark-start (previous, next)
|   0|0x0000000080000000, 0x0000000080100000, 0x0000000080100000|100%|HS|  |TAMS 0x0000000080100000, 0x0000000080000000| Complete 
|   1|0x0000000080100000, 0x0000000080200000, 0x0000000080200000|100%|HC|  |TAMS 0x0000000080200000, 0x0000000080100000| Complete 
|   2|0x0000000080200000, 0x0000000080300000, 0x0000000080300000|100%|HC|  |TAMS 0x0000000080300000, 0x0000000080200000| Complete 
|   3|0x0000000080300000, 0x0000000080400000, 0x0000000080400000|100%|HC|  |TAMS 0x0000000080400000, 0x0000000080300000| Complete 
|   4|0x0000000080400000, 0x0000000080500000, 0x0000000080500000|100%| O|  |TAMS 0x0000000080500000, 0x0000000080400000| Untracked 
|   5|0x0000000080500000, 0x0000000080600000, 0x0000000080600000|100%| O|  |TAMS 0x0000000080600000, 0x0000000080500000| Untracked 
|   6|0x0000000080600000, 0x0000000080700000, 0x0000000080700000|100%| O|  |TAMS 0x0000000080700000, 0x0000000080600000| Untracked 
|   7|0x0000000080700000, 0x0000000080800000, 0x0000000080800000|100%| O|  |TAMS 0x0000000080800000, 0x0000000080700000| Untracked 
|   8|0x0000000080800000, 0x0000000080900000, 0x0000000080900000|100%| O|  |TAMS 0x0000000080900000, 0x0000000080800000| Untracked 
|   9|0x0000000080900000, 0x0000000080a00000, 0x0000000080a00000|100%| O|  |TAMS 0x0000000080a00000, 0x0000000080900000| Untracked 
|  10|0x0000000080a00000, 0x0000000080b00000, 0x0000000080b00000|100%| O|  |TAMS 0x0000000080b00000, 0x0000000080a00000| Untracked 
|  11|0x0000000080b00000, 0x0000000080c00000, 0x0000000080c00000|100%| O|  |TAMS 0x0000000080c00000, 0x0000000080b00000| Untracked 
|  12|0x0000000080c00000, 0x0000000080d00000, 0x0000000080d00000|100%|HS|  |TAMS 0x0000000080d00000, 0x0000000080c00000| Complete 
|  13|0x0000000080d00000, 0x0000000080e00000, 0x0000000080e00000|100%| O|  |TAMS 0x0000000080e00000, 0x0000000080d00000| Untracked 
|  14|0x0000000080e00000, 0x0000000080f00000, 0x0000000080f00000|100%| O|  |TAMS 0x0000000080f00000, 0x0000000080e00000| Untracked 
|  15|0x0000000080f00000, 0x0000000081000000, 0x0000000081000000|100%| O|  |TAMS 0x0000000081000000, 0x0000000080f00000| Untracked 
|  16|0x0000000081000000, 0x0000000081100000, 0x0000000081100000|100%| O|  |TAMS 0x0000000081100000, 0x0000000081000000| Untracked 
|  17|0x0000000081100000, 0x0000000081200000, 0x0000000081200000|100%| O|  |TAMS 0x0000000081200000, 0x0000000081100000| Untracked 
|  18|0x0000000081200000, 0x0000000081300000, 0x0000000081300000|100%| O|  |TAMS 0x0000000081300000, 0x0000000081200000| Untracked 
|  19|0x0000000081300000, 0x0000000081400000, 0x0000000081400000|100%| O|  |TAMS 0x0000000081400000, 0x0000000081300000| Untracked 
|  20|0x0000000081400000, 0x0000000081500000, 0x0000000081500000|100%| O|  |TAMS 0x0000000081500000, 0x0000000081400000| Untracked 
|  21|0x0000000081500000, 0x0000000081600000, 0x0000000081600000|100%| O|  |TAMS 0x0000000081600000, 0x0000000081500000| Untracked 
|  22|0x0000000081600000, 0x0000000081700000, 0x0000000081700000|100%| O|  |TAMS 0x0000000081700000, 0x0000000081600000| Untracked 
|  23|0x0000000081700000, 0x0000000081800000, 0x0000000081800000|100%| O|  |TAMS 0x0000000081800000, 0x0000000081700000| Untracked 
|  24|0x0000000081800000, 0x0000000081800000, 0x0000000081900000|  0%| F|  |TAMS 0x0000000081800000, 0x0000000081800000| Untracked 
|  25|0x0000000081900000, 0x0000000081a00000, 0x0000000081a00000|100%| O|  |TAMS 0x0000000081a00000, 0x0000000081900000| Untracked 
|  26|0x0000000081a00000, 0x0000000081b00000, 0x0000000081b00000|100%| O|  |TAMS 0x0000000081b00000, 0x0000000081a00000| Untracked 
|  27|0x0000000081b00000, 0x0000000081c00000, 0x0000000081c00000|100%| O|  |TAMS 0x0000000081c00000, 0x0000000081b00000| Untracked 
|  28|0x0000000081c00000, 0x0000000081d00000, 0x0000000081d00000|100%| O|  |TAMS 0x0000000081d00000, 0x0000000081c00000| Untracked 
|  29|0x0000000081d00000, 0x0000000081e00000, 0x0000000081e00000|100%| O|  |TAMS 0x0000000081e00000, 0x0000000081d00000| Untracked 
|  30|0x0000000081e00000, 0x0000000081f00000, 0x0000000081f00000|100%| O|  |TAMS 0x0000000081f00000, 0x0000000081e00000| Untracked 
|  31|0x0000000081f00000, 0x0000000082000000, 0x0000000082000000|100%| O|  |TAMS 0x0000000082000000, 0x0000000081f00000| Untracked 
|  32|0x0000000082000000, 0x0000000082100000, 0x0000000082100000|100%| O|  |TAMS 0x0000000082100000, 0x0000000082000000| Untracked 
|  33|0x0000000082100000, 0x0000000082200000, 0x0000000082200000|100%| O|  |TAMS 0x0000000082200000, 0x0000000082100000| Untracked 
|  34|0x0000000082200000, 0x0000000082300000, 0x0000000082300000|100%| O|  |TAMS 0x0000000082300000, 0x0000000082200000| Untracked 
|  35|0x0000000082300000, 0x0000000082400000, 0x0000000082400000|100%| O|  |TAMS 0x0000000082400000, 0x0000000082300000| Untracked 
|  36|0x0000000082400000, 0x0000000082500000, 0x0000000082500000|100%|HS|  |TAMS 0x0000000082500000, 0x0000000082400000| Complete 
|  37|0x0000000082500000, 0x0000000082600000, 0x0000000082600000|100%|HC|  |TAMS 0x0000000082600000, 0x0000000082500000| Complete 
|  38|0x0000000082600000, 0x0000000082700000, 0x0000000082700000|100%| O|  |TAMS 0x0000000082700000, 0x0000000082600000| Untracked 
|  39|0x0000000082700000, 0x0000000082800000, 0x0000000082800000|100%| O|  |TAMS 0x0000000082800000, 0x0000000082700000| Untracked 
|  40|0x0000000082800000, 0x0000000082900000, 0x0000000082900000|100%| O|  |TAMS 0x0000000082900000, 0x0000000082800000| Untracked 
|  41|0x0000000082900000, 0x0000000082a00000, 0x0000000082a00000|100%| O|  |TAMS 0x0000000082a00000, 0x0000000082900000| Untracked 
|  42|0x0000000082a00000, 0x0000000082b00000, 0x0000000082b00000|100%| O|  |TAMS 0x0000000082b00000, 0x0000000082a00000| Untracked 
|  43|0x0000000082b00000, 0x0000000082c00000, 0x0000000082c00000|100%| O|  |TAMS 0x0000000082c00000, 0x0000000082b00000| Untracked 
|  44|0x0000000082c00000, 0x0000000082d00000, 0x0000000082d00000|100%| O|  |TAMS 0x0000000082d00000, 0x0000000082c00000| Untracked 
|  45|0x0000000082d00000, 0x0000000082e00000, 0x0000000082e00000|100%| O|  |TAMS 0x0000000082e00000, 0x0000000082d00000| Untracked 
|  46|0x0000000082e00000, 0x0000000082f00000, 0x0000000082f00000|100%| O|  |TAMS 0x0000000082f00000, 0x0000000082e00000| Untracked 
|  47|0x0000000082f00000, 0x0000000083000000, 0x0000000083000000|100%|HS|  |TAMS 0x0000000083000000, 0x0000000082f00000| Complete 
|  48|0x0000000083000000, 0x0000000083100000, 0x0000000083100000|100%|HS|  |TAMS 0x0000000083100000, 0x0000000083000000| Complete 
|  49|0x0000000083100000, 0x0000000083200000, 0x0000000083200000|100%|HS|  |TAMS 0x0000000083200000, 0x0000000083100000| Complete 
|  50|0x0000000083200000, 0x0000000083300000, 0x0000000083300000|100%|HC|  |TAMS 0x0000000083300000, 0x0000000083200000| Complete 
|  51|0x0000000083300000, 0x0000000083400000, 0x0000000083400000|100%|HS|  |TAMS 0x0000000083400000, 0x0000000083300000| Complete 
|  52|0x0000000083400000, 0x0000000083500000, 0x0000000083500000|100%|HS|  |TAMS 0x0000000083500000, 0x0000000083400000| Complete 
|  53|0x0000000083500000, 0x0000000083600000, 0x0000000083600000|100%| O|  |TAMS 0x0000000083600000, 0x0000000083500000| Untracked 
|  54|0x0000000083600000, 0x0000000083700000, 0x0000000083700000|100%|HS|  |TAMS 0x0000000083700000, 0x0000000083600000| Complete 
|  55|0x0000000083700000, 0x0000000083800000, 0x0000000083800000|100%|HS|  |TAMS 0x0000000083800000, 0x0000000083700000| Complete 
|  56|0x0000000083800000, 0x0000000083900000, 0x0000000083900000|100%| O|  |TAMS 0x0000000083900000, 0x0000000083800000| Untracked 
|  57|0x0000000083900000, 0x0000000083a00000, 0x0000000083a00000|100%| O|  |TAMS 0x0000000083a00000, 0x0000000083900000| Untracked 
|  58|0x0000000083a00000, 0x0000000083b00000, 0x0000000083b00000|100%| O|  |TAMS 0x0000000083b00000, 0x0000000083a00000| Untracked 
|  59|0x0000000083b00000, 0x0000000083c00000, 0x0000000083c00000|100%| O|  |TAMS 0x0000000083c00000, 0x0000000083b00000| Untracked 
|  60|0x0000000083c00000, 0x0000000083d00000, 0x0000000083d00000|100%| O|  |TAMS 0x0000000083d00000, 0x0000000083c00000| Untracked 
|  61|0x0000000083d00000, 0x0000000083e00000, 0x0000000083e00000|100%| O|  |TAMS 0x0000000083e00000, 0x0000000083d00000| Untracked 
|  62|0x0000000083e00000, 0x0000000083f00000, 0x0000000083f00000|100%| O|  |TAMS 0x0000000083f00000, 0x0000000083e00000| Untracked 
|  63|0x0000000083f00000, 0x0000000084000000, 0x0000000084000000|100%| O|  |TAMS 0x0000000084000000, 0x0000000083f00000| Untracked 
|  64|0x0000000084000000, 0x0000000084100000, 0x0000000084100000|100%| O|  |TAMS 0x0000000084100000, 0x0000000084000000| Untracked 
|  65|0x0000000084100000, 0x0000000084200000, 0x0000000084200000|100%| O|  |TAMS 0x0000000084200000, 0x0000000084100000| Untracked 
|  66|0x0000000084200000, 0x0000000084300000, 0x0000000084300000|100%| O|  |TAMS 0x0000000084300000, 0x0000000084200000| Untracked 
|  67|0x0000000084300000, 0x0000000084400000, 0x0000000084400000|100%| O|  |TAMS 0x0000000084400000, 0x0000000084300000| Untracked 
|  68|0x0000000084400000, 0x0000000084500000, 0x0000000084500000|100%|HS|  |TAMS 0x0000000084500000, 0x0000000084400000| Complete 
|  69|0x0000000084500000, 0x0000000084600000, 0x0000000084600000|100%|HC|  |TAMS 0x0000000084600000, 0x0000000084500000| Complete 
|  70|0x0000000084600000, 0x0000000084700000, 0x0000000084700000|100%| O|  |TAMS 0x0000000084700000, 0x0000000084600000| Untracked 
|  71|0x0000000084700000, 0x0000000084800000, 0x0000000084800000|100%| O|  |TAMS 0x0000000084800000, 0x0000000084700000| Untracked 
|  72|0x0000000084800000, 0x0000000084900000, 0x0000000084900000|100%| O|  |TAMS 0x00000000848b8200, 0x0000000084800000| Untracked 
|  73|0x0000000084900000, 0x0000000084a00000, 0x0000000084a00000|100%|HS|  |TAMS 0x0000000084900000, 0x0000000084900000| Complete 
|  74|0x0000000084a00000, 0x0000000084a00000, 0x0000000084b00000|  0%| F|  |TAMS 0x0000000084a00000, 0x0000000084a00000| Untracked 
|  75|0x0000000084b00000, 0x0000000084b00000, 0x0000000084c00000|  0%| F|  |TAMS 0x0000000084b00000, 0x0000000084b00000| Untracked 
|  76|0x0000000084c00000, 0x0000000084d00000, 0x0000000084d00000|100%| O|  |TAMS 0x0000000084c00000, 0x0000000084c00000| Untracked 
|  77|0x0000000084d00000, 0x0000000084e00000, 0x0000000084e00000|100%| O|  |TAMS 0x0000000084d00000, 0x0000000084d00000| Untracked 
|  78|0x0000000084e00000, 0x0000000084f00000, 0x0000000084f00000|100%| O|  |TAMS 0x0000000084e00000, 0x0000000084e00000| Untracked 
|  79|0x0000000084f00000, 0x0000000085000000, 0x0000000085000000|100%| O|  |TAMS 0x0000000084f00000, 0x0000000084f00000| Untracked 
|  80|0x0000000085000000, 0x00000000850e7000, 0x0000000085100000| 90%| O|  |TAMS 0x0000000085000000, 0x0000000085000000| Untracked 
|  81|0x0000000085100000, 0x0000000085100000, 0x0000000085200000|  0%| F|  |TAMS 0x0000000085100000, 0x0000000085100000| Untracked 
|  82|0x0000000085200000, 0x0000000085200000, 0x0000000085300000|  0%| F|  |TAMS 0x0000000085200000, 0x0000000085200000| Untracked 
|  83|0x0000000085300000, 0x0000000085300000, 0x0000000085400000|  0%| F|  |TAMS 0x0000000085300000, 0x0000000085300000| Untracked 
|  84|0x0000000085400000, 0x0000000085400000, 0x0000000085500000|  0%| F|  |TAMS 0x0000000085400000, 0x0000000085400000| Untracked 
|  85|0x0000000085500000, 0x0000000085500000, 0x0000000085600000|  0%| F|  |TAMS 0x0000000085500000, 0x0000000085500000| Untracked 
|  86|0x0000000085600000, 0x0000000085600000, 0x0000000085700000|  0%| F|  |TAMS 0x0000000085600000, 0x0000000085600000| Untracked 
|  87|0x0000000085700000, 0x0000000085700000, 0x0000000085800000|  0%| F|  |TAMS 0x0000000085700000, 0x0000000085700000| Untracked 
|  88|0x0000000085800000, 0x0000000085800000, 0x0000000085900000|  0%| F|  |TAMS 0x0000000085800000, 0x0000000085800000| Untracked 
|  89|0x0000000085900000, 0x0000000085900000, 0x0000000085a00000|  0%| F|  |TAMS 0x0000000085900000, 0x0000000085900000| Untracked 
|  90|0x0000000085a00000, 0x0000000085a00000, 0x0000000085b00000|  0%| F|  |TAMS 0x0000000085a00000, 0x0000000085a00000| Untracked 
|  91|0x0000000085b00000, 0x0000000085b00000, 0x0000000085c00000|  0%| F|  |TAMS 0x0000000085b00000, 0x0000000085b00000| Untracked 
|  92|0x0000000085c00000, 0x0000000085c00000, 0x0000000085d00000|  0%| F|  |TAMS 0x0000000085c00000, 0x0000000085c00000| Untracked 
|  93|0x0000000085d00000, 0x0000000085d00000, 0x0000000085e00000|  0%| F|  |TAMS 0x0000000085d00000, 0x0000000085d00000| Untracked 
|  94|0x0000000085e00000, 0x0000000085e00000, 0x0000000085f00000|  0%| F|  |TAMS 0x0000000085e00000, 0x0000000085e00000| Untracked 
|  95|0x0000000085f00000, 0x0000000085f00000, 0x0000000086000000|  0%| F|  |TAMS 0x0000000085f00000, 0x0000000085f00000| Untracked 
|  96|0x0000000086000000, 0x0000000086000000, 0x0000000086100000|  0%| F|  |TAMS 0x0000000086000000, 0x0000000086000000| Untracked 
|  97|0x0000000086100000, 0x0000000086100000, 0x0000000086200000|  0%| F|  |TAMS 0x0000000086100000, 0x0000000086100000| Untracked 
|  98|0x0000000086200000, 0x0000000086200000, 0x0000000086300000|  0%| F|  |TAMS 0x0000000086200000, 0x0000000086200000| Untracked 
|  99|0x0000000086300000, 0x0000000086300000, 0x0000000086400000|  0%| F|  |TAMS 0x0000000086300000, 0x0000000086300000| Untracked 
| 100|0x0000000086400000, 0x0000000086400000, 0x0000000086500000|  0%| F|  |TAMS 0x0000000086400000, 0x0000000086400000| Untracked 
| 101|0x0000000086500000, 0x0000000086500000, 0x0000000086600000|  0%| F|  |TAMS 0x0000000086500000, 0x0000000086500000| Untracked 
| 102|0x0000000086600000, 0x00000000866699f0, 0x0000000086700000| 41%| S|CS|TAMS 0x0000000086600000, 0x0000000086600000| Complete 
| 103|0x0000000086700000, 0x0000000086800000, 0x0000000086800000|100%| S|CS|TAMS 0x0000000086700000, 0x0000000086700000| Complete 
| 104|0x0000000086800000, 0x0000000086900000, 0x0000000086900000|100%| S|CS|TAMS 0x0000000086800000, 0x0000000086800000| Complete 
| 105|0x0000000086900000, 0x0000000086a00000, 0x0000000086a00000|100%| S|CS|TAMS 0x0000000086900000, 0x0000000086900000| Complete 
| 106|0x0000000086a00000, 0x0000000086b00000, 0x0000000086b00000|100%| S|CS|TAMS 0x0000000086a00000, 0x0000000086a00000| Complete 
| 107|0x0000000086b00000, 0x0000000086b00000, 0x0000000086c00000|  0%| F|  |TAMS 0x0000000086b00000, 0x0000000086b00000| Untracked 
| 108|0x0000000086c00000, 0x0000000086c00000, 0x0000000086d00000|  0%| F|  |TAMS 0x0000000086c00000, 0x0000000086c00000| Untracked 
| 109|0x0000000086d00000, 0x0000000086d00000, 0x0000000086e00000|  0%| F|  |TAMS 0x0000000086d00000, 0x0000000086d00000| Untracked 
| 110|0x0000000086e00000, 0x0000000086e00000, 0x0000000086f00000|  0%| F|  |TAMS 0x0000000086e00000, 0x0000000086e00000| Untracked 
| 111|0x0000000086f00000, 0x0000000086f00000, 0x0000000087000000|  0%| F|  |TAMS 0x0000000086f00000, 0x0000000086f00000| Untracked 
| 112|0x0000000087000000, 0x0000000087000000, 0x0000000087100000|  0%| F|  |TAMS 0x0000000087000000, 0x0000000087000000| Untracked 
| 113|0x0000000087100000, 0x0000000087100000, 0x0000000087200000|  0%| F|  |TAMS 0x0000000087100000, 0x0000000087100000| Untracked 
| 114|0x0000000087200000, 0x0000000087200000, 0x0000000087300000|  0%| F|  |TAMS 0x0000000087200000, 0x0000000087200000| Untracked 
| 115|0x0000000087300000, 0x0000000087300000, 0x0000000087400000|  0%| F|  |TAMS 0x0000000087300000, 0x0000000087300000| Untracked 
| 116|0x0000000087400000, 0x0000000087400000, 0x0000000087500000|  0%| F|  |TAMS 0x0000000087400000, 0x0000000087400000| Untracked 
| 117|0x0000000087500000, 0x0000000087500000, 0x0000000087600000|  0%| F|  |TAMS 0x0000000087500000, 0x0000000087500000| Untracked 
| 118|0x0000000087600000, 0x0000000087600000, 0x0000000087700000|  0%| F|  |TAMS 0x0000000087600000, 0x0000000087600000| Untracked 
| 119|0x0000000087700000, 0x0000000087700000, 0x0000000087800000|  0%| F|  |TAMS 0x0000000087700000, 0x0000000087700000| Untracked 
| 120|0x0000000087800000, 0x0000000087800000, 0x0000000087900000|  0%| F|  |TAMS 0x0000000087800000, 0x0000000087800000| Untracked 
| 121|0x0000000087900000, 0x0000000087900000, 0x0000000087a00000|  0%| F|  |TAMS 0x0000000087900000, 0x0000000087900000| Untracked 
| 122|0x0000000087a00000, 0x0000000087a00000, 0x0000000087b00000|  0%| F|  |TAMS 0x0000000087a00000, 0x0000000087a00000| Untracked 
| 123|0x0000000087b00000, 0x0000000087b00000, 0x0000000087c00000|  0%| F|  |TAMS 0x0000000087b00000, 0x0000000087b00000| Untracked 
| 124|0x0000000087c00000, 0x0000000087c00000, 0x0000000087d00000|  0%| F|  |TAMS 0x0000000087c00000, 0x0000000087c00000| Untracked 
| 125|0x0000000087d00000, 0x0000000087d00000, 0x0000000087e00000|  0%| F|  |TAMS 0x0000000087d00000, 0x0000000087d00000| Untracked 
| 126|0x0000000087e00000, 0x0000000087e00000, 0x0000000087f00000|  0%| F|  |TAMS 0x0000000087e00000, 0x0000000087e00000| Untracked 
| 127|0x0000000087f00000, 0x0000000087f00000, 0x0000000088000000|  0%| F|  |TAMS 0x0000000087f00000, 0x0000000087f00000| Untracked 
| 128|0x0000000088000000, 0x0000000088000000, 0x0000000088100000|  0%| F|  |TAMS 0x0000000088000000, 0x0000000088000000| Untracked 
| 129|0x0000000088100000, 0x0000000088100000, 0x0000000088200000|  0%| F|  |TAMS 0x0000000088100000, 0x0000000088100000| Untracked 
| 130|0x0000000088200000, 0x0000000088200000, 0x0000000088300000|  0%| F|  |TAMS 0x0000000088200000, 0x0000000088200000| Untracked 
| 131|0x0000000088300000, 0x0000000088300000, 0x0000000088400000|  0%| F|  |TAMS 0x0000000088300000, 0x0000000088300000| Untracked 
| 132|0x0000000088400000, 0x0000000088400000, 0x0000000088500000|  0%| F|  |TAMS 0x0000000088400000, 0x0000000088400000| Untracked 
| 133|0x0000000088500000, 0x0000000088500000, 0x0000000088600000|  0%| F|  |TAMS 0x0000000088500000, 0x0000000088500000| Untracked 
| 134|0x0000000088600000, 0x0000000088600000, 0x0000000088700000|  0%| F|  |TAMS 0x0000000088600000, 0x0000000088600000| Untracked 
| 135|0x0000000088700000, 0x0000000088700000, 0x0000000088800000|  0%| F|  |TAMS 0x0000000088700000, 0x0000000088700000| Untracked 
| 136|0x0000000088800000, 0x0000000088800000, 0x0000000088900000|  0%| F|  |TAMS 0x0000000088800000, 0x0000000088800000| Untracked 
| 137|0x0000000088900000, 0x0000000088900000, 0x0000000088a00000|  0%| F|  |TAMS 0x0000000088900000, 0x0000000088900000| Untracked 
| 138|0x0000000088a00000, 0x0000000088a00000, 0x0000000088b00000|  0%| F|  |TAMS 0x0000000088a00000, 0x0000000088a00000| Untracked 
| 139|0x0000000088b00000, 0x0000000088b00000, 0x0000000088c00000|  0%| F|  |TAMS 0x0000000088b00000, 0x0000000088b00000| Untracked 
| 140|0x0000000088c00000, 0x0000000088c00000, 0x0000000088d00000|  0%| F|  |TAMS 0x0000000088c00000, 0x0000000088c00000| Untracked 
| 141|0x0000000088d00000, 0x0000000088d00000, 0x0000000088e00000|  0%| F|  |TAMS 0x0000000088d00000, 0x0000000088d00000| Untracked 
| 142|0x0000000088e00000, 0x0000000088e00000, 0x0000000088f00000|  0%| F|  |TAMS 0x0000000088e00000, 0x0000000088e00000| Untracked 
| 143|0x0000000088f00000, 0x0000000088f00000, 0x0000000089000000|  0%| F|  |TAMS 0x0000000088f00000, 0x0000000088f00000| Untracked 
| 144|0x0000000089000000, 0x0000000089000000, 0x0000000089100000|  0%| F|  |TAMS 0x0000000089000000, 0x0000000089000000| Untracked 
| 145|0x0000000089100000, 0x0000000089100000, 0x0000000089200000|  0%| F|  |TAMS 0x0000000089100000, 0x0000000089100000| Untracked 
| 146|0x0000000089200000, 0x0000000089200000, 0x0000000089300000|  0%| F|  |TAMS 0x0000000089200000, 0x0000000089200000| Untracked 
| 147|0x0000000089300000, 0x0000000089300000, 0x0000000089400000|  0%| F|  |TAMS 0x0000000089300000, 0x0000000089300000| Untracked 
| 148|0x0000000089400000, 0x0000000089400000, 0x0000000089500000|  0%| F|  |TAMS 0x0000000089400000, 0x0000000089400000| Untracked 
| 149|0x0000000089500000, 0x0000000089500000, 0x0000000089600000|  0%| F|  |TAMS 0x0000000089500000, 0x0000000089500000| Untracked 
| 150|0x0000000089600000, 0x0000000089600000, 0x0000000089700000|  0%| F|  |TAMS 0x0000000089600000, 0x0000000089600000| Untracked 
| 151|0x0000000089700000, 0x0000000089700000, 0x0000000089800000|  0%| F|  |TAMS 0x0000000089700000, 0x0000000089700000| Untracked 
| 152|0x0000000089800000, 0x0000000089800000, 0x0000000089900000|  0%| F|  |TAMS 0x0000000089800000, 0x0000000089800000| Untracked 
| 153|0x0000000089900000, 0x0000000089900000, 0x0000000089a00000|  0%| F|  |TAMS 0x0000000089900000, 0x0000000089900000| Untracked 

Card table byte_map: [0x00000257571c0000,0x00000257575c0000] _byte_map_base: 0x0000025756dc0000

Marking Bits (Prev, Next): (CMBitMap*) 0x000002573ff6e600, (CMBitMap*) 0x000002573ff6e640
 Prev Bits: [0x00000257579c0000, 0x00000257599c0000)
 Next Bits: [0x00000257599c0000, 0x000002575b9c0000)

Polling page: 0x000002573de80000

Metaspace:

Usage:
  Non-class:     63.09 MB used.
      Class:     10.07 MB used.
       Both:     73.16 MB used.

Virtual space:
  Non-class space:      128.00 MB reserved,      63.56 MB ( 50%) committed,  2 nodes.
      Class space:        1.00 GB reserved,      10.56 MB (  1%) committed,  1 nodes.
             Both:        1.12 GB reserved,      74.12 MB (  6%) committed. 

Chunk freelists:
   Non-Class:  15.86 MB
       Class:  5.34 MB
        Both:  21.20 MB

MaxMetaspaceSize: unlimited
CompressedClassSpaceSize: 1.00 GB
Initial GC threshold: 21.00 MB
Current GC threshold: 115.25 MB
CDS: on
MetaspaceReclaimPolicy: balanced
 - commit_granule_bytes: 65536.
 - commit_granule_words: 8192.
 - virtual_space_node_default_size: 8388608.
 - enlarge_chunks_in_place: 1.
 - new_chunks_are_fully_committed: 0.
 - uncommit_free_chunks: 1.
 - use_allocation_guard: 0.
 - handle_deallocations: 1.


Internal statistics:

num_allocs_failed_limit: 12.
num_arena_births: 1340.
num_arena_deaths: 0.
num_vsnodes_births: 3.
num_vsnodes_deaths: 0.
num_space_committed: 1186.
num_space_uncommitted: 0.
num_chunks_returned_to_freelist: 12.
num_chunks_taken_from_freelist: 4600.
num_chunk_merges: 12.
num_chunk_splits: 3000.
num_chunks_enlarged: 1936.
num_inconsistent_stats: 0.

CodeHeap 'non-profiled nmethods': size=120000Kb used=3990Kb max_used=3990Kb free=116009Kb
 bounds [0x000002574f550000, 0x000002574f940000, 0x0000025756a80000]
CodeHeap 'profiled nmethods': size=120000Kb used=17082Kb max_used=17082Kb free=102917Kb
 bounds [0x0000025747a80000, 0x0000025748b30000, 0x000002574efb0000]
CodeHeap 'non-nmethods': size=5760Kb used=1727Kb max_used=1768Kb free=4032Kb
 bounds [0x000002574efb0000, 0x000002574f220000, 0x000002574f550000]
 total_blobs=9902 nmethods=9093 adapters=721
 compilation: enabled
              stopped_count=0, restarted_count=0
 full_count=0

Compilation events (20 events):
Event: 34.446 Thread 0x000002575e3bb6a0 10033       3       com.google.common.base.Preconditions::checkPositionIndex (8 bytes)
Event: 34.446 Thread 0x000002575e3bb6a0 nmethod 10033 0x0000025748b29090 code [0x0000025748b29240, 0x0000025748b29368]
Event: 34.446 Thread 0x000002575e3bb6a0 10034       3       com.google.common.base.Preconditions::checkPositionIndex (25 bytes)
Event: 34.447 Thread 0x000002575e3bb6a0 nmethod 10034 0x0000025748b29410 code [0x0000025748b295e0, 0x0000025748b29838]
Event: 34.471 Thread 0x000002575e3bb6a0 10035       3       org.gradle.internal.instantiation.generator.AsmBackedClassGenerator$ClassBuilderImpl::mixInConventionAware (44 bytes)
Event: 34.472 Thread 0x000002575e3bb6a0 nmethod 10035 0x0000025748b29990 code [0x0000025748b29ba0, 0x0000025748b2a2c8]
Event: 34.472 Thread 0x000002575e3bb6a0 10036       3       org.gradle.internal.instantiation.generator.AsmBackedClassGenerator$ClassBuilderImpl$$Lambda$150/0x00000257601d2e48::<init> (10 bytes)
Event: 34.472 Thread 0x000002575e3bb6a0 nmethod 10036 0x0000025748b2a590 code [0x0000025748b2a740, 0x0000025748b2a8f8]
Event: 34.472 Thread 0x000002575e3bb6a0 10037       3       org.gradle.internal.instantiation.generator.AsmBackedClassGenerator$ClassBuilderImpl::access$7300 (4 bytes)
Event: 34.472 Thread 0x000002575e3bb6a0 nmethod 10037 0x0000025748b2a990 code [0x0000025748b2ab20, 0x0000025748b2ac18]
Event: 34.551 Thread 0x000002575e3bb6a0 10042       3       org.gradle.internal.instantiation.generator.AsmBackedClassGenerator$ClassBuilderImpl::visitArrayElements (227 bytes)
Event: 34.553 Thread 0x000002575e3bb6a0 nmethod 10042 0x0000025748b2ac90 code [0x0000025748b2afc0, 0x0000025748b2c068]
Event: 34.553 Thread 0x000002575e3bb6a0 10043       3       org.gradle.internal.instantiation.generator.AsmBackedClassGenerator$ClassBuilderImpl::addExtensionsProperty (20 bytes)
Event: 34.554 Thread 0x000002575e3bb6a0 nmethod 10043 0x0000025748b2c790 code [0x0000025748b2c9a0, 0x0000025748b2d038]
Event: 34.554 Thread 0x000002575e3bb6a0 10044       3       org.gradle.internal.instantiation.generator.AsmBackedClassGenerator$ClassBuilderImpl$$Lambda$149/0x00000257601d1e68::<init> (10 bytes)
Event: 34.554 Thread 0x000002575e3bb6a0 nmethod 10044 0x0000025748b2d290 code [0x0000025748b2d440, 0x0000025748b2d5f8]
Event: 34.638 Thread 0x000002575e3bb6a0 10047       3       java.util.ArrayList$SubList::iterator (5 bytes)
Event: 34.639 Thread 0x000002575e3bb6a0 nmethod 10047 0x0000025748b2d690 code [0x0000025748b2d8a0, 0x0000025748b2ded8]
Event: 34.639 Thread 0x000002575e3bb6a0 10048       3       java.util.ArrayList$SubList::listIterator (19 bytes)
Event: 34.640 Thread 0x000002575e3bb6a0 nmethod 10048 0x0000025748b2e190 code [0x0000025748b2e3a0, 0x0000025748b2e8b8]

GC Heap History (20 events):
Event: 18.461 GC heap after
{Heap after GC invocations=21 (full 0):
 garbage-first heap   total 107520K, used 43957K [0x0000000080000000, 0x0000000100000000)
  region size 1024K, 4 young (4096K), 4 survivors (4096K)
 Metaspace       used 51118K, committed 51904K, reserved 1114112K
  class space    used 7353K, committed 7744K, reserved 1048576K
}
Event: 20.345 GC heap before
{Heap before GC invocations=21 (full 0):
 garbage-first heap   total 107520K, used 86965K [0x0000000080000000, 0x0000000100000000)
  region size 1024K, 46 young (47104K), 4 survivors (4096K)
 Metaspace       used 54674K, committed 55552K, reserved 1114112K
  class space    used 7842K, committed 8256K, reserved 1048576K
}
Event: 20.365 GC heap after
{Heap after GC invocations=22 (full 0):
 garbage-first heap   total 107520K, used 47612K [0x0000000080000000, 0x0000000100000000)
  region size 1024K, 6 young (6144K), 6 survivors (6144K)
 Metaspace       used 54674K, committed 55552K, reserved 1114112K
  class space    used 7842K, committed 8256K, reserved 1048576K
}
Event: 21.746 GC heap before
{Heap before GC invocations=22 (full 0):
 garbage-first heap   total 107520K, used 85500K [0x0000000080000000, 0x0000000100000000)
  region size 1024K, 44 young (45056K), 6 survivors (6144K)
 Metaspace       used 55074K, committed 55936K, reserved 1114112K
  class space    used 7842K, committed 8256K, reserved 1048576K
}
Event: 21.767 GC heap after
{Heap after GC invocations=23 (full 0):
 garbage-first heap   total 107520K, used 49875K [0x0000000080000000, 0x0000000100000000)
  region size 1024K, 3 young (3072K), 3 survivors (3072K)
 Metaspace       used 55074K, committed 55936K, reserved 1114112K
  class space    used 7842K, committed 8256K, reserved 1048576K
}
Event: 22.769 GC heap before
{Heap before GC invocations=23 (full 0):
 garbage-first heap   total 107520K, used 86739K [0x0000000080000000, 0x0000000100000000)
  region size 1024K, 40 young (40960K), 3 survivors (3072K)
 Metaspace       used 55232K, committed 56064K, reserved 1114112K
  class space    used 7842K, committed 8256K, reserved 1048576K
}
Event: 22.781 GC heap after
{Heap after GC invocations=24 (full 0):
 garbage-first heap   total 157696K, used 51524K [0x0000000080000000, 0x0000000100000000)
  region size 1024K, 5 young (5120K), 5 survivors (5120K)
 Metaspace       used 55232K, committed 56064K, reserved 1114112K
  class space    used 7842K, committed 8256K, reserved 1048576K
}
Event: 25.809 GC heap before
{Heap before GC invocations=24 (full 0):
 garbage-first heap   total 157696K, used 131396K [0x0000000080000000, 0x0000000100000000)
  region size 1024K, 75 young (76800K), 5 survivors (5120K)
 Metaspace       used 57956K, committed 58816K, reserved 1114112K
  class space    used 8182K, committed 8576K, reserved 1048576K
}
Event: 25.873 GC heap after
{Heap after GC invocations=25 (full 0):
 garbage-first heap   total 157696K, used 69710K [0x0000000080000000, 0x0000000100000000)
  region size 1024K, 10 young (10240K), 10 survivors (10240K)
 Metaspace       used 57956K, committed 58816K, reserved 1114112K
  class space    used 8182K, committed 8576K, reserved 1048576K
}
Event: 26.785 GC heap before
{Heap before GC invocations=25 (full 0):
 garbage-first heap   total 157696K, used 90190K [0x0000000080000000, 0x0000000100000000)
  region size 1024K, 31 young (31744K), 10 survivors (10240K)
 Metaspace       used 59742K, committed 60608K, reserved 1114112K
  class space    used 8356K, committed 8768K, reserved 1048576K
}
Event: 26.823 GC heap after
{Heap after GC invocations=26 (full 0):
 garbage-first heap   total 157696K, used 70217K [0x0000000080000000, 0x0000000100000000)
  region size 1024K, 1 young (1024K), 1 survivors (1024K)
 Metaspace       used 59742K, committed 60608K, reserved 1114112K
  class space    used 8356K, committed 8768K, reserved 1048576K
}
Event: 29.286 GC heap before
{Heap before GC invocations=27 (full 0):
 garbage-first heap   total 157696K, used 128585K [0x0000000080000000, 0x0000000100000000)
  region size 1024K, 56 young (57344K), 1 survivors (1024K)
 Metaspace       used 64782K, committed 65728K, reserved 1114112K
  class space    used 9013K, committed 9472K, reserved 1048576K
}
Event: 29.305 GC heap after
{Heap after GC invocations=28 (full 0):
 garbage-first heap   total 157696K, used 73646K [0x0000000080000000, 0x0000000100000000)
  region size 1024K, 3 young (3072K), 3 survivors (3072K)
 Metaspace       used 64782K, committed 65728K, reserved 1114112K
  class space    used 9013K, committed 9472K, reserved 1048576K
}
Event: 29.449 GC heap before
{Heap before GC invocations=28 (full 0):
 garbage-first heap   total 157696K, used 76718K [0x0000000080000000, 0x0000000100000000)
  region size 1024K, 7 young (7168K), 3 survivors (3072K)
 Metaspace       used 64997K, committed 65920K, reserved 1114112K
  class space    used 9048K, committed 9472K, reserved 1048576K
}
Event: 29.467 GC heap after
{Heap after GC invocations=29 (full 0):
 garbage-first heap   total 157696K, used 73862K [0x0000000080000000, 0x0000000100000000)
  region size 1024K, 1 young (1024K), 1 survivors (1024K)
 Metaspace       used 64997K, committed 65920K, reserved 1114112K
  class space    used 9048K, committed 9472K, reserved 1048576K
}
Event: 30.997 GC heap before
{Heap before GC invocations=29 (full 0):
 garbage-first heap   total 157696K, used 132230K [0x0000000080000000, 0x0000000100000000)
  region size 1024K, 54 young (55296K), 1 survivors (1024K)
 Metaspace       used 69563K, committed 70464K, reserved 1114112K
  class space    used 9619K, committed 10048K, reserved 1048576K
}
Event: 31.014 GC heap after
{Heap after GC invocations=30 (full 0):
 garbage-first heap   total 157696K, used 84429K [0x0000000080000000, 0x0000000100000000)
  region size 1024K, 7 young (7168K), 7 survivors (7168K)
 Metaspace       used 69563K, committed 70464K, reserved 1114112K
  class space    used 9619K, committed 10048K, reserved 1048576K
}
Event: 32.618 GC heap before
{Heap before GC invocations=31 (full 0):
 garbage-first heap   total 157696K, used 127437K [0x0000000080000000, 0x0000000100000000)
  region size 1024K, 48 young (49152K), 7 survivors (7168K)
 Metaspace       used 72152K, committed 73088K, reserved 1114112K
  class space    used 9972K, committed 10432K, reserved 1048576K
}
Event: 32.661 GC heap after
{Heap after GC invocations=32 (full 0):
 garbage-first heap   total 157696K, used 82256K [0x0000000080000000, 0x0000000100000000)
  region size 1024K, 3 young (3072K), 3 survivors (3072K)
 Metaspace       used 72152K, committed 73088K, reserved 1114112K
  class space    used 9972K, committed 10432K, reserved 1048576K
}
Event: 34.804 GC heap before
{Heap before GC invocations=32 (full 0):
 garbage-first heap   total 157696K, used 127312K [0x0000000080000000, 0x0000000100000000)
  region size 1024K, 47 young (48128K), 3 survivors (3072K)
 Metaspace       used 74920K, committed 75904K, reserved 1179648K
  class space    used 10314K, committed 10816K, reserved 1048576K
}

Dll operation events (15 events):
Event: 0.026 Loaded shared library C:\Users\welcome\.gradle\jdks\eclipse_adoptium-17-amd64-windows.2\bin\java.dll
Event: 0.059 Loaded shared library C:\Users\welcome\.gradle\jdks\eclipse_adoptium-17-amd64-windows.2\bin\jsvml.dll
Event: 0.155 Loaded shared library C:\Users\welcome\.gradle\jdks\eclipse_adoptium-17-amd64-windows.2\bin\zip.dll
Event: 0.158 Loaded shared library C:\Users\welcome\.gradle\jdks\eclipse_adoptium-17-amd64-windows.2\bin\instrument.dll
Event: 0.166 Loaded shared library C:\Users\welcome\.gradle\jdks\eclipse_adoptium-17-amd64-windows.2\bin\net.dll
Event: 0.170 Loaded shared library C:\Users\welcome\.gradle\jdks\eclipse_adoptium-17-amd64-windows.2\bin\nio.dll
Event: 0.173 Loaded shared library C:\Users\welcome\.gradle\jdks\eclipse_adoptium-17-amd64-windows.2\bin\zip.dll
Event: 0.878 Loaded shared library C:\Users\welcome\.gradle\jdks\eclipse_adoptium-17-amd64-windows.2\bin\jimage.dll
Event: 1.283 Loaded shared library C:\Users\welcome\.gradle\jdks\eclipse_adoptium-17-amd64-windows.2\bin\verify.dll
Event: 1.334 Loaded shared library C:\Users\welcome\.gradle\native\660c5614fbf4a5f2a75b1949f50a0caf5cd603558e7d8a26e50b933a0cfb79d1\windows-amd64\native-platform.dll
Event: 1.352 Loaded shared library C:\Users\welcome\.gradle\native\0.2.8\x86_64-windows-gnu\gradle-fileevents.dll
Event: 4.228 Loaded shared library C:\Users\welcome\.gradle\jdks\eclipse_adoptium-17-amd64-windows.2\bin\management.dll
Event: 4.236 Loaded shared library C:\Users\welcome\.gradle\jdks\eclipse_adoptium-17-amd64-windows.2\bin\management_ext.dll
Event: 5.067 Loaded shared library C:\Users\welcome\.gradle\jdks\eclipse_adoptium-17-amd64-windows.2\bin\extnet.dll
Event: 5.618 Loaded shared library C:\Users\welcome\.gradle\jdks\eclipse_adoptium-17-amd64-windows.2\bin\sunmscapi.dll

Deoptimization events (20 events):
Event: 33.335 Thread 0x000002575e6d8210 DEOPT PACKING pc=0x000002574f8b3474 sp=0x000000d8e4bf4e20
Event: 33.335 Thread 0x000002575e6d8210 DEOPT UNPACKING pc=0x000002574f00a1a3 sp=0x000000d8e4bf4df0 mode 2
Event: 33.335 Thread 0x000002575e6d8210 Uncommon trap: trap_request=0xffffff45 fr.pc=0x000002574f672eb8 relative=0x00000000000009f8
Event: 33.335 Thread 0x000002575e6d8210 Uncommon trap: reason=unstable_if action=reinterpret pc=0x000002574f672eb8 method=org.objectweb.asm.Label.resolve([BLorg/objectweb/asm/ByteVector;I)Z @ 81 c2
Event: 33.335 Thread 0x000002575e6d8210 DEOPT PACKING pc=0x000002574f672eb8 sp=0x000000d8e4bf4e50
Event: 33.335 Thread 0x000002575e6d8210 DEOPT UNPACKING pc=0x000002574f00a1a3 sp=0x000000d8e4bf4d78 mode 2
Event: 33.338 Thread 0x000002575e6d8210 Uncommon trap: trap_request=0xffffff45 fr.pc=0x000002574f88415c relative=0x000000000000023c
Event: 33.338 Thread 0x000002575e6d8210 Uncommon trap: reason=unstable_if action=reinterpret pc=0x000002574f88415c method=org.objectweb.asm.Label.resolve([BLorg/objectweb/asm/ByteVector;I)Z @ 81 c2
Event: 33.338 Thread 0x000002575e6d8210 DEOPT PACKING pc=0x000002574f88415c sp=0x000000d8e4bf4dd0
Event: 33.338 Thread 0x000002575e6d8210 DEOPT UNPACKING pc=0x000002574f00a1a3 sp=0x000000d8e4bf4d60 mode 2
Event: 33.895 Thread 0x000002575e6d8210 Uncommon trap: trap_request=0xffffff45 fr.pc=0x000002574f5ddd08 relative=0x0000000000000228
Event: 33.895 Thread 0x000002575e6d8210 Uncommon trap: reason=unstable_if action=reinterpret pc=0x000002574f5ddd08 method=org.gradle.internal.file.FileHierarchySet$Node.isChildOfOrThis(Ljava/lang/String;I)Z @ 72 c2
Event: 33.895 Thread 0x000002575e6d8210 DEOPT PACKING pc=0x000002574f5ddd08 sp=0x000000d8e4bf8160
Event: 33.895 Thread 0x000002575e6d8210 DEOPT UNPACKING pc=0x000002574f00a1a3 sp=0x000000d8e4bf80e8 mode 2
Event: 33.901 Thread 0x000002575e6d8210 Uncommon trap: trap_request=0xffffff45 fr.pc=0x000002574f6c1090 relative=0x0000000000001f30
Event: 33.901 Thread 0x000002575e6d8210 Uncommon trap: reason=unstable_if action=reinterpret pc=0x000002574f6c1090 method=com.google.common.collect.MapMakerInternalMap$Segment.drainKeyReferenceQueue(Ljava/lang/ref/ReferenceQueue;)V @ 8 c2
Event: 33.901 Thread 0x000002575e6d8210 DEOPT PACKING pc=0x000002574f6c1090 sp=0x000000d8e4bf7020
Event: 33.901 Thread 0x000002575e6d8210 DEOPT UNPACKING pc=0x000002574f00a1a3 sp=0x000000d8e4bf6d40 mode 2
Event: 34.335 Thread 0x000002575e6d8210 DEOPT PACKING pc=0x000002574854b0a4 sp=0x000000d8e4bf8040
Event: 34.335 Thread 0x000002575e6d8210 DEOPT UNPACKING pc=0x000002574f00ace3 sp=0x000000d8e4bf75e0 mode 0

Classes loaded (20 events):
Event: 30.887 Loading class javax/crypto/SecretKey
Event: 30.887 Loading class javax/crypto/SecretKey done
Event: 30.888 Loading class java/util/Base64
Event: 30.888 Loading class java/util/Base64 done
Event: 30.888 Loading class java/util/Base64$Decoder
Event: 30.889 Loading class java/util/Base64$Decoder done
Event: 30.890 Loading class java/util/Base64$Encoder
Event: 30.891 Loading class java/util/Base64$Encoder done
Event: 30.895 Loading class java/util/jar/JarVerifier$VerifierStream
Event: 30.896 Loading class java/util/jar/JarVerifier$VerifierStream done
Event: 30.896 Loading class sun/security/util/ManifestEntryVerifier$SunProviderHolder
Event: 30.897 Loading class sun/security/util/ManifestEntryVerifier$SunProviderHolder done
Event: 31.575 Loading class sun/reflect/annotation/AnnotationInvocationHandler$1
Event: 31.575 Loading class sun/reflect/annotation/AnnotationInvocationHandler$1 done
Event: 32.496 Loading class java/security/KeyStore
Event: 32.500 Loading class java/security/KeyStore done
Event: 32.500 Loading class java/security/KeyStore$1
Event: 32.502 Loading class java/security/KeyStore$1 done
Event: 33.193 Loading class javax/xml/stream/XMLStreamException
Event: 33.196 Loading class javax/xml/stream/XMLStreamException done

Classes unloaded (0 events):
No events

Classes redefined (0 events):
No events

Internal exceptions (20 events):
Event: 23.783 Thread 0x000002575e6dd820 Exception <a 'java/lang/NoSuchMethodError'{0x0000000088261e88}: static Lorg/gradle/internal/build/event/types/DefaultBinaryPluginIdentifier;.<clinit>()V> (0x0000000088261e88) 
thrown [s\src\hotspot\share\prims\jni.cpp, line 1112]
Event: 23.795 Thread 0x000002575e6dd820 Exception <a 'java/lang/NoSuchMethodError'{0x00000000882fba18}: static Lorg/gradle/internal/build/event/types/DefaultScriptPluginIdentifier;.<clinit>()V> (0x00000000882fba18) 
thrown [s\src\hotspot\share\prims\jni.cpp, line 1112]
Event: 24.302 Thread 0x000002575e6d8210 Exception <a 'java/lang/ClassNotFoundException'{0x0000000087616eb0}: org/gradle/api/internal/plugins/DefaultObjectConfigurationActionBeanInfo> (0x0000000087616eb0) 
thrown [s\src\hotspot\share\classfile\systemDictionary.cpp, line 256]
Event: 24.304 Thread 0x000002575e6d8210 Exception <a 'java/lang/ClassNotFoundException'{0x000000008762fbd0}: org/gradle/api/internal/plugins/DefaultObjectConfigurationActionCustomizer> (0x000000008762fbd0) 
thrown [s\src\hotspot\share\classfile\systemDictionary.cpp, line 256]
Event: 25.049 Thread 0x000002575e6d8210 Exception <a 'java/lang/NoSuchMethodError'{0x000000008616d0f8}: 'java.lang.Object java.lang.invoke.DirectMethodHandle$Holder.invokeSpecial(java.lang.Object, java.lang.Object, long, java.lang.Object, java.lang.Object, java.lang.Object, java.lang.Object, java.lang.Object, java.lang.Object, java.lang.Object, java.lang.Object, java.lang.Object)'> (0x000000008616d0f8) 
thrown [s\src\hotspot\share\interpreter\linkResolver.cpp, line 759]
Event: 25.050 Thread 0x000002575e6d8210 Exception <a 'java/lang/NoSuchMethodError'{0x0000000086172b80}: 'java.lang.Object java.lang.invoke.DelegatingMethodHandle$Holder.reinvoke_L(java.lang.Object, long, java.lang.Object, java.lang.Object, java.lang.Object, java.lang.Object, java.lang.Object, java.lang.Object, java.lang.Object, java.lang.Object, java.lang.Object)'> (0x0000000086172b80) 
thrown [s\src\hotspot\share\interpreter\linkResolver.cpp, line 759]
Event: 26.105 Thread 0x000002575e6d8210 Exception <a 'java/lang/NoSuchMethodError'{0x00000000894b9c38}: 'int java.lang.invoke.DirectMethodHandle$Holder.invokeSpecialIFC(java.lang.Object, java.lang.Object, java.lang.Object, java.lang.Object, java.lang.Object)'> (0x00000000894b9c38) 
thrown [s\src\hotspot\share\interpreter\linkResolver.cpp, line 759]
Event: 28.478 Thread 0x000002575e6d8210 Exception <a 'java/lang/NoSuchMethodError'{0x0000000086f29788}: 'void java.lang.invoke.DirectMethodHandle$Holder.invokeVirtual(java.lang.Object, java.lang.Object)'> (0x0000000086f29788) 
thrown [s\src\hotspot\share\interpreter\linkResolver.cpp, line 759]
Event: 29.688 Thread 0x000002575e6d8210 Exception <a 'java/lang/NoSuchMethodError'{0x00000000894b0520}: static Lorg/jetbrains/kotlin/gradle/plugin/internal/DefaultProjectIsolationStartParameterAccessor$Factory;.<clinit>()V> (0x00000000894b0520) 
thrown [s\src\hotspot\share\prims\jni.cpp, line 1112]
Event: 29.694 Thread 0x000002575e6d8210 Exception <a 'java/lang/NoSuchMethodError'{0x00000000894d5fc8}: static Lorg/jetbrains/kotlin/gradle/plugin/internal/DefaultJavaExecTaskParametersCompatibility$Factory;.<clinit>()V> (0x00000000894d5fc8) 
thrown [s\src\hotspot\share\prims\jni.cpp, line 1112]
Event: 29.697 Thread 0x000002575e6d8210 Exception <a 'java/lang/NoSuchMethodError'{0x000000008930bf30}: static Lorg/jetbrains/kotlin/gradle/plugin/internal/DefaultMavenPublicationComponentAccessorFactory;.<clinit>()V> (0x000000008930bf30) 
thrown [s\src\hotspot\share\prims\jni.cpp, line 1112]
Event: 29.701 Thread 0x000002575e6d8210 Exception <a 'java/lang/NoSuchMethodError'{0x0000000089330668}: static Lorg/jetbrains/kotlin/gradle/plugin/diagnostics/DefaultProblemsReporter$Factory;.<clinit>()V> (0x0000000089330668) 
thrown [s\src\hotspot\share\prims\jni.cpp, line 1112]
Event: 29.704 Thread 0x000002575e6d8210 Exception <a 'java/lang/NoSuchMethodError'{0x0000000089368490}: static Lorg/jetbrains/kotlin/gradle/plugin/internal/DefaultCompatibilityConventionRegistrar$Factory;.<clinit>()V> (0x0000000089368490) 
thrown [s\src\hotspot\share\prims\jni.cpp, line 1112]
Event: 29.707 Thread 0x000002575e6d8210 Exception <a 'java/lang/NoSuchMethodError'{0x000000008938c810}: static Lorg/jetbrains/kotlin/gradle/plugin/internal/DefaultConfigurationCacheStartParameterAccessorVariantFactory;.<clinit>()V> (0x000000008938c810) 
thrown [s\src\hotspot\share\prims\jni.cpp, line 1112]
Event: 29.777 Thread 0x000002575e6d8210 Exception <a 'java/lang/IncompatibleClassChangeError'{0x0000000089124278}: Found class java.lang.Object, but interface was expected> (0x0000000089124278) 
thrown [s\src\hotspot\share\interpreter\linkResolver.cpp, line 826]
Event: 30.030 Thread 0x000002575e6d8210 Exception <a 'java/lang/NoSuchMethodError'{0x0000000088aab0a8}: static Ljava/lang/Object;.<clinit>()V> (0x0000000088aab0a8) 
thrown [s\src\hotspot\share\prims\jni.cpp, line 1112]
Event: 30.037 Thread 0x000002575e6d8210 Exception <a 'java/lang/NoSuchMethodError'{0x0000000088904548}: static Lorg/jetbrains/kotlin/gradle/plugin/statistics/MetricContainer;.<clinit>()V> (0x0000000088904548) 
thrown [s\src\hotspot\share\prims\jni.cpp, line 1112]
Event: 31.019 Thread 0x000002575e6d8210 Implicit null exception at 0x000002574f8da74a to 0x000002574f8dafb0
Event: 33.085 Thread 0x000002575e6d8210 Implicit null exception at 0x000002574f6c6679 to 0x000002574f6c6862
Event: 33.335 Thread 0x000002575e6d8210 Implicit null exception at 0x000002574f8b3368 to 0x000002574f8b3454

VM Operations (20 events):
Event: 30.696 Executing VM operation: HandshakeAllThreads done
Event: 30.696 Executing VM operation: Cleanup
Event: 30.696 Executing VM operation: Cleanup done
Event: 30.790 Executing VM operation: HandshakeAllThreads
Event: 30.791 Executing VM operation: HandshakeAllThreads done
Event: 30.997 Executing VM operation: G1CollectForAllocation
Event: 31.014 Executing VM operation: G1CollectForAllocation done
Event: 31.307 Executing VM operation: G1PauseRemark
Event: 31.320 Executing VM operation: G1PauseRemark done
Event: 31.367 Executing VM operation: G1PauseCleanup
Event: 31.367 Executing VM operation: G1PauseCleanup done
Event: 32.373 Executing VM operation: Cleanup
Event: 32.376 Executing VM operation: Cleanup done
Event: 32.616 Executing VM operation: G1CollectForAllocation
Event: 32.661 Executing VM operation: G1CollectForAllocation done
Event: 33.676 Executing VM operation: Cleanup
Event: 33.677 Executing VM operation: Cleanup done
Event: 34.692 Executing VM operation: Cleanup
Event: 34.692 Executing VM operation: Cleanup done
Event: 34.802 Executing VM operation: G1CollectForAllocation

Memory protections (0 events):
No events

Nmethod flushes (20 events):
Event: 20.023 Thread 0x000002575e3af120 flushing  nmethod 0x0000025748501b90
Event: 20.023 Thread 0x000002575e3af120 flushing  nmethod 0x0000025748502d10
Event: 20.023 Thread 0x000002575e3af120 flushing  nmethod 0x0000025748503490
Event: 20.023 Thread 0x000002575e3af120 flushing  nmethod 0x0000025748504810
Event: 20.023 Thread 0x000002575e3af120 flushing  nmethod 0x0000025748505810
Event: 20.023 Thread 0x000002575e3af120 flushing  nmethod 0x0000025748511610
Event: 20.023 Thread 0x000002575e3af120 flushing  nmethod 0x0000025748512090
Event: 20.023 Thread 0x000002575e3af120 flushing  nmethod 0x0000025748561990
Event: 20.024 Thread 0x000002575e3af120 flushing  nmethod 0x000002574857f990
Event: 20.024 Thread 0x000002575e3af120 flushing  nmethod 0x0000025748580190
Event: 20.024 Thread 0x000002575e3af120 flushing  nmethod 0x0000025748580610
Event: 20.024 Thread 0x000002575e3af120 flushing  nmethod 0x00000257485ca590
Event: 20.024 Thread 0x000002575e3af120 flushing  nmethod 0x00000257485ca990
Event: 20.024 Thread 0x000002575e3af120 flushing  nmethod 0x00000257485cae90
Event: 24.790 Thread 0x000002575e3af120 flushing  nmethod 0x0000025747e38e90
Event: 24.797 Thread 0x000002575e3af120 flushing  nmethod 0x00000257481f9810
Event: 24.802 Thread 0x000002575e3af120 flushing  nmethod 0x0000025748482010
Event: 24.802 Thread 0x000002575e3af120 flushing  nmethod 0x00000257484d5710
Event: 24.804 Thread 0x000002575e3af120 flushing  nmethod 0x00000257485d3f90
Event: 24.804 Thread 0x000002575e3af120 flushing  nmethod 0x00000257485d4b10

Events (20 events):
Event: 20.210 Thread 0x000002575e6d8210 Thread added: 0x00000257a7d10010
Event: 20.210 Thread 0x000002575e6d8210 Thread added: 0x00000257a7d11450
Event: 20.211 Thread 0x000002575e6d8210 Thread added: 0x00000257a7d15110
Event: 20.326 Thread 0x000002575e6d8210 Thread added: 0x00000257a7d15b30
Event: 20.328 Thread 0x000002575e6d8210 Thread added: 0x00000257a7d16550
Event: 20.329 Thread 0x000002575e6d8210 Thread added: 0x00000257a7d17480
Event: 20.331 Thread 0x000002575e6d8210 Thread added: 0x00000257a7d17990
Event: 20.334 Thread 0x000002575e6d8210 Thread added: 0x00000257a7d10520
Event: 20.336 Thread 0x000002575e6d8210 Thread added: 0x00000257a7d10a30
Event: 20.337 Thread 0x000002575e6d8210 Thread added: 0x00000257a7d10f40
Event: 21.127 Thread 0x000002575e6d8210 Thread added: 0x000002575e3af630
Event: 21.127 Thread 0x000002575e6d8210 Thread added: 0x000002575e3ad7d0
Event: 21.128 Thread 0x000002575e6d8210 Thread added: 0x00000257a5957e60
Event: 21.129 Thread 0x000002575e6d8210 Thread added: 0x00000257a5954bc0
Event: 21.130 Thread 0x000002575e6d8210 Thread added: 0x00000257a59550d0
Event: 21.130 Thread 0x000002575e6d8210 Thread added: 0x00000257a5952d60
Event: 21.132 Thread 0x000002575e6d8210 Thread added: 0x00000257a5957950
Event: 27.126 Thread 0x000002575e6d8210 Thread added: 0x00000257a5956000
Event: 28.435 Thread 0x000002575e6d8210 Thread added: 0x00000257a59546b0
Event: 30.091 Thread 0x000002575e6d8210 Thread added: 0x00000257a5958880


Dynamic libraries:
0x00007ff7961d0000 - 0x00007ff7961de000 	C:\Users\welcome\.gradle\jdks\eclipse_adoptium-17-amd64-windows.2\bin\java.exe
0x00007ffaf93b0000 - 0x00007ffaf95a8000 	C:\Windows\SYSTEM32\ntdll.dll
0x00007ffaf7c90000 - 0x00007ffaf7d52000 	C:\Windows\System32\KERNEL32.DLL
0x00007ffaf6a30000 - 0x00007ffaf6d27000 	C:\Windows\System32\KERNELBASE.dll
0x00007ffaf6d30000 - 0x00007ffaf6e30000 	C:\Windows\System32\ucrtbase.dll
0x00007ffaed570000 - 0x00007ffaed58e000 	C:\Users\welcome\.gradle\jdks\eclipse_adoptium-17-amd64-windows.2\bin\VCRUNTIME140.dll
0x00007ffaed550000 - 0x00007ffaed568000 	C:\Users\welcome\.gradle\jdks\eclipse_adoptium-17-amd64-windows.2\bin\jli.dll
0x00007ffaf8a50000 - 0x00007ffaf8bed000 	C:\Windows\System32\USER32.dll
0x00007ffaf7080000 - 0x00007ffaf70a2000 	C:\Windows\System32\win32u.dll
0x00007ffadd660000 - 0x00007ffadd8fb000 	C:\Windows\WinSxS\amd64_microsoft.windows.common-controls_6595b64144ccf1df_6.0.19041.6926_none_60b5a53971f8f7e6\COMCTL32.dll
0x00007ffaf8960000 - 0x00007ffaf898b000 	C:\Windows\System32\GDI32.dll
0x00007ffaf9000000 - 0x00007ffaf909e000 	C:\Windows\System32\msvcrt.dll
0x00007ffaf6f60000 - 0x00007ffaf707a000 	C:\Windows\System32\gdi32full.dll
0x00007ffaf6e30000 - 0x00007ffaf6ecd000 	C:\Windows\System32\msvcp_win.dll
0x00007ffaf8130000 - 0x00007ffaf815f000 	C:\Windows\System32\IMM32.DLL
0x00007ffae07d0000 - 0x00007ffae07dc000 	C:\Users\welcome\.gradle\jdks\eclipse_adoptium-17-amd64-windows.2\bin\vcruntime140_1.dll
0x00007ffac20a0000 - 0x00007ffac212d000 	C:\Users\welcome\.gradle\jdks\eclipse_adoptium-17-amd64-windows.2\bin\msvcp140.dll
0x00007ffa7b1c0000 - 0x00007ffa7be2b000 	C:\Users\welcome\.gradle\jdks\eclipse_adoptium-17-amd64-windows.2\bin\server\jvm.dll
0x00007ffaf8990000 - 0x00007ffaf8a41000 	C:\Windows\System32\ADVAPI32.dll
0x00007ffaf8bf0000 - 0x00007ffaf8c8f000 	C:\Windows\System32\sechost.dll
0x00007ffaf8000000 - 0x00007ffaf8126000 	C:\Windows\System32\RPCRT4.dll
0x00007ffaf7210000 - 0x00007ffaf7237000 	C:\Windows\System32\bcrypt.dll
0x00007ffaf88f0000 - 0x00007ffaf895b000 	C:\Windows\System32\WS2_32.dll
0x00007ffaf5f40000 - 0x00007ffaf5f8b000 	C:\Windows\SYSTEM32\POWRPROF.dll
0x00007ffaec940000 - 0x00007ffaec94a000 	C:\Windows\SYSTEM32\VERSION.dll
0x00007ffad9850000 - 0x00007ffad9877000 	C:\Windows\SYSTEM32\WINMM.dll
0x00007ffaf5e00000 - 0x00007ffaf5e12000 	C:\Windows\SYSTEM32\UMPDC.dll
0x00007ffaf5250000 - 0x00007ffaf5262000 	C:\Windows\SYSTEM32\kernel.appcore.dll
0x00007ffae0260000 - 0x00007ffae026a000 	C:\Users\welcome\.gradle\jdks\eclipse_adoptium-17-amd64-windows.2\bin\jimage.dll
0x00007ffaf4610000 - 0x00007ffaf4811000 	C:\Windows\SYSTEM32\DBGHELP.DLL
0x00007ffad89c0000 - 0x00007ffad89f4000 	C:\Windows\SYSTEM32\dbgcore.DLL
0x00007ffaf6ed0000 - 0x00007ffaf6f52000 	C:\Windows\System32\bcryptPrimitives.dll
0x00007ffae0180000 - 0x00007ffae018e000 	C:\Users\welcome\.gradle\jdks\eclipse_adoptium-17-amd64-windows.2\bin\instrument.dll
0x00007ffad3b50000 - 0x00007ffad3b75000 	C:\Users\welcome\.gradle\jdks\eclipse_adoptium-17-amd64-windows.2\bin\java.dll
0x00007ffab6290000 - 0x00007ffab6367000 	C:\Users\welcome\.gradle\jdks\eclipse_adoptium-17-amd64-windows.2\bin\jsvml.dll
0x00007ffaf73d0000 - 0x00007ffaf7b41000 	C:\Windows\System32\SHELL32.dll
0x00007ffaf4a90000 - 0x00007ffaf5236000 	C:\Windows\SYSTEM32\windows.storage.dll
0x00007ffaf8c90000 - 0x00007ffaf8fe3000 	C:\Windows\System32\combase.dll
0x00007ffaf6460000 - 0x00007ffaf648b000 	C:\Windows\SYSTEM32\Wldp.dll
0x00007ffaf7f30000 - 0x00007ffaf7ffd000 	C:\Windows\System32\OLEAUT32.dll
0x00007ffaf9260000 - 0x00007ffaf930d000 	C:\Windows\System32\SHCORE.dll
0x00007ffaf8740000 - 0x00007ffaf879b000 	C:\Windows\System32\shlwapi.dll
0x00007ffaf6960000 - 0x00007ffaf6984000 	C:\Windows\SYSTEM32\profapi.dll
0x00007ffaddfb0000 - 0x00007ffaddfc8000 	C:\Users\welcome\.gradle\jdks\eclipse_adoptium-17-amd64-windows.2\bin\zip.dll
0x00007ffaddd30000 - 0x00007ffaddd4a000 	C:\Users\welcome\.gradle\jdks\eclipse_adoptium-17-amd64-windows.2\bin\net.dll
0x00007ffaf07f0000 - 0x00007ffaf08fa000 	C:\Windows\SYSTEM32\WINHTTP.dll
0x00007ffaf6190000 - 0x00007ffaf61fa000 	C:\Windows\system32\mswsock.dll
0x00007ffadad90000 - 0x00007ffadada6000 	C:\Users\welcome\.gradle\jdks\eclipse_adoptium-17-amd64-windows.2\bin\nio.dll
0x00007ffae0150000 - 0x00007ffae0160000 	C:\Users\welcome\.gradle\jdks\eclipse_adoptium-17-amd64-windows.2\bin\verify.dll
0x00007ffadda90000 - 0x00007ffaddab7000 	C:\Users\welcome\.gradle\native\660c5614fbf4a5f2a75b1949f50a0caf5cd603558e7d8a26e50b933a0cfb79d1\windows-amd64\native-platform.dll
0x00007ffac1fe0000 - 0x00007ffac2057000 	C:\Users\welcome\.gradle\native\0.2.8\x86_64-windows-gnu\gradle-fileevents.dll
0x00007ffadac80000 - 0x00007ffadac8a000 	C:\Users\welcome\.gradle\jdks\eclipse_adoptium-17-amd64-windows.2\bin\management.dll
0x00007ffad9d80000 - 0x00007ffad9d8c000 	C:\Users\welcome\.gradle\jdks\eclipse_adoptium-17-amd64-windows.2\bin\management_ext.dll
0x00007ffaf9250000 - 0x00007ffaf9258000 	C:\Windows\System32\PSAPI.DLL
0x00007ffaf5e20000 - 0x00007ffaf5e5b000 	C:\Windows\SYSTEM32\IPHLPAPI.DLL
0x00007ffaf8ff0000 - 0x00007ffaf8ff8000 	C:\Windows\System32\NSI.dll
0x00007ffaec690000 - 0x00007ffaec6a7000 	C:\Windows\SYSTEM32\dhcpcsvc6.DLL
0x00007ffaef4a0000 - 0x00007ffaef4bd000 	C:\Windows\SYSTEM32\dhcpcsvc.DLL
0x00007ffaf5e70000 - 0x00007ffaf5f3a000 	C:\Windows\SYSTEM32\DNSAPI.dll
0x00007ffad9ce0000 - 0x00007ffad9ce9000 	C:\Users\welcome\.gradle\jdks\eclipse_adoptium-17-amd64-windows.2\bin\extnet.dll
0x00007ffaf63b0000 - 0x00007ffaf63c8000 	C:\Windows\SYSTEM32\CRYPTSP.dll
0x00007ffaf5a40000 - 0x00007ffaf5a78000 	C:\Windows\system32\rsaenh.dll
0x00007ffaf68e0000 - 0x00007ffaf690e000 	C:\Windows\SYSTEM32\USERENV.dll
0x00007ffaf63d0000 - 0x00007ffaf63dc000 	C:\Windows\SYSTEM32\CRYPTBASE.dll
0x00007ffad9c40000 - 0x00007ffad9c4e000 	C:\Users\welcome\.gradle\jdks\eclipse_adoptium-17-amd64-windows.2\bin\sunmscapi.dll
0x00007ffaf70b0000 - 0x00007ffaf720d000 	C:\Windows\System32\CRYPT32.dll
0x00007ffaf64d0000 - 0x00007ffaf64f7000 	C:\Windows\SYSTEM32\ncrypt.dll
0x00007ffaf6490000 - 0x00007ffaf64cb000 	C:\Windows\SYSTEM32\NTASN1.dll
0x00007ffaef990000 - 0x00007ffaef997000 	C:\Windows\system32\wshunix.dll

dbghelp: loaded successfully - version: 4.0.5 - missing functions: none
symbol engine: initialized successfully - sym options: 0x614 - pdb path: .;C:\Users\welcome\.gradle\jdks\eclipse_adoptium-17-amd64-windows.2\bin;C:\Windows\SYSTEM32;C:\Windows\WinSxS\amd64_microsoft.windows.common-controls_6595b64144ccf1df_6.0.19041.6926_none_60b5a53971f8f7e6;C:\Users\welcome\.gradle\jdks\eclipse_adoptium-17-amd64-windows.2\bin\server;C:\Users\welcome\.gradle\native\660c5614fbf4a5f2a75b1949f50a0caf5cd603558e7d8a26e50b933a0cfb79d1\windows-amd64;C:\Users\welcome\.gradle\native\0.2.8\x86_64-windows-gnu

VM Arguments:
jvm_args: --add-opens=java.base/java.lang=ALL-UNNAMED --add-opens=java.base/java.lang.invoke=ALL-UNNAMED --add-opens=java.base/java.util=ALL-UNNAMED --add-opens=java.prefs/java.util.prefs=ALL-UNNAMED --add-exports=jdk.compiler/com.sun.tools.javac.api=ALL-UNNAMED --add-exports=jdk.compiler/com.sun.tools.javac.util=ALL-UNNAMED --add-opens=java.base/java.util=ALL-UNNAMED --add-opens=java.prefs/java.util.prefs=ALL-UNNAMED --add-opens=java.base/java.nio.charset=ALL-UNNAMED --add-opens=java.base/java.net=ALL-UNNAMED --add-opens=java.base/java.util.concurrent=ALL-UNNAMED --add-opens=java.base/java.util.concurrent.atomic=ALL-UNNAMED --add-opens=java.xml/javax.xml.namespace=ALL-UNNAMED --add-opens=java.base/java.time=ALL-UNNAMED -Xmx2048m -Dfile.encoding=UTF-8 -Duser.country=IN -Duser.language=en -Duser.variant -javaagent:C:\Users\welcome\.gradle\wrapper\dists\gradle-9.3.1-bin\23ovyewtku6u96viwx3xl3oks\gradle-9.3.1\lib\agents\gradle-instrumentation-agent-9.3.1.jar 
java_command: org.gradle.launcher.daemon.bootstrap.GradleDaemon 9.3.1
java_class_path (initial): C:\Users\welcome\.gradle\wrapper\dists\gradle-9.3.1-bin\23ovyewtku6u96viwx3xl3oks\gradle-9.3.1\lib\gradle-daemon-main-9.3.1.jar
Launcher Type: SUN_STANDARD

[Global flags]
     intx CICompilerCount                          = 4                                         {product} {ergonomic}
     uint ConcGCThreads                            = 2                                         {product} {ergonomic}
     uint G1ConcRefinementThreads                  = 8                                         {product} {ergonomic}
   size_t G1HeapRegionSize                         = 1048576                                   {product} {ergonomic}
    uintx GCDrainStackTargetSize                   = 64                                        {product} {ergonomic}
   size_t InitialHeapSize                          = 62914560                                  {product} {ergonomic}
   size_t MarkStackSize                            = 4194304                                   {product} {ergonomic}
   size_t MaxHeapSize                              = 2147483648                                {product} {command line}
   size_t MaxNewSize                               = 1287651328                                {product} {ergonomic}
   size_t MinHeapDeltaBytes                        = 1048576                                   {product} {ergonomic}
   size_t MinHeapSize                              = 8388608                                   {product} {ergonomic}
    uintx NonNMethodCodeHeapSize                   = 5839372                                {pd product} {ergonomic}
    uintx NonProfiledCodeHeapSize                  = 122909434                              {pd product} {ergonomic}
    uintx ProfiledCodeHeapSize                     = 122909434                              {pd product} {ergonomic}
    uintx ReservedCodeCacheSize                    = 251658240                              {pd product} {ergonomic}
     bool SegmentedCodeCache                       = true                                      {product} {ergonomic}
   size_t SoftMaxHeapSize                          = 2147483648                             {manageable} {ergonomic}
     bool UseCompressedClassPointers               = true                           {product lp64_product} {ergonomic}
     bool UseCompressedOops                        = true                           {product lp64_product} {ergonomic}
     bool UseG1GC                                  = true                                      {product} {ergonomic}
     bool UseLargePagesIndividualAllocation        = false                                  {pd product} {ergonomic}

Logging:
Log output configuration:
 #0: stdout all=warning uptime,level,tags
 #1: stderr all=off uptime,level,tags

Environment Variables:
PATH=C:\Windows\system32;C:\Windows;C:\Windows\System32\Wbem;C:\Windows\System32\WindowsPowerShell\v1.0\;C:\Windows\System32\OpenSSH\;C:\Program Files\Git\cmd;C:\Program Files\nodejs\;C:\Users\welcome\AppData\Local\Microsoft\WindowsApps;C:\Users\welcome\AppData\Local\Programs\Antigravity\bin;C:\Users\welcome\AppData\Local\Programs\cursor\resources\app\bin;C:\Users\welcome\AppData\Local\Programs\Microsoft VS Code\bin;C:\Users\welcome\AppData\Roaming\npm;C:\Users\welcome\AppData\Local\Android\Sdk;;C:\Users\welcome\AppData\Local\Android\Sdk\platform-tools;
USERNAME=welcome
OS=Windows_NT
PROCESSOR_IDENTIFIER=Intel64 Family 6 Model 140 Stepping 2, GenuineIntel
TMP=C:\Users\welcome\AppData\Local\Temp
TEMP=C:\Users\welcome\AppData\Local\Temp



Periodic native trim disabled


---------------  S Y S T E M  ---------------

OS:
 Windows 10 , 64 bit Build 19041 (10.0.19041.6807)
OS uptime: 5 days 19:56 hours

CPU: total 8 (initial active 8) (4 cores per cpu, 2 threads per core) family 6 model 140 stepping 2 microcode 0x34, cx8, cmov, fxsr, ht, mmx, 3dnowpref, sse, sse2, sse3, ssse3, sse4.1, sse4.2, popcnt, lzcnt, tsc, tscinvbit, avx, avx2, aes, erms, clmul, bmi1, bmi2, adx, avx512f, avx512dq, avx512cd, avx512bw, avx512vl, sha, fma, vzeroupper, avx512_vpopcntdq, avx512_vpclmulqdq, avx512_vaes, avx512_vnni, clflush, clflushopt, clwb, avx512_vbmi2, avx512_vbmi
Processor Information for processor 0
  Max Mhz: 2496, Current Mhz: 2496, Mhz Limit: 2496
Processor Information for processor 1
  Max Mhz: 2496, Current Mhz: 2496, Mhz Limit: 2496
Processor Information for processor 2
  Max Mhz: 2496, Current Mhz: 998, Mhz Limit: 2496
Processor Information for processor 3
  Max Mhz: 2496, Current Mhz: 2496, Mhz Limit: 2496
Processor Information for processor 4
  Max Mhz: 2496, Current Mhz: 2496, Mhz Limit: 2496
Processor Information for processor 5
  Max Mhz: 2496, Current Mhz: 2496, Mhz Limit: 2496
Processor Information for processor 6
  Max Mhz: 2496, Current Mhz: 2496, Mhz Limit: 2496
Processor Information for processor 7
  Max Mhz: 2496, Current Mhz: 2496, Mhz Limit: 2496

Memory: 4k page, system-wide physical 3738M (322M free)
TotalPageFile size 15002M (AvailPageFile size 34M)
current process WorkingSet (physical memory assigned to process): 244M, peak: 270M
current process commit charge ("private bytes"): 418M, peak: 479M

vm_info: OpenJDK 64-Bit Server VM (17.0.18+8) for windows-amd64 JRE (17.0.18+8), built on Jan 20 2026 22:28:22 by "admin" with MS VC++ 17.12 (VS2022)

END.
