#
# There is insufficient memory for the Java Runtime Environment to continue.
# Native memory allocation (malloc) failed to allocate 1421536 bytes. Error detail: Chunk::new
# Possible reasons:
#   The system is out of physical RAM or swap space
#   This process is running with CompressedOops enabled, and the Java Heap may be blocking the growth of the native heap
# Possible solutions:
#   Reduce memory load on the system
#   Increase physical memory or swap space
#   Check if swap backing store is full
#   Decrease Java heap size (-Xmx/-Xms)
#   Decrease number of Java threads
#   Decrease Java thread stack sizes (-Xss)
#   Set larger code cache with -XX:ReservedCodeCacheSize=
#   JVM is running with Unscaled Compressed Oops mode in which the Java heap is
#     placed in the first 4GB address space. The Java Heap base address is the
#     maximum limit for the native heap growth. Please use -XX:HeapBaseMinAddress
#     to set the Java Heap base and to place the Java Heap above 4GB virtual address.
# This output file may be truncated or incomplete.
#
#  Out of Memory Error (arena.cpp:168), pid=1328, tid=13540
#
# JRE version: OpenJDK Runtime Environment Temurin-21.0.7+6 (21.0.7+6) (build 21.0.7+6-LTS)
# Java VM: OpenJDK 64-Bit Server VM Temurin-21.0.7+6 (21.0.7+6-LTS, mixed mode, sharing, tiered, compressed oops, compressed class ptrs, g1 gc, windows-amd64)
# No core dump will be written. Minidumps are not enabled by default on client versions of Windows
#

---------------  S U M M A R Y ------------

Command Line: --add-opens=java.base/java.lang=ALL-UNNAMED --add-opens=java.base/java.lang.invoke=ALL-UNNAMED --add-opens=java.base/java.util=ALL-UNNAMED --add-opens=java.prefs/java.util.prefs=ALL-UNNAMED --add-exports=jdk.compiler/com.sun.tools.javac.api=ALL-UNNAMED --add-exports=jdk.compiler/com.sun.tools.javac.util=ALL-UNNAMED --add-opens=java.base/java.util=ALL-UNNAMED --add-opens=java.prefs/java.util.prefs=ALL-UNNAMED --add-opens=java.base/java.nio.charset=ALL-UNNAMED --add-opens=java.base/java.net=ALL-UNNAMED --add-opens=java.base/java.util.concurrent=ALL-UNNAMED --add-opens=java.base/java.util.concurrent.atomic=ALL-UNNAMED --add-opens=java.xml/javax.xml.namespace=ALL-UNNAMED --add-opens=java.base/java.time=ALL-UNNAMED -Xmx2048m -Dfile.encoding=UTF-8 -Duser.country=IN -Duser.language=en -Duser.variant -javaagent:C:\Users\welcome\.gradle\wrapper\dists\gradle-9.2.1-bin\2t0n5ozlw9xmuyvbp7dnzaxug\gradle-9.2.1\lib\agents\gradle-instrumentation-agent-9.2.1.jar org.gradle.launcher.daemon.bootstrap.GradleDaemon 9.2.1

Host: 11th Gen Intel(R) Core(TM) i5-1155G7 @ 2.50GHz, 8 cores, 3G,  Windows 10 , 64 bit Build 19041 (10.0.19041.6807)
Time: Tue Mar 17 09:24:01 2026 India Standard Time elapsed time: 37.453694 seconds (0d 0h 0m 37s)

---------------  T H R E A D  ---------------

Current thread (0x00000146780ec550):  JavaThread "C2 CompilerThread0" daemon [_thread_in_native, id=13540, stack(0x000000115e400000,0x000000115e500000) (1024K)]


Current CompileTask:
C2:37453 10276 %     4       org.gradle.internal.instantiation.generator.AbstractClassGenerator::inspectType @ 32 (602 bytes)

Stack: [0x000000115e400000,0x000000115e500000]
Native frames: (J=compiled Java code, j=interpreted, Vv=VM code, C=native code)
V  [jvm.dll+0x6ce119]
V  [jvm.dll+0x8a84a1]
V  [jvm.dll+0x8aa9ce]
V  [jvm.dll+0x8ab0b3]
V  [jvm.dll+0x27f8a6]
V  [jvm.dll+0xc507d]
V  [jvm.dll+0xc55b3]
V  [jvm.dll+0x2f2c6d]
V  [jvm.dll+0x5f6bca]
V  [jvm.dll+0x250cb2]
V  [jvm.dll+0x24947c]
V  [jvm.dll+0x246fc4]
V  [jvm.dll+0x1c760e]
V  [jvm.dll+0x25695a]
V  [jvm.dll+0x254efa]
V  [jvm.dll+0x3f03f6]
V  [jvm.dll+0x851f6b]
V  [jvm.dll+0x6cc7dd]
C  [ucrtbase.dll+0x21bb2]
C  [KERNEL32.DLL+0x17374]
C  [ntdll.dll+0x4cc91]


---------------  P R O C E S S  ---------------

Threads class SMR info:
_java_thread_list=0x00000146429da9e0, length=88, elements={
0x000001465b4c37e0, 0x00000146780cf690, 0x00000146780d04a0, 0x00000146780d3960,
0x00000146780d5b60, 0x00000146780dd2e0, 0x00000146780db170, 0x00000146780ec550,
0x00000146780e06e0, 0x00000146781f36c0, 0x0000014678305470, 0x000001467d4bb040,
0x000001467d066d20, 0x000001467e023af0, 0x000001467dfd68c0, 0x000001467dfd7700,
0x000001467e003050, 0x000001467dd91c60, 0x000001467dd915d0, 0x000001467dd90f40,
0x000001467dd93d30, 0x000001467dd92980, 0x000001467dd922f0, 0x000001467dd93010,
0x000001467dd936a0, 0x000001467dd943c0, 0x000001467e331c80, 0x000001467e32ee90,
0x000001467e332310, 0x000001467e330240, 0x000001467e3315f0, 0x000001467e32f520,
0x000001467e32fbb0, 0x000001467e3308d0, 0x0000014641de2ea0, 0x0000014641ddf390,
0x0000014641de48e0, 0x0000014641ddfa20, 0x0000014641de4250, 0x0000014641de1460,
0x0000014641de00b0, 0x0000014641de0740, 0x0000014641de4f70, 0x0000014641de0dd0,
0x0000014641de1af0, 0x0000014641de3bc0, 0x0000014641de3530, 0x0000014641de2180,
0x0000014641dddfe0, 0x0000014641de5600, 0x0000014641dde670, 0x0000014641dded00,
0x0000014641de2810, 0x0000014678d38a90, 0x0000014678d397b0, 0x0000014678d369c0,
0x0000014678d38400, 0x0000014678d34f80, 0x0000014678d34260, 0x0000014678d39120,
0x0000014678d33540, 0x0000014678d39e40, 0x0000014678d32eb0, 0x0000014678d37050,
0x0000014678d36330, 0x0000014678d35610, 0x0000014678d376e0, 0x0000014678d35ca0,
0x0000014678d3a4d0, 0x0000014678d37d70, 0x0000014641950440, 0x000001464194ea00,
0x0000014641952ba0, 0x000001464194dce0, 0x0000014641954c70, 0x0000014641950ad0,
0x000001464194e370, 0x0000014641951160, 0x000001464194f090, 0x00000146419538c0,
0x00000146419517f0, 0x0000014641953230, 0x0000014641955300, 0x0000014641951e80,
0x000001464194f720, 0x000001464138e530, 0x000001464138b0b0, 0x000001464138b740
}

Java Threads: ( => current thread )
  0x000001465b4c37e0 JavaThread "main"                              [_thread_blocked, id=17580, stack(0x000000115d600000,0x000000115d700000) (1024K)]
  0x00000146780cf690 JavaThread "Reference Handler"          daemon [_thread_blocked, id=18776, stack(0x000000115de00000,0x000000115df00000) (1024K)]
  0x00000146780d04a0 JavaThread "Finalizer"                  daemon [_thread_blocked, id=6496, stack(0x000000115df00000,0x000000115e000000) (1024K)]
  0x00000146780d3960 JavaThread "Signal Dispatcher"          daemon [_thread_blocked, id=6896, stack(0x000000115e000000,0x000000115e100000) (1024K)]
  0x00000146780d5b60 JavaThread "Attach Listener"            daemon [_thread_blocked, id=3360, stack(0x000000115e100000,0x000000115e200000) (1024K)]
  0x00000146780dd2e0 JavaThread "Service Thread"             daemon [_thread_blocked, id=23296, stack(0x000000115e200000,0x000000115e300000) (1024K)]
  0x00000146780db170 JavaThread "Monitor Deflation Thread"   daemon [_thread_blocked, id=24504, stack(0x000000115e300000,0x000000115e400000) (1024K)]
=>0x00000146780ec550 JavaThread "C2 CompilerThread0"         daemon [_thread_in_native, id=13540, stack(0x000000115e400000,0x000000115e500000) (1024K)]
  0x00000146780e06e0 JavaThread "C1 CompilerThread0"         daemon [_thread_blocked, id=1256, stack(0x000000115e500000,0x000000115e600000) (1024K)]
  0x00000146781f36c0 JavaThread "Common-Cleaner"             daemon [_thread_blocked, id=23120, stack(0x000000115e600000,0x000000115e700000) (1024K)]
  0x0000014678305470 JavaThread "Notification Thread"        daemon [_thread_blocked, id=8832, stack(0x000000115e700000,0x000000115e800000) (1024K)]
  0x000001467d4bb040 JavaThread "Daemon health stats"               [_thread_blocked, id=15176, stack(0x000000115ef00000,0x000000115f000000) (1024K)]
  0x000001467d066d20 JavaThread "Incoming local TCP Connector on port 51920"        [_thread_in_native, id=16652, stack(0x000000115f000000,0x000000115f100000) (1024K)]
  0x000001467e023af0 JavaThread "Daemon periodic checks"            [_thread_blocked, id=13592, stack(0x000000115f100000,0x000000115f200000) (1024K)]
  0x000001467dfd68c0 JavaThread "Daemon"                            [_thread_blocked, id=24100, stack(0x000000115f200000,0x000000115f300000) (1024K)]
  0x000001467dfd7700 JavaThread "Handler for socket connection from /127.0.0.1:51920 to /127.0.0.1:51921"        [_thread_in_native, id=21320, stack(0x000000115f300000,0x000000115f400000) (1024K)]
  0x000001467e003050 JavaThread "Cancel handler"                    [_thread_blocked, id=23616, stack(0x000000115f400000,0x000000115f500000) (1024K)]
  0x000001467dd91c60 JavaThread "Daemon worker"                     [_thread_in_native, id=12184, stack(0x000000115f500000,0x000000115f600000) (1024K)]
  0x000001467dd915d0 JavaThread "Asynchronous log dispatcher for DefaultDaemonConnection: socket connection from /127.0.0.1:51920 to /127.0.0.1:51921"        [_thread_blocked, id=18636, stack(0x000000115f600000,0x000000115f700000) (1024K)]
  0x000001467dd90f40 JavaThread "Stdin handler"                     [_thread_blocked, id=8844, stack(0x000000115f700000,0x000000115f800000) (1024K)]
  0x000001467dd93d30 JavaThread "Daemon client event forwarder"        [_thread_blocked, id=4476, stack(0x000000115f800000,0x000000115f900000) (1024K)]
  0x000001467dd92980 JavaThread "Cache worker for journal cache (C:\Users\welcome\.gradle\caches\journal-1)"        [_thread_blocked, id=10136, stack(0x000000115f900000,0x000000115fa00000) (1024K)]
  0x000001467dd922f0 JavaThread "File lock request listener"        [_thread_in_native, id=17076, stack(0x000000115fa00000,0x000000115fb00000) (1024K)]
  0x000001467dd93010 JavaThread "Cache worker for file hash cache (C:\Users\welcome\.gradle\caches\9.2.1\fileHashes)"        [_thread_blocked, id=20064, stack(0x000000115fb00000,0x000000115fc00000) (1024K)]
  0x000001467dd936a0 JavaThread "Cache worker for file hash cache (C:\Users\welcome\AndroidStudioProjects\mindguardaipsychologicalsupportapp\.gradle\9.2.1\fileHashes)"        [_thread_blocked, id=20392, stack(0x000000115fd00000,0x000000115fe00000) (1024K)]
  0x000001467dd943c0 JavaThread "Cache worker for Build Output Cleanup Cache (C:\Users\welcome\AndroidStudioProjects\mindguardaipsychologicalsupportapp\.gradle\buildOutputCleanup)"        [_thread_blocked, id=12444, stack(0x000000115fe00000,0x000000115ff00000) (1024K)]
  0x000001467e331c80 JavaThread "File watcher server"        daemon [_thread_in_native, id=15600, stack(0x000000115ff00000,0x0000001160000000) (1024K)]
  0x000001467e32ee90 JavaThread "File watcher consumer"      daemon [_thread_blocked, id=19208, stack(0x0000001160000000,0x0000001160100000) (1024K)]
  0x000001467e332310 JavaThread "Cache worker for checksums cache (C:\Users\welcome\AndroidStudioProjects\mindguardaipsychologicalsupportapp\.gradle\9.2.1\checksums)"        [_thread_blocked, id=24364, stack(0x0000001160100000,0x0000001160200000) (1024K)]
  0x000001467e330240 JavaThread "Cache worker for file content cache (C:\Users\welcome\.gradle\caches\9.2.1\fileContent)"        [_thread_blocked, id=1176, stack(0x0000001160200000,0x0000001160300000) (1024K)]
  0x000001467e3315f0 JavaThread "Cache worker for cache directory md-supplier (C:\Users\welcome\.gradle\caches\9.2.1\md-supplier)"        [_thread_blocked, id=3884, stack(0x0000001160300000,0x0000001160400000) (1024K)]
  0x000001467e32f520 JavaThread "Cache worker for cache directory md-rule (C:\Users\welcome\.gradle\caches\9.2.1\md-rule)"        [_thread_blocked, id=6604, stack(0x0000001160400000,0x0000001160500000) (1024K)]
  0x000001467e32fbb0 JavaThread "jar transforms"                    [_thread_blocked, id=15056, stack(0x0000001160500000,0x0000001160600000) (1024K)]
  0x000001467e3308d0 JavaThread "jar transforms Thread 2"           [_thread_blocked, id=22892, stack(0x0000001160600000,0x0000001160700000) (1024K)]
  0x0000014641de2ea0 JavaThread "jar transforms Thread 3"           [_thread_blocked, id=13896, stack(0x0000001160700000,0x0000001160800000) (1024K)]
  0x0000014641ddf390 JavaThread "Unconstrained build operations"        [_thread_blocked, id=21508, stack(0x0000001160800000,0x0000001160900000) (1024K)]
  0x0000014641de48e0 JavaThread "Unconstrained build operations Thread 2"        [_thread_blocked, id=19240, stack(0x0000001160900000,0x0000001160a00000) (1024K)]
  0x0000014641ddfa20 JavaThread "Unconstrained build operations Thread 3"        [_thread_blocked, id=15792, stack(0x0000001160a00000,0x0000001160b00000) (1024K)]
  0x0000014641de4250 JavaThread "Unconstrained build operations Thread 4"        [_thread_blocked, id=20788, stack(0x0000001160b00000,0x0000001160c00000) (1024K)]
  0x0000014641de1460 JavaThread "Unconstrained build operations Thread 5"        [_thread_blocked, id=3004, stack(0x0000001160c00000,0x0000001160d00000) (1024K)]
  0x0000014641de00b0 JavaThread "Unconstrained build operations Thread 6"        [_thread_blocked, id=17704, stack(0x0000001160d00000,0x0000001160e00000) (1024K)]
  0x0000014641de0740 JavaThread "Unconstrained build operations Thread 7"        [_thread_blocked, id=11592, stack(0x0000001160e00000,0x0000001160f00000) (1024K)]
  0x0000014641de4f70 JavaThread "Unconstrained build operations Thread 8"        [_thread_blocked, id=21432, stack(0x0000001160f00000,0x0000001161000000) (1024K)]
  0x0000014641de0dd0 JavaThread "Unconstrained build operations Thread 9"        [_thread_blocked, id=9328, stack(0x0000001161000000,0x0000001161100000) (1024K)]
  0x0000014641de1af0 JavaThread "Unconstrained build operations Thread 10"        [_thread_blocked, id=7688, stack(0x0000001161100000,0x0000001161200000) (1024K)]
  0x0000014641de3bc0 JavaThread "Unconstrained build operations Thread 11"        [_thread_blocked, id=10792, stack(0x0000001161200000,0x0000001161300000) (1024K)]
  0x0000014641de3530 JavaThread "Unconstrained build operations Thread 12"        [_thread_blocked, id=16144, stack(0x0000001161300000,0x0000001161400000) (1024K)]
  0x0000014641de2180 JavaThread "Unconstrained build operations Thread 13"        [_thread_blocked, id=18256, stack(0x0000001161400000,0x0000001161500000) (1024K)]
  0x0000014641dddfe0 JavaThread "Unconstrained build operations Thread 14"        [_thread_blocked, id=19880, stack(0x0000001161500000,0x0000001161600000) (1024K)]
  0x0000014641de5600 JavaThread "jar transforms Thread 4"           [_thread_blocked, id=10580, stack(0x0000001161600000,0x0000001161700000) (1024K)]
  0x0000014641dde670 JavaThread "jar transforms Thread 5"           [_thread_blocked, id=20864, stack(0x0000001161700000,0x0000001161800000) (1024K)]
  0x0000014641dded00 JavaThread "Unconstrained build operations Thread 15"        [_thread_blocked, id=18168, stack(0x0000001161800000,0x0000001161900000) (1024K)]
  0x0000014641de2810 JavaThread "Unconstrained build operations Thread 16"        [_thread_blocked, id=17108, stack(0x0000001161900000,0x0000001161a00000) (1024K)]
  0x0000014678d38a90 JavaThread "Unconstrained build operations Thread 17"        [_thread_blocked, id=8328, stack(0x0000001161a00000,0x0000001161b00000) (1024K)]
  0x0000014678d397b0 JavaThread "Unconstrained build operations Thread 18"        [_thread_blocked, id=3756, stack(0x0000001161b00000,0x0000001161c00000) (1024K)]
  0x0000014678d369c0 JavaThread "Unconstrained build operations Thread 19"        [_thread_blocked, id=1780, stack(0x0000001161c00000,0x0000001161d00000) (1024K)]
  0x0000014678d38400 JavaThread "Unconstrained build operations Thread 20"        [_thread_blocked, id=9972, stack(0x0000001161d00000,0x0000001161e00000) (1024K)]
  0x0000014678d34f80 JavaThread "Unconstrained build operations Thread 21"        [_thread_blocked, id=18356, stack(0x0000001161e00000,0x0000001161f00000) (1024K)]
  0x0000014678d34260 JavaThread "jar transforms Thread 6"           [_thread_blocked, id=12852, stack(0x0000001161f00000,0x0000001162000000) (1024K)]
  0x0000014678d39120 JavaThread "jar transforms Thread 7"           [_thread_blocked, id=23224, stack(0x0000001162000000,0x0000001162100000) (1024K)]
  0x0000014678d33540 JavaThread "jar transforms Thread 8"           [_thread_blocked, id=3604, stack(0x0000001162100000,0x0000001162200000) (1024K)]
  0x0000014678d39e40 JavaThread "Unconstrained build operations Thread 22"        [_thread_blocked, id=22784, stack(0x0000001162200000,0x0000001162300000) (1024K)]
  0x0000014678d32eb0 JavaThread "Unconstrained build operations Thread 23"        [_thread_blocked, id=19324, stack(0x0000001162300000,0x0000001162400000) (1024K)]
  0x0000014678d37050 JavaThread "Unconstrained build operations Thread 24"        [_thread_blocked, id=19724, stack(0x0000001162400000,0x0000001162500000) (1024K)]
  0x0000014678d36330 JavaThread "Unconstrained build operations Thread 25"        [_thread_blocked, id=13952, stack(0x0000001162500000,0x0000001162600000) (1024K)]
  0x0000014678d35610 JavaThread "Unconstrained build operations Thread 26"        [_thread_blocked, id=13224, stack(0x0000001162600000,0x0000001162700000) (1024K)]
  0x0000014678d376e0 JavaThread "Unconstrained build operations Thread 27"        [_thread_blocked, id=15764, stack(0x0000001162700000,0x0000001162800000) (1024K)]
  0x0000014678d35ca0 JavaThread "Unconstrained build operations Thread 28"        [_thread_blocked, id=8324, stack(0x0000001162800000,0x0000001162900000) (1024K)]
  0x0000014678d3a4d0 JavaThread "Unconstrained build operations Thread 29"        [_thread_blocked, id=17428, stack(0x0000001162900000,0x0000001162a00000) (1024K)]
  0x0000014678d37d70 JavaThread "Unconstrained build operations Thread 30"        [_thread_blocked, id=17540, stack(0x0000001162a00000,0x0000001162b00000) (1024K)]
  0x0000014641950440 JavaThread "Unconstrained build operations Thread 31"        [_thread_blocked, id=14068, stack(0x0000001162b00000,0x0000001162c00000) (1024K)]
  0x000001464194ea00 JavaThread "Unconstrained build operations Thread 32"        [_thread_blocked, id=16320, stack(0x0000001162c00000,0x0000001162d00000) (1024K)]
  0x0000014641952ba0 JavaThread "Unconstrained build operations Thread 33"        [_thread_blocked, id=13368, stack(0x0000001162d00000,0x0000001162e00000) (1024K)]
  0x000001464194dce0 JavaThread "Unconstrained build operations Thread 34"        [_thread_blocked, id=10168, stack(0x0000001162e00000,0x0000001162f00000) (1024K)]
  0x0000014641954c70 JavaThread "Unconstrained build operations Thread 35"        [_thread_blocked, id=15036, stack(0x0000001162f00000,0x0000001163000000) (1024K)]
  0x0000014641950ad0 JavaThread "Unconstrained build operations Thread 36"        [_thread_blocked, id=17720, stack(0x0000001163000000,0x0000001163100000) (1024K)]
  0x000001464194e370 JavaThread "Unconstrained build operations Thread 37"        [_thread_blocked, id=8180, stack(0x0000001163100000,0x0000001163200000) (1024K)]
  0x0000014641951160 JavaThread "Unconstrained build operations Thread 38"        [_thread_blocked, id=2676, stack(0x0000001163200000,0x0000001163300000) (1024K)]
  0x000001464194f090 JavaThread "Unconstrained build operations Thread 39"        [_thread_blocked, id=10964, stack(0x0000001163300000,0x0000001163400000) (1024K)]
  0x00000146419538c0 JavaThread "Unconstrained build operations Thread 40"        [_thread_blocked, id=1792, stack(0x0000001163400000,0x0000001163500000) (1024K)]
  0x00000146419517f0 JavaThread "Unconstrained build operations Thread 41"        [_thread_blocked, id=5640, stack(0x0000001163500000,0x0000001163600000) (1024K)]
  0x0000014641953230 JavaThread "Unconstrained build operations Thread 42"        [_thread_blocked, id=12488, stack(0x0000001163600000,0x0000001163700000) (1024K)]
  0x0000014641955300 JavaThread "Unconstrained build operations Thread 43"        [_thread_blocked, id=19776, stack(0x0000001163700000,0x0000001163800000) (1024K)]
  0x0000014641951e80 JavaThread "Unconstrained build operations Thread 44"        [_thread_blocked, id=14040, stack(0x0000001163800000,0x0000001163900000) (1024K)]
  0x000001464194f720 JavaThread "Unconstrained build operations Thread 45"        [_thread_blocked, id=14628, stack(0x0000001163900000,0x0000001163a00000) (1024K)]
  0x000001464138e530 JavaThread "build event listener"              [_thread_blocked, id=18304, stack(0x0000001163a00000,0x0000001163b00000) (1024K)]
  0x000001464138b0b0 JavaThread "Memory manager"                    [_thread_blocked, id=14416, stack(0x0000001163b00000,0x0000001163c00000) (1024K)]
  0x000001464138b740 JavaThread "build event listener"              [_thread_blocked, id=13192, stack(0x0000001163c00000,0x0000001163d00000) (1024K)]
Total: 88

Other Threads:
  0x00000146780b80a0 VMThread "VM Thread"                           [id=19432, stack(0x000000115dd00000,0x000000115de00000) (1024K)]
  0x00000146780a7a80 WatcherThread "VM Periodic Task Thread"        [id=15136, stack(0x000000115dc00000,0x000000115dd00000) (1024K)]
  0x000001465b51ad40 WorkerThread "GC Thread#0"                     [id=12516, stack(0x000000115d700000,0x000000115d800000) (1024K)]
  0x0000014678309300 WorkerThread "GC Thread#1"                     [id=22624, stack(0x000000115e800000,0x000000115e900000) (1024K)]
  0x00000146784c85b0 WorkerThread "GC Thread#2"                     [id=19600, stack(0x000000115e900000,0x000000115ea00000) (1024K)]
  0x0000014678d19a90 WorkerThread "GC Thread#3"                     [id=1552, stack(0x000000115ea00000,0x000000115eb00000) (1024K)]
  0x00000146785a1c10 WorkerThread "GC Thread#4"                     [id=20484, stack(0x000000115eb00000,0x000000115ec00000) (1024K)]
  0x000001467dea4400 WorkerThread "GC Thread#5"                     [id=17600, stack(0x000000115ec00000,0x000000115ed00000) (1024K)]
  0x000001467de46fd0 WorkerThread "GC Thread#6"                     [id=7964, stack(0x000000115ed00000,0x000000115ee00000) (1024K)]
  0x000001467de47370 WorkerThread "GC Thread#7"                     [id=5216, stack(0x000000115ee00000,0x000000115ef00000) (1024K)]
  0x000001465b52de00 ConcurrentGCThread "G1 Main Marker"            [id=23228, stack(0x000000115d800000,0x000000115d900000) (1024K)]
  0x000001465b52ffc0 WorkerThread "G1 Conc#0"                       [id=9444, stack(0x000000115d900000,0x000000115da00000) (1024K)]
  0x000001467e128cc0 WorkerThread "G1 Conc#1"                       [id=14764, stack(0x000000115fc00000,0x000000115fd00000) (1024K)]
  0x0000014677f810a0 ConcurrentGCThread "G1 Refine#0"               [id=14380, stack(0x000000115da00000,0x000000115db00000) (1024K)]
  0x0000014677f81b20 ConcurrentGCThread "G1 Service"                [id=14140, stack(0x000000115db00000,0x000000115dc00000) (1024K)]
Total: 15

Threads with active compile tasks:
C2 CompilerThread0  37526 10276 %     4       org.gradle.internal.instantiation.generator.AbstractClassGenerator::inspectType @ 32 (602 bytes)
Total: 1

VM state: not at safepoint (normal execution)

VM Mutex/Monitor currently owned by a thread: None

Heap address: 0x0000000080000000, size: 2048 MB, Compressed Oops mode: 32-bit

CDS archive(s) mapped at: [0x0000014600000000-0x0000014600c80000-0x0000014600c80000), size 13107200, SharedBaseAddress: 0x0000014600000000, ArchiveRelocationMode: 1.
Compressed class space mapped at: 0x0000014601000000-0x0000014641000000, reserved size: 1073741824
Narrow klass base: 0x0000014600000000, Narrow klass shift: 0, Narrow klass range: 0x100000000

GC Precious Log:
 CardTable entry size: 512
 Card Set container configuration: InlinePtr #cards 5 size 8 Array Of Cards #cards 12 size 40 Howl #buckets 4 coarsen threshold 1843 Howl Bitmap #cards 512 size 80 coarsen threshold 460 Card regions per heap region 1 cards per card region 2048
 CPUs: 8 total, 8 available
 Memory: 3738M
 Large Page Support: Disabled
 NUMA Support: Disabled
 Compressed Oops: Enabled (32-bit)
 Heap Region Size: 1M
 Heap Min Capacity: 8M
 Heap Initial Capacity: 60M
 Heap Max Capacity: 2G
 Pre-touch: Disabled
 Parallel Workers: 8
 Concurrent Workers: 2
 Concurrent Refinement Workers: 8
 Periodic GC: Disabled

Heap:
 garbage-first heap   total 162816K, used 93610K [0x0000000080000000, 0x0000000100000000)
  region size 1024K, 9 young (9216K), 4 survivors (4096K)
 Metaspace       used 78306K, committed 80640K, reserved 1179648K
  class space    used 10797K, committed 11968K, reserved 1048576K

Heap Regions: E=young(eden), S=young(survivor), O=old, HS=humongous(starts), HC=humongous(continues), CS=collection set, F=free, TAMS=top-at-mark-start, PB=parsable bottom
|   0|0x0000000080000000, 0x0000000080100000, 0x0000000080100000|100%|HS|  |TAMS 0x0000000080000000| PB 0x0000000080000000| Complete 
|   1|0x0000000080100000, 0x0000000080200000, 0x0000000080200000|100%|HC|  |TAMS 0x0000000080100000| PB 0x0000000080100000| Complete 
|   2|0x0000000080200000, 0x0000000080300000, 0x0000000080300000|100%|HC|  |TAMS 0x0000000080200000| PB 0x0000000080200000| Complete 
|   3|0x0000000080300000, 0x0000000080400000, 0x0000000080400000|100%|HC|  |TAMS 0x0000000080300000| PB 0x0000000080300000| Complete 
|   4|0x0000000080400000, 0x0000000080500000, 0x0000000080500000|100%| O|  |TAMS 0x0000000080400000| PB 0x0000000080400000| Untracked 
|   5|0x0000000080500000, 0x0000000080600000, 0x0000000080600000|100%| O|  |TAMS 0x0000000080500000| PB 0x0000000080500000| Untracked 
|   6|0x0000000080600000, 0x0000000080700000, 0x0000000080700000|100%| O|  |TAMS 0x0000000080600000| PB 0x0000000080600000| Untracked 
|   7|0x0000000080700000, 0x0000000080800000, 0x0000000080800000|100%| O|  |TAMS 0x0000000080700000| PB 0x0000000080700000| Untracked 
|   8|0x0000000080800000, 0x0000000080900000, 0x0000000080900000|100%| O|  |TAMS 0x0000000080800000| PB 0x0000000080800000| Untracked 
|   9|0x0000000080900000, 0x0000000080a00000, 0x0000000080a00000|100%| O|  |TAMS 0x0000000080900000| PB 0x0000000080900000| Untracked 
|  10|0x0000000080a00000, 0x0000000080b00000, 0x0000000080b00000|100%| O|  |TAMS 0x0000000080a00000| PB 0x0000000080a00000| Untracked 
|  11|0x0000000080b00000, 0x0000000080c00000, 0x0000000080c00000|100%| O|  |TAMS 0x0000000080b00000| PB 0x0000000080b00000| Untracked 
|  12|0x0000000080c00000, 0x0000000080d00000, 0x0000000080d00000|100%|HS|  |TAMS 0x0000000080c00000| PB 0x0000000080c00000| Complete 
|  13|0x0000000080d00000, 0x0000000080e00000, 0x0000000080e00000|100%| O|  |TAMS 0x0000000080d00000| PB 0x0000000080d00000| Untracked 
|  14|0x0000000080e00000, 0x0000000080f00000, 0x0000000080f00000|100%| O|  |TAMS 0x0000000080e00000| PB 0x0000000080e00000| Untracked 
|  15|0x0000000080f00000, 0x0000000081000000, 0x0000000081000000|100%| O|  |TAMS 0x0000000080f00000| PB 0x0000000080f00000| Untracked 
|  16|0x0000000081000000, 0x0000000081100000, 0x0000000081100000|100%| O|  |TAMS 0x0000000081000000| PB 0x0000000081000000| Untracked 
|  17|0x0000000081100000, 0x0000000081200000, 0x0000000081200000|100%| O|  |TAMS 0x0000000081100000| PB 0x0000000081100000| Untracked 
|  18|0x0000000081200000, 0x0000000081300000, 0x0000000081300000|100%| O|  |TAMS 0x0000000081200000| PB 0x0000000081200000| Untracked 
|  19|0x0000000081300000, 0x0000000081400000, 0x0000000081400000|100%| O|  |TAMS 0x0000000081300000| PB 0x0000000081300000| Untracked 
|  20|0x0000000081400000, 0x0000000081500000, 0x0000000081500000|100%| O|  |TAMS 0x0000000081400000| PB 0x0000000081400000| Untracked 
|  21|0x0000000081500000, 0x0000000081600000, 0x0000000081600000|100%| O|  |TAMS 0x0000000081500000| PB 0x0000000081500000| Untracked 
|  22|0x0000000081600000, 0x0000000081700000, 0x0000000081700000|100%| O|  |TAMS 0x0000000081600000| PB 0x0000000081600000| Untracked 
|  23|0x0000000081700000, 0x0000000081800000, 0x0000000081800000|100%| O|  |TAMS 0x0000000081700000| PB 0x0000000081700000| Untracked 
|  24|0x0000000081800000, 0x0000000081900000, 0x0000000081900000|100%| O|  |TAMS 0x0000000081800000| PB 0x0000000081800000| Untracked 
|  25|0x0000000081900000, 0x0000000081a00000, 0x0000000081a00000|100%| O|  |TAMS 0x0000000081900000| PB 0x0000000081900000| Untracked 
|  26|0x0000000081a00000, 0x0000000081b00000, 0x0000000081b00000|100%| O|  |TAMS 0x0000000081a00000| PB 0x0000000081a00000| Untracked 
|  27|0x0000000081b00000, 0x0000000081c00000, 0x0000000081c00000|100%| O|  |TAMS 0x0000000081b00000| PB 0x0000000081b00000| Untracked 
|  28|0x0000000081c00000, 0x0000000081d00000, 0x0000000081d00000|100%| O|  |TAMS 0x0000000081c00000| PB 0x0000000081c00000| Untracked 
|  29|0x0000000081d00000, 0x0000000081e00000, 0x0000000081e00000|100%| O|  |TAMS 0x0000000081d00000| PB 0x0000000081d00000| Untracked 
|  30|0x0000000081e00000, 0x0000000081f00000, 0x0000000081f00000|100%| O|  |TAMS 0x0000000081e00000| PB 0x0000000081e00000| Untracked 
|  31|0x0000000081f00000, 0x0000000082000000, 0x0000000082000000|100%|HS|  |TAMS 0x0000000081f00000| PB 0x0000000081f00000| Complete 
|  32|0x0000000082000000, 0x0000000082100000, 0x0000000082100000|100%|HC|  |TAMS 0x0000000082000000| PB 0x0000000082000000| Complete 
|  33|0x0000000082100000, 0x0000000082200000, 0x0000000082200000|100%| O|  |TAMS 0x0000000082100000| PB 0x0000000082100000| Untracked 
|  34|0x0000000082200000, 0x0000000082300000, 0x0000000082300000|100%| O|  |TAMS 0x0000000082200000| PB 0x0000000082200000| Untracked 
|  35|0x0000000082300000, 0x0000000082400000, 0x0000000082400000|100%| O|  |TAMS 0x0000000082300000| PB 0x0000000082300000| Untracked 
|  36|0x0000000082400000, 0x0000000082500000, 0x0000000082500000|100%| O|  |TAMS 0x0000000082400000| PB 0x0000000082400000| Untracked 
|  37|0x0000000082500000, 0x0000000082600000, 0x0000000082600000|100%| O|  |TAMS 0x0000000082500000| PB 0x0000000082500000| Untracked 
|  38|0x0000000082600000, 0x0000000082700000, 0x0000000082700000|100%| O|  |TAMS 0x0000000082600000| PB 0x0000000082600000| Untracked 
|  39|0x0000000082700000, 0x0000000082800000, 0x0000000082800000|100%| O|  |TAMS 0x0000000082700000| PB 0x0000000082700000| Untracked 
|  40|0x0000000082800000, 0x0000000082900000, 0x0000000082900000|100%| O|  |TAMS 0x0000000082800000| PB 0x0000000082800000| Untracked 
|  41|0x0000000082900000, 0x0000000082a00000, 0x0000000082a00000|100%| O|  |TAMS 0x0000000082900000| PB 0x0000000082900000| Untracked 
|  42|0x0000000082a00000, 0x0000000082b00000, 0x0000000082b00000|100%| O|  |TAMS 0x0000000082a00000| PB 0x0000000082a00000| Untracked 
|  43|0x0000000082b00000, 0x0000000082c00000, 0x0000000082c00000|100%|HS|  |TAMS 0x0000000082b00000| PB 0x0000000082b00000| Complete 
|  44|0x0000000082c00000, 0x0000000082d00000, 0x0000000082d00000|100%| O|  |TAMS 0x0000000082c00000| PB 0x0000000082c00000| Untracked 
|  45|0x0000000082d00000, 0x0000000082e00000, 0x0000000082e00000|100%| O|  |TAMS 0x0000000082d00000| PB 0x0000000082d00000| Untracked 
|  46|0x0000000082e00000, 0x0000000082f00000, 0x0000000082f00000|100%| O|  |TAMS 0x0000000082e00000| PB 0x0000000082e00000| Untracked 
|  47|0x0000000082f00000, 0x0000000083000000, 0x0000000083000000|100%| O|  |TAMS 0x0000000082f00000| PB 0x0000000082f00000| Untracked 
|  48|0x0000000083000000, 0x0000000083100000, 0x0000000083100000|100%| O|  |TAMS 0x0000000083000000| PB 0x0000000083000000| Untracked 
|  49|0x0000000083100000, 0x0000000083200000, 0x0000000083200000|100%|HS|  |TAMS 0x0000000083100000| PB 0x0000000083100000| Complete 
|  50|0x0000000083200000, 0x0000000083300000, 0x0000000083300000|100%| O|  |TAMS 0x0000000083200000| PB 0x0000000083200000| Untracked 
|  51|0x0000000083300000, 0x0000000083400000, 0x0000000083400000|100%| O|  |TAMS 0x0000000083300000| PB 0x0000000083300000| Untracked 
|  52|0x0000000083400000, 0x0000000083500000, 0x0000000083500000|100%| O|  |TAMS 0x0000000083400000| PB 0x0000000083400000| Untracked 
|  53|0x0000000083500000, 0x0000000083600000, 0x0000000083600000|100%| O|  |TAMS 0x0000000083500000| PB 0x0000000083500000| Untracked 
|  54|0x0000000083600000, 0x0000000083700000, 0x0000000083700000|100%| O|  |TAMS 0x0000000083600000| PB 0x0000000083600000| Untracked 
|  55|0x0000000083700000, 0x0000000083800000, 0x0000000083800000|100%| O|  |TAMS 0x0000000083700000| PB 0x0000000083700000| Untracked 
|  56|0x0000000083800000, 0x0000000083900000, 0x0000000083900000|100%|HS|  |TAMS 0x0000000083800000| PB 0x0000000083800000| Complete 
|  57|0x0000000083900000, 0x0000000083a00000, 0x0000000083a00000|100%|HS|  |TAMS 0x0000000083900000| PB 0x0000000083900000| Complete 
|  58|0x0000000083a00000, 0x0000000083b00000, 0x0000000083b00000|100%|HS|  |TAMS 0x0000000083a00000| PB 0x0000000083a00000| Complete 
|  59|0x0000000083b00000, 0x0000000083c00000, 0x0000000083c00000|100%|HC|  |TAMS 0x0000000083b00000| PB 0x0000000083b00000| Complete 
|  60|0x0000000083c00000, 0x0000000083d00000, 0x0000000083d00000|100%|HS|  |TAMS 0x0000000083c00000| PB 0x0000000083c00000| Complete 
|  61|0x0000000083d00000, 0x0000000083e00000, 0x0000000083e00000|100%|HS|  |TAMS 0x0000000083d00000| PB 0x0000000083d00000| Complete 
|  62|0x0000000083e00000, 0x0000000083f00000, 0x0000000083f00000|100%| O|  |TAMS 0x0000000083e00000| PB 0x0000000083e00000| Untracked 
|  63|0x0000000083f00000, 0x0000000084000000, 0x0000000084000000|100%|HS|  |TAMS 0x0000000083f00000| PB 0x0000000083f00000| Complete 
|  64|0x0000000084000000, 0x0000000084100000, 0x0000000084100000|100%|HS|  |TAMS 0x0000000084000000| PB 0x0000000084000000| Complete 
|  65|0x0000000084100000, 0x0000000084200000, 0x0000000084200000|100%| O|  |TAMS 0x0000000084100000| PB 0x0000000084100000| Untracked 
|  66|0x0000000084200000, 0x0000000084300000, 0x0000000084300000|100%|HS|  |TAMS 0x0000000084200000| PB 0x0000000084200000| Complete 
|  67|0x0000000084300000, 0x0000000084400000, 0x0000000084400000|100%|HC|  |TAMS 0x0000000084300000| PB 0x0000000084300000| Complete 
|  68|0x0000000084400000, 0x0000000084400000, 0x0000000084500000|  0%| F|  |TAMS 0x0000000084400000| PB 0x0000000084400000| Untracked 
|  69|0x0000000084500000, 0x0000000084600000, 0x0000000084600000|100%| O|  |TAMS 0x0000000084500000| PB 0x0000000084500000| Untracked 
|  70|0x0000000084600000, 0x0000000084700000, 0x0000000084700000|100%| O|  |TAMS 0x0000000084600000| PB 0x0000000084600000| Untracked 
|  71|0x0000000084700000, 0x0000000084800000, 0x0000000084800000|100%| O|  |TAMS 0x0000000084700000| PB 0x0000000084700000| Untracked 
|  72|0x0000000084800000, 0x0000000084900000, 0x0000000084900000|100%| O|  |TAMS 0x0000000084800000| PB 0x0000000084800000| Untracked 
|  73|0x0000000084900000, 0x0000000084a00000, 0x0000000084a00000|100%| O|  |TAMS 0x0000000084900000| PB 0x0000000084900000| Untracked 
|  74|0x0000000084a00000, 0x0000000084b00000, 0x0000000084b00000|100%| O|  |TAMS 0x0000000084a00000| PB 0x0000000084a00000| Untracked 
|  75|0x0000000084b00000, 0x0000000084c00000, 0x0000000084c00000|100%| O|  |TAMS 0x0000000084b00000| PB 0x0000000084b00000| Untracked 
|  76|0x0000000084c00000, 0x0000000084d00000, 0x0000000084d00000|100%| O|  |TAMS 0x0000000084c00000| PB 0x0000000084c00000| Untracked 
|  77|0x0000000084d00000, 0x0000000084e00000, 0x0000000084e00000|100%| O|  |TAMS 0x0000000084d00000| PB 0x0000000084d00000| Untracked 
|  78|0x0000000084e00000, 0x0000000084e00000, 0x0000000084f00000|  0%| F|  |TAMS 0x0000000084e00000| PB 0x0000000084e00000| Untracked 
|  79|0x0000000084f00000, 0x0000000084f00000, 0x0000000085000000|  0%| F|  |TAMS 0x0000000084f00000| PB 0x0000000084f00000| Untracked 
|  80|0x0000000085000000, 0x0000000085000000, 0x0000000085100000|  0%| F|  |TAMS 0x0000000085000000| PB 0x0000000085000000| Untracked 
|  81|0x0000000085100000, 0x0000000085100000, 0x0000000085200000|  0%| F|  |TAMS 0x0000000085100000| PB 0x0000000085100000| Untracked 
|  82|0x0000000085200000, 0x0000000085200000, 0x0000000085300000|  0%| F|  |TAMS 0x0000000085200000| PB 0x0000000085200000| Untracked 
|  83|0x0000000085300000, 0x0000000085400000, 0x0000000085400000|100%| O|  |TAMS 0x0000000085300000| PB 0x0000000085300000| Untracked 
|  84|0x0000000085400000, 0x00000000854d30a0, 0x0000000085500000| 82%| O|  |TAMS 0x0000000085400000| PB 0x0000000085400000| Untracked 
|  85|0x0000000085500000, 0x0000000085500000, 0x0000000085600000|  0%| F|  |TAMS 0x0000000085500000| PB 0x0000000085500000| Untracked 
|  86|0x0000000085600000, 0x0000000085600000, 0x0000000085700000|  0%| F|  |TAMS 0x0000000085600000| PB 0x0000000085600000| Untracked 
|  87|0x0000000085700000, 0x0000000085700000, 0x0000000085800000|  0%| F|  |TAMS 0x0000000085700000| PB 0x0000000085700000| Untracked 
|  88|0x0000000085800000, 0x0000000085800000, 0x0000000085900000|  0%| F|  |TAMS 0x0000000085800000| PB 0x0000000085800000| Untracked 
|  89|0x0000000085900000, 0x0000000085997950, 0x0000000085a00000| 59%| S|CS|TAMS 0x0000000085900000| PB 0x0000000085900000| Complete 
|  90|0x0000000085a00000, 0x0000000085b00000, 0x0000000085b00000|100%| S|CS|TAMS 0x0000000085a00000| PB 0x0000000085a00000| Complete 
|  91|0x0000000085b00000, 0x0000000085c00000, 0x0000000085c00000|100%| S|CS|TAMS 0x0000000085b00000| PB 0x0000000085b00000| Complete 
|  92|0x0000000085c00000, 0x0000000085d00000, 0x0000000085d00000|100%| S|CS|TAMS 0x0000000085c00000| PB 0x0000000085c00000| Complete 
|  93|0x0000000085d00000, 0x0000000085d00000, 0x0000000085e00000|  0%| F|  |TAMS 0x0000000085d00000| PB 0x0000000085d00000| Untracked 
|  94|0x0000000085e00000, 0x0000000085e00000, 0x0000000085f00000|  0%| F|  |TAMS 0x0000000085e00000| PB 0x0000000085e00000| Untracked 
|  95|0x0000000085f00000, 0x0000000085f00000, 0x0000000086000000|  0%| F|  |TAMS 0x0000000085f00000| PB 0x0000000085f00000| Untracked 
|  96|0x0000000086000000, 0x0000000086000000, 0x0000000086100000|  0%| F|  |TAMS 0x0000000086000000| PB 0x0000000086000000| Untracked 
|  97|0x0000000086100000, 0x0000000086100000, 0x0000000086200000|  0%| F|  |TAMS 0x0000000086100000| PB 0x0000000086100000| Untracked 
|  98|0x0000000086200000, 0x0000000086200000, 0x0000000086300000|  0%| F|  |TAMS 0x0000000086200000| PB 0x0000000086200000| Untracked 
|  99|0x0000000086300000, 0x0000000086300000, 0x0000000086400000|  0%| F|  |TAMS 0x0000000086300000| PB 0x0000000086300000| Untracked 
| 100|0x0000000086400000, 0x0000000086400000, 0x0000000086500000|  0%| F|  |TAMS 0x0000000086400000| PB 0x0000000086400000| Untracked 
| 101|0x0000000086500000, 0x0000000086500000, 0x0000000086600000|  0%| F|  |TAMS 0x0000000086500000| PB 0x0000000086500000| Untracked 
| 102|0x0000000086600000, 0x0000000086600000, 0x0000000086700000|  0%| F|  |TAMS 0x0000000086600000| PB 0x0000000086600000| Untracked 
| 103|0x0000000086700000, 0x0000000086700000, 0x0000000086800000|  0%| F|  |TAMS 0x0000000086700000| PB 0x0000000086700000| Untracked 
| 104|0x0000000086800000, 0x0000000086800000, 0x0000000086900000|  0%| F|  |TAMS 0x0000000086800000| PB 0x0000000086800000| Untracked 
| 105|0x0000000086900000, 0x0000000086900000, 0x0000000086a00000|  0%| F|  |TAMS 0x0000000086900000| PB 0x0000000086900000| Untracked 
| 106|0x0000000086a00000, 0x0000000086a00000, 0x0000000086b00000|  0%| F|  |TAMS 0x0000000086a00000| PB 0x0000000086a00000| Untracked 
| 107|0x0000000086b00000, 0x0000000086b00000, 0x0000000086c00000|  0%| F|  |TAMS 0x0000000086b00000| PB 0x0000000086b00000| Untracked 
| 108|0x0000000086c00000, 0x0000000086c00000, 0x0000000086d00000|  0%| F|  |TAMS 0x0000000086c00000| PB 0x0000000086c00000| Untracked 
| 109|0x0000000086d00000, 0x0000000086d00000, 0x0000000086e00000|  0%| F|  |TAMS 0x0000000086d00000| PB 0x0000000086d00000| Untracked 
| 110|0x0000000086e00000, 0x0000000086e00000, 0x0000000086f00000|  0%| F|  |TAMS 0x0000000086e00000| PB 0x0000000086e00000| Untracked 
| 111|0x0000000086f00000, 0x0000000086f00000, 0x0000000087000000|  0%| F|  |TAMS 0x0000000086f00000| PB 0x0000000086f00000| Untracked 
| 112|0x0000000087000000, 0x0000000087000000, 0x0000000087100000|  0%| F|  |TAMS 0x0000000087000000| PB 0x0000000087000000| Untracked 
| 113|0x0000000087100000, 0x0000000087100000, 0x0000000087200000|  0%| F|  |TAMS 0x0000000087100000| PB 0x0000000087100000| Untracked 
| 114|0x0000000087200000, 0x0000000087200000, 0x0000000087300000|  0%| F|  |TAMS 0x0000000087200000| PB 0x0000000087200000| Untracked 
| 115|0x0000000087300000, 0x0000000087300000, 0x0000000087400000|  0%| F|  |TAMS 0x0000000087300000| PB 0x0000000087300000| Untracked 
| 116|0x0000000087400000, 0x0000000087400000, 0x0000000087500000|  0%| F|  |TAMS 0x0000000087400000| PB 0x0000000087400000| Untracked 
| 117|0x0000000087500000, 0x0000000087500000, 0x0000000087600000|  0%| F|  |TAMS 0x0000000087500000| PB 0x0000000087500000| Untracked 
| 118|0x0000000087600000, 0x0000000087600000, 0x0000000087700000|  0%| F|  |TAMS 0x0000000087600000| PB 0x0000000087600000| Untracked 
| 119|0x0000000087700000, 0x0000000087700000, 0x0000000087800000|  0%| F|  |TAMS 0x0000000087700000| PB 0x0000000087700000| Untracked 
| 120|0x0000000087800000, 0x0000000087800000, 0x0000000087900000|  0%| F|  |TAMS 0x0000000087800000| PB 0x0000000087800000| Untracked 
| 121|0x0000000087900000, 0x0000000087900000, 0x0000000087a00000|  0%| F|  |TAMS 0x0000000087900000| PB 0x0000000087900000| Untracked 
| 122|0x0000000087a00000, 0x0000000087a00000, 0x0000000087b00000|  0%| F|  |TAMS 0x0000000087a00000| PB 0x0000000087a00000| Untracked 
| 123|0x0000000087b00000, 0x0000000087b00000, 0x0000000087c00000|  0%| F|  |TAMS 0x0000000087b00000| PB 0x0000000087b00000| Untracked 
| 124|0x0000000087c00000, 0x0000000087c00000, 0x0000000087d00000|  0%| F|  |TAMS 0x0000000087c00000| PB 0x0000000087c00000| Untracked 
| 125|0x0000000087d00000, 0x0000000087d00000, 0x0000000087e00000|  0%| F|  |TAMS 0x0000000087d00000| PB 0x0000000087d00000| Untracked 
| 126|0x0000000087e00000, 0x0000000087e00000, 0x0000000087f00000|  0%| F|  |TAMS 0x0000000087e00000| PB 0x0000000087e00000| Untracked 
| 127|0x0000000087f00000, 0x0000000087f00000, 0x0000000088000000|  0%| F|  |TAMS 0x0000000087f00000| PB 0x0000000087f00000| Untracked 
| 128|0x0000000088000000, 0x0000000088000000, 0x0000000088100000|  0%| F|  |TAMS 0x0000000088000000| PB 0x0000000088000000| Untracked 
| 129|0x0000000088100000, 0x0000000088100000, 0x0000000088200000|  0%| F|  |TAMS 0x0000000088100000| PB 0x0000000088100000| Untracked 
| 130|0x0000000088200000, 0x0000000088200000, 0x0000000088300000|  0%| F|  |TAMS 0x0000000088200000| PB 0x0000000088200000| Untracked 
| 131|0x0000000088300000, 0x0000000088300000, 0x0000000088400000|  0%| F|  |TAMS 0x0000000088300000| PB 0x0000000088300000| Untracked 
| 132|0x0000000088400000, 0x0000000088400000, 0x0000000088500000|  0%| F|  |TAMS 0x0000000088400000| PB 0x0000000088400000| Untracked 
| 133|0x0000000088500000, 0x0000000088500000, 0x0000000088600000|  0%| F|  |TAMS 0x0000000088500000| PB 0x0000000088500000| Untracked 
| 134|0x0000000088600000, 0x0000000088600000, 0x0000000088700000|  0%| F|  |TAMS 0x0000000088600000| PB 0x0000000088600000| Untracked 
| 135|0x0000000088700000, 0x0000000088700000, 0x0000000088800000|  0%| F|  |TAMS 0x0000000088700000| PB 0x0000000088700000| Untracked 
| 136|0x0000000088800000, 0x0000000088800000, 0x0000000088900000|  0%| F|  |TAMS 0x0000000088800000| PB 0x0000000088800000| Untracked 
| 137|0x0000000088900000, 0x0000000088900000, 0x0000000088a00000|  0%| F|  |TAMS 0x0000000088900000| PB 0x0000000088900000| Untracked 
| 138|0x0000000088a00000, 0x0000000088a00000, 0x0000000088b00000|  0%| F|  |TAMS 0x0000000088a00000| PB 0x0000000088a00000| Untracked 
| 139|0x0000000088b00000, 0x0000000088b00000, 0x0000000088c00000|  0%| F|  |TAMS 0x0000000088b00000| PB 0x0000000088b00000| Untracked 
| 140|0x0000000088c00000, 0x0000000088c00000, 0x0000000088d00000|  0%| F|  |TAMS 0x0000000088c00000| PB 0x0000000088c00000| Untracked 
| 141|0x0000000088d00000, 0x0000000088d00000, 0x0000000088e00000|  0%| F|  |TAMS 0x0000000088d00000| PB 0x0000000088d00000| Untracked 
| 142|0x0000000088e00000, 0x0000000088e00000, 0x0000000088f00000|  0%| F|  |TAMS 0x0000000088e00000| PB 0x0000000088e00000| Untracked 
| 143|0x0000000088f00000, 0x0000000088f00000, 0x0000000089000000|  0%| F|  |TAMS 0x0000000088f00000| PB 0x0000000088f00000| Untracked 
| 144|0x0000000089000000, 0x0000000089000000, 0x0000000089100000|  0%| F|  |TAMS 0x0000000089000000| PB 0x0000000089000000| Untracked 
| 145|0x0000000089100000, 0x0000000089100000, 0x0000000089200000|  0%| F|  |TAMS 0x0000000089100000| PB 0x0000000089100000| Untracked 
| 146|0x0000000089200000, 0x0000000089200000, 0x0000000089300000|  0%| F|  |TAMS 0x0000000089200000| PB 0x0000000089200000| Untracked 
| 147|0x0000000089300000, 0x0000000089300000, 0x0000000089400000|  0%| F|  |TAMS 0x0000000089300000| PB 0x0000000089300000| Untracked 
| 148|0x0000000089400000, 0x0000000089400000, 0x0000000089500000|  0%| F|  |TAMS 0x0000000089400000| PB 0x0000000089400000| Untracked 
| 149|0x0000000089500000, 0x000000008958c088, 0x0000000089600000| 54%| E|  |TAMS 0x0000000089500000| PB 0x0000000089500000| Complete 
| 150|0x0000000089600000, 0x0000000089700000, 0x0000000089700000|100%| E|CS|TAMS 0x0000000089600000| PB 0x0000000089600000| Complete 
| 151|0x0000000089700000, 0x0000000089800000, 0x0000000089800000|100%| E|CS|TAMS 0x0000000089700000| PB 0x0000000089700000| Complete 
| 152|0x0000000089800000, 0x0000000089900000, 0x0000000089900000|100%| E|CS|TAMS 0x0000000089800000| PB 0x0000000089800000| Complete 
| 153|0x0000000089900000, 0x0000000089a00000, 0x0000000089a00000|100%| E|CS|TAMS 0x0000000089900000| PB 0x0000000089900000| Complete 
|2043|0x00000000ffb00000, 0x00000000ffc00000, 0x00000000ffc00000|100%| O|  |TAMS 0x00000000ffb00000| PB 0x00000000ffb00000| Untracked 
|2044|0x00000000ffc00000, 0x00000000ffd00000, 0x00000000ffd00000|100%| O|  |TAMS 0x00000000ffc00000| PB 0x00000000ffc00000| Untracked 
|2045|0x00000000ffd00000, 0x00000000ffe00000, 0x00000000ffe00000|100%| O|  |TAMS 0x00000000ffd00000| PB 0x00000000ffd00000| Untracked 
|2046|0x00000000ffe00000, 0x00000000fff00000, 0x00000000fff00000|100%| O|  |TAMS 0x00000000ffe00000| PB 0x00000000ffe00000| Untracked 
|2047|0x00000000fff00000, 0x0000000100000000, 0x0000000100000000|100%| O|  |TAMS 0x00000000fff00000| PB 0x00000000fff00000| Untracked 

Card table byte_map: [0x00000146732f0000,0x00000146736f0000] _byte_map_base: 0x0000014672ef0000

Marking Bits: (CMBitMap*) 0x000001465b51b350
 Bits: [0x00000146736f0000, 0x00000146756f0000)

Polling page: 0x0000014659360000

Metaspace:

Usage:
  Non-class:     65.93 MB used.
      Class:     10.54 MB used.
       Both:     76.47 MB used.

Virtual space:
  Non-class space:      128.00 MB reserved,      67.06 MB ( 52%) committed,  2 nodes.
      Class space:        1.00 GB reserved,      11.69 MB (  1%) committed,  1 nodes.
             Both:        1.12 GB reserved,      78.75 MB (  7%) committed. 

Chunk freelists:
   Non-Class:  12.82 MB
       Class:  4.15 MB
        Both:  16.97 MB

MaxMetaspaceSize: unlimited
CompressedClassSpaceSize: 1.00 GB
Initial GC threshold: 21.00 MB
Current GC threshold: 114.19 MB
CDS: on
 - commit_granule_bytes: 65536.
 - commit_granule_words: 8192.
 - virtual_space_node_default_size: 8388608.
 - enlarge_chunks_in_place: 1.
 - use_allocation_guard: 0.


Internal statistics:

num_allocs_failed_limit: 6.
num_arena_births: 4140.
num_arena_deaths: 0.
num_vsnodes_births: 3.
num_vsnodes_deaths: 0.
num_space_committed: 1260.
num_space_uncommitted: 0.
num_chunks_returned_to_freelist: 6.
num_chunks_taken_from_freelist: 7885.
num_chunk_merges: 6.
num_chunk_splits: 5136.
num_chunks_enlarged: 3151.
num_inconsistent_stats: 0.

CodeHeap 'non-profiled nmethods': size=120000Kb used=4504Kb max_used=4504Kb free=115495Kb
 bounds [0x000001466b690000, 0x000001466bb00000, 0x0000014672bc0000]
CodeHeap 'profiled nmethods': size=120000Kb used=16009Kb max_used=16009Kb free=103990Kb
 bounds [0x0000014663bc0000, 0x0000014664b70000, 0x000001466b0f0000]
CodeHeap 'non-nmethods': size=5760Kb used=2357Kb max_used=2394Kb free=3402Kb
 bounds [0x000001466b0f0000, 0x000001466b360000, 0x000001466b690000]
 total_blobs=9582 nmethods=8742 adapters=743
 compilation: enabled
              stopped_count=0, restarted_count=0
 full_count=0

Compilation events (20 events):
Event: 37.334 Thread 0x00000146780e06e0 10386       3       org.objectweb.asm.MethodWriter::visitLabel (332 bytes)
Event: 37.335 Thread 0x00000146780e06e0 nmethod 10386 0x0000014664b5ba90 code [0x0000014664b5bd20, 0x0000014664b5ca30]
Event: 37.338 Thread 0x00000146780e06e0 10388       3       org.gradle.util.Path::computeHashCode (58 bytes)
Event: 37.338 Thread 0x00000146780e06e0 nmethod 10388 0x0000014664b5cd10 code [0x0000014664b5cec0, 0x0000014664b5d128]
Event: 37.338 Thread 0x00000146780e06e0 10387       3       org.gradle.util.Path::<init> (49 bytes)
Event: 37.338 Thread 0x00000146780e06e0 nmethod 10387 0x0000014664b5d290 code [0x0000014664b5d440, 0x0000014664b5d660]
Event: 37.339 Thread 0x00000146780e06e0 10389       3       org.gradle.api.internal.DefaultDomainObjectCollection$IteratorImpl::next (18 bytes)
Event: 37.339 Thread 0x00000146780e06e0 nmethod 10389 0x0000014664b5d790 code [0x0000014664b5d940, 0x0000014664b5db70]
Event: 37.341 Thread 0x00000146780e06e0 10390       3       org.gradle.model.internal.type.ClassTypeWrapper::unwrap (11 bytes)
Event: 37.341 Thread 0x00000146780e06e0 nmethod 10390 0x0000014664b5dc90 code [0x0000014664b5de40, 0x0000014664b5e108]
Event: 37.343 Thread 0x00000146780e06e0 10391       3       java.lang.String::encode (48 bytes)
Event: 37.343 Thread 0x00000146780e06e0 nmethod 10391 0x0000014664b5e210 code [0x0000014664b5e420, 0x0000014664b5e768]
Event: 37.346 Thread 0x00000146780e06e0 10392       3       org.gradle.internal.file.FileHierarchySet$Node::isChildOfOrThis (110 bytes)
Event: 37.347 Thread 0x00000146780e06e0 nmethod 10392 0x0000014664b5e890 code [0x0000014664b5ebc0, 0x0000014664b5ff80]
Event: 37.347 Thread 0x00000146780e06e0 10393   !   3       org.gradle.internal.snapshot.FileSystemLeafSnapshot::accept (36 bytes)
Event: 37.347 Thread 0x00000146780e06e0 nmethod 10393 0x0000014664b60790 code [0x0000014664b609e0, 0x0000014664b613b0]
Event: 37.347 Thread 0x00000146780e06e0 10394       3       org.gradle.internal.snapshot.RegularFileSnapshot::accept (8 bytes)
Event: 37.347 Thread 0x00000146780e06e0 nmethod 10394 0x0000014664b61710 code [0x0000014664b618c0, 0x0000014664b61a60]
Event: 37.348 Thread 0x00000146780e06e0 10395       3       org.gradle.internal.fingerprint.impl.IgnoredPathFileSystemLocationFingerprint::appendToHasher (11 bytes)
Event: 37.348 Thread 0x00000146780e06e0 nmethod 10395 0x0000014664b61b90 code [0x0000014664b61da0, 0x0000014664b62358]

GC Heap History (20 events):
Event: 24.551 GC heap before
{Heap before GC invocations=30 (full 0):
 garbage-first heap   total 94208K, used 71415K [0x0000000080000000, 0x0000000100000000)
  region size 1024K, 19 young (19456K), 3 survivors (3072K)
 Metaspace       used 58653K, committed 60800K, reserved 1114112K
  class space    used 8392K, committed 9472K, reserved 1048576K
}
Event: 24.556 GC heap after
{Heap after GC invocations=31 (full 0):
 garbage-first heap   total 113664K, used 57227K [0x0000000080000000, 0x0000000100000000)
  region size 1024K, 3 young (3072K), 3 survivors (3072K)
 Metaspace       used 58653K, committed 60800K, reserved 1114112K
  class space    used 8392K, committed 9472K, reserved 1048576K
}
Event: 26.351 GC heap before
{Heap before GC invocations=31 (full 0):
 garbage-first heap   total 113664K, used 97163K [0x0000000080000000, 0x0000000100000000)
  region size 1024K, 43 young (44032K), 3 survivors (3072K)
 Metaspace       used 58796K, committed 60928K, reserved 1114112K
  class space    used 8392K, committed 9472K, reserved 1048576K
}
Event: 26.363 GC heap after
{Heap after GC invocations=32 (full 0):
 garbage-first heap   total 113664K, used 58766K [0x0000000080000000, 0x0000000100000000)
  region size 1024K, 6 young (6144K), 6 survivors (6144K)
 Metaspace       used 58796K, committed 60928K, reserved 1114112K
  class space    used 8392K, committed 9472K, reserved 1048576K
}
Event: 28.417 GC heap before
{Heap before GC invocations=32 (full 0):
 garbage-first heap   total 113664K, used 93582K [0x0000000080000000, 0x0000000100000000)
  region size 1024K, 41 young (41984K), 6 survivors (6144K)
 Metaspace       used 59237K, committed 61440K, reserved 1114112K
  class space    used 8445K, committed 9536K, reserved 1048576K
}
Event: 28.437 GC heap after
{Heap after GC invocations=33 (full 0):
 garbage-first heap   total 113664K, used 61642K [0x0000000080000000, 0x0000000100000000)
  region size 1024K, 5 young (5120K), 5 survivors (5120K)
 Metaspace       used 59237K, committed 61440K, reserved 1114112K
  class space    used 8445K, committed 9536K, reserved 1048576K
}
Event: 31.091 GC heap before
{Heap before GC invocations=34 (full 0):
 garbage-first heap   total 113664K, used 107722K [0x0000000080000000, 0x0000000100000000)
  region size 1024K, 42 young (43008K), 5 survivors (5120K)
 Metaspace       used 61267K, committed 63488K, reserved 1114112K
  class space    used 8695K, committed 9792K, reserved 1048576K
}
Event: 31.145 GC heap after
{Heap after GC invocations=35 (full 0):
 garbage-first heap   total 120832K, used 76630K [0x0000000080000000, 0x0000000100000000)
  region size 1024K, 6 young (6144K), 6 survivors (6144K)
 Metaspace       used 61267K, committed 63488K, reserved 1114112K
  class space    used 8695K, committed 9792K, reserved 1048576K
}
Event: 32.346 GC heap before
{Heap before GC invocations=35 (full 0):
 garbage-first heap   total 120832K, used 106326K [0x0000000080000000, 0x0000000100000000)
  region size 1024K, 36 young (36864K), 6 survivors (6144K)
 Metaspace       used 63986K, committed 66176K, reserved 1114112K
  class space    used 8978K, committed 10048K, reserved 1048576K
}
Event: 32.366 GC heap after
{Heap after GC invocations=36 (full 0):
 garbage-first heap   total 120832K, used 76093K [0x0000000080000000, 0x0000000100000000)
  region size 1024K, 1 young (1024K), 1 survivors (1024K)
 Metaspace       used 63986K, committed 66176K, reserved 1114112K
  class space    used 8978K, committed 10048K, reserved 1048576K
}
Event: 34.389 GC heap before
{Heap before GC invocations=36 (full 0):
 garbage-first heap   total 120832K, used 107837K [0x0000000080000000, 0x0000000100000000)
  region size 1024K, 33 young (33792K), 1 survivors (1024K)
 Metaspace       used 67329K, committed 69568K, reserved 1114112K
  class space    used 9381K, committed 10496K, reserved 1048576K
}
Event: 34.440 GC heap after
{Heap after GC invocations=37 (full 0):
 garbage-first heap   total 120832K, used 77076K [0x0000000080000000, 0x0000000100000000)
  region size 1024K, 2 young (2048K), 2 survivors (2048K)
 Metaspace       used 67329K, committed 69568K, reserved 1114112K
  class space    used 9381K, committed 10496K, reserved 1048576K
}
Event: 35.732 GC heap before
{Heap before GC invocations=38 (full 0):
 garbage-first heap   total 133120K, used 110868K [0x0000000080000000, 0x0000000100000000)
  region size 1024K, 34 young (34816K), 2 survivors (2048K)
 Metaspace       used 70879K, committed 73152K, reserved 1114112K
  class space    used 9838K, committed 10944K, reserved 1048576K
}
Event: 35.738 GC heap after
{Heap after GC invocations=39 (full 0):
 garbage-first heap   total 133120K, used 80666K [0x0000000080000000, 0x0000000100000000)
  region size 1024K, 4 young (4096K), 4 survivors (4096K)
 Metaspace       used 70879K, committed 73152K, reserved 1114112K
  class space    used 9838K, committed 10944K, reserved 1048576K
}
Event: 36.413 GC heap before
{Heap before GC invocations=39 (full 0):
 garbage-first heap   total 133120K, used 124698K [0x0000000080000000, 0x0000000100000000)
  region size 1024K, 43 young (44032K), 4 survivors (4096K)
 Metaspace       used 74003K, committed 76352K, reserved 1114112K
  class space    used 10231K, committed 11392K, reserved 1048576K
}
Event: 36.427 GC heap after
{Heap after GC invocations=40 (full 0):
 garbage-first heap   total 135168K, used 86736K [0x0000000080000000, 0x0000000100000000)
  region size 1024K, 6 young (6144K), 6 survivors (6144K)
 Metaspace       used 74003K, committed 76352K, reserved 1114112K
  class space    used 10231K, committed 11392K, reserved 1048576K
}
Event: 36.481 GC heap before
{Heap before GC invocations=40 (full 0):
 garbage-first heap   total 135168K, used 91856K [0x0000000080000000, 0x0000000100000000)
  region size 1024K, 12 young (12288K), 6 survivors (6144K)
 Metaspace       used 74007K, committed 76352K, reserved 1114112K
  class space    used 10231K, committed 11392K, reserved 1048576K
}
Event: 36.488 GC heap after
{Heap after GC invocations=41 (full 0):
 garbage-first heap   total 162816K, used 86447K [0x0000000080000000, 0x0000000100000000)
  region size 1024K, 2 young (2048K), 2 survivors (2048K)
 Metaspace       used 74007K, committed 76352K, reserved 1114112K
  class space    used 10231K, committed 11392K, reserved 1048576K
}
Event: 37.275 GC heap before
{Heap before GC invocations=41 (full 0):
 garbage-first heap   total 162816K, used 147887K [0x0000000080000000, 0x0000000100000000)
  region size 1024K, 61 young (62464K), 2 survivors (2048K)
 Metaspace       used 78051K, committed 80384K, reserved 1179648K
  class space    used 10757K, committed 11904K, reserved 1048576K
}
Event: 37.279 GC heap after
{Heap after GC invocations=42 (full 0):
 garbage-first heap   total 162816K, used 89514K [0x0000000080000000, 0x0000000100000000)
  region size 1024K, 4 young (4096K), 4 survivors (4096K)
 Metaspace       used 78051K, committed 80384K, reserved 1179648K
  class space    used 10757K, committed 11904K, reserved 1048576K
}

Dll operation events (15 events):
Event: 0.013 Loaded shared library C:\Users\welcome\.gradle\jdks\eclipse_adoptium-21-amd64-windows.2\bin\java.dll
Event: 0.048 Loaded shared library C:\Users\welcome\.gradle\jdks\eclipse_adoptium-21-amd64-windows.2\bin\jsvml.dll
Event: 0.105 Loaded shared library C:\Users\welcome\.gradle\jdks\eclipse_adoptium-21-amd64-windows.2\bin\zip.dll
Event: 0.114 Loaded shared library C:\Users\welcome\.gradle\jdks\eclipse_adoptium-21-amd64-windows.2\bin\instrument.dll
Event: 0.128 Loaded shared library C:\Users\welcome\.gradle\jdks\eclipse_adoptium-21-amd64-windows.2\bin\net.dll
Event: 0.139 Loaded shared library C:\Users\welcome\.gradle\jdks\eclipse_adoptium-21-amd64-windows.2\bin\nio.dll
Event: 0.142 Loaded shared library C:\Users\welcome\.gradle\jdks\eclipse_adoptium-21-amd64-windows.2\bin\zip.dll
Event: 0.581 Loaded shared library C:\Users\welcome\.gradle\jdks\eclipse_adoptium-21-amd64-windows.2\bin\jimage.dll
Event: 1.089 Loaded shared library C:\Users\welcome\.gradle\jdks\eclipse_adoptium-21-amd64-windows.2\bin\verify.dll
Event: 1.136 Loaded shared library C:\Users\welcome\.gradle\native\660c5614fbf4a5f2a75b1949f50a0caf5cd603558e7d8a26e50b933a0cfb79d1\windows-amd64\native-platform.dll
Event: 1.165 Loaded shared library C:\Users\welcome\.gradle\native\0.2.8\x86_64-windows-gnu\gradle-fileevents.dll
Event: 2.946 Loaded shared library C:\Users\welcome\.gradle\jdks\eclipse_adoptium-21-amd64-windows.2\bin\management.dll
Event: 2.955 Loaded shared library C:\Users\welcome\.gradle\jdks\eclipse_adoptium-21-amd64-windows.2\bin\management_ext.dll
Event: 3.218 Loaded shared library C:\Users\welcome\.gradle\jdks\eclipse_adoptium-21-amd64-windows.2\bin\extnet.dll
Event: 3.980 Loaded shared library C:\Users\welcome\.gradle\jdks\eclipse_adoptium-21-amd64-windows.2\bin\sunmscapi.dll

Deoptimization events (20 events):
Event: 37.055 Thread 0x000001467dd91c60 DEOPT PACKING pc=0x000001466bad3e04 sp=0x000000115f5f5b50
Event: 37.055 Thread 0x000001467dd91c60 DEOPT UNPACKING pc=0x000001466b147da2 sp=0x000000115f5f5b20 mode 2
Event: 37.208 Thread 0x000001467dd91c60 Uncommon trap: trap_request=0xffffff45 fr.pc=0x000001466ba8a5a4 relative=0x0000000000000184
Event: 37.208 Thread 0x000001467dd91c60 Uncommon trap: reason=unstable_if action=reinterpret pc=0x000001466ba8a5a4 method=org.objectweb.asm.ByteVector.putByteArray([BII)Lorg/objectweb/asm/ByteVector; @ 20 c2
Event: 37.208 Thread 0x000001467dd91c60 DEOPT PACKING pc=0x000001466ba8a5a4 sp=0x000000115f5f5420
Event: 37.208 Thread 0x000001467dd91c60 DEOPT UNPACKING pc=0x000001466b147da2 sp=0x000000115f5f53f0 mode 2
Event: 37.208 Thread 0x000001467dd91c60 Uncommon trap: trap_request=0xffffff45 fr.pc=0x000001466b7d6a90 relative=0x0000000000000a90
Event: 37.208 Thread 0x000001467dd91c60 Uncommon trap: reason=unstable_if action=reinterpret pc=0x000001466b7d6a90 method=org.objectweb.asm.Label.resolve([BLorg/objectweb/asm/ByteVector;I)Z @ 81 c2
Event: 37.208 Thread 0x000001467dd91c60 DEOPT PACKING pc=0x000001466b7d6a90 sp=0x000000115f5f5440
Event: 37.208 Thread 0x000001467dd91c60 DEOPT UNPACKING pc=0x000001466b147da2 sp=0x000000115f5f5368 mode 2
Event: 37.208 Thread 0x000001467dd91c60 Uncommon trap: trap_request=0xffffff45 fr.pc=0x000001466b917984 relative=0x0000000000000264
Event: 37.208 Thread 0x000001467dd91c60 Uncommon trap: reason=unstable_if action=reinterpret pc=0x000001466b917984 method=org.objectweb.asm.Label.resolve([BLorg/objectweb/asm/ByteVector;I)Z @ 81 c2
Event: 37.208 Thread 0x000001467dd91c60 DEOPT PACKING pc=0x000001466b917984 sp=0x000000115f5f53d0
Event: 37.208 Thread 0x000001467dd91c60 DEOPT UNPACKING pc=0x000001466b147da2 sp=0x000000115f5f5360 mode 2
Event: 37.345 Thread 0x000001467dd91c60 Uncommon trap: trap_request=0xffffff45 fr.pc=0x000001466b834304 relative=0x0000000000000304
Event: 37.345 Thread 0x000001467dd91c60 Uncommon trap: reason=unstable_if action=reinterpret pc=0x000001466b834304 method=org.gradle.internal.file.FileHierarchySet$Node.isChildOfOrThis(Ljava/lang/String;I)Z @ 72 c2
Event: 37.345 Thread 0x000001467dd91c60 DEOPT PACKING pc=0x000001466b834304 sp=0x000000115f5f82d0
Event: 37.345 Thread 0x000001467dd91c60 DEOPT UNPACKING pc=0x000001466b147da2 sp=0x000000115f5f8258 mode 2
Event: 37.351 Thread 0x000001467dd91c60 DEOPT PACKING pc=0x00000146643d1c3c sp=0x000000115f5f83c0
Event: 37.351 Thread 0x000001467dd91c60 DEOPT UNPACKING pc=0x000001466b1488e2 sp=0x000000115f5f7850 mode 0

Classes loaded (20 events):
Event: 36.379 Loading class java/util/Base64$Decoder
Event: 36.380 Loading class java/util/Base64$Decoder done
Event: 36.380 Loading class java/util/Base64$Encoder
Event: 36.380 Loading class java/util/Base64$Encoder done
Event: 36.380 Loading class java/util/jar/JarVerifier$VerifierStream
Event: 36.381 Loading class java/util/jar/JarVerifier$VerifierStream done
Event: 36.381 Loading class sun/security/util/ManifestEntryVerifier$SunProviderHolder
Event: 36.381 Loading class sun/security/util/ManifestEntryVerifier$SunProviderHolder done
Event: 36.498 Loading class java/security/KeyStore$ProtectionParameter
Event: 36.499 Loading class java/security/KeyStore$ProtectionParameter done
Event: 36.742 Loading class sun/reflect/annotation/AnnotationInvocationHandler$1
Event: 36.742 Loading class sun/reflect/annotation/AnnotationInvocationHandler$1 done
Event: 36.774 Loading class java/lang/foreign/ValueLayout
Event: 36.775 Loading class java/lang/foreign/MemoryLayout
Event: 36.775 Loading class java/lang/foreign/MemoryLayout done
Event: 36.775 Loading class java/lang/foreign/ValueLayout done
Event: 36.993 Loading class java/security/KeyStore
Event: 36.994 Loading class java/security/KeyStore done
Event: 37.163 Loading class javax/xml/stream/XMLStreamException
Event: 37.163 Loading class javax/xml/stream/XMLStreamException done

Classes unloaded (0 events):
No events

Classes redefined (0 events):
No events

Internal exceptions (20 events):
Event: 28.188 Thread 0x000001467dd93d30 Exception <a 'java/lang/NoSuchMethodError'{0x0000000085098338}: static Lorg/gradle/internal/build/event/types/DefaultBinaryPluginIdentifier;.<clinit>()V> (0x0000000085098338) 
thrown [s\src\hotspot\share\prims\jni.cpp, line 1111]
Event: 28.223 Thread 0x000001467dd93d30 Exception <a 'java/lang/NoSuchMethodError'{0x00000000850b2f18}: static Lorg/gradle/internal/build/event/types/DefaultScriptPluginIdentifier;.<clinit>()V> (0x00000000850b2f18) 
thrown [s\src\hotspot\share\prims\jni.cpp, line 1111]
Event: 28.381 Thread 0x000001467dd91c60 Implicit null exception at 0x000001466b97bbdd to 0x000001466b97c0bf
Event: 29.369 Thread 0x000001467dd91c60 Exception <a 'java/lang/ClassNotFoundException'{0x000000008679d290}: org/gradle/api/internal/plugins/DefaultObjectConfigurationActionBeanInfo> (0x000000008679d290) 
thrown [s\src\hotspot\share\classfile\systemDictionary.cpp, line 312]
Event: 29.389 Thread 0x000001467dd91c60 Exception <a 'java/lang/ClassNotFoundException'{0x00000000867b4940}: org/gradle/api/internal/plugins/DefaultObjectConfigurationActionCustomizer> (0x00000000867b4940) 
thrown [s\src\hotspot\share\classfile\systemDictionary.cpp, line 312]
Event: 31.719 Thread 0x000001467dd91c60 Exception <a 'java/lang/NoSuchMethodError'{0x000000008656fd08}: 'int java.lang.invoke.DirectMethodHandle$Holder.invokeSpecialIFC(java.lang.Object, java.lang.Object, java.lang.Object, java.lang.Object, java.lang.Object)'> (0x000000008656fd08) 
thrown [s\src\hotspot\share\interpreter\linkResolver.cpp, line 773]
Event: 34.186 Thread 0x000001467dd91c60 Exception <a 'java/lang/NoSuchMethodError'{0x000000008520da58}: 'java.lang.Object java.lang.invoke.DirectMethodHandle$Holder.newInvokeSpecial(java.lang.Object, java.lang.Object, java.lang.Object, java.lang.Object, java.lang.Object, java.lang.Object, java.lang.Object, java.lang.Object, java.lang.Object, java.lang.Object, java.lang.Object, java.lang.Object, java.lang.Object, java.lang.Object, java.lang.Object, java.lang.Object)'> (0x000000008520da58) 
thrown [s\src\hotspot\share\interpreter\linkResolver.cpp,
Event: 34.193 Thread 0x000001467dd91c60 Exception <a 'java/lang/NoSuchMethodError'{0x0000000085214718}: 'java.lang.Object java.lang.invoke.DirectMethodHandle$Holder.invokeSpecial(java.lang.Object, java.lang.Object, java.lang.Object, java.lang.Object, java.lang.Object, java.lang.Object, java.lang.Object, java.lang.Object, java.lang.Object, java.lang.Object, java.lang.Object, java.lang.Object, java.lang.Object, java.lang.Object, java.lang.Object, java.lang.Object, java.lang.Object)'> (0x0000000085214718) 
thrown [s\src\hotspot\share\interpreter\li
Event: 34.196 Thread 0x000001467dd91c60 Exception <a 'java/lang/NoSuchMethodError'{0x000000008521a5a8}: 'java.lang.Object java.lang.invoke.DelegatingMethodHandle$Holder.reinvoke_L(java.lang.Object, java.lang.Object, java.lang.Object, java.lang.Object, java.lang.Object, java.lang.Object, java.lang.Object, java.lang.Object, java.lang.Object, java.lang.Object, java.lang.Object, java.lang.Object, java.lang.Object, java.lang.Object, java.lang.Object, java.lang.Object)'> (0x000000008521a5a8) 
thrown [s\src\hotspot\share\interpreter\linkResolver.cpp, l
Event: 34.724 Thread 0x000001467dd91c60 Exception <a 'java/lang/NoSuchMethodError'{0x0000000086fa3bc8}: 'void java.lang.invoke.DirectMethodHandle$Holder.invokeVirtual(java.lang.Object, java.lang.Object)'> (0x0000000086fa3bc8) 
thrown [s\src\hotspot\share\interpreter\linkResolver.cpp, line 773]
Event: 35.491 Thread 0x000001467dd91c60 Exception <a 'java/lang/NoSuchMethodError'{0x0000000086593998}: static Lorg/jetbrains/kotlin/gradle/plugin/internal/DefaultProjectIsolationStartParameterAccessor$Factory;.<clinit>()V> (0x0000000086593998) 
thrown [s\src\hotspot\share\prims\jni.cpp, line 1111]
Event: 35.495 Thread 0x000001467dd91c60 Exception <a 'java/lang/NoSuchMethodError'{0x00000000865b9038}: static Lorg/jetbrains/kotlin/gradle/plugin/internal/DefaultJavaExecTaskParametersCompatibility$Factory;.<clinit>()V> (0x00000000865b9038) 
thrown [s\src\hotspot\share\prims\jni.cpp, line 1111]
Event: 35.497 Thread 0x000001467dd91c60 Exception <a 'java/lang/NoSuchMethodError'{0x00000000865edf70}: static Lorg/jetbrains/kotlin/gradle/plugin/internal/DefaultMavenPublicationComponentAccessorFactory;.<clinit>()V> (0x00000000865edf70) 
thrown [s\src\hotspot\share\prims\jni.cpp, line 1111]
Event: 35.498 Thread 0x000001467dd91c60 Exception <a 'java/lang/NoSuchMethodError'{0x0000000086412bc0}: static Lorg/jetbrains/kotlin/gradle/plugin/diagnostics/DefaultProblemsReporter$Factory;.<clinit>()V> (0x0000000086412bc0) 
thrown [s\src\hotspot\share\prims\jni.cpp, line 1111]
Event: 35.499 Thread 0x000001467dd91c60 Exception <a 'java/lang/NoSuchMethodError'{0x00000000864438d0}: static Lorg/jetbrains/kotlin/gradle/plugin/internal/DefaultCompatibilityConventionRegistrar$Factory;.<clinit>()V> (0x00000000864438d0) 
thrown [s\src\hotspot\share\prims\jni.cpp, line 1111]
Event: 35.500 Thread 0x000001467dd91c60 Exception <a 'java/lang/NoSuchMethodError'{0x000000008646d9f8}: static Lorg/jetbrains/kotlin/gradle/plugin/internal/DefaultConfigurationCacheStartParameterAccessorVariantFactory;.<clinit>()V> (0x000000008646d9f8) 
thrown [s\src\hotspot\share\prims\jni.cpp, line 1111]
Event: 35.534 Thread 0x000001467dd91c60 Exception <a 'java/lang/IncompatibleClassChangeError'{0x00000000863feae0}: Found class java.lang.Object, but interface was expected> (0x00000000863feae0) 
thrown [s\src\hotspot\share\interpreter\linkResolver.cpp, line 840]
Event: 35.839 Thread 0x000001467dd91c60 Exception <a 'java/lang/NoSuchMethodError'{0x00000000878afe08}: static Ljava/lang/Object;.<clinit>()V> (0x00000000878afe08) 
thrown [s\src\hotspot\share\prims\jni.cpp, line 1111]
Event: 35.845 Thread 0x000001467dd91c60 Exception <a 'java/lang/NoSuchMethodError'{0x0000000087709e08}: static Lorg/jetbrains/kotlin/gradle/plugin/statistics/MetricContainer;.<clinit>()V> (0x0000000087709e08) 
thrown [s\src\hotspot\share\prims\jni.cpp, line 1111]
Event: 37.208 Thread 0x000001467dd91c60 Implicit null exception at 0x000001466ba8a475 to 0x000001466ba8a588

ZGC Phase Switch (0 events):
No events

VM Operations (20 events):
Event: 35.445 Executing VM operation: HandshakeAllThreads (Deoptimize)
Event: 35.445 Executing VM operation: HandshakeAllThreads (Deoptimize) done
Event: 35.732 Executing VM operation: G1CollectForAllocation (G1 Evacuation Pause)
Event: 35.738 Executing VM operation: G1CollectForAllocation (G1 Evacuation Pause) done
Event: 36.069 Executing VM operation: HandshakeAllThreads (Deoptimize)
Event: 36.069 Executing VM operation: HandshakeAllThreads (Deoptimize) done
Event: 36.258 Executing VM operation: HandshakeAllThreads (Deoptimize)
Event: 36.259 Executing VM operation: HandshakeAllThreads (Deoptimize) done
Event: 36.333 Executing VM operation: HandshakeAllThreads (Deoptimize)
Event: 36.333 Executing VM operation: HandshakeAllThreads (Deoptimize) done
Event: 36.335 Executing VM operation: HandshakeAllThreads (Deoptimize)
Event: 36.335 Executing VM operation: HandshakeAllThreads (Deoptimize) done
Event: 36.413 Executing VM operation: G1CollectForAllocation (G1 Evacuation Pause)
Event: 36.427 Executing VM operation: G1CollectForAllocation (G1 Evacuation Pause) done
Event: 36.481 Executing VM operation: G1TryInitiateConcMark (G1 Humongous Allocation)
Event: 36.488 Executing VM operation: G1TryInitiateConcMark (G1 Humongous Allocation) done
Event: 37.271 Executing VM operation: ICBufferFull
Event: 37.271 Executing VM operation: ICBufferFull done
Event: 37.275 Executing VM operation: G1CollectForAllocation (G1 Evacuation Pause)
Event: 37.279 Executing VM operation: G1CollectForAllocation (G1 Evacuation Pause) done

Memory protections (0 events):
No events

Nmethod flushes (20 events):
Event: 35.043 Thread 0x00000146780b80a0 flushing  nmethod 0x00000146643ff910
Event: 35.043 Thread 0x00000146780b80a0 flushing  nmethod 0x0000014664400e10
Event: 35.043 Thread 0x00000146780b80a0 flushing  nmethod 0x0000014664401290
Event: 35.043 Thread 0x00000146780b80a0 flushing  nmethod 0x0000014664401810
Event: 35.043 Thread 0x00000146780b80a0 flushing  nmethod 0x0000014664401f10
Event: 35.043 Thread 0x00000146780b80a0 flushing  nmethod 0x0000014664402890
Event: 35.043 Thread 0x00000146780b80a0 flushing  nmethod 0x0000014664402b90
Event: 35.043 Thread 0x00000146780b80a0 flushing  nmethod 0x0000014664403890
Event: 35.043 Thread 0x00000146780b80a0 flushing  nmethod 0x00000146644e4110
Event: 35.043 Thread 0x00000146780b80a0 flushing  nmethod 0x00000146645e9d90
Event: 35.043 Thread 0x00000146780b80a0 flushing  nmethod 0x0000014664611690
Event: 35.043 Thread 0x00000146780b80a0 flushing  nmethod 0x0000014664694590
Event: 35.043 Thread 0x00000146780b80a0 flushing  nmethod 0x0000014664771710
Event: 35.043 Thread 0x00000146780b80a0 flushing  nmethod 0x0000014664773690
Event: 35.043 Thread 0x00000146780b80a0 flushing  nmethod 0x0000014664776210
Event: 35.043 Thread 0x00000146780b80a0 flushing  nmethod 0x0000014664779090
Event: 35.043 Thread 0x00000146780b80a0 flushing  nmethod 0x000001466478df10
Event: 35.043 Thread 0x00000146780b80a0 flushing  nmethod 0x00000146647d6f90
Event: 35.043 Thread 0x00000146780b80a0 flushing  nmethod 0x00000146647d7a90
Event: 35.043 Thread 0x00000146780b80a0 flushing  nmethod 0x00000146648e5890

Events (20 events):
Event: 21.783 Thread 0x000001467dd91c60 Thread added: 0x0000014678d3a4d0
Event: 21.783 Thread 0x000001467dd91c60 Thread added: 0x0000014678d37d70
Event: 21.783 Thread 0x000001467dd91c60 Thread added: 0x0000014641950440
Event: 22.041 Thread 0x000001467dd91c60 Thread added: 0x000001464194ea00
Event: 22.043 Thread 0x000001467dd91c60 Thread added: 0x0000014641952ba0
Event: 22.044 Thread 0x000001467dd91c60 Thread added: 0x000001464194dce0
Event: 22.051 Thread 0x000001467dd91c60 Thread added: 0x0000014641954c70
Event: 22.061 Thread 0x000001467dd91c60 Thread added: 0x0000014641950ad0
Event: 22.062 Thread 0x000001467dd91c60 Thread added: 0x000001464194e370
Event: 22.063 Thread 0x000001467dd91c60 Thread added: 0x0000014641951160
Event: 23.425 Thread 0x000001467dd91c60 Thread added: 0x000001464194f090
Event: 23.426 Thread 0x000001467dd91c60 Thread added: 0x00000146419538c0
Event: 23.426 Thread 0x000001467dd91c60 Thread added: 0x00000146419517f0
Event: 23.427 Thread 0x000001467dd91c60 Thread added: 0x0000014641953230
Event: 23.427 Thread 0x000001467dd91c60 Thread added: 0x0000014641955300
Event: 23.427 Thread 0x000001467dd91c60 Thread added: 0x0000014641951e80
Event: 23.428 Thread 0x000001467dd91c60 Thread added: 0x000001464194f720
Event: 32.452 Thread 0x000001467dd91c60 Thread added: 0x000001464138e530
Event: 34.684 Thread 0x000001467dd91c60 Thread added: 0x000001464138b0b0
Event: 35.885 Thread 0x000001467dd91c60 Thread added: 0x000001464138b740


Dynamic libraries:
0x00007ff7a7060000 - 0x00007ff7a706e000 	C:\Users\welcome\.gradle\jdks\eclipse_adoptium-21-amd64-windows.2\bin\java.exe
0x00007ffa601b0000 - 0x00007ffa603a8000 	C:\Windows\SYSTEM32\ntdll.dll
0x00007ffa5f520000 - 0x00007ffa5f5e2000 	C:\Windows\System32\KERNEL32.DLL
0x00007ffa5d950000 - 0x00007ffa5dc47000 	C:\Windows\System32\KERNELBASE.dll
0x00007ffa5dfb0000 - 0x00007ffa5e0b0000 	C:\Windows\System32\ucrtbase.dll
0x00007ffa46c60000 - 0x00007ffa46c7e000 	C:\Users\welcome\.gradle\jdks\eclipse_adoptium-21-amd64-windows.2\bin\VCRUNTIME140.dll
0x00007ffa46d50000 - 0x00007ffa46d68000 	C:\Users\welcome\.gradle\jdks\eclipse_adoptium-21-amd64-windows.2\bin\jli.dll
0x00007ffa5f200000 - 0x00007ffa5f39d000 	C:\Windows\System32\USER32.dll
0x00007ffa5e0b0000 - 0x00007ffa5e0d2000 	C:\Windows\System32\win32u.dll
0x00007ffa47ea0000 - 0x00007ffa4813b000 	C:\Windows\WinSxS\amd64_microsoft.windows.common-controls_6595b64144ccf1df_6.0.19041.6926_none_60b5a53971f8f7e6\COMCTL32.dll
0x00007ffa5f1d0000 - 0x00007ffa5f1fb000 	C:\Windows\System32\GDI32.dll
0x00007ffa5f7a0000 - 0x00007ffa5f83e000 	C:\Windows\System32\msvcrt.dll
0x00007ffa5d830000 - 0x00007ffa5d949000 	C:\Windows\System32\gdi32full.dll
0x00007ffa5dcd0000 - 0x00007ffa5dd6d000 	C:\Windows\System32\msvcp_win.dll
0x00007ffa5f1a0000 - 0x00007ffa5f1cf000 	C:\Windows\System32\IMM32.DLL
0x00007ffa56e10000 - 0x00007ffa56e1c000 	C:\Users\welcome\.gradle\jdks\eclipse_adoptium-21-amd64-windows.2\bin\vcruntime140_1.dll
0x00007ffa1c150000 - 0x00007ffa1c1dd000 	C:\Users\welcome\.gradle\jdks\eclipse_adoptium-21-amd64-windows.2\bin\msvcp140.dll
0x00007ff9b1f80000 - 0x00007ff9b2d10000 	C:\Users\welcome\.gradle\jdks\eclipse_adoptium-21-amd64-windows.2\bin\server\jvm.dll
0x00007ffa600b0000 - 0x00007ffa60161000 	C:\Windows\System32\ADVAPI32.dll
0x00007ffa5fb00000 - 0x00007ffa5fb9f000 	C:\Windows\System32\sechost.dll
0x00007ffa5e880000 - 0x00007ffa5e9a6000 	C:\Windows\System32\RPCRT4.dll
0x00007ffa5dd70000 - 0x00007ffa5dd97000 	C:\Windows\System32\bcrypt.dll
0x00007ffa5f130000 - 0x00007ffa5f19b000 	C:\Windows\System32\WS2_32.dll
0x00007ffa5cd70000 - 0x00007ffa5cdbb000 	C:\Windows\SYSTEM32\POWRPROF.dll
0x00007ffa546b0000 - 0x00007ffa546ba000 	C:\Windows\SYSTEM32\VERSION.dll
0x00007ffa40930000 - 0x00007ffa40957000 	C:\Windows\SYSTEM32\WINMM.dll
0x00007ffa5cc30000 - 0x00007ffa5cc42000 	C:\Windows\SYSTEM32\UMPDC.dll
0x00007ffa5c050000 - 0x00007ffa5c062000 	C:\Windows\SYSTEM32\kernel.appcore.dll
0x00007ffa4cf90000 - 0x00007ffa4cf9a000 	C:\Users\welcome\.gradle\jdks\eclipse_adoptium-21-amd64-windows.2\bin\jimage.dll
0x00007ffa5bd50000 - 0x00007ffa5bf51000 	C:\Windows\SYSTEM32\DBGHELP.DLL
0x00007ffa3f820000 - 0x00007ffa3f854000 	C:\Windows\SYSTEM32\dbgcore.DLL
0x00007ffa5e0e0000 - 0x00007ffa5e162000 	C:\Windows\System32\bcryptPrimitives.dll
0x00007ffa4cf50000 - 0x00007ffa4cf5f000 	C:\Users\welcome\.gradle\jdks\eclipse_adoptium-21-amd64-windows.2\bin\instrument.dll
0x00007ffa46c40000 - 0x00007ffa46c5f000 	C:\Users\welcome\.gradle\jdks\eclipse_adoptium-21-amd64-windows.2\bin\java.dll
0x00007ffa5e9b0000 - 0x00007ffa5f122000 	C:\Windows\System32\SHELL32.dll
0x00007ffa5b5a0000 - 0x00007ffa5bd46000 	C:\Windows\SYSTEM32\windows.storage.dll
0x00007ffa5fba0000 - 0x00007ffa5fef3000 	C:\Windows\System32\combase.dll
0x00007ffa5d260000 - 0x00007ffa5d28b000 	C:\Windows\SYSTEM32\Wldp.dll
0x00007ffa5fa30000 - 0x00007ffa5fafd000 	C:\Windows\System32\OLEAUT32.dll
0x00007ffa5e280000 - 0x00007ffa5e32d000 	C:\Windows\System32\SHCORE.dll
0x00007ffa5e220000 - 0x00007ffa5e27b000 	C:\Windows\System32\shlwapi.dll
0x00007ffa5d760000 - 0x00007ffa5d784000 	C:\Windows\SYSTEM32\profapi.dll
0x00007ffa1b580000 - 0x00007ffa1b657000 	C:\Users\welcome\.gradle\jdks\eclipse_adoptium-21-amd64-windows.2\bin\jsvml.dll
0x00007ffa46c20000 - 0x00007ffa46c38000 	C:\Users\welcome\.gradle\jdks\eclipse_adoptium-21-amd64-windows.2\bin\zip.dll
0x00007ffa494e0000 - 0x00007ffa494f0000 	C:\Users\welcome\.gradle\jdks\eclipse_adoptium-21-amd64-windows.2\bin\net.dll
0x00007ffa574f0000 - 0x00007ffa575fa000 	C:\Windows\SYSTEM32\WINHTTP.dll
0x00007ffa5cfc0000 - 0x00007ffa5d02a000 	C:\Windows\system32\mswsock.dll
0x00007ffa42270000 - 0x00007ffa42286000 	C:\Users\welcome\.gradle\jdks\eclipse_adoptium-21-amd64-windows.2\bin\nio.dll
0x00007ffa47250000 - 0x00007ffa47260000 	C:\Users\welcome\.gradle\jdks\eclipse_adoptium-21-amd64-windows.2\bin\verify.dll
0x00007ff9f7110000 - 0x00007ff9f7137000 	C:\Users\welcome\.gradle\native\660c5614fbf4a5f2a75b1949f50a0caf5cd603558e7d8a26e50b933a0cfb79d1\windows-amd64\native-platform.dll
0x00007ff9f1c70000 - 0x00007ff9f1ce7000 	C:\Users\welcome\.gradle\native\0.2.8\x86_64-windows-gnu\gradle-fileevents.dll
0x00007ffa46c10000 - 0x00007ffa46c1a000 	C:\Users\welcome\.gradle\jdks\eclipse_adoptium-21-amd64-windows.2\bin\management.dll
0x00007ffa408d0000 - 0x00007ffa408db000 	C:\Users\welcome\.gradle\jdks\eclipse_adoptium-21-amd64-windows.2\bin\management_ext.dll
0x00007ffa5f3a0000 - 0x00007ffa5f3a8000 	C:\Windows\System32\PSAPI.DLL
0x00007ffa5cc50000 - 0x00007ffa5cc8b000 	C:\Windows\SYSTEM32\IPHLPAPI.DLL
0x00007ffa5f9c0000 - 0x00007ffa5f9c8000 	C:\Windows\System32\NSI.dll
0x00007ffa408c0000 - 0x00007ffa408c9000 	C:\Users\welcome\.gradle\jdks\eclipse_adoptium-21-amd64-windows.2\bin\extnet.dll
0x00007ffa5d1b0000 - 0x00007ffa5d1c8000 	C:\Windows\SYSTEM32\CRYPTSP.dll
0x00007ffa5c870000 - 0x00007ffa5c8a8000 	C:\Windows\system32\rsaenh.dll
0x00007ffa5d720000 - 0x00007ffa5d74e000 	C:\Windows\SYSTEM32\USERENV.dll
0x00007ffa5d1d0000 - 0x00007ffa5d1dc000 	C:\Windows\SYSTEM32\CRYPTBASE.dll
0x00007ffa3f190000 - 0x00007ffa3f19e000 	C:\Users\welcome\.gradle\jdks\eclipse_adoptium-21-amd64-windows.2\bin\sunmscapi.dll
0x00007ffa5dda0000 - 0x00007ffa5defd000 	C:\Windows\System32\CRYPT32.dll
0x00007ffa5d2d0000 - 0x00007ffa5d2f7000 	C:\Windows\SYSTEM32\ncrypt.dll
0x00007ffa5d290000 - 0x00007ffa5d2cb000 	C:\Windows\SYSTEM32\NTASN1.dll
0x00007ffa56be0000 - 0x00007ffa56be7000 	C:\Windows\system32\wshunix.dll

dbghelp: loaded successfully - version: 4.0.5 - missing functions: none
symbol engine: initialized successfully - sym options: 0x614 - pdb path: .;C:\Users\welcome\.gradle\jdks\eclipse_adoptium-21-amd64-windows.2\bin;C:\Windows\SYSTEM32;C:\Windows\WinSxS\amd64_microsoft.windows.common-controls_6595b64144ccf1df_6.0.19041.6926_none_60b5a53971f8f7e6;C:\Users\welcome\.gradle\jdks\eclipse_adoptium-21-amd64-windows.2\bin\server;C:\Users\welcome\.gradle\native\660c5614fbf4a5f2a75b1949f50a0caf5cd603558e7d8a26e50b933a0cfb79d1\windows-amd64;C:\Users\welcome\.gradle\native\0.2.8\x86_64-windows-gnu

VM Arguments:
jvm_args: --add-opens=java.base/java.lang=ALL-UNNAMED --add-opens=java.base/java.lang.invoke=ALL-UNNAMED --add-opens=java.base/java.util=ALL-UNNAMED --add-opens=java.prefs/java.util.prefs=ALL-UNNAMED --add-exports=jdk.compiler/com.sun.tools.javac.api=ALL-UNNAMED --add-exports=jdk.compiler/com.sun.tools.javac.util=ALL-UNNAMED --add-opens=java.base/java.util=ALL-UNNAMED --add-opens=java.prefs/java.util.prefs=ALL-UNNAMED --add-opens=java.base/java.nio.charset=ALL-UNNAMED --add-opens=java.base/java.net=ALL-UNNAMED --add-opens=java.base/java.util.concurrent=ALL-UNNAMED --add-opens=java.base/java.util.concurrent.atomic=ALL-UNNAMED --add-opens=java.xml/javax.xml.namespace=ALL-UNNAMED --add-opens=java.base/java.time=ALL-UNNAMED -Xmx2048m -Dfile.encoding=UTF-8 -Duser.country=IN -Duser.language=en -Duser.variant -javaagent:C:\Users\welcome\.gradle\wrapper\dists\gradle-9.2.1-bin\2t0n5ozlw9xmuyvbp7dnzaxug\gradle-9.2.1\lib\agents\gradle-instrumentation-agent-9.2.1.jar 
java_command: org.gradle.launcher.daemon.bootstrap.GradleDaemon 9.2.1
java_class_path (initial): C:\Users\welcome\.gradle\wrapper\dists\gradle-9.2.1-bin\2t0n5ozlw9xmuyvbp7dnzaxug\gradle-9.2.1\lib\gradle-daemon-main-9.2.1.jar
Launcher Type: SUN_STANDARD

[Global flags]
     intx CICompilerCount                          = 4                                         {product} {ergonomic}
     uint ConcGCThreads                            = 2                                         {product} {ergonomic}
     uint G1ConcRefinementThreads                  = 8                                         {product} {ergonomic}
   size_t G1HeapRegionSize                         = 1048576                                   {product} {ergonomic}
    uintx GCDrainStackTargetSize                   = 64                                        {product} {ergonomic}
   size_t InitialHeapSize                          = 62914560                                  {product} {ergonomic}
   size_t MarkStackSize                            = 4194304                                   {product} {ergonomic}
   size_t MaxHeapSize                              = 2147483648                                {product} {command line}
   size_t MaxNewSize                               = 1287651328                                {product} {ergonomic}
   size_t MinHeapDeltaBytes                        = 1048576                                   {product} {ergonomic}
   size_t MinHeapSize                              = 8388608                                   {product} {ergonomic}
    uintx NonNMethodCodeHeapSize                   = 5839372                                {pd product} {ergonomic}
    uintx NonProfiledCodeHeapSize                  = 122909434                              {pd product} {ergonomic}
    uintx ProfiledCodeHeapSize                     = 122909434                              {pd product} {ergonomic}
    uintx ReservedCodeCacheSize                    = 251658240                              {pd product} {ergonomic}
     bool SegmentedCodeCache                       = true                                      {product} {ergonomic}
   size_t SoftMaxHeapSize                          = 2147483648                             {manageable} {ergonomic}
     bool UseCompressedOops                        = true                           {product lp64_product} {ergonomic}
     bool UseG1GC                                  = true                                      {product} {ergonomic}
     bool UseLargePagesIndividualAllocation        = false                                  {pd product} {ergonomic}

Logging:
Log output configuration:
 #0: stdout all=warning uptime,level,tags foldmultilines=false
 #1: stderr all=off uptime,level,tags foldmultilines=false

Environment Variables:
PATH=C:\Windows\system32;C:\Windows;C:\Windows\System32\Wbem;C:\Windows\System32\WindowsPowerShell\v1.0\;C:\Windows\System32\OpenSSH\;C:\Program Files\Git\cmd;C:\Program Files\nodejs\;C:\Users\welcome\AppData\Local\Microsoft\WindowsApps;C:\Users\welcome\AppData\Local\Programs\Antigravity\bin;C:\Users\welcome\AppData\Local\Programs\cursor\resources\app\bin;C:\Users\welcome\AppData\Local\Programs\Microsoft VS Code\bin;C:\Users\welcome\AppData\Roaming\npm
USERNAME=welcome
OS=Windows_NT
PROCESSOR_IDENTIFIER=Intel64 Family 6 Model 140 Stepping 2, GenuineIntel
TMP=C:\Users\welcome\AppData\Local\Temp
TEMP=C:\Users\welcome\AppData\Local\Temp




Periodic native trim disabled

---------------  S Y S T E M  ---------------

OS:
 Windows 10 , 64 bit Build 19041 (10.0.19041.6807)
OS uptime: 5 days 0:35 hours

CPU: total 8 (initial active 8) (4 cores per cpu, 2 threads per core) family 6 model 140 stepping 2 microcode 0x34, cx8, cmov, fxsr, ht, mmx, 3dnowpref, sse, sse2, sse3, ssse3, sse4.1, sse4.2, popcnt, lzcnt, tsc, tscinvbit, avx, avx2, aes, erms, clmul, bmi1, bmi2, adx, avx512f, avx512dq, avx512cd, avx512bw, avx512vl, sha, fma, vzeroupper, avx512_vpopcntdq, avx512_vpclmulqdq, avx512_vaes, avx512_vnni, clflush, clflushopt, clwb, avx512_vbmi2, avx512_vbmi, rdtscp, rdpid, fsrm, gfni, avx512_bitalg, f16c, pku, cet_ibt, cet_ss, avx512_ifma
Processor Information for processor 0
  Max Mhz: 2496, Current Mhz: 998, Mhz Limit: 2496
Processor Information for processor 1
  Max Mhz: 2496, Current Mhz: 2496, Mhz Limit: 2496
Processor Information for processor 2
  Max Mhz: 2496, Current Mhz: 998, Mhz Limit: 2496
Processor Information for processor 3
  Max Mhz: 2496, Current Mhz: 998, Mhz Limit: 2496
Processor Information for processor 4
  Max Mhz: 2496, Current Mhz: 2496, Mhz Limit: 2496
Processor Information for processor 5
  Max Mhz: 2496, Current Mhz: 2496, Mhz Limit: 2496
Processor Information for processor 6
  Max Mhz: 2496, Current Mhz: 2496, Mhz Limit: 2496
Processor Information for processor 7
  Max Mhz: 2496, Current Mhz: 998, Mhz Limit: 2496

Memory: 4k page, system-wide physical 3738M (150M free)
TotalPageFile size 15002M (AvailPageFile size 4M)
current process WorkingSet (physical memory assigned to process): 304M, peak: 304M
current process commit charge ("private bytes"): 430M, peak: 431M

vm_info: OpenJDK 64-Bit Server VM (21.0.7+6-LTS) for windows-amd64 JRE (21.0.7+6-LTS), built on 2025-04-15T00:00:00Z by "admin" with MS VC++ 17.7 (VS2022)

END.
