#
# There is insufficient memory for the Java Runtime Environment to continue.
# Native memory allocation (malloc) failed to allocate 32744 bytes. Error detail: ChunkPool::allocate
# Possible reasons:
#   The system is out of physical RAM or swap space
#   This process is running with CompressedOops enabled, and the Java Heap may be blocking the growth of the native heap
# Possible solutions:
#   Reduce memory load on the system
#   Increase physical memory or swap space
#   Check if swap backing store is full
#   Decrease Java heap size (-Xmx/-Xms)
#   Decrease number of Java threads
#   Decrease Java thread stack sizes (-Xss)
#   Set larger code cache with -XX:ReservedCodeCacheSize=
#   JVM is running with Unscaled Compressed Oops mode in which the Java heap is
#     placed in the first 4GB address space. The Java Heap base address is the
#     maximum limit for the native heap growth. Please use -XX:HeapBaseMinAddress
#     to set the Java Heap base and to place the Java Heap above 4GB virtual address.
# This output file may be truncated or incomplete.
#
#  Out of Memory Error (arena.cpp:79), pid=15984, tid=20056
#
# JRE version: OpenJDK Runtime Environment Temurin-17.0.18+8 (17.0.18+8) (build 17.0.18+8)
# Java VM: OpenJDK 64-Bit Server VM Temurin-17.0.18+8 (17.0.18+8, mixed mode, sharing, tiered, compressed oops, compressed class ptrs, g1 gc, windows-amd64)
# No core dump will be written. Minidumps are not enabled by default on client versions of Windows
#

---------------  S U M M A R Y ------------

Command Line: --add-opens=java.base/java.lang=ALL-UNNAMED --add-opens=java.base/java.lang.invoke=ALL-UNNAMED --add-opens=java.base/java.util=ALL-UNNAMED --add-opens=java.prefs/java.util.prefs=ALL-UNNAMED --add-exports=jdk.compiler/com.sun.tools.javac.api=ALL-UNNAMED --add-exports=jdk.compiler/com.sun.tools.javac.util=ALL-UNNAMED --add-opens=java.base/java.util=ALL-UNNAMED --add-opens=java.prefs/java.util.prefs=ALL-UNNAMED --add-opens=java.base/java.nio.charset=ALL-UNNAMED --add-opens=java.base/java.net=ALL-UNNAMED --add-opens=java.base/java.util.concurrent=ALL-UNNAMED --add-opens=java.base/java.util.concurrent.atomic=ALL-UNNAMED --add-opens=java.xml/javax.xml.namespace=ALL-UNNAMED --add-opens=java.base/java.time=ALL-UNNAMED -Xmx2048m -Dfile.encoding=UTF-8 -Duser.country=IN -Duser.language=en -Duser.variant -javaagent:C:\Users\welcome\.gradle\wrapper\dists\gradle-9.2.1-bin\2t0n5ozlw9xmuyvbp7dnzaxug\gradle-9.2.1\lib\agents\gradle-instrumentation-agent-9.2.1.jar org.gradle.launcher.daemon.bootstrap.GradleDaemon 9.2.1

Host: 11th Gen Intel(R) Core(TM) i5-1155G7 @ 2.50GHz, 8 cores, 3G,  Windows 10 , 64 bit Build 19041 (10.0.19041.6807)
Time: Tue Mar 17 09:29:28 2026 India Standard Time elapsed time: 16.199136 seconds (0d 0h 0m 16s)

---------------  T H R E A D  ---------------

Current thread (0x0000025ff95a9360):  JavaThread "C2 CompilerThread0" daemon [_thread_in_native, id=20056, stack(0x0000009569700000,0x0000009569800000)]


Current CompileTask:
C2:16199 6880   !   4       org.jetbrains.kotlin.metadata.ProtoBuf$Function::<init> (1811 bytes)

Stack: [0x0000009569700000,0x0000009569800000]
Native frames: (J=compiled Java code, j=interpreted, Vv=VM code, C=native code)
V  [jvm.dll+0x6846f9]
V  [jvm.dll+0x839ea5]
V  [jvm.dll+0x83b91e]
V  [jvm.dll+0x83bfa3]
V  [jvm.dll+0x248eff]
V  [jvm.dll+0xad69e]
V  [jvm.dll+0xadb3c]
V  [jvm.dll+0x36de9d]
V  [jvm.dll+0x368c4e]
V  [jvm.dll+0x333055]
V  [jvm.dll+0x3324ba]
V  [jvm.dll+0x219db9]
V  [jvm.dll+0x219200]
V  [jvm.dll+0x1a4920]
V  [jvm.dll+0x22989a]
V  [jvm.dll+0x227a4b]
V  [jvm.dll+0x7f0658]
V  [jvm.dll+0x7eaaec]
V  [jvm.dll+0x6835c7]
C  [ucrtbase.dll+0x21bb2]
C  [KERNEL32.DLL+0x17374]
C  [ntdll.dll+0x4cc91]


---------------  P R O C E S S  ---------------

Threads class SMR info:
_java_thread_list=0x0000025fc2f05c70, length=62, elements={
0x0000025fdb611ba0, 0x0000025ff95880f0, 0x0000025ff95887d0, 0x0000025ff959cb30,
0x0000025ff959f120, 0x0000025ff959f600, 0x0000025ff95a5b00, 0x0000025ff95a9360,
0x0000025ff95a6ff0, 0x0000025ff95a7510, 0x0000025ffe0e7d50, 0x0000025ffe187aa0,
0x0000025ffefe1fb0, 0x0000025fff6961f0, 0x0000025fffa13440, 0x0000025ff9593a20,
0x0000025ff9593510, 0x0000025ff9594e60, 0x0000025ff9595880, 0x0000025ff9593000,
0x0000025ff95962a0, 0x0000025ff9593f30, 0x0000025ff9594440, 0x0000025fc136cdb0,
0x0000025fc136d2c0, 0x0000025fc136c8a0, 0x0000025fc136ec10, 0x0000025fc1370050,
0x0000025fc1370a70, 0x0000025fc136a020, 0x0000025fc136e1f0, 0x0000025fc136d7d0,
0x0000025fc136be80, 0x0000025fc13719a0, 0x0000025fc136f630, 0x0000025fc136dce0,
0x0000025fc136fb40, 0x0000025fc136b970, 0x0000025fc136c390, 0x0000025fc1370560,
0x0000025fc136a530, 0x0000025fc136aa40, 0x0000025fc136af50, 0x0000025fc30d1060,
0x0000025fc30d33d0, 0x0000025fc30d38e0, 0x0000025fc30d3df0, 0x0000025fc30d4300,
0x0000025fc30d1570, 0x0000025fc30d4810, 0x0000025fc30d1a80, 0x0000025fc30d1f90,
0x0000025fc30d24a0, 0x0000025fc30d29b0, 0x0000025fc30d2ec0, 0x0000025fc31025c0,
0x0000025fc3102fe0, 0x0000025fc31020b0, 0x0000025fc3101690, 0x0000025fc30fc080,
0x0000025fc3100c70, 0x0000025fc30fdee0
}

Java Threads: ( => current thread )
  0x0000025fdb611ba0 JavaThread "main" [_thread_blocked, id=15044, stack(0x0000009568a00000,0x0000009568b00000)]
  0x0000025ff95880f0 JavaThread "Reference Handler" daemon [_thread_blocked, id=9360, stack(0x0000009569100000,0x0000009569200000)]
  0x0000025ff95887d0 JavaThread "Finalizer" daemon [_thread_blocked, id=12840, stack(0x0000009569200000,0x0000009569300000)]
  0x0000025ff959cb30 JavaThread "Signal Dispatcher" daemon [_thread_blocked, id=8084, stack(0x0000009569300000,0x0000009569400000)]
  0x0000025ff959f120 JavaThread "Attach Listener" daemon [_thread_blocked, id=20680, stack(0x0000009569400000,0x0000009569500000)]
  0x0000025ff959f600 JavaThread "Service Thread" daemon [_thread_blocked, id=18556, stack(0x0000009569500000,0x0000009569600000)]
  0x0000025ff95a5b00 JavaThread "Monitor Deflation Thread" daemon [_thread_blocked, id=16736, stack(0x0000009569600000,0x0000009569700000)]
=>0x0000025ff95a9360 JavaThread "C2 CompilerThread0" daemon [_thread_in_native, id=20056, stack(0x0000009569700000,0x0000009569800000)]
  0x0000025ff95a6ff0 JavaThread "C1 CompilerThread0" daemon [_thread_blocked, id=6240, stack(0x0000009569800000,0x0000009569900000)]
  0x0000025ff95a7510 JavaThread "Sweeper thread" daemon [_thread_blocked, id=19672, stack(0x0000009569900000,0x0000009569a00000)]
  0x0000025ffe0e7d50 JavaThread "Common-Cleaner" daemon [_thread_blocked, id=21400, stack(0x0000009569a00000,0x0000009569b00000)]
  0x0000025ffe187aa0 JavaThread "Notification Thread" daemon [_thread_blocked, id=14180, stack(0x0000009569b00000,0x0000009569c00000)]
  0x0000025ffefe1fb0 JavaThread "Daemon health stats" [_thread_blocked, id=21568, stack(0x000000956a200000,0x000000956a300000)]
  0x0000025fff6961f0 JavaThread "Incoming local TCP Connector on port 51979" [_thread_in_native, id=13468, stack(0x000000956a300000,0x000000956a400000)]
  0x0000025fffa13440 JavaThread "Daemon periodic checks" [_thread_blocked, id=23704, stack(0x000000956a400000,0x000000956a500000)]
  0x0000025ff9593a20 JavaThread "Daemon" [_thread_blocked, id=13500, stack(0x000000956a500000,0x000000956a600000)]
  0x0000025ff9593510 JavaThread "Handler for socket connection from /127.0.0.1:51979 to /127.0.0.1:51980" [_thread_in_native, id=13696, stack(0x000000956a900000,0x000000956aa00000)]
  0x0000025ff9594e60 JavaThread "Cancel handler" [_thread_blocked, id=21236, stack(0x000000956aa00000,0x000000956ab00000)]
  0x0000025ff9595880 JavaThread "Daemon worker" [_thread_in_vm, id=16876, stack(0x000000956ab00000,0x000000956ac00000)]
  0x0000025ff9593000 JavaThread "Asynchronous log dispatcher for DefaultDaemonConnection: socket connection from /127.0.0.1:51979 to /127.0.0.1:51980" [_thread_blocked, id=4988, stack(0x000000956ac00000,0x000000956ad00000)]
  0x0000025ff95962a0 JavaThread "Stdin handler" [_thread_blocked, id=7668, stack(0x000000956ad00000,0x000000956ae00000)]
  0x0000025ff9593f30 JavaThread "Daemon client event forwarder" [_thread_blocked, id=5616, stack(0x000000956ae00000,0x000000956af00000)]
  0x0000025ff9594440 JavaThread "Cache worker for journal cache (C:\Users\welcome\.gradle\caches\journal-1)" [_thread_blocked, id=1316, stack(0x000000956af00000,0x000000956b000000)]
  0x0000025fc136cdb0 JavaThread "File lock request listener" [_thread_in_native, id=13244, stack(0x000000956b000000,0x000000956b100000)]
  0x0000025fc136d2c0 JavaThread "Cache worker for file hash cache (C:\Users\welcome\.gradle\caches\9.2.1\fileHashes)" [_thread_blocked, id=20632, stack(0x000000956b100000,0x000000956b200000)]
  0x0000025fc136c8a0 JavaThread "Cache worker for file hash cache (C:\Users\welcome\AndroidStudioProjects\mindguardaipsychologicalsupportapp\.gradle\9.2.1\fileHashes)" [_thread_blocked, id=14464, stack(0x000000956b300000,0x000000956b400000)]
  0x0000025fc136ec10 JavaThread "Cache worker for Build Output Cleanup Cache (C:\Users\welcome\AndroidStudioProjects\mindguardaipsychologicalsupportapp\.gradle\buildOutputCleanup)" [_thread_blocked, id=24256, stack(0x000000956b400000,0x000000956b500000)]
  0x0000025fc1370050 JavaThread "File watcher server" daemon [_thread_in_native, id=19772, stack(0x000000956b500000,0x000000956b600000)]
  0x0000025fc1370a70 JavaThread "File watcher consumer" daemon [_thread_blocked, id=11572, stack(0x000000956b600000,0x000000956b700000)]
  0x0000025fc136a020 JavaThread "Cache worker for checksums cache (C:\Users\welcome\AndroidStudioProjects\mindguardaipsychologicalsupportapp\.gradle\9.2.1\checksums)" [_thread_blocked, id=14868, stack(0x000000956b700000,0x000000956b800000)]
  0x0000025fc136e1f0 JavaThread "Cache worker for file content cache (C:\Users\welcome\.gradle\caches\9.2.1\fileContent)" [_thread_blocked, id=8080, stack(0x000000956b800000,0x000000956b900000)]
  0x0000025fc136d7d0 JavaThread "Cache worker for cache directory md-supplier (C:\Users\welcome\.gradle\caches\9.2.1\md-supplier)" [_thread_blocked, id=4924, stack(0x000000956b900000,0x000000956ba00000)]
  0x0000025fc136be80 JavaThread "Cache worker for cache directory md-rule (C:\Users\welcome\.gradle\caches\9.2.1\md-rule)" [_thread_blocked, id=4668, stack(0x000000956ba00000,0x000000956bb00000)]
  0x0000025fc13719a0 JavaThread "jar transforms" [_thread_blocked, id=11412, stack(0x000000956bb00000,0x000000956bc00000)]
  0x0000025fc136f630 JavaThread "jar transforms Thread 2" [_thread_blocked, id=16344, stack(0x000000956bc00000,0x000000956bd00000)]
  0x0000025fc136dce0 JavaThread "jar transforms Thread 3" [_thread_blocked, id=17788, stack(0x000000956bd00000,0x000000956be00000)]
  0x0000025fc136fb40 JavaThread "Unconstrained build operations" [_thread_blocked, id=11388, stack(0x000000956be00000,0x000000956bf00000)]
  0x0000025fc136b970 JavaThread "Unconstrained build operations Thread 2" [_thread_blocked, id=22380, stack(0x000000956bf00000,0x000000956c000000)]
  0x0000025fc136c390 JavaThread "Unconstrained build operations Thread 3" [_thread_blocked, id=13548, stack(0x000000956c000000,0x000000956c100000)]
  0x0000025fc1370560 JavaThread "Unconstrained build operations Thread 4" [_thread_blocked, id=11152, stack(0x000000956c100000,0x000000956c200000)]
  0x0000025fc136a530 JavaThread "Unconstrained build operations Thread 5" [_thread_blocked, id=7460, stack(0x000000956c200000,0x000000956c300000)]
  0x0000025fc136aa40 JavaThread "Unconstrained build operations Thread 6" [_thread_blocked, id=19948, stack(0x000000956c300000,0x000000956c400000)]
  0x0000025fc136af50 JavaThread "Unconstrained build operations Thread 7" [_thread_blocked, id=19220, stack(0x000000956c400000,0x000000956c500000)]
  0x0000025fc30d1060 JavaThread "Unconstrained build operations Thread 8" [_thread_blocked, id=9484, stack(0x000000956c500000,0x000000956c600000)]
  0x0000025fc30d33d0 JavaThread "Unconstrained build operations Thread 9" [_thread_blocked, id=22912, stack(0x000000956c600000,0x000000956c700000)]
  0x0000025fc30d38e0 JavaThread "Unconstrained build operations Thread 10" [_thread_blocked, id=18220, stack(0x000000956c700000,0x000000956c800000)]
  0x0000025fc30d3df0 JavaThread "Unconstrained build operations Thread 11" [_thread_blocked, id=19980, stack(0x000000956c800000,0x000000956c900000)]
  0x0000025fc30d4300 JavaThread "Unconstrained build operations Thread 12" [_thread_blocked, id=6712, stack(0x000000956c900000,0x000000956ca00000)]
  0x0000025fc30d1570 JavaThread "Unconstrained build operations Thread 13" [_thread_blocked, id=2388, stack(0x000000956ca00000,0x000000956cb00000)]
  0x0000025fc30d4810 JavaThread "Unconstrained build operations Thread 14" [_thread_blocked, id=21144, stack(0x000000956cb00000,0x000000956cc00000)]
  0x0000025fc30d1a80 JavaThread "jar transforms Thread 4" [_thread_blocked, id=4064, stack(0x000000956cc00000,0x000000956cd00000)]
  0x0000025fc30d1f90 JavaThread "jar transforms Thread 5" [_thread_blocked, id=16080, stack(0x000000956cd00000,0x000000956ce00000)]
  0x0000025fc30d24a0 JavaThread "Unconstrained build operations Thread 15" [_thread_blocked, id=7636, stack(0x000000956ce00000,0x000000956cf00000)]
  0x0000025fc30d29b0 JavaThread "Unconstrained build operations Thread 16" [_thread_blocked, id=4348, stack(0x000000956cf00000,0x000000956d000000)]
  0x0000025fc30d2ec0 JavaThread "Unconstrained build operations Thread 17" [_thread_blocked, id=22164, stack(0x000000956d000000,0x000000956d100000)]
  0x0000025fc31025c0 JavaThread "Unconstrained build operations Thread 18" [_thread_blocked, id=14248, stack(0x000000956d100000,0x000000956d200000)]
  0x0000025fc3102fe0 JavaThread "Unconstrained build operations Thread 19" [_thread_blocked, id=12240, stack(0x000000956d200000,0x000000956d300000)]
  0x0000025fc31020b0 JavaThread "Unconstrained build operations Thread 20" [_thread_blocked, id=6112, stack(0x000000956d300000,0x000000956d400000)]
  0x0000025fc3101690 JavaThread "Unconstrained build operations Thread 21" [_thread_blocked, id=20568, stack(0x000000956d400000,0x000000956d500000)]
  0x0000025fc30fc080 JavaThread "jar transforms Thread 6" [_thread_blocked, id=17212, stack(0x000000956d500000,0x000000956d600000)]
  0x0000025fc3100c70 JavaThread "jar transforms Thread 7" [_thread_blocked, id=4340, stack(0x000000956d600000,0x000000956d700000)]
  0x0000025fc30fdee0 JavaThread "jar transforms Thread 8" [_thread_blocked, id=23944, stack(0x000000956d700000,0x000000956d800000)]

Other Threads:
  0x0000025ff9583600 VMThread "VM Thread" [stack: 0x0000009569000000,0x0000009569100000] [id=15488]
  0x0000025fdb612a70 WatcherThread [stack: 0x0000009569c00000,0x0000009569d00000] [id=17396]
  0x0000025fdb66cd70 GCTaskThread "GC Thread#0" [stack: 0x0000009568b00000,0x0000009568c00000] [id=12604]
  0x0000025ffe3feb30 GCTaskThread "GC Thread#1" [stack: 0x0000009569d00000,0x0000009569e00000] [id=19932]
  0x0000025ffe5003b0 GCTaskThread "GC Thread#2" [stack: 0x0000009569e00000,0x0000009569f00000] [id=3780]
  0x0000025ffeb6cf80 GCTaskThread "GC Thread#3" [stack: 0x0000009569f00000,0x000000956a000000] [id=15368]
  0x0000025ffee886f0 GCTaskThread "GC Thread#4" [stack: 0x000000956a000000,0x000000956a100000] [id=5344]
  0x0000025fc111fab0 GCTaskThread "GC Thread#5" [stack: 0x000000956a600000,0x000000956a700000] [id=24472]
  0x0000025fc111fd70 GCTaskThread "GC Thread#6" [stack: 0x000000956a700000,0x000000956a800000] [id=10292]
  0x0000025fc1140170 GCTaskThread "GC Thread#7" [stack: 0x000000956a800000,0x000000956a900000] [id=12476]
  0x0000025fdb67dbd0 ConcurrentGCThread "G1 Main Marker" [stack: 0x0000009568c00000,0x0000009568d00000] [id=23452]
  0x0000025fdb67eca0 ConcurrentGCThread "G1 Conc#0" [stack: 0x0000009568d00000,0x0000009568e00000] [id=5424]
  0x0000025fc115cf20 ConcurrentGCThread "G1 Conc#1" [stack: 0x000000956b200000,0x000000956b300000] [id=13216]
  0x0000025fdb6bc440 ConcurrentGCThread "G1 Refine#0" [stack: 0x0000009568e00000,0x0000009568f00000] [id=6744]
  0x0000025ffe4294b0 ConcurrentGCThread "G1 Refine#1" [stack: 0x000000956a100000,0x000000956a200000] [id=21340]
  0x0000025fc1ed5210 ConcurrentGCThread "G1 Refine#2" [stack: 0x000000956d800000,0x000000956d900000] [id=13184]
  0x0000025fdb6bc730 ConcurrentGCThread "G1 Service" [stack: 0x0000009568f00000,0x0000009569000000] [id=12928]

Threads with active compile tasks:
C2 CompilerThread0  16246 6880   !   4       org.jetbrains.kotlin.metadata.ProtoBuf$Function::<init> (1811 bytes)

VM state: not at safepoint (normal execution)

VM Mutex/Monitor currently owned by a thread: None

Heap address: 0x0000000080000000, size: 2048 MB, Compressed Oops mode: 32-bit

CDS archive(s) mapped at: [0x0000025f80000000-0x0000025f80bb0000-0x0000025f80bb0000), size 12255232, SharedBaseAddress: 0x0000025f80000000, ArchiveRelocationMode: 1.
Compressed class space mapped at: 0x0000025f81000000-0x0000025fc1000000, reserved size: 1073741824
Narrow klass base: 0x0000025f80000000, Narrow klass shift: 0, Narrow klass range: 0x100000000

GC Precious Log:
 CPUs: 8 total, 8 available
 Memory: 3738M
 Large Page Support: Disabled
 NUMA Support: Disabled
 Compressed Oops: Enabled (32-bit)
 Heap Region Size: 1M
 Heap Min Capacity: 8M
 Heap Initial Capacity: 60M
 Heap Max Capacity: 2G
 Pre-touch: Disabled
 Parallel Workers: 8
 Concurrent Workers: 2
 Concurrent Refinement Workers: 8
 Periodic GC: Disabled

Heap:
 garbage-first heap   total 168960K, used 102259K [0x0000000080000000, 0x0000000100000000)
  region size 1024K, 12 young (12288K), 1 survivors (1024K)
 Metaspace       used 86334K, committed 87104K, reserved 1179648K
  class space    used 11485K, committed 11840K, reserved 1048576K

Heap Regions: E=young(eden), S=young(survivor), O=old, HS=humongous(starts), HC=humongous(continues), CS=collection set, F=free, OA=open archive, CA=closed archive, TAMS=top-at-mark-start (previous, next)
|   0|0x0000000080000000, 0x0000000080100000, 0x0000000080100000|100%|HS|  |TAMS 0x0000000080100000, 0x0000000080000000| Complete 
|   1|0x0000000080100000, 0x0000000080200000, 0x0000000080200000|100%|HC|  |TAMS 0x0000000080200000, 0x0000000080100000| Complete 
|   2|0x0000000080200000, 0x0000000080300000, 0x0000000080300000|100%|HC|  |TAMS 0x0000000080300000, 0x0000000080200000| Complete 
|   3|0x0000000080300000, 0x0000000080400000, 0x0000000080400000|100%|HC|  |TAMS 0x0000000080400000, 0x0000000080300000| Complete 
|   4|0x0000000080400000, 0x0000000080500000, 0x0000000080500000|100%| O|  |TAMS 0x0000000080500000, 0x0000000080400000| Untracked 
|   5|0x0000000080500000, 0x0000000080600000, 0x0000000080600000|100%| O|  |TAMS 0x0000000080600000, 0x0000000080500000| Untracked 
|   6|0x0000000080600000, 0x0000000080700000, 0x0000000080700000|100%| O|  |TAMS 0x0000000080700000, 0x0000000080600000| Untracked 
|   7|0x0000000080700000, 0x0000000080800000, 0x0000000080800000|100%| O|  |TAMS 0x0000000080800000, 0x0000000080700000| Untracked 
|   8|0x0000000080800000, 0x0000000080900000, 0x0000000080900000|100%| O|  |TAMS 0x0000000080900000, 0x0000000080800000| Untracked 
|   9|0x0000000080900000, 0x0000000080a00000, 0x0000000080a00000|100%| O|  |TAMS 0x0000000080a00000, 0x0000000080900000| Untracked 
|  10|0x0000000080a00000, 0x0000000080b00000, 0x0000000080b00000|100%| O|  |TAMS 0x0000000080b00000, 0x0000000080a00000| Untracked 
|  11|0x0000000080b00000, 0x0000000080c00000, 0x0000000080c00000|100%| O|  |TAMS 0x0000000080c00000, 0x0000000080b00000| Untracked 
|  12|0x0000000080c00000, 0x0000000080d00000, 0x0000000080d00000|100%|HS|  |TAMS 0x0000000080d00000, 0x0000000080c00000| Complete 
|  13|0x0000000080d00000, 0x0000000080e00000, 0x0000000080e00000|100%| O|  |TAMS 0x0000000080e00000, 0x0000000080d00000| Untracked 
|  14|0x0000000080e00000, 0x0000000080f00000, 0x0000000080f00000|100%| O|  |TAMS 0x0000000080f00000, 0x0000000080e00000| Untracked 
|  15|0x0000000080f00000, 0x0000000081000000, 0x0000000081000000|100%| O|  |TAMS 0x0000000081000000, 0x0000000080f00000| Untracked 
|  16|0x0000000081000000, 0x0000000081100000, 0x0000000081100000|100%| O|  |TAMS 0x0000000081100000, 0x0000000081000000| Untracked 
|  17|0x0000000081100000, 0x0000000081200000, 0x0000000081200000|100%| O|  |TAMS 0x0000000081200000, 0x0000000081100000| Untracked 
|  18|0x0000000081200000, 0x0000000081300000, 0x0000000081300000|100%| O|  |TAMS 0x0000000081300000, 0x0000000081200000| Untracked 
|  19|0x0000000081300000, 0x0000000081400000, 0x0000000081400000|100%| O|  |TAMS 0x0000000081400000, 0x0000000081300000| Untracked 
|  20|0x0000000081400000, 0x0000000081500000, 0x0000000081500000|100%| O|  |TAMS 0x0000000081500000, 0x0000000081400000| Untracked 
|  21|0x0000000081500000, 0x0000000081600000, 0x0000000081600000|100%| O|  |TAMS 0x0000000081600000, 0x0000000081500000| Untracked 
|  22|0x0000000081600000, 0x0000000081700000, 0x0000000081700000|100%| O|  |TAMS 0x0000000081700000, 0x0000000081600000| Untracked 
|  23|0x0000000081700000, 0x0000000081800000, 0x0000000081800000|100%| O|  |TAMS 0x0000000081800000, 0x0000000081700000| Untracked 
|  24|0x0000000081800000, 0x0000000081900000, 0x0000000081900000|100%| O|  |TAMS 0x0000000081900000, 0x0000000081800000| Untracked 
|  25|0x0000000081900000, 0x0000000081a00000, 0x0000000081a00000|100%| O|  |TAMS 0x0000000081a00000, 0x0000000081900000| Untracked 
|  26|0x0000000081a00000, 0x0000000081b00000, 0x0000000081b00000|100%| O|  |TAMS 0x0000000081b00000, 0x0000000081a00000| Untracked 
|  27|0x0000000081b00000, 0x0000000081c00000, 0x0000000081c00000|100%| O|  |TAMS 0x0000000081c00000, 0x0000000081b00000| Untracked 
|  28|0x0000000081c00000, 0x0000000081d00000, 0x0000000081d00000|100%| O|  |TAMS 0x0000000081d00000, 0x0000000081c00000| Untracked 
|  29|0x0000000081d00000, 0x0000000081e00000, 0x0000000081e00000|100%| O|  |TAMS 0x0000000081e00000, 0x0000000081d00000| Untracked 
|  30|0x0000000081e00000, 0x0000000081f00000, 0x0000000081f00000|100%| O|  |TAMS 0x0000000081f00000, 0x0000000081e00000| Untracked 
|  31|0x0000000081f00000, 0x0000000082000000, 0x0000000082000000|100%| O|  |TAMS 0x0000000082000000, 0x0000000081f00000| Untracked 
|  32|0x0000000082000000, 0x0000000082100000, 0x0000000082100000|100%| O|  |TAMS 0x0000000082100000, 0x0000000082000000| Untracked 
|  33|0x0000000082100000, 0x0000000082200000, 0x0000000082200000|100%| O|  |TAMS 0x0000000082200000, 0x0000000082100000| Untracked 
|  34|0x0000000082200000, 0x0000000082300000, 0x0000000082300000|100%| O|  |TAMS 0x0000000082300000, 0x0000000082200000| Untracked 
|  35|0x0000000082300000, 0x0000000082400000, 0x0000000082400000|100%| O|  |TAMS 0x0000000082400000, 0x0000000082300000| Untracked 
|  36|0x0000000082400000, 0x0000000082500000, 0x0000000082500000|100%|HS|  |TAMS 0x0000000082500000, 0x0000000082400000| Complete 
|  37|0x0000000082500000, 0x0000000082600000, 0x0000000082600000|100%|HC|  |TAMS 0x0000000082600000, 0x0000000082500000| Complete 
|  38|0x0000000082600000, 0x0000000082700000, 0x0000000082700000|100%| O|  |TAMS 0x0000000082700000, 0x0000000082600000| Untracked 
|  39|0x0000000082700000, 0x0000000082800000, 0x0000000082800000|100%| O|  |TAMS 0x0000000082800000, 0x0000000082700000| Untracked 
|  40|0x0000000082800000, 0x0000000082900000, 0x0000000082900000|100%| O|  |TAMS 0x0000000082900000, 0x0000000082800000| Untracked 
|  41|0x0000000082900000, 0x0000000082a00000, 0x0000000082a00000|100%| O|  |TAMS 0x0000000082a00000, 0x0000000082900000| Untracked 
|  42|0x0000000082a00000, 0x0000000082b00000, 0x0000000082b00000|100%| O|  |TAMS 0x0000000082b00000, 0x0000000082a00000| Untracked 
|  43|0x0000000082b00000, 0x0000000082c00000, 0x0000000082c00000|100%| O|  |TAMS 0x0000000082c00000, 0x0000000082b00000| Untracked 
|  44|0x0000000082c00000, 0x0000000082d00000, 0x0000000082d00000|100%| O|  |TAMS 0x0000000082d00000, 0x0000000082c00000| Untracked 
|  45|0x0000000082d00000, 0x0000000082e00000, 0x0000000082e00000|100%| O|  |TAMS 0x0000000082e00000, 0x0000000082d00000| Untracked 
|  46|0x0000000082e00000, 0x0000000082f00000, 0x0000000082f00000|100%| O|  |TAMS 0x0000000082f00000, 0x0000000082e00000| Untracked 
|  47|0x0000000082f00000, 0x0000000083000000, 0x0000000083000000|100%| O|  |TAMS 0x0000000083000000, 0x0000000082f00000| Untracked 
|  48|0x0000000083000000, 0x0000000083100000, 0x0000000083100000|100%| O|  |TAMS 0x0000000083100000, 0x0000000083000000| Untracked 
|  49|0x0000000083100000, 0x0000000083200000, 0x0000000083200000|100%| O|  |TAMS 0x0000000083200000, 0x0000000083100000| Untracked 
|  50|0x0000000083200000, 0x0000000083300000, 0x0000000083300000|100%| O|  |TAMS 0x0000000083300000, 0x0000000083200000| Untracked 
|  51|0x0000000083300000, 0x0000000083400000, 0x0000000083400000|100%| O|  |TAMS 0x0000000083400000, 0x0000000083300000| Untracked 
|  52|0x0000000083400000, 0x0000000083500000, 0x0000000083500000|100%| O|  |TAMS 0x0000000083500000, 0x0000000083400000| Untracked 
|  53|0x0000000083500000, 0x0000000083600000, 0x0000000083600000|100%| O|  |TAMS 0x0000000083600000, 0x0000000083500000| Untracked 
|  54|0x0000000083600000, 0x0000000083700000, 0x0000000083700000|100%| O|  |TAMS 0x0000000083700000, 0x0000000083600000| Untracked 
|  55|0x0000000083700000, 0x0000000083800000, 0x0000000083800000|100%| O|  |TAMS 0x0000000083800000, 0x0000000083700000| Untracked 
|  56|0x0000000083800000, 0x0000000083900000, 0x0000000083900000|100%| O|  |TAMS 0x0000000083900000, 0x0000000083800000| Untracked 
|  57|0x0000000083900000, 0x0000000083a00000, 0x0000000083a00000|100%| O|  |TAMS 0x0000000083a00000, 0x0000000083900000| Untracked 
|  58|0x0000000083a00000, 0x0000000083b00000, 0x0000000083b00000|100%| O|  |TAMS 0x0000000083b00000, 0x0000000083a00000| Untracked 
|  59|0x0000000083b00000, 0x0000000083b00000, 0x0000000083c00000|  0%| F|  |TAMS 0x0000000083b00000, 0x0000000083b00000| Untracked 
|  60|0x0000000083c00000, 0x0000000083d00000, 0x0000000083d00000|100%| O|  |TAMS 0x0000000083d00000, 0x0000000083c00000| Untracked 
|  61|0x0000000083d00000, 0x0000000083e00000, 0x0000000083e00000|100%| O|  |TAMS 0x0000000083e00000, 0x0000000083d00000| Untracked 
|  62|0x0000000083e00000, 0x0000000083f00000, 0x0000000083f00000|100%| O|  |TAMS 0x0000000083f00000, 0x0000000083e00000| Untracked 
|  63|0x0000000083f00000, 0x0000000084000000, 0x0000000084000000|100%| O|  |TAMS 0x0000000084000000, 0x0000000083f00000| Untracked 
|  64|0x0000000084000000, 0x0000000084100000, 0x0000000084100000|100%| O|  |TAMS 0x0000000084100000, 0x0000000084000000| Untracked 
|  65|0x0000000084100000, 0x0000000084200000, 0x0000000084200000|100%| O|  |TAMS 0x0000000084200000, 0x0000000084100000| Untracked 
|  66|0x0000000084200000, 0x0000000084300000, 0x0000000084300000|100%| O|  |TAMS 0x0000000084300000, 0x0000000084200000| Untracked 
|  67|0x0000000084300000, 0x0000000084400000, 0x0000000084400000|100%| O|  |TAMS 0x0000000084400000, 0x0000000084300000| Untracked 
|  68|0x0000000084400000, 0x0000000084500000, 0x0000000084500000|100%| O|  |TAMS 0x0000000084500000, 0x0000000084400000| Untracked 
|  69|0x0000000084500000, 0x0000000084600000, 0x0000000084600000|100%| O|  |TAMS 0x0000000084600000, 0x0000000084500000| Untracked 
|  70|0x0000000084600000, 0x0000000084700000, 0x0000000084700000|100%| O|  |TAMS 0x00000000846c3800, 0x0000000084600000| Untracked 
|  71|0x0000000084700000, 0x0000000084800000, 0x0000000084800000|100%| O|  |TAMS 0x0000000084700000, 0x0000000084700000| Untracked 
|  72|0x0000000084800000, 0x0000000084900000, 0x0000000084900000|100%| O|  |TAMS 0x0000000084800000, 0x0000000084800000| Untracked 
|  73|0x0000000084900000, 0x0000000084a00000, 0x0000000084a00000|100%| O|  |TAMS 0x0000000084900000, 0x0000000084900000| Untracked 
|  74|0x0000000084a00000, 0x0000000084b00000, 0x0000000084b00000|100%| O|  |TAMS 0x0000000084a00000, 0x0000000084a00000| Untracked 
|  75|0x0000000084b00000, 0x0000000084c00000, 0x0000000084c00000|100%|HS|  |TAMS 0x0000000084b00000, 0x0000000084b00000| Complete 
|  76|0x0000000084c00000, 0x0000000084d00000, 0x0000000084d00000|100%| O|  |TAMS 0x0000000084c00000, 0x0000000084c00000| Untracked 
|  77|0x0000000084d00000, 0x0000000084e00000, 0x0000000084e00000|100%| O|  |TAMS 0x0000000084d00000, 0x0000000084d00000| Untracked 
|  78|0x0000000084e00000, 0x0000000084f00000, 0x0000000084f00000|100%| O|  |TAMS 0x0000000084e00000, 0x0000000084e00000| Untracked 
|  79|0x0000000084f00000, 0x0000000085000000, 0x0000000085000000|100%| O|  |TAMS 0x0000000084f00000, 0x0000000084f00000| Untracked 
|  80|0x0000000085000000, 0x0000000085100000, 0x0000000085100000|100%| O|  |TAMS 0x0000000085000000, 0x0000000085000000| Untracked 
|  81|0x0000000085100000, 0x0000000085200000, 0x0000000085200000|100%| O|  |TAMS 0x0000000085100000, 0x0000000085100000| Untracked 
|  82|0x0000000085200000, 0x0000000085300000, 0x0000000085300000|100%| O|  |TAMS 0x0000000085200000, 0x0000000085200000| Untracked 
|  83|0x0000000085300000, 0x0000000085400000, 0x0000000085400000|100%| O|  |TAMS 0x0000000085300000, 0x0000000085300000| Untracked 
|  84|0x0000000085400000, 0x0000000085500000, 0x0000000085500000|100%| O|  |TAMS 0x0000000085400000, 0x0000000085400000| Untracked 
|  85|0x0000000085500000, 0x0000000085600000, 0x0000000085600000|100%| O|  |TAMS 0x0000000085500000, 0x0000000085500000| Untracked 
|  86|0x0000000085600000, 0x0000000085700000, 0x0000000085700000|100%| O|  |TAMS 0x0000000085600000, 0x0000000085600000| Untracked 
|  87|0x0000000085700000, 0x0000000085800000, 0x0000000085800000|100%| O|  |TAMS 0x0000000085700000, 0x0000000085700000| Untracked 
|  88|0x0000000085800000, 0x0000000085900000, 0x0000000085900000|100%| O|  |TAMS 0x0000000085800000, 0x0000000085800000| Untracked 
|  89|0x0000000085900000, 0x00000000859dcc00, 0x0000000085a00000| 86%| O|  |TAMS 0x0000000085900000, 0x0000000085900000| Untracked 
|  90|0x0000000085a00000, 0x0000000085a00000, 0x0000000085b00000|  0%| F|  |TAMS 0x0000000085a00000, 0x0000000085a00000| Untracked 
|  91|0x0000000085b00000, 0x0000000085b00000, 0x0000000085c00000|  0%| F|  |TAMS 0x0000000085b00000, 0x0000000085b00000| Untracked 
|  92|0x0000000085c00000, 0x0000000085c00000, 0x0000000085d00000|  0%| F|  |TAMS 0x0000000085c00000, 0x0000000085c00000| Untracked 
|  93|0x0000000085d00000, 0x0000000085d00000, 0x0000000085e00000|  0%| F|  |TAMS 0x0000000085d00000, 0x0000000085d00000| Untracked 
|  94|0x0000000085e00000, 0x0000000085e00000, 0x0000000085f00000|  0%| F|  |TAMS 0x0000000085e00000, 0x0000000085e00000| Untracked 
|  95|0x0000000085f00000, 0x0000000085f00000, 0x0000000086000000|  0%| F|  |TAMS 0x0000000085f00000, 0x0000000085f00000| Untracked 
|  96|0x0000000086000000, 0x0000000086000000, 0x0000000086100000|  0%| F|  |TAMS 0x0000000086000000, 0x0000000086000000| Untracked 
|  97|0x0000000086100000, 0x0000000086100000, 0x0000000086200000|  0%| F|  |TAMS 0x0000000086100000, 0x0000000086100000| Untracked 
|  98|0x0000000086200000, 0x0000000086200000, 0x0000000086300000|  0%| F|  |TAMS 0x0000000086200000, 0x0000000086200000| Untracked 
|  99|0x0000000086300000, 0x0000000086300000, 0x0000000086400000|  0%| F|  |TAMS 0x0000000086300000, 0x0000000086300000| Untracked 
| 100|0x0000000086400000, 0x0000000086400000, 0x0000000086500000|  0%| F|  |TAMS 0x0000000086400000, 0x0000000086400000| Untracked 
| 101|0x0000000086500000, 0x0000000086500000, 0x0000000086600000|  0%| F|  |TAMS 0x0000000086500000, 0x0000000086500000| Untracked 
| 102|0x0000000086600000, 0x0000000086600000, 0x0000000086700000|  0%| F|  |TAMS 0x0000000086600000, 0x0000000086600000| Untracked 
| 103|0x0000000086700000, 0x0000000086700000, 0x0000000086800000|  0%| F|  |TAMS 0x0000000086700000, 0x0000000086700000| Untracked 
| 104|0x0000000086800000, 0x0000000086800000, 0x0000000086900000|  0%| F|  |TAMS 0x0000000086800000, 0x0000000086800000| Untracked 
| 105|0x0000000086900000, 0x0000000086900000, 0x0000000086a00000|  0%| F|  |TAMS 0x0000000086900000, 0x0000000086900000| Untracked 
| 106|0x0000000086a00000, 0x0000000086a00000, 0x0000000086b00000|  0%| F|  |TAMS 0x0000000086a00000, 0x0000000086a00000| Untracked 
| 107|0x0000000086b00000, 0x0000000086b00000, 0x0000000086c00000|  0%| F|  |TAMS 0x0000000086b00000, 0x0000000086b00000| Untracked 
| 108|0x0000000086c00000, 0x0000000086c00000, 0x0000000086d00000|  0%| F|  |TAMS 0x0000000086c00000, 0x0000000086c00000| Untracked 
| 109|0x0000000086d00000, 0x0000000086d00000, 0x0000000086e00000|  0%| F|  |TAMS 0x0000000086d00000, 0x0000000086d00000| Untracked 
| 110|0x0000000086e00000, 0x0000000086e00000, 0x0000000086f00000|  0%| F|  |TAMS 0x0000000086e00000, 0x0000000086e00000| Untracked 
| 111|0x0000000086f00000, 0x0000000086f00000, 0x0000000087000000|  0%| F|  |TAMS 0x0000000086f00000, 0x0000000086f00000| Untracked 
| 112|0x0000000087000000, 0x0000000087000000, 0x0000000087100000|  0%| F|  |TAMS 0x0000000087000000, 0x0000000087000000| Untracked 
| 113|0x0000000087100000, 0x0000000087100000, 0x0000000087200000|  0%| F|  |TAMS 0x0000000087100000, 0x0000000087100000| Untracked 
| 114|0x0000000087200000, 0x0000000087200000, 0x0000000087300000|  0%| F|  |TAMS 0x0000000087200000, 0x0000000087200000| Untracked 
| 115|0x0000000087300000, 0x0000000087300000, 0x0000000087400000|  0%| F|  |TAMS 0x0000000087300000, 0x0000000087300000| Untracked 
| 116|0x0000000087400000, 0x0000000087400000, 0x0000000087500000|  0%| F|  |TAMS 0x0000000087400000, 0x0000000087400000| Untracked 
| 117|0x0000000087500000, 0x0000000087500000, 0x0000000087600000|  0%| F|  |TAMS 0x0000000087500000, 0x0000000087500000| Untracked 
| 118|0x0000000087600000, 0x0000000087600000, 0x0000000087700000|  0%| F|  |TAMS 0x0000000087600000, 0x0000000087600000| Untracked 
| 119|0x0000000087700000, 0x0000000087700000, 0x0000000087800000|  0%| F|  |TAMS 0x0000000087700000, 0x0000000087700000| Untracked 
| 120|0x0000000087800000, 0x0000000087800000, 0x0000000087900000|  0%| F|  |TAMS 0x0000000087800000, 0x0000000087800000| Untracked 
| 121|0x0000000087900000, 0x0000000087900000, 0x0000000087a00000|  0%| F|  |TAMS 0x0000000087900000, 0x0000000087900000| Untracked 
| 122|0x0000000087a00000, 0x0000000087a00000, 0x0000000087b00000|  0%| F|  |TAMS 0x0000000087a00000, 0x0000000087a00000| Untracked 
| 123|0x0000000087b00000, 0x0000000087b00000, 0x0000000087c00000|  0%| F|  |TAMS 0x0000000087b00000, 0x0000000087b00000| Untracked 
| 124|0x0000000087c00000, 0x0000000087c00000, 0x0000000087d00000|  0%| F|  |TAMS 0x0000000087c00000, 0x0000000087c00000| Untracked 
| 125|0x0000000087d00000, 0x0000000087d00000, 0x0000000087e00000|  0%| F|  |TAMS 0x0000000087d00000, 0x0000000087d00000| Untracked 
| 126|0x0000000087e00000, 0x0000000087e00000, 0x0000000087f00000|  0%| F|  |TAMS 0x0000000087e00000, 0x0000000087e00000| Untracked 
| 127|0x0000000087f00000, 0x0000000087f00000, 0x0000000088000000|  0%| F|  |TAMS 0x0000000087f00000, 0x0000000087f00000| Untracked 
| 128|0x0000000088000000, 0x0000000088000000, 0x0000000088100000|  0%| F|  |TAMS 0x0000000088000000, 0x0000000088000000| Untracked 
| 129|0x0000000088100000, 0x0000000088100000, 0x0000000088200000|  0%| F|  |TAMS 0x0000000088100000, 0x0000000088100000| Untracked 
| 130|0x0000000088200000, 0x0000000088200000, 0x0000000088300000|  0%| F|  |TAMS 0x0000000088200000, 0x0000000088200000| Untracked 
| 131|0x0000000088300000, 0x0000000088300000, 0x0000000088400000|  0%| F|  |TAMS 0x0000000088300000, 0x0000000088300000| Untracked 
| 132|0x0000000088400000, 0x0000000088400000, 0x0000000088500000|  0%| F|  |TAMS 0x0000000088400000, 0x0000000088400000| Untracked 
| 133|0x0000000088500000, 0x0000000088500000, 0x0000000088600000|  0%| F|  |TAMS 0x0000000088500000, 0x0000000088500000| Untracked 
| 134|0x0000000088600000, 0x0000000088600000, 0x0000000088700000|  0%| F|  |TAMS 0x0000000088600000, 0x0000000088600000| Untracked 
| 135|0x0000000088700000, 0x0000000088700000, 0x0000000088800000|  0%| F|  |TAMS 0x0000000088700000, 0x0000000088700000| Untracked 
| 136|0x0000000088800000, 0x0000000088800000, 0x0000000088900000|  0%| F|  |TAMS 0x0000000088800000, 0x0000000088800000| Untracked 
| 137|0x0000000088900000, 0x0000000088900000, 0x0000000088a00000|  0%| F|  |TAMS 0x0000000088900000, 0x0000000088900000| Untracked 
| 138|0x0000000088a00000, 0x0000000088a00000, 0x0000000088b00000|  0%| F|  |TAMS 0x0000000088a00000, 0x0000000088a00000| Untracked 
| 139|0x0000000088b00000, 0x0000000088b00000, 0x0000000088c00000|  0%| F|  |TAMS 0x0000000088b00000, 0x0000000088b00000| Untracked 
| 140|0x0000000088c00000, 0x0000000088c00000, 0x0000000088d00000|  0%| F|  |TAMS 0x0000000088c00000, 0x0000000088c00000| Untracked 
| 141|0x0000000088d00000, 0x0000000088d00000, 0x0000000088e00000|  0%| F|  |TAMS 0x0000000088d00000, 0x0000000088d00000| Untracked 
| 142|0x0000000088e00000, 0x0000000088e00000, 0x0000000088f00000|  0%| F|  |TAMS 0x0000000088e00000, 0x0000000088e00000| Untracked 
| 143|0x0000000088f00000, 0x0000000088f00000, 0x0000000089000000|  0%| F|  |TAMS 0x0000000088f00000, 0x0000000088f00000| Untracked 
| 144|0x0000000089000000, 0x0000000089000000, 0x0000000089100000|  0%| F|  |TAMS 0x0000000089000000, 0x0000000089000000| Untracked 
| 145|0x0000000089100000, 0x0000000089100000, 0x0000000089200000|  0%| F|  |TAMS 0x0000000089100000, 0x0000000089100000| Untracked 
| 146|0x0000000089200000, 0x0000000089200000, 0x0000000089300000|  0%| F|  |TAMS 0x0000000089200000, 0x0000000089200000| Untracked 
| 147|0x0000000089300000, 0x0000000089300000, 0x0000000089400000|  0%| F|  |TAMS 0x0000000089300000, 0x0000000089300000| Untracked 
| 148|0x0000000089400000, 0x0000000089400000, 0x0000000089500000|  0%| F|  |TAMS 0x0000000089400000, 0x0000000089400000| Untracked 
| 149|0x0000000089500000, 0x0000000089500000, 0x0000000089600000|  0%| F|  |TAMS 0x0000000089500000, 0x0000000089500000| Untracked 
| 150|0x0000000089600000, 0x0000000089600000, 0x0000000089700000|  0%| F|  |TAMS 0x0000000089600000, 0x0000000089600000| Untracked 
| 151|0x0000000089700000, 0x0000000089700000, 0x0000000089800000|  0%| F|  |TAMS 0x0000000089700000, 0x0000000089700000| Untracked 
| 152|0x0000000089800000, 0x0000000089800000, 0x0000000089900000|  0%| F|  |TAMS 0x0000000089800000, 0x0000000089800000| Untracked 
| 153|0x0000000089900000, 0x0000000089a00000, 0x0000000089a00000|100%| E|  |TAMS 0x0000000089900000, 0x0000000089900000| Complete 
| 154|0x0000000089a00000, 0x0000000089b00000, 0x0000000089b00000|100%| E|CS|TAMS 0x0000000089a00000, 0x0000000089a00000| Complete 
| 155|0x0000000089b00000, 0x0000000089c00000, 0x0000000089c00000|100%| E|CS|TAMS 0x0000000089b00000, 0x0000000089b00000| Complete 
| 156|0x0000000089c00000, 0x0000000089d00000, 0x0000000089d00000|100%| E|CS|TAMS 0x0000000089c00000, 0x0000000089c00000| Complete 
| 157|0x0000000089d00000, 0x0000000089e00000, 0x0000000089e00000|100%| E|CS|TAMS 0x0000000089d00000, 0x0000000089d00000| Complete 
| 158|0x0000000089e00000, 0x0000000089f00000, 0x0000000089f00000|100%| E|CS|TAMS 0x0000000089e00000, 0x0000000089e00000| Complete 
| 159|0x0000000089f00000, 0x000000008a000000, 0x000000008a000000|100%| E|CS|TAMS 0x0000000089f00000, 0x0000000089f00000| Complete 
| 160|0x000000008a000000, 0x000000008a100000, 0x000000008a100000|100%| E|CS|TAMS 0x000000008a000000, 0x000000008a000000| Complete 
| 161|0x000000008a100000, 0x000000008a200000, 0x000000008a200000|100%| E|CS|TAMS 0x000000008a100000, 0x000000008a100000| Complete 
| 162|0x000000008a200000, 0x000000008a300000, 0x000000008a300000|100%| E|CS|TAMS 0x000000008a200000, 0x000000008a200000| Complete 
| 163|0x000000008a300000, 0x000000008a400000, 0x000000008a400000|100%| S|CS|TAMS 0x000000008a300000, 0x000000008a300000| Complete 
| 164|0x000000008a400000, 0x000000008a500000, 0x000000008a500000|100%| E|CS|TAMS 0x000000008a400000, 0x000000008a400000| Complete 

Card table byte_map: [0x0000025ff28b0000,0x0000025ff2cb0000] _byte_map_base: 0x0000025ff24b0000

Marking Bits (Prev, Next): (CMBitMap*) 0x0000025fdb66d2e0, (CMBitMap*) 0x0000025fdb66d2a0
 Prev Bits: [0x0000025ff50b0000, 0x0000025ff70b0000)
 Next Bits: [0x0000025ff30b0000, 0x0000025ff50b0000)

Polling page: 0x0000025fd9610000

Metaspace:

Usage:
  Non-class:     73.14 MB used.
      Class:     11.22 MB used.
       Both:     84.36 MB used.

Virtual space:
  Non-class space:      128.00 MB reserved,      73.56 MB ( 57%) committed,  2 nodes.
      Class space:        1.00 GB reserved,      11.56 MB (  1%) committed,  1 nodes.
             Both:        1.12 GB reserved,      85.12 MB (  7%) committed. 

Chunk freelists:
   Non-Class:  5.52 MB
       Class:  4.38 MB
        Both:  9.89 MB

MaxMetaspaceSize: unlimited
CompressedClassSpaceSize: 1.00 GB
Initial GC threshold: 21.00 MB
Current GC threshold: 136.88 MB
CDS: on
MetaspaceReclaimPolicy: balanced
 - commit_granule_bytes: 65536.
 - commit_granule_words: 8192.
 - virtual_space_node_default_size: 8388608.
 - enlarge_chunks_in_place: 1.
 - new_chunks_are_fully_committed: 0.
 - uncommit_free_chunks: 1.
 - use_allocation_guard: 0.
 - handle_deallocations: 1.


Internal statistics:

num_allocs_failed_limit: 6.
num_arena_births: 1070.
num_arena_deaths: 0.
num_vsnodes_births: 3.
num_vsnodes_deaths: 0.
num_space_committed: 1362.
num_space_uncommitted: 0.
num_chunks_returned_to_freelist: 6.
num_chunks_taken_from_freelist: 4378.
num_chunk_merges: 6.
num_chunk_splits: 3215.
num_chunks_enlarged: 2504.
num_inconsistent_stats: 0.

CodeHeap 'non-profiled nmethods': size=120000Kb used=3393Kb max_used=3393Kb free=116606Kb
 bounds [0x0000025feac50000, 0x0000025feafb0000, 0x0000025ff2180000]
CodeHeap 'profiled nmethods': size=120000Kb used=13021Kb max_used=13021Kb free=106978Kb
 bounds [0x0000025fe3180000, 0x0000025fe3e40000, 0x0000025fea6b0000]
CodeHeap 'non-nmethods': size=5760Kb used=1797Kb max_used=1801Kb free=3963Kb
 bounds [0x0000025fea6b0000, 0x0000025fea920000, 0x0000025feac50000]
 total_blobs=7510 nmethods=6618 adapters=804
 compilation: enabled
              stopped_count=0, restarted_count=0
 full_count=0

Compilation events (20 events):
Event: 16.072 Thread 0x0000025ff95a6ff0 7390       1       org.jetbrains.kotlin.fir.declarations.builder.FirValueParameterBuilder::isVararg (5 bytes)
Event: 16.072 Thread 0x0000025ff95a6ff0 nmethod 7390 0x0000025feaf9f310 code [0x0000025feaf9f4a0, 0x0000025feaf9f578]
Event: 16.072 Thread 0x0000025ff95a6ff0 7391       1       org.jetbrains.kotlin.fir.declarations.builder.FirValueParameterBuilder::getValueParameterKind (5 bytes)
Event: 16.072 Thread 0x0000025ff95a6ff0 nmethod 7391 0x0000025feaf9f610 code [0x0000025feaf9f7a0, 0x0000025feaf9f878]
Event: 16.072 Thread 0x0000025ff95a6ff0 7392       1       org.jetbrains.kotlin.fir.declarations.impl.FirValueParameterImpl::getSource (5 bytes)
Event: 16.072 Thread 0x0000025ff95a6ff0 nmethod 7392 0x0000025feaf9f910 code [0x0000025feaf9faa0, 0x0000025feaf9fb78]
Event: 16.072 Thread 0x0000025ff95a6ff0 7393       1       org.jetbrains.kotlin.fir.declarations.impl.FirValueParameterImpl::getOrigin (5 bytes)
Event: 16.073 Thread 0x0000025ff95a6ff0 nmethod 7393 0x0000025feaf9fc10 code [0x0000025feaf9fda0, 0x0000025feaf9fe78]
Event: 16.073 Thread 0x0000025ff95a6ff0 7377       1       org.jetbrains.kotlin.fir.declarations.builder.FirSimpleFunctionBuilder::setReceiverParameter (6 bytes)
Event: 16.073 Thread 0x0000025ff95a6ff0 nmethod 7377 0x0000025feaf9ff10 code [0x0000025feafa00a0, 0x0000025feafa01b8]
Event: 16.108 Thread 0x0000025ff95a6ff0 7405       3       kotlin.reflect.jvm.internal.ReflectionFactoryImpl::getOwner (23 bytes)
Event: 16.108 Thread 0x0000025ff95a6ff0 nmethod 7405 0x0000025fe3e1e290 code [0x0000025fe3e1e460, 0x0000025fe3e1e908]
Event: 16.108 Thread 0x0000025ff95a6ff0 7406       3       kotlin.jvm.internal.CallableReference::getOwner (36 bytes)
Event: 16.109 Thread 0x0000025ff95a6ff0 nmethod 7406 0x0000025fe3e1ea10 code [0x0000025fe3e1ed60, 0x0000025fe3e1ff48]
Event: 16.109 Thread 0x0000025ff95a6ff0 7407       3       kotlin.reflect.jvm.internal.KProperty1Impl::<init> (72 bytes)
Event: 16.110 Thread 0x0000025ff95a6ff0 nmethod 7407 0x0000025fe3e20510 code [0x0000025fe3e20880, 0x0000025fe3e21c08]
Event: 16.110 Thread 0x0000025ff95a6ff0 7408       1       kotlin.reflect.jvm.internal.KPropertyImpl::getName (5 bytes)
Event: 16.110 Thread 0x0000025ff95a6ff0 nmethod 7408 0x0000025feafa0210 code [0x0000025feafa03a0, 0x0000025feafa0478]
Event: 16.117 Thread 0x0000025ff95a6ff0 7409   !   3       java.util.zip.ZipFile$Source::get (190 bytes)
Event: 16.118 Thread 0x0000025ff95a6ff0 nmethod 7409 0x0000025fe3e22310 code [0x0000025fe3e22620, 0x0000025fe3e23b58]

GC Heap History (20 events):
Event: 12.218 GC heap before
{Heap before GC invocations=30 (full 0):
 garbage-first heap   total 104448K, used 79999K [0x0000000080000000, 0x0000000100000000)
  region size 1024K, 35 young (35840K), 6 survivors (6144K)
 Metaspace       used 57239K, committed 57984K, reserved 1114112K
  class space    used 8358K, committed 8704K, reserved 1048576K
}
Event: 12.232 GC heap after
{Heap after GC invocations=31 (full 0):
 garbage-first heap   total 104448K, used 60514K [0x0000000080000000, 0x0000000100000000)
  region size 1024K, 5 young (5120K), 5 survivors (5120K)
 Metaspace       used 57239K, committed 57984K, reserved 1114112K
  class space    used 8358K, committed 8704K, reserved 1048576K
}
Event: 12.829 GC heap before
{Heap before GC invocations=31 (full 0):
 garbage-first heap   total 104448K, used 79970K [0x0000000080000000, 0x0000000100000000)
  region size 1024K, 24 young (24576K), 5 survivors (5120K)
 Metaspace       used 59285K, committed 60096K, reserved 1114112K
  class space    used 8592K, committed 8960K, reserved 1048576K
}
Event: 12.842 GC heap after
{Heap after GC invocations=32 (full 0):
 garbage-first heap   total 104448K, used 63561K [0x0000000080000000, 0x0000000100000000)
  region size 1024K, 2 young (2048K), 2 survivors (2048K)
 Metaspace       used 59285K, committed 60096K, reserved 1114112K
  class space    used 8592K, committed 8960K, reserved 1048576K
}
Event: 13.087 GC heap before
{Heap before GC invocations=33 (full 0):
 garbage-first heap   total 116736K, used 80969K [0x0000000080000000, 0x0000000100000000)
  region size 1024K, 20 young (20480K), 2 survivors (2048K)
 Metaspace       used 61644K, committed 62464K, reserved 1114112K
  class space    used 8830K, committed 9216K, reserved 1048576K
}
Event: 13.091 GC heap after
{Heap after GC invocations=34 (full 0):
 garbage-first heap   total 116736K, used 63704K [0x0000000080000000, 0x0000000100000000)
  region size 1024K, 2 young (2048K), 2 survivors (2048K)
 Metaspace       used 61644K, committed 62464K, reserved 1114112K
  class space    used 8830K, committed 9216K, reserved 1048576K
}
Event: 13.446 GC heap before
{Heap before GC invocations=34 (full 0):
 garbage-first heap   total 116736K, used 90328K [0x0000000080000000, 0x0000000100000000)
  region size 1024K, 28 young (28672K), 2 survivors (2048K)
 Metaspace       used 64546K, committed 65344K, reserved 1114112K
  class space    used 9165K, committed 9536K, reserved 1048576K
}
Event: 13.453 GC heap after
{Heap after GC invocations=35 (full 0):
 garbage-first heap   total 158720K, used 64558K [0x0000000080000000, 0x0000000100000000)
  region size 1024K, 3 young (3072K), 3 survivors (3072K)
 Metaspace       used 64546K, committed 65344K, reserved 1114112K
  class space    used 9165K, committed 9536K, reserved 1048576K
}
Event: 14.100 GC heap before
{Heap before GC invocations=36 (full 0):
 garbage-first heap   total 158720K, used 115758K [0x0000000080000000, 0x0000000100000000)
  region size 1024K, 54 young (55296K), 3 survivors (3072K)
 Metaspace       used 69891K, committed 70720K, reserved 1114112K
  class space    used 9639K, committed 9984K, reserved 1048576K
}
Event: 14.106 GC heap after
{Heap after GC invocations=37 (full 0):
 garbage-first heap   total 158720K, used 68371K [0x0000000080000000, 0x0000000100000000)
  region size 1024K, 7 young (7168K), 7 survivors (7168K)
 Metaspace       used 69891K, committed 70720K, reserved 1114112K
  class space    used 9639K, committed 9984K, reserved 1048576K
}
Event: 14.705 GC heap before
{Heap before GC invocations=37 (full 0):
 garbage-first heap   total 158720K, used 115475K [0x0000000080000000, 0x0000000100000000)
  region size 1024K, 54 young (55296K), 7 survivors (7168K)
 Metaspace       used 75333K, committed 76096K, reserved 1114112K
  class space    used 10224K, committed 10560K, reserved 1048576K
}
Event: 14.713 GC heap after
{Heap after GC invocations=38 (full 0):
 garbage-first heap   total 158720K, used 72429K [0x0000000080000000, 0x0000000100000000)
  region size 1024K, 5 young (5120K), 5 survivors (5120K)
 Metaspace       used 75333K, committed 76096K, reserved 1114112K
  class space    used 10224K, committed 10560K, reserved 1048576K
}
Event: 15.297 GC heap before
{Heap before GC invocations=38 (full 0):
 garbage-first heap   total 158720K, used 120557K [0x0000000080000000, 0x0000000100000000)
  region size 1024K, 52 young (53248K), 5 survivors (5120K)
 Metaspace       used 80543K, committed 81344K, reserved 1179648K
  class space    used 10841K, committed 11200K, reserved 1048576K
}
Event: 15.304 GC heap after
{Heap after GC invocations=39 (full 0):
 garbage-first heap   total 158720K, used 76658K [0x0000000080000000, 0x0000000100000000)
  region size 1024K, 5 young (5120K), 5 survivors (5120K)
 Metaspace       used 80543K, committed 81344K, reserved 1179648K
  class space    used 10841K, committed 11200K, reserved 1048576K
}
Event: 15.722 GC heap before
{Heap before GC invocations=39 (full 0):
 garbage-first heap   total 158720K, used 101234K [0x0000000080000000, 0x0000000100000000)
  region size 1024K, 30 young (30720K), 5 survivors (5120K)
 Metaspace       used 83233K, committed 84032K, reserved 1179648K
  class space    used 11155K, committed 11520K, reserved 1048576K
}
Event: 15.727 GC heap after
{Heap after GC invocations=40 (full 0):
 garbage-first heap   total 158720K, used 78512K [0x0000000080000000, 0x0000000100000000)
  region size 1024K, 2 young (2048K), 2 survivors (2048K)
 Metaspace       used 83233K, committed 84032K, reserved 1179648K
  class space    used 11155K, committed 11520K, reserved 1048576K
}
Event: 16.128 GC heap before
{Heap before GC invocations=41 (full 0):
 garbage-first heap   total 168960K, used 126640K [0x0000000080000000, 0x0000000100000000)
  region size 1024K, 49 young (50176K), 2 survivors (2048K)
 Metaspace       used 85399K, committed 86208K, reserved 1179648K
  class space    used 11370K, committed 11712K, reserved 1048576K
}
Event: 16.136 GC heap after
{Heap after GC invocations=42 (full 0):
 garbage-first heap   total 168960K, used 91102K [0x0000000080000000, 0x0000000100000000)
  region size 1024K, 7 young (7168K), 7 survivors (7168K)
 Metaspace       used 85399K, committed 86208K, reserved 1179648K
  class space    used 11370K, committed 11712K, reserved 1048576K
}
Event: 16.146 GC heap before
{Heap before GC invocations=42 (full 0):
 garbage-first heap   total 168960K, used 92126K [0x0000000080000000, 0x0000000100000000)
  region size 1024K, 8 young (8192K), 7 survivors (7168K)
 Metaspace       used 85514K, committed 86336K, reserved 1179648K
  class space    used 11384K, committed 11776K, reserved 1048576K
}
Event: 16.151 GC heap after
{Heap after GC invocations=43 (full 0):
 garbage-first heap   total 168960K, used 92019K [0x0000000080000000, 0x0000000100000000)
  region size 1024K, 1 young (1024K), 1 survivors (1024K)
 Metaspace       used 85514K, committed 86336K, reserved 1179648K
  class space    used 11384K, committed 11776K, reserved 1048576K
}

Dll operation events (15 events):
Event: 0.075 Loaded shared library C:\Users\welcome\.gradle\jdks\eclipse_adoptium-17-amd64-windows.2\bin\java.dll
Event: 0.187 Loaded shared library C:\Users\welcome\.gradle\jdks\eclipse_adoptium-17-amd64-windows.2\bin\jsvml.dll
Event: 0.280 Loaded shared library C:\Users\welcome\.gradle\jdks\eclipse_adoptium-17-amd64-windows.2\bin\zip.dll
Event: 0.285 Loaded shared library C:\Users\welcome\.gradle\jdks\eclipse_adoptium-17-amd64-windows.2\bin\instrument.dll
Event: 0.294 Loaded shared library C:\Users\welcome\.gradle\jdks\eclipse_adoptium-17-amd64-windows.2\bin\net.dll
Event: 0.303 Loaded shared library C:\Users\welcome\.gradle\jdks\eclipse_adoptium-17-amd64-windows.2\bin\nio.dll
Event: 0.305 Loaded shared library C:\Users\welcome\.gradle\jdks\eclipse_adoptium-17-amd64-windows.2\bin\zip.dll
Event: 0.615 Loaded shared library C:\Users\welcome\.gradle\jdks\eclipse_adoptium-17-amd64-windows.2\bin\jimage.dll
Event: 0.880 Loaded shared library C:\Users\welcome\.gradle\jdks\eclipse_adoptium-17-amd64-windows.2\bin\verify.dll
Event: 0.918 Loaded shared library C:\Users\welcome\.gradle\native\660c5614fbf4a5f2a75b1949f50a0caf5cd603558e7d8a26e50b933a0cfb79d1\windows-amd64\native-platform.dll
Event: 0.937 Loaded shared library C:\Users\welcome\.gradle\native\0.2.8\x86_64-windows-gnu\gradle-fileevents.dll
Event: 2.114 Loaded shared library C:\Users\welcome\.gradle\jdks\eclipse_adoptium-17-amd64-windows.2\bin\management.dll
Event: 2.152 Loaded shared library C:\Users\welcome\.gradle\jdks\eclipse_adoptium-17-amd64-windows.2\bin\management_ext.dll
Event: 2.425 Loaded shared library C:\Users\welcome\.gradle\jdks\eclipse_adoptium-17-amd64-windows.2\bin\extnet.dll
Event: 2.684 Loaded shared library C:\Users\welcome\.gradle\jdks\eclipse_adoptium-17-amd64-windows.2\bin\sunmscapi.dll

Deoptimization events (20 events):
Event: 15.774 Thread 0x0000025ff9595880 DEOPT PACKING pc=0x0000025fe321d1bd sp=0x000000956abf0470
Event: 15.774 Thread 0x0000025ff9595880 DEOPT UNPACKING pc=0x0000025fea70ace3 sp=0x000000956abef900 mode 0
Event: 15.774 Thread 0x0000025ff9595880 DEOPT PACKING pc=0x0000025fe3c0c083 sp=0x000000956abf0a30
Event: 15.774 Thread 0x0000025ff9595880 DEOPT UNPACKING pc=0x0000025fea70ace3 sp=0x000000956abeff38 mode 0
Event: 15.777 Thread 0x0000025ff9595880 DEOPT PACKING pc=0x0000025fe3c0c083 sp=0x000000956abf0a30
Event: 15.777 Thread 0x0000025ff9595880 DEOPT UNPACKING pc=0x0000025fea70ace3 sp=0x000000956abeff38 mode 0
Event: 15.787 Thread 0x0000025ff9595880 DEOPT PACKING pc=0x0000025fe3c0c083 sp=0x000000956abf0a30
Event: 15.787 Thread 0x0000025ff9595880 DEOPT UNPACKING pc=0x0000025fea70ace3 sp=0x000000956abeff38 mode 0
Event: 15.788 Thread 0x0000025ff9595880 DEOPT PACKING pc=0x0000025fe321d1bd sp=0x000000956abf0470
Event: 15.788 Thread 0x0000025ff9595880 DEOPT UNPACKING pc=0x0000025fea70ace3 sp=0x000000956abef900 mode 0
Event: 15.789 Thread 0x0000025ff9595880 DEOPT PACKING pc=0x0000025fe3c0c083 sp=0x000000956abf0a30
Event: 15.789 Thread 0x0000025ff9595880 DEOPT UNPACKING pc=0x0000025fea70ace3 sp=0x000000956abeff38 mode 0
Event: 15.799 Thread 0x0000025ff9595880 DEOPT PACKING pc=0x0000025fe3c0c083 sp=0x000000956abf0a30
Event: 15.799 Thread 0x0000025ff9595880 DEOPT UNPACKING pc=0x0000025fea70ace3 sp=0x000000956abeff38 mode 0
Event: 15.847 Thread 0x0000025ff9595880 Uncommon trap: trap_request=0xffffffbe fr.pc=0x0000025feacdab84 relative=0x0000000000000544
Event: 15.847 Thread 0x0000025ff9595880 Uncommon trap: reason=profile_predicate action=maybe_recompile pc=0x0000025feacdab84 method=java.util.regex.Pattern$Slice.match(Ljava/util/regex/Matcher;ILjava/lang/CharSequence;)Z @ 18 c2
Event: 15.847 Thread 0x0000025ff9595880 DEOPT PACKING pc=0x0000025feacdab84 sp=0x000000956abf19a0
Event: 15.847 Thread 0x0000025ff9595880 DEOPT UNPACKING pc=0x0000025fea70a1a3 sp=0x000000956abf18a8 mode 2
Event: 15.920 Thread 0x0000025ff9595880 DEOPT PACKING pc=0x0000025fe321d1bd sp=0x000000956abec3b0
Event: 15.920 Thread 0x0000025ff9595880 DEOPT UNPACKING pc=0x0000025fea70ace3 sp=0x000000956abeb840 mode 0

Classes loaded (20 events):
Event: 12.587 Loading class sun/nio/fs/WindowsLinkSupport
Event: 12.591 Loading class sun/nio/fs/WindowsLinkSupport done
Event: 12.645 Loading class java/util/concurrent/LinkedBlockingDeque$Itr
Event: 12.645 Loading class java/util/concurrent/LinkedBlockingDeque$AbstractItr
Event: 12.645 Loading class java/util/concurrent/LinkedBlockingDeque$AbstractItr done
Event: 12.646 Loading class java/util/concurrent/LinkedBlockingDeque$Itr done
Event: 14.367 Loading class java/text/StringCharacterIterator
Event: 14.368 Loading class java/text/CharacterIterator
Event: 14.368 Loading class java/text/CharacterIterator done
Event: 14.368 Loading class java/text/StringCharacterIterator done
Event: 14.588 Loading class java/util/PriorityQueue
Event: 14.589 Loading class java/util/PriorityQueue done
Event: 15.294 Loading class java/util/EnumMap$EntrySet
Event: 15.295 Loading class java/util/EnumMap$EntrySet done
Event: 15.295 Loading class java/util/EnumMap$EntryIterator
Event: 15.295 Loading class java/util/EnumMap$EnumMapIterator
Event: 15.295 Loading class java/util/EnumMap$EnumMapIterator done
Event: 15.295 Loading class java/util/EnumMap$EntryIterator done
Event: 15.295 Loading class java/util/EnumMap$EntryIterator$Entry
Event: 15.295 Loading class java/util/EnumMap$EntryIterator$Entry done

Classes unloaded (0 events):
No events

Classes redefined (0 events):
No events

Internal exceptions (20 events):
Event: 10.592 Thread 0x0000025ff9595880 Exception <a 'java/lang/NoSuchMethodError'{0x0000000084450e20}: 'int java.lang.invoke.DelegatingMethodHandle$Holder.reinvoke_L(java.lang.Object, java.lang.Object, java.lang.Object, long, int, int)'> (0x0000000084450e20) 
thrown [s\src\hotspot\share\interpreter\linkResolver.cpp, line 759]
Event: 10.593 Thread 0x0000025ff9595880 Exception <a 'java/lang/NoSuchMethodError'{0x0000000084460d70}: 'int java.lang.invoke.DelegatingMethodHandle$Holder.reinvoke_L(java.lang.Object, java.lang.Object, java.lang.Object, long, long, long)'> (0x0000000084460d70) 
thrown [s\src\hotspot\share\interpreter\linkResolver.cpp, line 759]
Event: 10.594 Thread 0x0000025ff9595880 Exception <a 'java/lang/NoSuchMethodError'{0x00000000844708f8}: 'int java.lang.invoke.DelegatingMethodHandle$Holder.reinvoke_L(java.lang.Object, java.lang.Object, java.lang.Object, long, int)'> (0x00000000844708f8) 
thrown [s\src\hotspot\share\interpreter\linkResolver.cpp, line 759]
Event: 10.595 Thread 0x0000025ff9595880 Exception <a 'java/lang/NoSuchMethodError'{0x00000000844885c0}: 'void java.lang.invoke.DelegatingMethodHandle$Holder.reinvoke_L(java.lang.Object, java.lang.Object, java.lang.Object, long, java.lang.Object, long, long)'> (0x00000000844885c0) 
thrown [s\src\hotspot\share\interpreter\linkResolver.cpp, line 759]
Event: 10.595 Thread 0x0000025ff9595880 Exception <a 'java/lang/NoSuchMethodError'{0x0000000084490a80}: 'long java.lang.invoke.Invokers$Holder.invokeExact_MT(java.lang.Object, java.lang.Object, java.lang.Object)'> (0x0000000084490a80) 
thrown [s\src\hotspot\share\interpreter\linkResolver.cpp, line 759]
Event: 10.596 Thread 0x0000025ff9595880 Exception <a 'java/lang/NoSuchMethodError'{0x0000000084495c28}: 'int java.lang.invoke.Invokers$Holder.invokeExact_MT(java.lang.Object, java.lang.Object, java.lang.Object)'> (0x0000000084495c28) 
thrown [s\src\hotspot\share\interpreter\linkResolver.cpp, line 759]
Event: 10.647 Thread 0x0000025ff9595880 Exception <a 'java/lang/NoSuchMethodError'{0x000000008401ce18}: 'java.lang.Object java.lang.invoke.DirectMethodHandle$Holder.invokeStatic(java.lang.Object, java.lang.Object, int, java.lang.Object, int)'> (0x000000008401ce18) 
thrown [s\src\hotspot\share\interpreter\linkResolver.cpp, line 759]
Event: 11.211 Thread 0x0000025ff9595880 Exception <a 'java/lang/NoSuchMethodError'{0x000000008613ed38}: 'java.lang.Object java.lang.invoke.DirectMethodHandle$Holder.invokeStatic(java.lang.Object, java.lang.Object, java.lang.Object, java.lang.Object, int, java.lang.Object)'> (0x000000008613ed38) 
thrown [s\src\hotspot\share\interpreter\linkResolver.cpp, line 759]
Event: 11.274 Thread 0x0000025ff9595880 Exception <a 'java/lang/NoSuchMethodError'{0x00000000860789b8}: 'java.lang.Object java.lang.invoke.Invokers$Holder.invoke_MT(java.lang.Object, java.lang.Object, java.lang.Object)'> (0x00000000860789b8) 
thrown [s\src\hotspot\share\interpreter\linkResolver.cpp, line 759]
Event: 11.746 Thread 0x0000025ff9595880 Exception <a 'java/lang/NoSuchMethodError'{0x0000000084f49078}: 'java.lang.Object java.lang.invoke.Invokers$Holder.invokeExact_MT(java.lang.Object, java.lang.Object, long, java.lang.Object)'> (0x0000000084f49078) 
thrown [s\src\hotspot\share\interpreter\linkResolver.cpp, line 759]
Event: 11.818 Thread 0x0000025ff9595880 Exception <a 'java/lang/NoSuchMethodError'{0x0000000084989f40}: 'java.lang.Object java.lang.invoke.DirectMethodHandle$Holder.invokeStatic(java.lang.Object, java.lang.Object, long, long)'> (0x0000000084989f40) 
thrown [s\src\hotspot\share\interpreter\linkResolver.cpp, line 759]
Event: 11.836 Thread 0x0000025ff9595880 Exception <a 'java/lang/NoSuchMethodError'{0x00000000849d9598}: 'java.lang.Object java.lang.invoke.DirectMethodHandle$Holder.invokeStatic(java.lang.Object, java.lang.Object, java.lang.Object, long, java.lang.Object)'> (0x00000000849d9598) 
thrown [s\src\hotspot\share\interpreter\linkResolver.cpp, line 759]
Event: 11.836 Thread 0x0000025ff9595880 Exception <a 'java/lang/NoSuchMethodError'{0x00000000849e2768}: 'java.lang.Object java.lang.invoke.DirectMethodHandle$Holder.newInvokeSpecial(java.lang.Object, java.lang.Object, java.lang.Object, long)'> (0x00000000849e2768) 
thrown [s\src\hotspot\share\interpreter\linkResolver.cpp, line 759]
Event: 11.837 Thread 0x0000025ff9595880 Exception <a 'java/lang/NoSuchMethodError'{0x00000000849e7a20}: 'java.lang.Object java.lang.invoke.Invokers$Holder.linkToTargetMethod(java.lang.Object, java.lang.Object, long, java.lang.Object)'> (0x00000000849e7a20) 
thrown [s\src\hotspot\share\interpreter\linkResolver.cpp, line 759]
Event: 12.191 Thread 0x0000025ff9595880 Implicit null exception at 0x0000025fead1bb38 to 0x0000025fead1becc
Event: 12.915 Thread 0x0000025ff9595880 Exception <a 'java/lang/NoSuchMethodError'{0x00000000861a01f0}: 'java.lang.Object java.lang.invoke.DirectMethodHandle$Holder.newInvokeSpecial(java.lang.Object, java.lang.Object, java.lang.Object, java.lang.Object, java.lang.Object, java.lang.Object, java.lang.Object, java.lang.Object)'> (0x00000000861a01f0) 
thrown [s\src\hotspot\share\interpreter\linkResolver.cpp, line 759]
Event: 12.916 Thread 0x0000025ff9595880 Exception <a 'java/lang/NoSuchMethodError'{0x00000000861a6148}: 'java.lang.Object java.lang.invoke.Invokers$Holder.linkToTargetMethod(java.lang.Object, java.lang.Object, java.lang.Object, java.lang.Object, java.lang.Object, java.lang.Object, java.lang.Object, java.lang.Object)'> (0x00000000861a6148) 
thrown [s\src\hotspot\share\interpreter\linkResolver.cpp, line 759]
Event: 12.917 Thread 0x0000025ff9595880 Exception <a 'java/lang/NoSuchMethodError'{0x00000000861be7e8}: 'java.lang.Object java.lang.invoke.DirectMethodHandle$Holder.newInvokeSpecial(java.lang.Object, java.lang.Object, java.lang.Object, java.lang.Object, java.lang.Object, java.lang.Object, java.lang.Object, java.lang.Object, java.lang.Object)'> (0x00000000861be7e8) 
thrown [s\src\hotspot\share\interpreter\linkResolver.cpp, line 759]
Event: 12.917 Thread 0x0000025ff9595880 Exception <a 'java/lang/NoSuchMethodError'{0x00000000861c45c0}: 'java.lang.Object java.lang.invoke.Invokers$Holder.linkToTargetMethod(java.lang.Object, java.lang.Object, java.lang.Object, java.lang.Object, java.lang.Object, java.lang.Object, java.lang.Object, java.lang.Object, java.lang.Object)'> (0x00000000861c45c0) 
thrown [s\src\hotspot\share\interpreter\linkResolver.cpp, line 759]
Event: 15.382 Thread 0x0000025ff9595880 Exception <a 'java/lang/NoSuchMethodError'{0x0000000089764ca0}: 'java.lang.Object java.lang.invoke.DirectMethodHandle$Holder.newInvokeSpecial(java.lang.Object, int, java.lang.Object, java.lang.Object)'> (0x0000000089764ca0) 
thrown [s\src\hotspot\share\interpreter\linkResolver.cpp, line 759]

VM Operations (20 events):
Event: 15.049 Executing VM operation: HandshakeAllThreads
Event: 15.049 Executing VM operation: HandshakeAllThreads done
Event: 15.208 Executing VM operation: HandshakeAllThreads
Event: 15.208 Executing VM operation: HandshakeAllThreads done
Event: 15.285 Executing VM operation: HandshakeAllThreads
Event: 15.285 Executing VM operation: HandshakeAllThreads done
Event: 15.297 Executing VM operation: G1CollectForAllocation
Event: 15.304 Executing VM operation: G1CollectForAllocation done
Event: 15.631 Executing VM operation: HandshakeAllThreads
Event: 15.631 Executing VM operation: HandshakeAllThreads done
Event: 15.722 Executing VM operation: G1TryInitiateConcMark
Event: 15.727 Executing VM operation: G1TryInitiateConcMark done
Event: 15.779 Executing VM operation: G1PauseRemark
Event: 15.782 Executing VM operation: G1PauseRemark done
Event: 15.808 Executing VM operation: G1PauseCleanup
Event: 15.808 Executing VM operation: G1PauseCleanup done
Event: 16.127 Executing VM operation: G1CollectForAllocation
Event: 16.136 Executing VM operation: G1CollectForAllocation done
Event: 16.146 Executing VM operation: G1CollectForAllocation
Event: 16.151 Executing VM operation: G1CollectForAllocation done

Memory protections (0 events):
No events

Nmethod flushes (20 events):
Event: 10.814 Thread 0x0000025ff95a7510 flushing  nmethod 0x0000025fe3a5b690
Event: 10.815 Thread 0x0000025ff95a7510 flushing  nmethod 0x0000025fe3a83c90
Event: 10.815 Thread 0x0000025ff95a7510 flushing  nmethod 0x0000025fe3a95b90
Event: 10.815 Thread 0x0000025ff95a7510 flushing  nmethod 0x0000025fe3a9e990
Event: 10.815 Thread 0x0000025ff95a7510 flushing  nmethod 0x0000025fe3aa0510
Event: 10.815 Thread 0x0000025ff95a7510 flushing  nmethod 0x0000025fe3aa6610
Event: 10.815 Thread 0x0000025ff95a7510 flushing  nmethod 0x0000025fe3aaeb90
Event: 10.815 Thread 0x0000025ff95a7510 flushing  nmethod 0x0000025fe3ab2810
Event: 10.815 Thread 0x0000025ff95a7510 flushing osr nmethod 0x0000025fe3ad8290
Event: 10.815 Thread 0x0000025ff95a7510 flushing  nmethod 0x0000025fe3ae2a10
Event: 10.815 Thread 0x0000025ff95a7510 flushing  nmethod 0x0000025fe3af0410
Event: 10.815 Thread 0x0000025ff95a7510 flushing  nmethod 0x0000025fe3b01f10
Event: 10.815 Thread 0x0000025ff95a7510 flushing  nmethod 0x0000025fe3b04510
Event: 10.815 Thread 0x0000025ff95a7510 flushing  nmethod 0x0000025fe3b0e310
Event: 10.815 Thread 0x0000025ff95a7510 flushing  nmethod 0x0000025fe3b1e790
Event: 10.815 Thread 0x0000025ff95a7510 flushing  nmethod 0x0000025fe3b1ee10
Event: 10.815 Thread 0x0000025ff95a7510 flushing  nmethod 0x0000025fe3b3f190
Event: 10.815 Thread 0x0000025ff95a7510 flushing  nmethod 0x0000025fe3b5b010
Event: 10.815 Thread 0x0000025ff95a7510 flushing  nmethod 0x0000025fe3b71f90
Event: 10.815 Thread 0x0000025ff95a7510 flushing  nmethod 0x0000025fe3b73110

Events (20 events):
Event: 7.809 Thread 0x0000025ff9595880 Thread added: 0x0000025fc136af50
Event: 8.008 Thread 0x0000025ff9595880 Thread added: 0x0000025fc30d1060
Event: 8.009 Thread 0x0000025ff9595880 Thread added: 0x0000025fc30d33d0
Event: 8.010 Thread 0x0000025ff9595880 Thread added: 0x0000025fc30d38e0
Event: 8.010 Thread 0x0000025ff9595880 Thread added: 0x0000025fc30d3df0
Event: 8.011 Thread 0x0000025ff9595880 Thread added: 0x0000025fc30d4300
Event: 8.011 Thread 0x0000025ff9595880 Thread added: 0x0000025fc30d1570
Event: 8.011 Thread 0x0000025ff9595880 Thread added: 0x0000025fc30d4810
Event: 8.499 Thread 0x0000025ff9595880 Thread added: 0x0000025fc30d1a80
Event: 8.663 Thread 0x0000025ff9595880 Thread added: 0x0000025fc30d1f90
Event: 8.725 Thread 0x0000025ff9595880 Thread added: 0x0000025fc30d24a0
Event: 8.725 Thread 0x0000025ff9595880 Thread added: 0x0000025fc30d29b0
Event: 8.726 Thread 0x0000025ff9595880 Thread added: 0x0000025fc30d2ec0
Event: 8.726 Thread 0x0000025ff9595880 Thread added: 0x0000025fc31025c0
Event: 8.727 Thread 0x0000025ff9595880 Thread added: 0x0000025fc3102fe0
Event: 8.727 Thread 0x0000025ff9595880 Thread added: 0x0000025fc31020b0
Event: 8.728 Thread 0x0000025ff9595880 Thread added: 0x0000025fc3101690
Event: 8.767 Thread 0x0000025ff9595880 Thread added: 0x0000025fc30fc080
Event: 8.826 Thread 0x0000025ff9595880 Thread added: 0x0000025fc3100c70
Event: 8.863 Thread 0x0000025ff9595880 Thread added: 0x0000025fc30fdee0


Dynamic libraries:
0x00007ff692b40000 - 0x00007ff692b4e000 	C:\Users\welcome\.gradle\jdks\eclipse_adoptium-17-amd64-windows.2\bin\java.exe
0x00007ffa601b0000 - 0x00007ffa603a8000 	C:\Windows\SYSTEM32\ntdll.dll
0x00007ffa5f520000 - 0x00007ffa5f5e2000 	C:\Windows\System32\KERNEL32.DLL
0x00007ffa5d950000 - 0x00007ffa5dc47000 	C:\Windows\System32\KERNELBASE.dll
0x00007ffa5dfb0000 - 0x00007ffa5e0b0000 	C:\Windows\System32\ucrtbase.dll
0x00007ffa46d50000 - 0x00007ffa46d68000 	C:\Users\welcome\.gradle\jdks\eclipse_adoptium-17-amd64-windows.2\bin\jli.dll
0x00007ffa408c0000 - 0x00007ffa408de000 	C:\Users\welcome\.gradle\jdks\eclipse_adoptium-17-amd64-windows.2\bin\VCRUNTIME140.dll
0x00007ffa5f200000 - 0x00007ffa5f39d000 	C:\Windows\System32\USER32.dll
0x00007ffa5e0b0000 - 0x00007ffa5e0d2000 	C:\Windows\System32\win32u.dll
0x00007ffa47ea0000 - 0x00007ffa4813b000 	C:\Windows\WinSxS\amd64_microsoft.windows.common-controls_6595b64144ccf1df_6.0.19041.6926_none_60b5a53971f8f7e6\COMCTL32.dll
0x00007ffa5f1d0000 - 0x00007ffa5f1fb000 	C:\Windows\System32\GDI32.dll
0x00007ffa5f7a0000 - 0x00007ffa5f83e000 	C:\Windows\System32\msvcrt.dll
0x00007ffa5d830000 - 0x00007ffa5d949000 	C:\Windows\System32\gdi32full.dll
0x00007ffa5dcd0000 - 0x00007ffa5dd6d000 	C:\Windows\System32\msvcp_win.dll
0x00007ffa5f1a0000 - 0x00007ffa5f1cf000 	C:\Windows\System32\IMM32.DLL
0x00007ffa56e10000 - 0x00007ffa56e1c000 	C:\Users\welcome\.gradle\jdks\eclipse_adoptium-17-amd64-windows.2\bin\vcruntime140_1.dll
0x00007ffa0bd30000 - 0x00007ffa0bdbd000 	C:\Users\welcome\.gradle\jdks\eclipse_adoptium-17-amd64-windows.2\bin\msvcp140.dll
0x00007ff9b36b0000 - 0x00007ff9b431b000 	C:\Users\welcome\.gradle\jdks\eclipse_adoptium-17-amd64-windows.2\bin\server\jvm.dll
0x00007ffa600b0000 - 0x00007ffa60161000 	C:\Windows\System32\ADVAPI32.dll
0x00007ffa5fb00000 - 0x00007ffa5fb9f000 	C:\Windows\System32\sechost.dll
0x00007ffa5e880000 - 0x00007ffa5e9a6000 	C:\Windows\System32\RPCRT4.dll
0x00007ffa5dd70000 - 0x00007ffa5dd97000 	C:\Windows\System32\bcrypt.dll
0x00007ffa5f130000 - 0x00007ffa5f19b000 	C:\Windows\System32\WS2_32.dll
0x00007ffa5cd70000 - 0x00007ffa5cdbb000 	C:\Windows\SYSTEM32\POWRPROF.dll
0x00007ffa40930000 - 0x00007ffa40957000 	C:\Windows\SYSTEM32\WINMM.dll
0x00007ffa546b0000 - 0x00007ffa546ba000 	C:\Windows\SYSTEM32\VERSION.dll
0x00007ffa5cc30000 - 0x00007ffa5cc42000 	C:\Windows\SYSTEM32\UMPDC.dll
0x00007ffa5c050000 - 0x00007ffa5c062000 	C:\Windows\SYSTEM32\kernel.appcore.dll
0x00007ffa4cf50000 - 0x00007ffa4cf5a000 	C:\Users\welcome\.gradle\jdks\eclipse_adoptium-17-amd64-windows.2\bin\jimage.dll
0x00007ffa5bd50000 - 0x00007ffa5bf51000 	C:\Windows\SYSTEM32\DBGHELP.DLL
0x00007ffa3f820000 - 0x00007ffa3f854000 	C:\Windows\SYSTEM32\dbgcore.DLL
0x00007ffa5e0e0000 - 0x00007ffa5e162000 	C:\Windows\System32\bcryptPrimitives.dll
0x00007ffa494e0000 - 0x00007ffa494ee000 	C:\Users\welcome\.gradle\jdks\eclipse_adoptium-17-amd64-windows.2\bin\instrument.dll
0x00007ffa29a50000 - 0x00007ffa29a75000 	C:\Users\welcome\.gradle\jdks\eclipse_adoptium-17-amd64-windows.2\bin\java.dll
0x00007ffa0bc50000 - 0x00007ffa0bd27000 	C:\Users\welcome\.gradle\jdks\eclipse_adoptium-17-amd64-windows.2\bin\jsvml.dll
0x00007ffa5e9b0000 - 0x00007ffa5f122000 	C:\Windows\System32\SHELL32.dll
0x00007ffa5b5a0000 - 0x00007ffa5bd46000 	C:\Windows\SYSTEM32\windows.storage.dll
0x00007ffa5fba0000 - 0x00007ffa5fef3000 	C:\Windows\System32\combase.dll
0x00007ffa5d260000 - 0x00007ffa5d28b000 	C:\Windows\SYSTEM32\Wldp.dll
0x00007ffa5fa30000 - 0x00007ffa5fafd000 	C:\Windows\System32\OLEAUT32.dll
0x00007ffa5e280000 - 0x00007ffa5e32d000 	C:\Windows\System32\SHCORE.dll
0x00007ffa5e220000 - 0x00007ffa5e27b000 	C:\Windows\System32\shlwapi.dll
0x00007ffa5d760000 - 0x00007ffa5d784000 	C:\Windows\SYSTEM32\profapi.dll
0x00007ffa37860000 - 0x00007ffa37878000 	C:\Users\welcome\.gradle\jdks\eclipse_adoptium-17-amd64-windows.2\bin\zip.dll
0x00007ffa2d700000 - 0x00007ffa2d71a000 	C:\Users\welcome\.gradle\jdks\eclipse_adoptium-17-amd64-windows.2\bin\net.dll
0x00007ffa574f0000 - 0x00007ffa575fa000 	C:\Windows\SYSTEM32\WINHTTP.dll
0x00007ffa5cfc0000 - 0x00007ffa5d02a000 	C:\Windows\system32\mswsock.dll
0x00007ffa237b0000 - 0x00007ffa237c6000 	C:\Users\welcome\.gradle\jdks\eclipse_adoptium-17-amd64-windows.2\bin\nio.dll
0x00007ffa47250000 - 0x00007ffa47260000 	C:\Users\welcome\.gradle\jdks\eclipse_adoptium-17-amd64-windows.2\bin\verify.dll
0x00007ff9f7110000 - 0x00007ff9f7137000 	C:\Users\welcome\.gradle\native\660c5614fbf4a5f2a75b1949f50a0caf5cd603558e7d8a26e50b933a0cfb79d1\windows-amd64\native-platform.dll
0x00007ff9f1c70000 - 0x00007ff9f1ce7000 	C:\Users\welcome\.gradle\native\0.2.8\x86_64-windows-gnu\gradle-fileevents.dll
0x00007ffa3f190000 - 0x00007ffa3f19a000 	C:\Users\welcome\.gradle\jdks\eclipse_adoptium-17-amd64-windows.2\bin\management.dll
0x00007ffa2bcd0000 - 0x00007ffa2bcdc000 	C:\Users\welcome\.gradle\jdks\eclipse_adoptium-17-amd64-windows.2\bin\management_ext.dll
0x00007ffa5f3a0000 - 0x00007ffa5f3a8000 	C:\Windows\System32\PSAPI.DLL
0x00007ffa5cc50000 - 0x00007ffa5cc8b000 	C:\Windows\SYSTEM32\IPHLPAPI.DLL
0x00007ffa5f9c0000 - 0x00007ffa5f9c8000 	C:\Windows\System32\NSI.dll
0x00007ffa53b80000 - 0x00007ffa53b97000 	C:\Windows\SYSTEM32\dhcpcsvc6.DLL
0x00007ffa55520000 - 0x00007ffa5553d000 	C:\Windows\SYSTEM32\dhcpcsvc.DLL
0x00007ffa5cca0000 - 0x00007ffa5cd6a000 	C:\Windows\SYSTEM32\DNSAPI.dll
0x00007ffa2bc80000 - 0x00007ffa2bc89000 	C:\Users\welcome\.gradle\jdks\eclipse_adoptium-17-amd64-windows.2\bin\extnet.dll
0x00007ffa5d1b0000 - 0x00007ffa5d1c8000 	C:\Windows\SYSTEM32\CRYPTSP.dll
0x00007ffa5c870000 - 0x00007ffa5c8a8000 	C:\Windows\system32\rsaenh.dll
0x00007ffa5d720000 - 0x00007ffa5d74e000 	C:\Windows\SYSTEM32\USERENV.dll
0x00007ffa5d1d0000 - 0x00007ffa5d1dc000 	C:\Windows\SYSTEM32\CRYPTBASE.dll
0x00007ffa2b860000 - 0x00007ffa2b86e000 	C:\Users\welcome\.gradle\jdks\eclipse_adoptium-17-amd64-windows.2\bin\sunmscapi.dll
0x00007ffa5dda0000 - 0x00007ffa5defd000 	C:\Windows\System32\CRYPT32.dll
0x00007ffa5d2d0000 - 0x00007ffa5d2f7000 	C:\Windows\SYSTEM32\ncrypt.dll
0x00007ffa5d290000 - 0x00007ffa5d2cb000 	C:\Windows\SYSTEM32\NTASN1.dll
0x00007ffa56be0000 - 0x00007ffa56be7000 	C:\Windows\system32\wshunix.dll

dbghelp: loaded successfully - version: 4.0.5 - missing functions: none
symbol engine: initialized successfully - sym options: 0x614 - pdb path: .;C:\Users\welcome\.gradle\jdks\eclipse_adoptium-17-amd64-windows.2\bin;C:\Windows\SYSTEM32;C:\Windows\WinSxS\amd64_microsoft.windows.common-controls_6595b64144ccf1df_6.0.19041.6926_none_60b5a53971f8f7e6;C:\Users\welcome\.gradle\jdks\eclipse_adoptium-17-amd64-windows.2\bin\server;C:\Users\welcome\.gradle\native\660c5614fbf4a5f2a75b1949f50a0caf5cd603558e7d8a26e50b933a0cfb79d1\windows-amd64;C:\Users\welcome\.gradle\native\0.2.8\x86_64-windows-gnu

VM Arguments:
jvm_args: --add-opens=java.base/java.lang=ALL-UNNAMED --add-opens=java.base/java.lang.invoke=ALL-UNNAMED --add-opens=java.base/java.util=ALL-UNNAMED --add-opens=java.prefs/java.util.prefs=ALL-UNNAMED --add-exports=jdk.compiler/com.sun.tools.javac.api=ALL-UNNAMED --add-exports=jdk.compiler/com.sun.tools.javac.util=ALL-UNNAMED --add-opens=java.base/java.util=ALL-UNNAMED --add-opens=java.prefs/java.util.prefs=ALL-UNNAMED --add-opens=java.base/java.nio.charset=ALL-UNNAMED --add-opens=java.base/java.net=ALL-UNNAMED --add-opens=java.base/java.util.concurrent=ALL-UNNAMED --add-opens=java.base/java.util.concurrent.atomic=ALL-UNNAMED --add-opens=java.xml/javax.xml.namespace=ALL-UNNAMED --add-opens=java.base/java.time=ALL-UNNAMED -Xmx2048m -Dfile.encoding=UTF-8 -Duser.country=IN -Duser.language=en -Duser.variant -javaagent:C:\Users\welcome\.gradle\wrapper\dists\gradle-9.2.1-bin\2t0n5ozlw9xmuyvbp7dnzaxug\gradle-9.2.1\lib\agents\gradle-instrumentation-agent-9.2.1.jar 
java_command: org.gradle.launcher.daemon.bootstrap.GradleDaemon 9.2.1
java_class_path (initial): C:\Users\welcome\.gradle\wrapper\dists\gradle-9.2.1-bin\2t0n5ozlw9xmuyvbp7dnzaxug\gradle-9.2.1\lib\gradle-daemon-main-9.2.1.jar
Launcher Type: SUN_STANDARD

[Global flags]
     intx CICompilerCount                          = 4                                         {product} {ergonomic}
     uint ConcGCThreads                            = 2                                         {product} {ergonomic}
     uint G1ConcRefinementThreads                  = 8                                         {product} {ergonomic}
   size_t G1HeapRegionSize                         = 1048576                                   {product} {ergonomic}
    uintx GCDrainStackTargetSize                   = 64                                        {product} {ergonomic}
   size_t InitialHeapSize                          = 62914560                                  {product} {ergonomic}
   size_t MarkStackSize                            = 4194304                                   {product} {ergonomic}
   size_t MaxHeapSize                              = 2147483648                                {product} {command line}
   size_t MaxNewSize                               = 1287651328                                {product} {ergonomic}
   size_t MinHeapDeltaBytes                        = 1048576                                   {product} {ergonomic}
   size_t MinHeapSize                              = 8388608                                   {product} {ergonomic}
    uintx NonNMethodCodeHeapSize                   = 5839372                                {pd product} {ergonomic}
    uintx NonProfiledCodeHeapSize                  = 122909434                              {pd product} {ergonomic}
    uintx ProfiledCodeHeapSize                     = 122909434                              {pd product} {ergonomic}
    uintx ReservedCodeCacheSize                    = 251658240                              {pd product} {ergonomic}
     bool SegmentedCodeCache                       = true                                      {product} {ergonomic}
   size_t SoftMaxHeapSize                          = 2147483648                             {manageable} {ergonomic}
     bool UseCompressedClassPointers               = true                           {product lp64_product} {ergonomic}
     bool UseCompressedOops                        = true                           {product lp64_product} {ergonomic}
     bool UseG1GC                                  = true                                      {product} {ergonomic}
     bool UseLargePagesIndividualAllocation        = false                                  {pd product} {ergonomic}

Logging:
Log output configuration:
 #0: stdout all=warning uptime,level,tags
 #1: stderr all=off uptime,level,tags

Environment Variables:
PATH=C:\Windows\system32;C:\Windows;C:\Windows\System32\Wbem;C:\Windows\System32\WindowsPowerShell\v1.0\;C:\Windows\System32\OpenSSH\;C:\Program Files\Git\cmd;C:\Program Files\nodejs\;C:\Users\welcome\AppData\Local\Microsoft\WindowsApps;C:\Users\welcome\AppData\Local\Programs\Antigravity\bin;C:\Users\welcome\AppData\Local\Programs\cursor\resources\app\bin;C:\Users\welcome\AppData\Local\Programs\Microsoft VS Code\bin;C:\Users\welcome\AppData\Roaming\npm
USERNAME=welcome
OS=Windows_NT
PROCESSOR_IDENTIFIER=Intel64 Family 6 Model 140 Stepping 2, GenuineIntel
TMP=C:\Users\welcome\AppData\Local\Temp
TEMP=C:\Users\welcome\AppData\Local\Temp



Periodic native trim disabled


---------------  S Y S T E M  ---------------

OS:
 Windows 10 , 64 bit Build 19041 (10.0.19041.6807)
OS uptime: 5 days 0:40 hours

CPU: total 8 (initial active 8) (4 cores per cpu, 2 threads per core) family 6 model 140 stepping 2 microcode 0x34, cx8, cmov, fxsr, ht, mmx, 3dnowpref, sse, sse2, sse3, ssse3, sse4.1, sse4.2, popcnt, lzcnt, tsc, tscinvbit, avx, avx2, aes, erms, clmul, bmi1, bmi2, adx, avx512f, avx512dq, avx512cd, avx512bw, avx512vl, sha, fma, vzeroupper, avx512_vpopcntdq, avx512_vpclmulqdq, avx512_vaes, avx512_vnni, clflush, clflushopt, clwb, avx512_vbmi2, avx512_vbmi
Processor Information for processor 0
  Max Mhz: 2496, Current Mhz: 2496, Mhz Limit: 2496
Processor Information for processor 1
  Max Mhz: 2496, Current Mhz: 2496, Mhz Limit: 2496
Processor Information for processor 2
  Max Mhz: 2496, Current Mhz: 998, Mhz Limit: 2496
Processor Information for processor 3
  Max Mhz: 2496, Current Mhz: 2496, Mhz Limit: 2496
Processor Information for processor 4
  Max Mhz: 2496, Current Mhz: 998, Mhz Limit: 2496
Processor Information for processor 5
  Max Mhz: 2496, Current Mhz: 2496, Mhz Limit: 2496
Processor Information for processor 6
  Max Mhz: 2496, Current Mhz: 998, Mhz Limit: 2496
Processor Information for processor 7
  Max Mhz: 2496, Current Mhz: 998, Mhz Limit: 2496

Memory: 4k page, system-wide physical 3738M (187M free)
TotalPageFile size 15002M (AvailPageFile size 0M)
current process WorkingSet (physical memory assigned to process): 346M, peak: 346M
current process commit charge ("private bytes"): 436M, peak: 436M

vm_info: OpenJDK 64-Bit Server VM (17.0.18+8) for windows-amd64 JRE (17.0.18+8), built on Jan 20 2026 22:28:22 by "admin" with MS VC++ 17.12 (VS2022)

END.
