#
# There is insufficient memory for the Java Runtime Environment to continue.
# Native memory allocation (mmap) failed to map 288358400 bytes. Error detail: G1 virtual space
# Possible reasons:
#   The system is out of physical RAM or swap space
#   This process is running with CompressedOops enabled, and the Java Heap may be blocking the growth of the native heap
# Possible solutions:
#   Reduce memory load on the system
#   Increase physical memory or swap space
#   Check if swap backing store is full
#   Decrease Java heap size (-Xmx/-Xms)
#   Decrease number of Java threads
#   Decrease Java thread stack sizes (-Xss)
#   Set larger code cache with -XX:ReservedCodeCacheSize=
#   JVM is running with Unscaled Compressed Oops mode in which the Java heap is
#     placed in the first 4GB address space. The Java Heap base address is the
#     maximum limit for the native heap growth. Please use -XX:HeapBaseMinAddress
#     to set the Java Heap base and to place the Java Heap above 4GB virtual address.
# This output file may be truncated or incomplete.
#
#  Out of Memory Error (os_windows.cpp:3618), pid=18148, tid=13876
#
# JRE version: OpenJDK Runtime Environment Temurin-17.0.18+8 (17.0.18+8) (build 17.0.18+8)
# Java VM: OpenJDK 64-Bit Server VM Temurin-17.0.18+8 (17.0.18+8, mixed mode, sharing, tiered, compressed oops, compressed class ptrs, g1 gc, windows-amd64)
# No core dump will be written. Minidumps are not enabled by default on client versions of Windows
#

---------------  S U M M A R Y ------------

Command Line: --add-opens=java.base/java.lang=ALL-UNNAMED --add-opens=java.base/java.lang.invoke=ALL-UNNAMED --add-opens=java.base/java.util=ALL-UNNAMED --add-opens=java.prefs/java.util.prefs=ALL-UNNAMED --add-exports=jdk.compiler/com.sun.tools.javac.api=ALL-UNNAMED --add-exports=jdk.compiler/com.sun.tools.javac.util=ALL-UNNAMED --add-opens=java.base/java.util=ALL-UNNAMED --add-opens=java.prefs/java.util.prefs=ALL-UNNAMED --add-opens=java.base/java.nio.charset=ALL-UNNAMED --add-opens=java.base/java.net=ALL-UNNAMED --add-opens=java.base/java.util.concurrent=ALL-UNNAMED --add-opens=java.base/java.util.concurrent.atomic=ALL-UNNAMED --add-opens=java.xml/javax.xml.namespace=ALL-UNNAMED --add-opens=java.base/java.time=ALL-UNNAMED -Xmx2048m -Dfile.encoding=UTF-8 -Duser.country=IN -Duser.language=en -Duser.variant -javaagent:C:\Users\welcome\.gradle\wrapper\dists\gradle-9.3.1-bin\23ovyewtku6u96viwx3xl3oks\gradle-9.3.1\lib\agents\gradle-instrumentation-agent-9.3.1.jar org.gradle.launcher.daemon.bootstrap.GradleDaemon 9.3.1

Host: 11th Gen Intel(R) Core(TM) i5-1155G7 @ 2.50GHz, 8 cores, 3G,  Windows 10 , 64 bit Build 19041 (10.0.19041.6807)
Time: Thu Mar 26 09:55:19 2026 India Standard Time elapsed time: 32.375361 seconds (0d 0h 0m 32s)

---------------  T H R E A D  ---------------

Current thread (0x0000029d1df98a00):  VMThread "VM Thread" [stack: 0x000000ef62100000,0x000000ef62200000] [id=13876]

Stack: [0x000000ef62100000,0x000000ef62200000]
Native frames: (J=compiled Java code, j=interpreted, Vv=VM code, C=native code)
V  [jvm.dll+0x6846f9]
V  [jvm.dll+0x839ea5]
V  [jvm.dll+0x83b91e]
V  [jvm.dll+0x83bfa3]
V  [jvm.dll+0x248eff]
V  [jvm.dll+0x6814b9]
V  [jvm.dll+0x6762ba]
V  [jvm.dll+0x309257]
V  [jvm.dll+0x310826]
V  [jvm.dll+0x360d9e]
V  [jvm.dll+0x360fdd]
V  [jvm.dll+0x2e02dc]
V  [jvm.dll+0x2de6b2]
V  [jvm.dll+0x2dde4c]
V  [jvm.dll+0x320aeb]
V  [jvm.dll+0x8407bd]
V  [jvm.dll+0x8414f3]
V  [jvm.dll+0x841a1f]
V  [jvm.dll+0x841e05]
V  [jvm.dll+0x841ece]
V  [jvm.dll+0x7eaaec]
V  [jvm.dll+0x6835c7]
C  [ucrtbase.dll+0x21bb2]
C  [KERNEL32.DLL+0x17374]
C  [ntdll.dll+0x4cc91]

VM_Operation (0x000000ef63bf4470): G1CollectForAllocation, mode: safepoint, requested by thread 0x0000029d1e521c20


---------------  P R O C E S S  ---------------

Threads class SMR info:
_java_thread_list=0x0000029d67b40960, length=89, elements={
0x0000029d7fa2dc30, 0x0000029d1dfa0a10, 0x0000029d1dfa14e0, 0x0000029d1dfb4b30,
0x0000029d1dfb7510, 0x0000029d1dfb9df0, 0x0000029d1dfbae60, 0x0000029d1dfbca70,
0x0000029d1dfbd380, 0x0000029d1dfbdc90, 0x0000029d1df89090, 0x0000029d1e287700,
0x0000029d642537a0, 0x0000029d64e87330, 0x0000029d650e68f0, 0x0000029d644a7920,
0x0000029d1e51e470, 0x0000029d1e5207e0, 0x0000029d1e521c20, 0x0000029d1e521710,
0x0000029d1e520cf0, 0x0000029d1e51e980, 0x0000029d1e51f3a0, 0x0000029d1e521200,
0x0000029d1e51ee90, 0x0000029d1e51f8b0, 0x0000029d1e51fdc0, 0x0000029d1e5202d0,
0x0000029d6648eb10, 0x0000029d6648e0f0, 0x0000029d664918a0, 0x0000029d66493c10,
0x0000029d6648ccb0, 0x0000029d6648f530, 0x0000029d6648fa40, 0x0000029d664927d0,
0x0000029d66493700, 0x0000029d66492ce0, 0x0000029d6648e600, 0x0000029d664931f0,
0x0000029d664922c0, 0x0000029d6648d1c0, 0x0000029d66491390, 0x0000029d6648f020,
0x0000029d66490970, 0x0000029d6648d6d0, 0x0000029d6648dbe0, 0x0000029d6648ff50,
0x0000029d66490460, 0x0000029d66491db0, 0x0000029d66490e80, 0x0000029d67c60ec0,
0x0000029d67c62d20, 0x0000029d67c63c50, 0x0000029d67c664d0, 0x0000029d67c64160,
0x0000029d67c64670, 0x0000029d67c64b80, 0x0000029d67c65090, 0x0000029d67c62300,
0x0000029d67c62810, 0x0000029d67c669e0, 0x0000029d67c61df0, 0x0000029d67c618e0,
0x0000029d67c63230, 0x0000029d67c67910, 0x0000029d67c67400, 0x0000029d67c65ab0,
0x0000029d67c68840, 0x0000029d67c66ef0, 0x0000029d67c63740, 0x0000029d67c613d0,
0x0000029d67c67e20, 0x0000029d67c655a0, 0x0000029d67c65fc0, 0x0000029d67c68330,
0x0000029d678ba540, 0x0000029d678bb980, 0x0000029d678b86e0, 0x0000029d678b9b20,
0x0000029d678b9610, 0x0000029d678bbe90, 0x0000029d678baa50, 0x0000029d678baf60,
0x0000029d678ba030, 0x0000029d678bb470, 0x0000029d678bf640, 0x0000029d678bc8b0,
0x0000029d678bd7e0
}

Java Threads: ( => current thread )
  0x0000029d7fa2dc30 JavaThread "main" [_thread_blocked, id=14768, stack(0x000000ef61b00000,0x000000ef61c00000)]
  0x0000029d1dfa0a10 JavaThread "Reference Handler" daemon [_thread_blocked, id=1212, stack(0x000000ef62200000,0x000000ef62300000)]
  0x0000029d1dfa14e0 JavaThread "Finalizer" daemon [_thread_blocked, id=11916, stack(0x000000ef62300000,0x000000ef62400000)]
  0x0000029d1dfb4b30 JavaThread "Signal Dispatcher" daemon [_thread_blocked, id=20000, stack(0x000000ef62400000,0x000000ef62500000)]
  0x0000029d1dfb7510 JavaThread "Attach Listener" daemon [_thread_blocked, id=15552, stack(0x000000ef62500000,0x000000ef62600000)]
  0x0000029d1dfb9df0 JavaThread "Service Thread" daemon [_thread_blocked, id=7760, stack(0x000000ef62600000,0x000000ef62700000)]
  0x0000029d1dfbae60 JavaThread "Monitor Deflation Thread" daemon [_thread_blocked, id=19464, stack(0x000000ef62700000,0x000000ef62800000)]
  0x0000029d1dfbca70 JavaThread "C2 CompilerThread0" daemon [_thread_blocked, id=10076, stack(0x000000ef62800000,0x000000ef62900000)]
  0x0000029d1dfbd380 JavaThread "C1 CompilerThread0" daemon [_thread_blocked, id=15768, stack(0x000000ef62900000,0x000000ef62a00000)]
  0x0000029d1dfbdc90 JavaThread "Sweeper thread" daemon [_thread_blocked, id=13884, stack(0x000000ef62a00000,0x000000ef62b00000)]
  0x0000029d1df89090 JavaThread "Common-Cleaner" daemon [_thread_blocked, id=18824, stack(0x000000ef62b00000,0x000000ef62c00000)]
  0x0000029d1e287700 JavaThread "Notification Thread" daemon [_thread_blocked, id=12080, stack(0x000000ef62c00000,0x000000ef62d00000)]
  0x0000029d642537a0 JavaThread "Daemon health stats" [_thread_blocked, id=10580, stack(0x000000ef63200000,0x000000ef63300000)]
  0x0000029d64e87330 JavaThread "Incoming local TCP Connector on port 54106" [_thread_in_native, id=15548, stack(0x000000ef63300000,0x000000ef63400000)]
  0x0000029d650e68f0 JavaThread "Daemon periodic checks" [_thread_blocked, id=13772, stack(0x000000ef63400000,0x000000ef63500000)]
  0x0000029d644a7920 JavaThread "Daemon" [_thread_blocked, id=5920, stack(0x000000ef63800000,0x000000ef63900000)]
  0x0000029d1e51e470 JavaThread "Handler for socket connection from /127.0.0.1:54106 to /127.0.0.1:54107" [_thread_in_native, id=19204, stack(0x000000ef63900000,0x000000ef63a00000)]
  0x0000029d1e5207e0 JavaThread "Cancel handler" [_thread_blocked, id=15020, stack(0x000000ef63a00000,0x000000ef63b00000)]
  0x0000029d1e521c20 JavaThread "Daemon worker" [_thread_blocked, id=9380, stack(0x000000ef63b00000,0x000000ef63c00000)]
  0x0000029d1e521710 JavaThread "Asynchronous log dispatcher for DefaultDaemonConnection: socket connection from /127.0.0.1:54106 to /127.0.0.1:54107" [_thread_blocked, id=11840, stack(0x000000ef63c00000,0x000000ef63d00000)]
  0x0000029d1e520cf0 JavaThread "Stdin handler" [_thread_blocked, id=23460, stack(0x000000ef63d00000,0x000000ef63e00000)]
  0x0000029d1e51e980 JavaThread "Daemon client event forwarder" [_thread_blocked, id=13064, stack(0x000000ef63e00000,0x000000ef63f00000)]
  0x0000029d1e51f3a0 JavaThread "Cache worker for journal cache (C:\Users\welcome\.gradle\caches\journal-1)" [_thread_blocked, id=5528, stack(0x000000ef63f00000,0x000000ef64000000)]
  0x0000029d1e521200 JavaThread "File lock request listener" [_thread_in_native, id=13156, stack(0x000000ef64000000,0x000000ef64100000)]
  0x0000029d1e51ee90 JavaThread "Cache worker for file hash cache (C:\Users\welcome\.gradle\caches\9.3.1\fileHashes)" [_thread_blocked, id=18040, stack(0x000000ef64100000,0x000000ef64200000)]
  0x0000029d1e51f8b0 JavaThread "Cache worker for file hash cache (C:\Users\welcome\AndroidStudioProjects\mindguardaipsychologicalsupportapp\.gradle\9.3.1\fileHashes)" [_thread_blocked, id=15204, stack(0x000000ef64300000,0x000000ef64400000)]
  0x0000029d1e51fdc0 JavaThread "Cache worker for Build Output Cleanup Cache (C:\Users\welcome\AndroidStudioProjects\mindguardaipsychologicalsupportapp\.gradle\buildOutputCleanup)" [_thread_blocked, id=14448, stack(0x000000ef64400000,0x000000ef64500000)]
  0x0000029d1e5202d0 JavaThread "File watcher server" daemon [_thread_in_native, id=19012, stack(0x000000ef64500000,0x000000ef64600000)]
  0x0000029d6648eb10 JavaThread "File watcher consumer" daemon [_thread_blocked, id=20184, stack(0x000000ef64600000,0x000000ef64700000)]
  0x0000029d6648e0f0 JavaThread "Cache worker for checksums cache (C:\Users\welcome\AndroidStudioProjects\mindguardaipsychologicalsupportapp\.gradle\9.3.1\checksums)" [_thread_blocked, id=17956, stack(0x000000ef64700000,0x000000ef64800000)]
  0x0000029d664918a0 JavaThread "Cache worker for file content cache (C:\Users\welcome\.gradle\caches\9.3.1\fileContent)" [_thread_blocked, id=22432, stack(0x000000ef64800000,0x000000ef64900000)]
  0x0000029d66493c10 JavaThread "Cache worker for cache directory md-supplier (C:\Users\welcome\.gradle\caches\9.3.1\md-supplier)" [_thread_blocked, id=10428, stack(0x000000ef64a00000,0x000000ef64b00000)]
  0x0000029d6648ccb0 JavaThread "Cache worker for cache directory md-rule (C:\Users\welcome\.gradle\caches\9.3.1\md-rule)" [_thread_blocked, id=9952, stack(0x000000ef64b00000,0x000000ef64c00000)]
  0x0000029d6648f530 JavaThread "jar transforms" [_thread_blocked, id=16132, stack(0x000000ef64c00000,0x000000ef64d00000)]
  0x0000029d6648fa40 JavaThread "jar transforms Thread 2" [_thread_blocked, id=4832, stack(0x000000ef64d00000,0x000000ef64e00000)]
  0x0000029d664927d0 JavaThread "jar transforms Thread 3" [_thread_blocked, id=14032, stack(0x000000ef64e00000,0x000000ef64f00000)]
  0x0000029d66493700 JavaThread "jar transforms Thread 4" [_thread_blocked, id=22744, stack(0x000000ef64f00000,0x000000ef65000000)]
  0x0000029d66492ce0 JavaThread "jar transforms Thread 5" [_thread_blocked, id=15596, stack(0x000000ef65000000,0x000000ef65100000)]
  0x0000029d6648e600 JavaThread "Unconstrained build operations" [_thread_blocked, id=5256, stack(0x000000ef65100000,0x000000ef65200000)]
  0x0000029d664931f0 JavaThread "Unconstrained build operations Thread 2" [_thread_blocked, id=2540, stack(0x000000ef65200000,0x000000ef65300000)]
  0x0000029d664922c0 JavaThread "Unconstrained build operations Thread 3" [_thread_blocked, id=22376, stack(0x000000ef65300000,0x000000ef65400000)]
  0x0000029d6648d1c0 JavaThread "Unconstrained build operations Thread 4" [_thread_blocked, id=13628, stack(0x000000ef65400000,0x000000ef65500000)]
  0x0000029d66491390 JavaThread "Unconstrained build operations Thread 5" [_thread_blocked, id=1264, stack(0x000000ef65500000,0x000000ef65600000)]
  0x0000029d6648f020 JavaThread "Unconstrained build operations Thread 6" [_thread_blocked, id=16808, stack(0x000000ef65600000,0x000000ef65700000)]
  0x0000029d66490970 JavaThread "Unconstrained build operations Thread 7" [_thread_blocked, id=2000, stack(0x000000ef65700000,0x000000ef65800000)]
  0x0000029d6648d6d0 JavaThread "Unconstrained build operations Thread 8" [_thread_blocked, id=15068, stack(0x000000ef65800000,0x000000ef65900000)]
  0x0000029d6648dbe0 JavaThread "Unconstrained build operations Thread 9" [_thread_blocked, id=9020, stack(0x000000ef65900000,0x000000ef65a00000)]
  0x0000029d6648ff50 JavaThread "Unconstrained build operations Thread 10" [_thread_blocked, id=13232, stack(0x000000ef65a00000,0x000000ef65b00000)]
  0x0000029d66490460 JavaThread "Unconstrained build operations Thread 11" [_thread_blocked, id=13276, stack(0x000000ef65b00000,0x000000ef65c00000)]
  0x0000029d66491db0 JavaThread "Unconstrained build operations Thread 12" [_thread_blocked, id=18188, stack(0x000000ef65c00000,0x000000ef65d00000)]
  0x0000029d66490e80 JavaThread "Unconstrained build operations Thread 13" [_thread_blocked, id=21472, stack(0x000000ef65d00000,0x000000ef65e00000)]
  0x0000029d67c60ec0 JavaThread "Unconstrained build operations Thread 14" [_thread_blocked, id=19516, stack(0x000000ef65e00000,0x000000ef65f00000)]
  0x0000029d67c62d20 JavaThread "jar transforms Thread 6" [_thread_blocked, id=20600, stack(0x000000ef65f00000,0x000000ef66000000)]
  0x0000029d67c63c50 JavaThread "jar transforms Thread 7" [_thread_blocked, id=9456, stack(0x000000ef66000000,0x000000ef66100000)]
  0x0000029d67c664d0 JavaThread "Unconstrained build operations Thread 15" [_thread_blocked, id=20960, stack(0x000000ef66100000,0x000000ef66200000)]
  0x0000029d67c64160 JavaThread "Unconstrained build operations Thread 16" [_thread_blocked, id=13488, stack(0x000000ef66200000,0x000000ef66300000)]
  0x0000029d67c64670 JavaThread "Unconstrained build operations Thread 17" [_thread_blocked, id=22416, stack(0x000000ef66300000,0x000000ef66400000)]
  0x0000029d67c64b80 JavaThread "Unconstrained build operations Thread 18" [_thread_blocked, id=8812, stack(0x000000ef66400000,0x000000ef66500000)]
  0x0000029d67c65090 JavaThread "Unconstrained build operations Thread 19" [_thread_blocked, id=1852, stack(0x000000ef66500000,0x000000ef66600000)]
  0x0000029d67c62300 JavaThread "Unconstrained build operations Thread 20" [_thread_blocked, id=14268, stack(0x000000ef66600000,0x000000ef66700000)]
  0x0000029d67c62810 JavaThread "Unconstrained build operations Thread 21" [_thread_blocked, id=6276, stack(0x000000ef66700000,0x000000ef66800000)]
  0x0000029d67c669e0 JavaThread "jar transforms Thread 8" [_thread_blocked, id=9284, stack(0x000000ef66800000,0x000000ef66900000)]
  0x0000029d67c61df0 JavaThread "Unconstrained build operations Thread 22" [_thread_blocked, id=19348, stack(0x000000ef66900000,0x000000ef66a00000)]
  0x0000029d67c618e0 JavaThread "Unconstrained build operations Thread 23" [_thread_blocked, id=22672, stack(0x000000ef66a00000,0x000000ef66b00000)]
  0x0000029d67c63230 JavaThread "Unconstrained build operations Thread 24" [_thread_blocked, id=3468, stack(0x000000ef66b00000,0x000000ef66c00000)]
  0x0000029d67c67910 JavaThread "Unconstrained build operations Thread 25" [_thread_blocked, id=23112, stack(0x000000ef66c00000,0x000000ef66d00000)]
  0x0000029d67c67400 JavaThread "Unconstrained build operations Thread 26" [_thread_blocked, id=16312, stack(0x000000ef66d00000,0x000000ef66e00000)]
  0x0000029d67c65ab0 JavaThread "Unconstrained build operations Thread 27" [_thread_blocked, id=20872, stack(0x000000ef66e00000,0x000000ef66f00000)]
  0x0000029d67c68840 JavaThread "Unconstrained build operations Thread 28" [_thread_blocked, id=19884, stack(0x000000ef66f00000,0x000000ef67000000)]
  0x0000029d67c66ef0 JavaThread "Unconstrained build operations Thread 29" [_thread_blocked, id=14376, stack(0x000000ef67000000,0x000000ef67100000)]
  0x0000029d67c63740 JavaThread "Unconstrained build operations Thread 30" [_thread_blocked, id=13380, stack(0x000000ef67100000,0x000000ef67200000)]
  0x0000029d67c613d0 JavaThread "Unconstrained build operations Thread 31" [_thread_blocked, id=2412, stack(0x000000ef67200000,0x000000ef67300000)]
  0x0000029d67c67e20 JavaThread "Unconstrained build operations Thread 32" [_thread_blocked, id=22884, stack(0x000000ef67300000,0x000000ef67400000)]
  0x0000029d67c655a0 JavaThread "Unconstrained build operations Thread 33" [_thread_blocked, id=13724, stack(0x000000ef67400000,0x000000ef67500000)]
  0x0000029d67c65fc0 JavaThread "Unconstrained build operations Thread 34" [_thread_blocked, id=15836, stack(0x000000ef67500000,0x000000ef67600000)]
  0x0000029d67c68330 JavaThread "Unconstrained build operations Thread 35" [_thread_blocked, id=9820, stack(0x000000ef67600000,0x000000ef67700000)]
  0x0000029d678ba540 JavaThread "Unconstrained build operations Thread 36" [_thread_blocked, id=22772, stack(0x000000ef67700000,0x000000ef67800000)]
  0x0000029d678bb980 JavaThread "Unconstrained build operations Thread 37" [_thread_blocked, id=10736, stack(0x000000ef67800000,0x000000ef67900000)]
  0x0000029d678b86e0 JavaThread "Unconstrained build operations Thread 38" [_thread_blocked, id=9348, stack(0x000000ef67900000,0x000000ef67a00000)]
  0x0000029d678b9b20 JavaThread "Unconstrained build operations Thread 39" [_thread_blocked, id=17844, stack(0x000000ef67a00000,0x000000ef67b00000)]
  0x0000029d678b9610 JavaThread "Unconstrained build operations Thread 40" [_thread_blocked, id=22300, stack(0x000000ef67b00000,0x000000ef67c00000)]
  0x0000029d678bbe90 JavaThread "Unconstrained build operations Thread 41" [_thread_blocked, id=15696, stack(0x000000ef67c00000,0x000000ef67d00000)]
  0x0000029d678baa50 JavaThread "Unconstrained build operations Thread 42" [_thread_blocked, id=22224, stack(0x000000ef67d00000,0x000000ef67e00000)]
  0x0000029d678baf60 JavaThread "Unconstrained build operations Thread 43" [_thread_blocked, id=10552, stack(0x000000ef67e00000,0x000000ef67f00000)]
  0x0000029d678ba030 JavaThread "Unconstrained build operations Thread 44" [_thread_blocked, id=20564, stack(0x000000ef67f00000,0x000000ef68000000)]
  0x0000029d678bb470 JavaThread "Unconstrained build operations Thread 45" [_thread_blocked, id=9264, stack(0x000000ef68000000,0x000000ef68100000)]
  0x0000029d678bf640 JavaThread "build event listener" [_thread_blocked, id=23020, stack(0x000000ef68100000,0x000000ef68200000)]
  0x0000029d678bc8b0 JavaThread "Memory manager" [_thread_blocked, id=23296, stack(0x000000ef68200000,0x000000ef68300000)]
  0x0000029d678bd7e0 JavaThread "build event listener" [_thread_blocked, id=14488, stack(0x000000ef68300000,0x000000ef68400000)]

Other Threads:
=>0x0000029d1df98a00 VMThread "VM Thread" [stack: 0x000000ef62100000,0x000000ef62200000] [id=13876]
  0x0000029d1e287be0 WatcherThread [stack: 0x000000ef62d00000,0x000000ef62e00000] [id=20804]
  0x0000029d7fa8cce0 GCTaskThread "GC Thread#0" [stack: 0x000000ef61c00000,0x000000ef61d00000] [id=1960]
  0x0000029d1e3875d0 GCTaskThread "GC Thread#1" [stack: 0x000000ef62e00000,0x000000ef62f00000] [id=14368]
  0x0000029d1e5f6dc0 GCTaskThread "GC Thread#2" [stack: 0x000000ef62f00000,0x000000ef63000000] [id=23220]
  0x0000029d1ed1c5e0 GCTaskThread "GC Thread#3" [stack: 0x000000ef63000000,0x000000ef63100000] [id=16544]
  0x0000029d1ed1cb60 GCTaskThread "GC Thread#4" [stack: 0x000000ef63100000,0x000000ef63200000] [id=8160]
  0x0000029d1ed1dbe0 GCTaskThread "GC Thread#5" [stack: 0x000000ef63500000,0x000000ef63600000] [id=18864]
  0x0000029d1ed1c8a0 GCTaskThread "GC Thread#6" [stack: 0x000000ef63600000,0x000000ef63700000] [id=14172]
  0x0000029d1ed1ce20 GCTaskThread "GC Thread#7" [stack: 0x000000ef63700000,0x000000ef63800000] [id=8640]
  0x0000029d7fa9e2e0 ConcurrentGCThread "G1 Main Marker" [stack: 0x000000ef61d00000,0x000000ef61e00000] [id=20180]
  0x0000029d7fa9ec10 ConcurrentGCThread "G1 Conc#0" [stack: 0x000000ef61e00000,0x000000ef61f00000] [id=16536]
  0x0000029d1ed1c320 ConcurrentGCThread "G1 Conc#1" [stack: 0x000000ef64200000,0x000000ef64300000] [id=22032]
  0x0000029d1de43540 ConcurrentGCThread "G1 Refine#0" [stack: 0x000000ef61f00000,0x000000ef62000000] [id=23444]
  0x0000029d65e0f6b0 ConcurrentGCThread "G1 Refine#1" [stack: 0x000000ef64900000,0x000000ef64a00000] [id=14224]
  0x0000029d1de43d80 ConcurrentGCThread "G1 Service" [stack: 0x000000ef62000000,0x000000ef62100000] [id=16440]

Threads with active compile tasks:
C2 CompilerThread0  32445 9911       4       java.security.CodeSource::<init> (52 bytes)

VM state: at safepoint (normal execution)

VM Mutex/Monitor currently owned by a thread:  ([mutex/lock_event])
[0x0000029d7fa2a2a0] Threads_lock - owner thread: 0x0000029d1df98a00
[0x0000029d7fa29eb0] Heap_lock - owner thread: 0x0000029d1e521c20

Heap address: 0x0000000080000000, size: 2048 MB, Compressed Oops mode: 32-bit

CDS archive(s) mapped at: [0x0000029d1f000000-0x0000029d1fbb0000-0x0000029d1fbb0000), size 12255232, SharedBaseAddress: 0x0000029d1f000000, ArchiveRelocationMode: 1.
Compressed class space mapped at: 0x0000029d20000000-0x0000029d60000000, reserved size: 1073741824
Narrow klass base: 0x0000029d1f000000, Narrow klass shift: 0, Narrow klass range: 0x100000000

GC Precious Log:
 CPUs: 8 total, 8 available
 Memory: 3738M
 Large Page Support: Disabled
 NUMA Support: Disabled
 Compressed Oops: Enabled (32-bit)
 Heap Region Size: 1M
 Heap Min Capacity: 8M
 Heap Initial Capacity: 60M
 Heap Max Capacity: 2G
 Pre-touch: Disabled
 Parallel Workers: 8
 Concurrent Workers: 2
 Concurrent Refinement Workers: 8
 Periodic GC: Disabled

Heap:
 garbage-first heap   total 159744K, used 86569K [0x0000000080000000, 0x0000000100000000)
  region size 1024K, 1 young (1024K), 1 survivors (1024K)
 Metaspace       used 78021K, committed 78912K, reserved 1179648K
  class space    used 10799K, committed 11200K, reserved 1048576K

Heap Regions: E=young(eden), S=young(survivor), O=old, HS=humongous(starts), HC=humongous(continues), CS=collection set, F=free, OA=open archive, CA=closed archive, TAMS=top-at-mark-start (previous, next)
|   0|0x0000000080000000, 0x0000000080100000, 0x0000000080100000|100%|HS|  |TAMS 0x0000000080100000, 0x0000000080000000| Complete 
|   1|0x0000000080100000, 0x0000000080200000, 0x0000000080200000|100%|HC|  |TAMS 0x0000000080200000, 0x0000000080100000| Complete 
|   2|0x0000000080200000, 0x0000000080300000, 0x0000000080300000|100%|HC|  |TAMS 0x0000000080300000, 0x0000000080200000| Complete 
|   3|0x0000000080300000, 0x0000000080400000, 0x0000000080400000|100%|HC|  |TAMS 0x0000000080400000, 0x0000000080300000| Complete 
|   4|0x0000000080400000, 0x0000000080500000, 0x0000000080500000|100%| O|  |TAMS 0x0000000080500000, 0x0000000080400000| Untracked 
|   5|0x0000000080500000, 0x0000000080600000, 0x0000000080600000|100%| O|  |TAMS 0x0000000080600000, 0x0000000080500000| Untracked 
|   6|0x0000000080600000, 0x0000000080700000, 0x0000000080700000|100%| O|  |TAMS 0x0000000080700000, 0x0000000080600000| Untracked 
|   7|0x0000000080700000, 0x0000000080800000, 0x0000000080800000|100%| O|  |TAMS 0x0000000080800000, 0x0000000080700000| Untracked 
|   8|0x0000000080800000, 0x0000000080900000, 0x0000000080900000|100%| O|  |TAMS 0x0000000080900000, 0x0000000080800000| Untracked 
|   9|0x0000000080900000, 0x0000000080900000, 0x0000000080a00000|  0%| F|  |TAMS 0x0000000080900000, 0x0000000080900000| Untracked 
|  10|0x0000000080a00000, 0x0000000080b00000, 0x0000000080b00000|100%| O|  |TAMS 0x0000000080a00000, 0x0000000080a00000| Untracked 
|  11|0x0000000080b00000, 0x0000000080c00000, 0x0000000080c00000|100%| O|  |TAMS 0x0000000080c00000, 0x0000000080b00000| Untracked 
|  12|0x0000000080c00000, 0x0000000080d00000, 0x0000000080d00000|100%|HS|  |TAMS 0x0000000080d00000, 0x0000000080c00000| Complete 
|  13|0x0000000080d00000, 0x0000000080e00000, 0x0000000080e00000|100%| O|  |TAMS 0x0000000080e00000, 0x0000000080d00000| Untracked 
|  14|0x0000000080e00000, 0x0000000080f00000, 0x0000000080f00000|100%| O|  |TAMS 0x0000000080f00000, 0x0000000080e00000| Untracked 
|  15|0x0000000080f00000, 0x0000000081000000, 0x0000000081000000|100%| O|  |TAMS 0x0000000081000000, 0x0000000080f00000| Untracked 
|  16|0x0000000081000000, 0x0000000081100000, 0x0000000081100000|100%| O|  |TAMS 0x0000000081100000, 0x0000000081000000| Untracked 
|  17|0x0000000081100000, 0x0000000081200000, 0x0000000081200000|100%| O|  |TAMS 0x0000000081200000, 0x0000000081100000| Untracked 
|  18|0x0000000081200000, 0x0000000081300000, 0x0000000081300000|100%| O|  |TAMS 0x0000000081300000, 0x0000000081200000| Untracked 
|  19|0x0000000081300000, 0x0000000081400000, 0x0000000081400000|100%| O|  |TAMS 0x0000000081400000, 0x0000000081300000| Untracked 
|  20|0x0000000081400000, 0x0000000081500000, 0x0000000081500000|100%| O|  |TAMS 0x0000000081500000, 0x0000000081400000| Untracked 
|  21|0x0000000081500000, 0x0000000081600000, 0x0000000081600000|100%| O|  |TAMS 0x0000000081600000, 0x0000000081500000| Untracked 
|  22|0x0000000081600000, 0x0000000081700000, 0x0000000081700000|100%| O|  |TAMS 0x0000000081700000, 0x0000000081600000| Untracked 
|  23|0x0000000081700000, 0x0000000081800000, 0x0000000081800000|100%| O|  |TAMS 0x0000000081800000, 0x0000000081700000| Untracked 
|  24|0x0000000081800000, 0x0000000081900000, 0x0000000081900000|100%| O|  |TAMS 0x0000000081900000, 0x0000000081800000| Untracked 
|  25|0x0000000081900000, 0x0000000081a00000, 0x0000000081a00000|100%| O|  |TAMS 0x0000000081a00000, 0x0000000081900000| Untracked 
|  26|0x0000000081a00000, 0x0000000081b00000, 0x0000000081b00000|100%| O|  |TAMS 0x0000000081b00000, 0x0000000081a00000| Untracked 
|  27|0x0000000081b00000, 0x0000000081c00000, 0x0000000081c00000|100%| O|  |TAMS 0x0000000081c00000, 0x0000000081b00000| Untracked 
|  28|0x0000000081c00000, 0x0000000081d00000, 0x0000000081d00000|100%| O|  |TAMS 0x0000000081d00000, 0x0000000081c00000| Untracked 
|  29|0x0000000081d00000, 0x0000000081e00000, 0x0000000081e00000|100%| O|  |TAMS 0x0000000081e00000, 0x0000000081d00000| Untracked 
|  30|0x0000000081e00000, 0x0000000081f00000, 0x0000000081f00000|100%| O|  |TAMS 0x0000000081f00000, 0x0000000081e00000| Untracked 
|  31|0x0000000081f00000, 0x0000000082000000, 0x0000000082000000|100%| O|  |TAMS 0x0000000082000000, 0x0000000081f00000| Untracked 
|  32|0x0000000082000000, 0x0000000082100000, 0x0000000082100000|100%| O|  |TAMS 0x0000000082100000, 0x0000000082000000| Untracked 
|  33|0x0000000082100000, 0x0000000082200000, 0x0000000082200000|100%| O|  |TAMS 0x0000000082200000, 0x0000000082100000| Untracked 
|  34|0x0000000082200000, 0x0000000082300000, 0x0000000082300000|100%| O|  |TAMS 0x0000000082300000, 0x0000000082200000| Untracked 
|  35|0x0000000082300000, 0x0000000082400000, 0x0000000082400000|100%| O|  |TAMS 0x0000000082400000, 0x0000000082300000| Untracked 
|  36|0x0000000082400000, 0x0000000082500000, 0x0000000082500000|100%| O|  |TAMS 0x0000000082500000, 0x0000000082400000| Untracked 
|  37|0x0000000082500000, 0x0000000082600000, 0x0000000082600000|100%|HS|  |TAMS 0x0000000082600000, 0x0000000082500000| Complete 
|  38|0x0000000082600000, 0x0000000082700000, 0x0000000082700000|100%|HC|  |TAMS 0x0000000082700000, 0x0000000082600000| Complete 
|  39|0x0000000082700000, 0x0000000082800000, 0x0000000082800000|100%| O|  |TAMS 0x0000000082800000, 0x0000000082700000| Untracked 
|  40|0x0000000082800000, 0x0000000082900000, 0x0000000082900000|100%| O|  |TAMS 0x0000000082900000, 0x0000000082800000| Untracked 
|  41|0x0000000082900000, 0x0000000082a00000, 0x0000000082a00000|100%| O|  |TAMS 0x0000000082a00000, 0x0000000082900000| Untracked 
|  42|0x0000000082a00000, 0x0000000082b00000, 0x0000000082b00000|100%| O|  |TAMS 0x0000000082b00000, 0x0000000082a00000| Untracked 
|  43|0x0000000082b00000, 0x0000000082c00000, 0x0000000082c00000|100%| O|  |TAMS 0x0000000082c00000, 0x0000000082b00000| Untracked 
|  44|0x0000000082c00000, 0x0000000082d00000, 0x0000000082d00000|100%| O|  |TAMS 0x0000000082d00000, 0x0000000082c00000| Untracked 
|  45|0x0000000082d00000, 0x0000000082e00000, 0x0000000082e00000|100%| O|  |TAMS 0x0000000082e00000, 0x0000000082d00000| Untracked 
|  46|0x0000000082e00000, 0x0000000082f00000, 0x0000000082f00000|100%| O|  |TAMS 0x0000000082f00000, 0x0000000082e00000| Untracked 
|  47|0x0000000082f00000, 0x0000000083000000, 0x0000000083000000|100%| O|  |TAMS 0x0000000083000000, 0x0000000082f00000| Untracked 
|  48|0x0000000083000000, 0x0000000083100000, 0x0000000083100000|100%| O|  |TAMS 0x0000000083100000, 0x0000000083000000| Untracked 
|  49|0x0000000083100000, 0x0000000083200000, 0x0000000083200000|100%| O|  |TAMS 0x0000000083200000, 0x0000000083100000| Untracked 
|  50|0x0000000083200000, 0x0000000083300000, 0x0000000083300000|100%|HS|  |TAMS 0x0000000083300000, 0x0000000083200000| Complete 
|  51|0x0000000083300000, 0x0000000083400000, 0x0000000083400000|100%|HS|  |TAMS 0x0000000083400000, 0x0000000083300000| Complete 
|  52|0x0000000083400000, 0x0000000083500000, 0x0000000083500000|100%| O|  |TAMS 0x0000000083500000, 0x0000000083400000| Untracked 
|  53|0x0000000083500000, 0x0000000083600000, 0x0000000083600000|100%| O|  |TAMS 0x0000000083600000, 0x0000000083500000| Untracked 
|  54|0x0000000083600000, 0x0000000083700000, 0x0000000083700000|100%|HS|  |TAMS 0x0000000083700000, 0x0000000083600000| Complete 
|  55|0x0000000083700000, 0x0000000083800000, 0x0000000083800000|100%|HC|  |TAMS 0x0000000083800000, 0x0000000083700000| Complete 
|  56|0x0000000083800000, 0x0000000083900000, 0x0000000083900000|100%|HS|  |TAMS 0x0000000083900000, 0x0000000083800000| Complete 
|  57|0x0000000083900000, 0x0000000083a00000, 0x0000000083a00000|100%|HS|  |TAMS 0x0000000083a00000, 0x0000000083900000| Complete 
|  58|0x0000000083a00000, 0x0000000083b00000, 0x0000000083b00000|100%|HS|  |TAMS 0x0000000083b00000, 0x0000000083a00000| Complete 
|  59|0x0000000083b00000, 0x0000000083c00000, 0x0000000083c00000|100%| O|  |TAMS 0x0000000083c00000, 0x0000000083b00000| Untracked 
|  60|0x0000000083c00000, 0x0000000083d00000, 0x0000000083d00000|100%| O|  |TAMS 0x0000000083d00000, 0x0000000083c00000| Untracked 
|  61|0x0000000083d00000, 0x0000000083e00000, 0x0000000083e00000|100%| O|  |TAMS 0x0000000083e00000, 0x0000000083d00000| Untracked 
|  62|0x0000000083e00000, 0x0000000083f00000, 0x0000000083f00000|100%| O|  |TAMS 0x0000000083f00000, 0x0000000083e00000| Untracked 
|  63|0x0000000083f00000, 0x0000000084000000, 0x0000000084000000|100%| O|  |TAMS 0x0000000084000000, 0x0000000083f00000| Untracked 
|  64|0x0000000084000000, 0x0000000084100000, 0x0000000084100000|100%| O|  |TAMS 0x0000000084100000, 0x0000000084000000| Untracked 
|  65|0x0000000084100000, 0x0000000084200000, 0x0000000084200000|100%| O|  |TAMS 0x0000000084200000, 0x0000000084100000| Untracked 
|  66|0x0000000084200000, 0x0000000084300000, 0x0000000084300000|100%|HS|  |TAMS 0x0000000084300000, 0x0000000084200000| Complete 
|  67|0x0000000084300000, 0x0000000084400000, 0x0000000084400000|100%| O|  |TAMS 0x0000000084400000, 0x0000000084300000| Untracked 
|  68|0x0000000084400000, 0x0000000084500000, 0x0000000084500000|100%| O|  |TAMS 0x0000000084500000, 0x0000000084400000| Untracked 
|  69|0x0000000084500000, 0x0000000084600000, 0x0000000084600000|100%| O|  |TAMS 0x0000000084600000, 0x0000000084500000| Untracked 
|  70|0x0000000084600000, 0x0000000084700000, 0x0000000084700000|100%|HS|  |TAMS 0x0000000084700000, 0x0000000084600000| Complete 
|  71|0x0000000084700000, 0x0000000084800000, 0x0000000084800000|100%|HC|  |TAMS 0x0000000084800000, 0x0000000084700000| Complete 
|  72|0x0000000084800000, 0x0000000084900000, 0x0000000084900000|100%| O|  |TAMS 0x0000000084900000, 0x0000000084800000| Untracked 
|  73|0x0000000084900000, 0x0000000084a00000, 0x0000000084a00000|100%| O|  |TAMS 0x0000000084a00000, 0x0000000084900000| Untracked 
|  74|0x0000000084a00000, 0x0000000084b00000, 0x0000000084b00000|100%| O|  |TAMS 0x0000000084b00000, 0x0000000084a00000| Untracked 
|  75|0x0000000084b00000, 0x0000000084c00000, 0x0000000084c00000|100%| O|  |TAMS 0x0000000084c00000, 0x0000000084b00000| Untracked 
|  76|0x0000000084c00000, 0x0000000084d00000, 0x0000000084d00000|100%| O|  |TAMS 0x0000000084d00000, 0x0000000084c00000| Untracked 
|  77|0x0000000084d00000, 0x0000000084e00000, 0x0000000084e00000|100%|HS|  |TAMS 0x0000000084e00000, 0x0000000084d00000| Complete 
|  78|0x0000000084e00000, 0x0000000084f00000, 0x0000000084f00000|100%| O|  |TAMS 0x0000000084f00000, 0x0000000084e00000| Untracked 
|  79|0x0000000084f00000, 0x0000000085000000, 0x0000000085000000|100%| O|  |TAMS 0x0000000085000000, 0x0000000084f00000| Untracked 
|  80|0x0000000085000000, 0x0000000085100000, 0x0000000085100000|100%| O|  |TAMS 0x0000000085100000, 0x0000000085000000| Untracked 
|  81|0x0000000085100000, 0x0000000085200000, 0x0000000085200000|100%| O|  |TAMS 0x000000008515de00, 0x0000000085100000| Untracked 
|  82|0x0000000085200000, 0x0000000085300000, 0x0000000085300000|100%| O|  |TAMS 0x0000000085200000, 0x0000000085200000| Untracked 
|  83|0x0000000085300000, 0x0000000085400000, 0x0000000085400000|100%| O|  |TAMS 0x0000000085300000, 0x0000000085300000| Untracked 
|  84|0x0000000085400000, 0x00000000854ec400, 0x0000000085500000| 92%| O|  |TAMS 0x0000000085400000, 0x0000000085400000| Untracked 
|  85|0x0000000085500000, 0x0000000085500000, 0x0000000085600000|  0%| F|  |TAMS 0x0000000085500000, 0x0000000085500000| Untracked 
|  86|0x0000000085600000, 0x0000000085600000, 0x0000000085700000|  0%| F|  |TAMS 0x0000000085600000, 0x0000000085600000| Untracked 
|  87|0x0000000085700000, 0x0000000085700000, 0x0000000085800000|  0%| F|  |TAMS 0x0000000085700000, 0x0000000085700000| Untracked 
|  88|0x0000000085800000, 0x0000000085800000, 0x0000000085900000|  0%| F|  |TAMS 0x0000000085800000, 0x0000000085800000| Untracked 
|  89|0x0000000085900000, 0x0000000085900000, 0x0000000085a00000|  0%| F|  |TAMS 0x0000000085900000, 0x0000000085900000| Untracked 
|  90|0x0000000085a00000, 0x0000000085a00000, 0x0000000085b00000|  0%| F|  |TAMS 0x0000000085a00000, 0x0000000085a00000| Untracked 
|  91|0x0000000085b00000, 0x0000000085b00000, 0x0000000085c00000|  0%| F|  |TAMS 0x0000000085b00000, 0x0000000085b00000| Untracked 
|  92|0x0000000085c00000, 0x0000000085c00000, 0x0000000085d00000|  0%| F|  |TAMS 0x0000000085c00000, 0x0000000085c00000| Untracked 
|  93|0x0000000085d00000, 0x0000000085d00000, 0x0000000085e00000|  0%| F|  |TAMS 0x0000000085d00000, 0x0000000085d00000| Untracked 
|  94|0x0000000085e00000, 0x0000000085e00000, 0x0000000085f00000|  0%| F|  |TAMS 0x0000000085e00000, 0x0000000085e00000| Untracked 
|  95|0x0000000085f00000, 0x0000000085f00000, 0x0000000086000000|  0%| F|  |TAMS 0x0000000085f00000, 0x0000000085f00000| Untracked 
|  96|0x0000000086000000, 0x0000000086000000, 0x0000000086100000|  0%| F|  |TAMS 0x0000000086000000, 0x0000000086000000| Untracked 
|  97|0x0000000086100000, 0x0000000086100000, 0x0000000086200000|  0%| F|  |TAMS 0x0000000086100000, 0x0000000086100000| Untracked 
|  98|0x0000000086200000, 0x0000000086200000, 0x0000000086300000|  0%| F|  |TAMS 0x0000000086200000, 0x0000000086200000| Untracked 
|  99|0x0000000086300000, 0x0000000086300000, 0x0000000086400000|  0%| F|  |TAMS 0x0000000086300000, 0x0000000086300000| Untracked 
| 100|0x0000000086400000, 0x0000000086400000, 0x0000000086500000|  0%| F|  |TAMS 0x0000000086400000, 0x0000000086400000| Untracked 
| 101|0x0000000086500000, 0x0000000086500000, 0x0000000086600000|  0%| F|  |TAMS 0x0000000086500000, 0x0000000086500000| Untracked 
| 102|0x0000000086600000, 0x0000000086600000, 0x0000000086700000|  0%| F|  |TAMS 0x0000000086600000, 0x0000000086600000| Untracked 
| 103|0x0000000086700000, 0x0000000086700000, 0x0000000086800000|  0%| F|  |TAMS 0x0000000086700000, 0x0000000086700000| Untracked 
| 104|0x0000000086800000, 0x0000000086800000, 0x0000000086900000|  0%| F|  |TAMS 0x0000000086800000, 0x0000000086800000| Untracked 
| 105|0x0000000086900000, 0x0000000086900000, 0x0000000086a00000|  0%| F|  |TAMS 0x0000000086900000, 0x0000000086900000| Untracked 
| 106|0x0000000086a00000, 0x0000000086a00000, 0x0000000086b00000|  0%| F|  |TAMS 0x0000000086a00000, 0x0000000086a00000| Untracked 
| 107|0x0000000086b00000, 0x0000000086b00000, 0x0000000086c00000|  0%| F|  |TAMS 0x0000000086b00000, 0x0000000086b00000| Untracked 
| 108|0x0000000086c00000, 0x0000000086c00000, 0x0000000086d00000|  0%| F|  |TAMS 0x0000000086c00000, 0x0000000086c00000| Untracked 
| 109|0x0000000086d00000, 0x0000000086d00000, 0x0000000086e00000|  0%| F|  |TAMS 0x0000000086d00000, 0x0000000086d00000| Untracked 
| 110|0x0000000086e00000, 0x0000000086e00000, 0x0000000086f00000|  0%| F|  |TAMS 0x0000000086e00000, 0x0000000086e00000| Untracked 
| 111|0x0000000086f00000, 0x0000000086f00000, 0x0000000087000000|  0%| F|  |TAMS 0x0000000086f00000, 0x0000000086f00000| Untracked 
| 112|0x0000000087000000, 0x0000000087000000, 0x0000000087100000|  0%| F|  |TAMS 0x0000000087000000, 0x0000000087000000| Untracked 
| 113|0x0000000087100000, 0x0000000087100000, 0x0000000087200000|  0%| F|  |TAMS 0x0000000087100000, 0x0000000087100000| Untracked 
| 114|0x0000000087200000, 0x0000000087200000, 0x0000000087300000|  0%| F|  |TAMS 0x0000000087200000, 0x0000000087200000| Untracked 
| 115|0x0000000087300000, 0x0000000087300000, 0x0000000087400000|  0%| F|  |TAMS 0x0000000087300000, 0x0000000087300000| Untracked 
| 116|0x0000000087400000, 0x0000000087400000, 0x0000000087500000|  0%| F|  |TAMS 0x0000000087400000, 0x0000000087400000| Untracked 
| 117|0x0000000087500000, 0x0000000087500000, 0x0000000087600000|  0%| F|  |TAMS 0x0000000087500000, 0x0000000087500000| Untracked 
| 118|0x0000000087600000, 0x0000000087600000, 0x0000000087700000|  0%| F|  |TAMS 0x0000000087600000, 0x0000000087600000| Untracked 
| 119|0x0000000087700000, 0x0000000087700000, 0x0000000087800000|  0%| F|  |TAMS 0x0000000087700000, 0x0000000087700000| Untracked 
| 120|0x0000000087800000, 0x0000000087800000, 0x0000000087900000|  0%| F|  |TAMS 0x0000000087800000, 0x0000000087800000| Untracked 
| 121|0x0000000087900000, 0x0000000087900000, 0x0000000087a00000|  0%| F|  |TAMS 0x0000000087900000, 0x0000000087900000| Untracked 
| 122|0x0000000087a00000, 0x0000000087a00000, 0x0000000087b00000|  0%| F|  |TAMS 0x0000000087a00000, 0x0000000087a00000| Untracked 
| 123|0x0000000087b00000, 0x0000000087b00000, 0x0000000087c00000|  0%| F|  |TAMS 0x0000000087b00000, 0x0000000087b00000| Untracked 
| 124|0x0000000087c00000, 0x0000000087c00000, 0x0000000087d00000|  0%| F|  |TAMS 0x0000000087c00000, 0x0000000087c00000| Untracked 
| 125|0x0000000087d00000, 0x0000000087d00000, 0x0000000087e00000|  0%| F|  |TAMS 0x0000000087d00000, 0x0000000087d00000| Untracked 
| 126|0x0000000087e00000, 0x0000000087e00000, 0x0000000087f00000|  0%| F|  |TAMS 0x0000000087e00000, 0x0000000087e00000| Untracked 
| 127|0x0000000087f00000, 0x0000000087f00000, 0x0000000088000000|  0%| F|  |TAMS 0x0000000087f00000, 0x0000000087f00000| Untracked 
| 128|0x0000000088000000, 0x0000000088000000, 0x0000000088100000|  0%| F|  |TAMS 0x0000000088000000, 0x0000000088000000| Untracked 
| 129|0x0000000088100000, 0x0000000088100000, 0x0000000088200000|  0%| F|  |TAMS 0x0000000088100000, 0x0000000088100000| Untracked 
| 130|0x0000000088200000, 0x0000000088200000, 0x0000000088300000|  0%| F|  |TAMS 0x0000000088200000, 0x0000000088200000| Untracked 
| 131|0x0000000088300000, 0x0000000088300000, 0x0000000088400000|  0%| F|  |TAMS 0x0000000088300000, 0x0000000088300000| Untracked 
| 132|0x0000000088400000, 0x0000000088400000, 0x0000000088500000|  0%| F|  |TAMS 0x0000000088400000, 0x0000000088400000| Untracked 
| 133|0x0000000088500000, 0x0000000088500000, 0x0000000088600000|  0%| F|  |TAMS 0x0000000088500000, 0x0000000088500000| Untracked 
| 134|0x0000000088600000, 0x0000000088600000, 0x0000000088700000|  0%| F|  |TAMS 0x0000000088600000, 0x0000000088600000| Untracked 
| 135|0x0000000088700000, 0x0000000088700000, 0x0000000088800000|  0%| F|  |TAMS 0x0000000088700000, 0x0000000088700000| Untracked 
| 136|0x0000000088800000, 0x0000000088800000, 0x0000000088900000|  0%| F|  |TAMS 0x0000000088800000, 0x0000000088800000| Untracked 
| 137|0x0000000088900000, 0x0000000088900000, 0x0000000088a00000|  0%| F|  |TAMS 0x0000000088900000, 0x0000000088900000| Untracked 
| 138|0x0000000088a00000, 0x0000000088a00000, 0x0000000088b00000|  0%| F|  |TAMS 0x0000000088a00000, 0x0000000088a00000| Untracked 
| 139|0x0000000088b00000, 0x0000000088b00000, 0x0000000088c00000|  0%| F|  |TAMS 0x0000000088b00000, 0x0000000088b00000| Untracked 
| 140|0x0000000088c00000, 0x0000000088c00000, 0x0000000088d00000|  0%| F|  |TAMS 0x0000000088c00000, 0x0000000088c00000| Untracked 
| 141|0x0000000088d00000, 0x0000000088d00000, 0x0000000088e00000|  0%| F|  |TAMS 0x0000000088d00000, 0x0000000088d00000| Untracked 
| 142|0x0000000088e00000, 0x0000000088e00000, 0x0000000088f00000|  0%| F|  |TAMS 0x0000000088e00000, 0x0000000088e00000| Untracked 
| 143|0x0000000088f00000, 0x0000000088f00000, 0x0000000089000000|  0%| F|  |TAMS 0x0000000088f00000, 0x0000000088f00000| Untracked 
| 144|0x0000000089000000, 0x0000000089000000, 0x0000000089100000|  0%| F|  |TAMS 0x0000000089000000, 0x0000000089000000| Untracked 
| 145|0x0000000089100000, 0x0000000089100000, 0x0000000089200000|  0%| F|  |TAMS 0x0000000089100000, 0x0000000089100000| Untracked 
| 146|0x0000000089200000, 0x0000000089200000, 0x0000000089300000|  0%| F|  |TAMS 0x0000000089200000, 0x0000000089200000| Untracked 
| 147|0x0000000089300000, 0x0000000089300000, 0x0000000089400000|  0%| F|  |TAMS 0x0000000089300000, 0x0000000089300000| Untracked 
| 148|0x0000000089400000, 0x0000000089400000, 0x0000000089500000|  0%| F|  |TAMS 0x0000000089400000, 0x0000000089400000| Untracked 
| 149|0x0000000089500000, 0x0000000089500000, 0x0000000089600000|  0%| F|  |TAMS 0x0000000089500000, 0x0000000089500000| Untracked 
| 150|0x0000000089600000, 0x0000000089600000, 0x0000000089700000|  0%| F|  |TAMS 0x0000000089600000, 0x0000000089600000| Untracked 
| 151|0x0000000089700000, 0x0000000089700000, 0x0000000089800000|  0%| F|  |TAMS 0x0000000089700000, 0x0000000089700000| Untracked 
| 152|0x0000000089800000, 0x000000008989e3c0, 0x0000000089900000| 61%| S|CS|TAMS 0x0000000089800000, 0x0000000089800000| Complete 
| 153|0x0000000089900000, 0x0000000089900000, 0x0000000089a00000|  0%| F|  |TAMS 0x0000000089900000, 0x0000000089900000| Untracked 
| 154|0x0000000089a00000, 0x0000000089a00000, 0x0000000089b00000|  0%| F|  |TAMS 0x0000000089a00000, 0x0000000089a00000| Untracked 
| 155|0x0000000089b00000, 0x0000000089b00000, 0x0000000089c00000|  0%| F|  |TAMS 0x0000000089b00000, 0x0000000089b00000| Untracked 

Card table byte_map: [0x0000029d16eb0000,0x0000029d172b0000] _byte_map_base: 0x0000029d16ab0000

Marking Bits (Prev, Next): (CMBitMap*) 0x0000029d7fa8d250, (CMBitMap*) 0x0000029d7fa8d210
 Prev Bits: [0x0000029d196b0000, 0x0000029d1b6b0000)
 Next Bits: [0x0000029d176b0000, 0x0000029d196b0000)

Polling page: 0x0000029d7d9f0000

Metaspace:

Usage:
  Non-class:     65.65 MB used.
      Class:     10.55 MB used.
       Both:     76.19 MB used.

Virtual space:
  Non-class space:      128.00 MB reserved,      66.12 MB ( 52%) committed,  2 nodes.
      Class space:        1.00 GB reserved,      10.94 MB (  1%) committed,  1 nodes.
             Both:        1.12 GB reserved,      77.06 MB (  7%) committed. 

Chunk freelists:
   Non-Class:  13.39 MB
       Class:  4.88 MB
        Both:  18.27 MB

MaxMetaspaceSize: unlimited
CompressedClassSpaceSize: 1.00 GB
Initial GC threshold: 21.00 MB
Current GC threshold: 123.88 MB
CDS: on
MetaspaceReclaimPolicy: balanced
 - commit_granule_bytes: 65536.
 - commit_granule_words: 8192.
 - virtual_space_node_default_size: 8388608.
 - enlarge_chunks_in_place: 1.
 - new_chunks_are_fully_committed: 0.
 - uncommit_free_chunks: 1.
 - use_allocation_guard: 0.
 - handle_deallocations: 1.


Internal statistics:

num_allocs_failed_limit: 6.
num_arena_births: 1346.
num_arena_deaths: 0.
num_vsnodes_births: 3.
num_vsnodes_deaths: 0.
num_space_committed: 1233.
num_space_uncommitted: 0.
num_chunks_returned_to_freelist: 6.
num_chunks_taken_from_freelist: 4718.
num_chunk_merges: 6.
num_chunk_splits: 3095.
num_chunks_enlarged: 2029.
num_inconsistent_stats: 0.

CodeHeap 'non-profiled nmethods': size=120000Kb used=3901Kb max_used=3901Kb free=116098Kb
 bounds [0x0000029d0f580000, 0x0000029d0f950000, 0x0000029d16ab0000]
CodeHeap 'profiled nmethods': size=120000Kb used=16643Kb max_used=16643Kb free=103356Kb
 bounds [0x0000029d07ab0000, 0x0000029d08b00000, 0x0000029d0efe0000]
CodeHeap 'non-nmethods': size=5760Kb used=1728Kb max_used=1771Kb free=4031Kb
 bounds [0x0000029d0efe0000, 0x0000029d0f250000, 0x0000029d0f580000]
 total_blobs=9811 nmethods=9000 adapters=723
 compilation: enabled
              stopped_count=0, restarted_count=0
 full_count=0

Compilation events (20 events):
Event: 32.253 Thread 0x0000029d1dfbca70 nmethod 9828 0x0000029d0f94b690 code [0x0000029d0f94b820, 0x0000029d0f94b9d8]
Event: 32.253 Thread 0x0000029d1dfbca70 9829       4       java.util.stream.MatchOps::makeRef (29 bytes)
Event: 32.258 Thread 0x0000029d1dfbd380 9907       1       org.gradle.internal.ImmutableActionSet$SetWithManyActions::isEmpty (2 bytes)
Event: 32.258 Thread 0x0000029d1dfbd380 nmethod 9907 0x0000029d0f94bb90 code [0x0000029d0f94bd20, 0x0000029d0f94bdf8]
Event: 32.261 Thread 0x0000029d1dfbca70 nmethod 9829 0x0000029d0f94be90 code [0x0000029d0f94c020, 0x0000029d0f94c3b8]
Event: 32.261 Thread 0x0000029d1dfbca70 9830       4       java.util.stream.MatchOps$MatchOp::evaluateSequential (7 bytes)
Event: 32.271 Thread 0x0000029d1dfbd380 9908       3       org.apache.commons.lang3.ObjectUtils::toString (8 bytes)
Event: 32.273 Thread 0x0000029d1dfbd380 nmethod 9908 0x0000029d08aedb90 code [0x0000029d08aedd40, 0x0000029d08aedfc8]
Event: 32.273 Thread 0x0000029d1dfbd380 9909       3       java.util.stream.SliceOps$1$1::cancellationRequested (27 bytes)
Event: 32.273 Thread 0x0000029d1dfbd380 nmethod 9909 0x0000029d08aee110 code [0x0000029d08aee2c0, 0x0000029d08aee528]
Event: 32.276 Thread 0x0000029d1dfbd380 9910       3       org.gradle.api.internal.provider.ValueState$NonFinalizedValue::beforeMutate (111 bytes)
Event: 32.278 Thread 0x0000029d1dfbd380 nmethod 9910 0x0000029d08aee610 code [0x0000029d08aeea40, 0x0000029d08af0418]
Event: 32.280 Thread 0x0000029d1dfbca70 nmethod 9830 0x0000029d0f94c590 code [0x0000029d0f94c7a0, 0x0000029d0f94ccb8]
Event: 32.281 Thread 0x0000029d1dfbca70 9823       4       com.google.common.collect.AbstractIndexedListIterator::next (31 bytes)
Event: 32.283 Thread 0x0000029d1dfbca70 nmethod 9823 0x0000029d0f94d310 code [0x0000029d0f94d4a0, 0x0000029d0f94d5b8]
Event: 32.284 Thread 0x0000029d1dfbca70 9585       4       java.lang.ClassLoader::checkCerts (121 bytes)
Event: 32.316 Thread 0x0000029d1dfbd380 9912       1       com.android.build.api.artifact.impl.TypedStorageProvider::access$getPropertyAllocator$p (5 bytes)
Event: 32.316 Thread 0x0000029d1dfbd380 nmethod 9912 0x0000029d0f94d710 code [0x0000029d0f94d8a0, 0x0000029d0f94d958]
Event: 32.331 Thread 0x0000029d1dfbca70 nmethod 9585 0x0000029d0f94da10 code [0x0000029d0f94dc40, 0x0000029d0f94eb80]
Event: 32.331 Thread 0x0000029d1dfbca70 9911       4       java.security.CodeSource::<init> (52 bytes)

GC Heap History (20 events):
Event: 25.167 GC heap after
{Heap after GC invocations=44 (full 0):
 garbage-first heap   total 124928K, used 70103K [0x0000000080000000, 0x0000000100000000)
  region size 1024K, 2 young (2048K), 2 survivors (2048K)
 Metaspace       used 57500K, committed 58368K, reserved 1114112K
  class space    used 8127K, committed 8576K, reserved 1048576K
}
Event: 25.275 GC heap before
{Heap before GC invocations=44 (full 0):
 garbage-first heap   total 124928K, used 74199K [0x0000000080000000, 0x0000000100000000)
  region size 1024K, 6 young (6144K), 2 survivors (2048K)
 Metaspace       used 57797K, committed 58688K, reserved 1114112K
  class space    used 8166K, committed 8576K, reserved 1048576K
}
Event: 25.283 GC heap after
{Heap after GC invocations=45 (full 0):
 garbage-first heap   total 124928K, used 70464K [0x0000000080000000, 0x0000000100000000)
  region size 1024K, 1 young (1024K), 1 survivors (1024K)
 Metaspace       used 57797K, committed 58688K, reserved 1114112K
  class space    used 8166K, committed 8576K, reserved 1048576K
}
Event: 26.057 GC heap before
{Heap before GC invocations=45 (full 0):
 garbage-first heap   total 124928K, used 95040K [0x0000000080000000, 0x0000000100000000)
  region size 1024K, 25 young (25600K), 1 survivors (1024K)
 Metaspace       used 59919K, committed 60800K, reserved 1114112K
  class space    used 8381K, committed 8768K, reserved 1048576K
}
Event: 26.062 GC heap after
{Heap after GC invocations=46 (full 0):
 garbage-first heap   total 159744K, used 70990K [0x0000000080000000, 0x0000000100000000)
  region size 1024K, 1 young (1024K), 1 survivors (1024K)
 Metaspace       used 59919K, committed 60800K, reserved 1114112K
  class space    used 8381K, committed 8768K, reserved 1048576K
}
Event: 27.531 GC heap before
{Heap before GC invocations=47 (full 0):
 garbage-first heap   total 159744K, used 120142K [0x0000000080000000, 0x0000000100000000)
  region size 1024K, 47 young (48128K), 1 survivors (1024K)
 Metaspace       used 64074K, committed 64960K, reserved 1114112K
  class space    used 8914K, committed 9344K, reserved 1048576K
}
Event: 27.538 GC heap after
{Heap after GC invocations=48 (full 0):
 garbage-first heap   total 159744K, used 74630K [0x0000000080000000, 0x0000000100000000)
  region size 1024K, 3 young (3072K), 3 survivors (3072K)
 Metaspace       used 64074K, committed 64960K, reserved 1114112K
  class space    used 8914K, committed 9344K, reserved 1048576K
}
Event: 27.636 GC heap before
{Heap before GC invocations=48 (full 0):
 garbage-first heap   total 159744K, used 78726K [0x0000000080000000, 0x0000000100000000)
  region size 1024K, 7 young (7168K), 3 survivors (3072K)
 Metaspace       used 64565K, committed 65472K, reserved 1114112K
  class space    used 8973K, committed 9408K, reserved 1048576K
}
Event: 27.652 GC heap after
{Heap after GC invocations=49 (full 0):
 garbage-first heap   total 159744K, used 74632K [0x0000000080000000, 0x0000000100000000)
  region size 1024K, 1 young (1024K), 1 survivors (1024K)
 Metaspace       used 64565K, committed 65472K, reserved 1114112K
  class space    used 8973K, committed 9408K, reserved 1048576K
}
Event: 29.046 GC heap before
{Heap before GC invocations=49 (full 0):
 garbage-first heap   total 159744K, used 124808K [0x0000000080000000, 0x0000000100000000)
  region size 1024K, 51 young (52224K), 1 survivors (1024K)
 Metaspace       used 69534K, committed 70464K, reserved 1114112K
  class space    used 9606K, committed 10048K, reserved 1048576K
}
Event: 29.053 GC heap after
{Heap after GC invocations=50 (full 0):
 garbage-first heap   total 159744K, used 77737K [0x0000000080000000, 0x0000000100000000)
  region size 1024K, 4 young (4096K), 4 survivors (4096K)
 Metaspace       used 69534K, committed 70464K, reserved 1114112K
  class space    used 9606K, committed 10048K, reserved 1048576K
}
Event: 29.995 GC heap before
{Heap before GC invocations=51 (full 0):
 garbage-first heap   total 159744K, used 132009K [0x0000000080000000, 0x0000000100000000)
  region size 1024K, 52 young (53248K), 4 survivors (4096K)
 Metaspace       used 71947K, committed 72832K, reserved 1114112K
  class space    used 9945K, committed 10368K, reserved 1048576K
}
Event: 30.007 GC heap after
{Heap after GC invocations=52 (full 0):
 garbage-first heap   total 159744K, used 82358K [0x0000000080000000, 0x0000000100000000)
  region size 1024K, 7 young (7168K), 7 survivors (7168K)
 Metaspace       used 71947K, committed 72832K, reserved 1114112K
  class space    used 9945K, committed 10368K, reserved 1048576K
}
Event: 30.035 GC heap before
{Heap before GC invocations=52 (full 0):
 garbage-first heap   total 159744K, used 83382K [0x0000000080000000, 0x0000000100000000)
  region size 1024K, 8 young (8192K), 7 survivors (7168K)
 Metaspace       used 72010K, committed 72896K, reserved 1114112K
  class space    used 9953K, committed 10368K, reserved 1048576K
}
Event: 30.160 GC heap after
{Heap after GC invocations=53 (full 0):
 garbage-first heap   total 159744K, used 83319K [0x0000000080000000, 0x0000000100000000)
  region size 1024K, 1 young (1024K), 1 survivors (1024K)
 Metaspace       used 72010K, committed 72896K, reserved 1114112K
  class space    used 9953K, committed 10368K, reserved 1048576K
}
Event: 31.209 GC heap before
{Heap before GC invocations=53 (full 0):
 garbage-first heap   total 159744K, used 127351K [0x0000000080000000, 0x0000000100000000)
  region size 1024K, 45 young (46080K), 1 survivors (1024K)
 Metaspace       used 74717K, committed 75712K, reserved 1114112K
  class space    used 10287K, committed 10752K, reserved 1048576K
}
Event: 31.215 GC heap after
{Heap after GC invocations=54 (full 0):
 garbage-first heap   total 159744K, used 84849K [0x0000000080000000, 0x0000000100000000)
  region size 1024K, 3 young (3072K), 3 survivors (3072K)
 Metaspace       used 74717K, committed 75712K, reserved 1114112K
  class space    used 10287K, committed 10752K, reserved 1048576K
}
Event: 32.236 GC heap before
{Heap before GC invocations=55 (full 0):
 garbage-first heap   total 159744K, used 129905K [0x0000000080000000, 0x0000000100000000)
  region size 1024K, 47 young (48128K), 3 survivors (3072K)
 Metaspace       used 77794K, committed 78784K, reserved 1179648K
  class space    used 10750K, committed 11200K, reserved 1048576K
}
Event: 32.246 GC heap after
{Heap after GC invocations=56 (full 0):
 garbage-first heap   total 159744K, used 86316K [0x0000000080000000, 0x0000000100000000)
  region size 1024K, 4 young (4096K), 4 survivors (4096K)
 Metaspace       used 77794K, committed 78784K, reserved 1179648K
  class space    used 10750K, committed 11200K, reserved 1048576K
}
Event: 32.333 GC heap before
{Heap before GC invocations=56 (full 0):
 garbage-first heap   total 159744K, used 88364K [0x0000000080000000, 0x0000000100000000)
  region size 1024K, 7 young (7168K), 4 survivors (4096K)
 Metaspace       used 78021K, committed 78912K, reserved 1179648K
  class space    used 10799K, committed 11200K, reserved 1048576K
}

Dll operation events (15 events):
Event: 0.091 Loaded shared library C:\Users\welcome\.gradle\jdks\eclipse_adoptium-17-amd64-windows.2\bin\java.dll
Event: 0.159 Loaded shared library C:\Users\welcome\.gradle\jdks\eclipse_adoptium-17-amd64-windows.2\bin\jsvml.dll
Event: 0.305 Loaded shared library C:\Users\welcome\.gradle\jdks\eclipse_adoptium-17-amd64-windows.2\bin\zip.dll
Event: 0.311 Loaded shared library C:\Users\welcome\.gradle\jdks\eclipse_adoptium-17-amd64-windows.2\bin\instrument.dll
Event: 0.323 Loaded shared library C:\Users\welcome\.gradle\jdks\eclipse_adoptium-17-amd64-windows.2\bin\net.dll
Event: 0.333 Loaded shared library C:\Users\welcome\.gradle\jdks\eclipse_adoptium-17-amd64-windows.2\bin\nio.dll
Event: 0.338 Loaded shared library C:\Users\welcome\.gradle\jdks\eclipse_adoptium-17-amd64-windows.2\bin\zip.dll
Event: 1.336 Loaded shared library C:\Users\welcome\.gradle\jdks\eclipse_adoptium-17-amd64-windows.2\bin\jimage.dll
Event: 1.770 Loaded shared library C:\Users\welcome\.gradle\jdks\eclipse_adoptium-17-amd64-windows.2\bin\verify.dll
Event: 1.857 Loaded shared library C:\Users\welcome\.gradle\native\660c5614fbf4a5f2a75b1949f50a0caf5cd603558e7d8a26e50b933a0cfb79d1\windows-amd64\native-platform.dll
Event: 1.895 Loaded shared library C:\Users\welcome\.gradle\native\0.2.8\x86_64-windows-gnu\gradle-fileevents.dll
Event: 4.441 Loaded shared library C:\Users\welcome\.gradle\jdks\eclipse_adoptium-17-amd64-windows.2\bin\management.dll
Event: 4.450 Loaded shared library C:\Users\welcome\.gradle\jdks\eclipse_adoptium-17-amd64-windows.2\bin\management_ext.dll
Event: 4.860 Loaded shared library C:\Users\welcome\.gradle\jdks\eclipse_adoptium-17-amd64-windows.2\bin\extnet.dll
Event: 5.360 Loaded shared library C:\Users\welcome\.gradle\jdks\eclipse_adoptium-17-amd64-windows.2\bin\sunmscapi.dll

Deoptimization events (20 events):
Event: 30.691 Thread 0x0000029d1e521c20 Uncommon trap: trap_request=0xffffff45 fr.pc=0x0000029d0f69bbac relative=0x0000000000001f4c
Event: 30.691 Thread 0x0000029d1e521c20 Uncommon trap: reason=unstable_if action=reinterpret pc=0x0000029d0f69bbac method=com.google.common.collect.MapMakerInternalMap$Segment.drainKeyReferenceQueue(Ljava/lang/ref/ReferenceQueue;)V @ 8 c2
Event: 30.691 Thread 0x0000029d1e521c20 DEOPT PACKING pc=0x0000029d0f69bbac sp=0x000000ef63bf7190
Event: 30.691 Thread 0x0000029d1e521c20 DEOPT UNPACKING pc=0x0000029d0f03a1a3 sp=0x000000ef63bf6eb0 mode 2
Event: 30.991 Thread 0x0000029d1e521c20 Uncommon trap: trap_request=0xffffffc6 fr.pc=0x0000029d0f90b018 relative=0x0000000000001018
Event: 30.991 Thread 0x0000029d1e521c20 Uncommon trap: reason=bimorphic_or_optimized_type_check action=maybe_recompile pc=0x0000029d0f90b018 method=org.gradle.api.internal.provider.AbstractMinimalProvider.getOrNull()Ljava/lang/Object; @ 4 c2
Event: 30.991 Thread 0x0000029d1e521c20 DEOPT PACKING pc=0x0000029d0f90b018 sp=0x000000ef63bf8c20
Event: 30.991 Thread 0x0000029d1e521c20 DEOPT UNPACKING pc=0x0000029d0f03a1a3 sp=0x000000ef63bf8c18 mode 2
Event: 31.897 Thread 0x0000029d1e521c20 Uncommon trap: trap_request=0xffffffc6 fr.pc=0x0000029d0f90b018 relative=0x0000000000001018
Event: 31.897 Thread 0x0000029d1e521c20 Uncommon trap: reason=bimorphic_or_optimized_type_check action=maybe_recompile pc=0x0000029d0f90b018 method=org.gradle.api.internal.provider.AbstractMinimalProvider.getOrNull()Ljava/lang/Object; @ 4 c2
Event: 31.897 Thread 0x0000029d1e521c20 DEOPT PACKING pc=0x0000029d0f90b018 sp=0x000000ef63bf72c0
Event: 31.897 Thread 0x0000029d1e521c20 DEOPT UNPACKING pc=0x0000029d0f03a1a3 sp=0x000000ef63bf72b8 mode 2
Event: 31.908 Thread 0x0000029d1e521c20 Uncommon trap: trap_request=0xffffffc6 fr.pc=0x0000029d0f90b018 relative=0x0000000000001018
Event: 31.908 Thread 0x0000029d1e521c20 Uncommon trap: reason=bimorphic_or_optimized_type_check action=maybe_recompile pc=0x0000029d0f90b018 method=org.gradle.api.internal.provider.AbstractMinimalProvider.getOrNull()Ljava/lang/Object; @ 4 c2
Event: 31.908 Thread 0x0000029d1e521c20 DEOPT PACKING pc=0x0000029d0f90b018 sp=0x000000ef63bf72c0
Event: 31.908 Thread 0x0000029d1e521c20 DEOPT UNPACKING pc=0x0000029d0f03a1a3 sp=0x000000ef63bf72b8 mode 2
Event: 31.909 Thread 0x0000029d1e521c20 Uncommon trap: trap_request=0xffffffc6 fr.pc=0x0000029d0f90b018 relative=0x0000000000001018
Event: 31.910 Thread 0x0000029d1e521c20 Uncommon trap: reason=bimorphic_or_optimized_type_check action=maybe_recompile pc=0x0000029d0f90b018 method=org.gradle.api.internal.provider.AbstractMinimalProvider.getOrNull()Ljava/lang/Object; @ 4 c2
Event: 31.910 Thread 0x0000029d1e521c20 DEOPT PACKING pc=0x0000029d0f90b018 sp=0x000000ef63bf72c0
Event: 31.910 Thread 0x0000029d1e521c20 DEOPT UNPACKING pc=0x0000029d0f03a1a3 sp=0x000000ef63bf72b8 mode 2

Classes loaded (20 events):
Event: 29.028 Loading class java/util/Base64
Event: 29.029 Loading class java/util/Base64 done
Event: 29.029 Loading class java/util/Base64$Decoder
Event: 29.029 Loading class java/util/Base64$Decoder done
Event: 29.029 Loading class java/util/Base64$Encoder
Event: 29.029 Loading class java/util/Base64$Encoder done
Event: 29.031 Loading class java/util/jar/JarVerifier$VerifierStream
Event: 29.031 Loading class java/util/jar/JarVerifier$VerifierStream done
Event: 29.031 Loading class sun/security/util/ManifestEntryVerifier$SunProviderHolder
Event: 29.031 Loading class sun/security/util/ManifestEntryVerifier$SunProviderHolder done
Event: 29.204 Loading class java/security/KeyStore$ProtectionParameter
Event: 29.204 Loading class java/security/KeyStore$ProtectionParameter done
Event: 29.444 Loading class sun/reflect/annotation/AnnotationInvocationHandler$1
Event: 29.445 Loading class sun/reflect/annotation/AnnotationInvocationHandler$1 done
Event: 29.958 Loading class java/security/KeyStore
Event: 29.959 Loading class java/security/KeyStore done
Event: 29.959 Loading class java/security/KeyStore$1
Event: 29.959 Loading class java/security/KeyStore$1 done
Event: 30.388 Loading class javax/xml/stream/XMLStreamException
Event: 30.389 Loading class javax/xml/stream/XMLStreamException done

Classes unloaded (0 events):
No events

Classes redefined (0 events):
No events

Internal exceptions (20 events):
Event: 23.529 Thread 0x0000029d1e51e980 Exception <a 'java/lang/NoSuchMethodError'{0x0000000085402f48}: static Lorg/gradle/internal/build/event/types/AbstractResult;.<clinit>()V> (0x0000000085402f48) 
thrown [s\src\hotspot\share\prims\jni.cpp, line 1112]
Event: 23.532 Thread 0x0000029d1e51e980 Exception <a 'java/lang/NoSuchMethodError'{0x000000008541c770}: static Lorg/gradle/internal/build/event/types/DefaultPluginApplicationResult;.<clinit>()V> (0x000000008541c770) 
thrown [s\src\hotspot\share\prims\jni.cpp, line 1112]
Event: 23.534 Thread 0x0000029d1e51e980 Exception <a 'java/lang/NoSuchMethodError'{0x00000000854295e0}: static Lorg/gradle/internal/build/event/types/DefaultBinaryPluginIdentifier;.<clinit>()V> (0x00000000854295e0) 
thrown [s\src\hotspot\share\prims\jni.cpp, line 1112]
Event: 23.538 Thread 0x0000029d1e51e980 Exception <a 'java/lang/NoSuchMethodError'{0x00000000854a0f90}: static Lorg/gradle/internal/build/event/types/DefaultScriptPluginIdentifier;.<clinit>()V> (0x00000000854a0f90) 
thrown [s\src\hotspot\share\prims\jni.cpp, line 1112]
Event: 24.214 Thread 0x0000029d1e521c20 Exception <a 'java/lang/ClassNotFoundException'{0x0000000086cb34b0}: org/gradle/api/internal/plugins/DefaultObjectConfigurationActionBeanInfo> (0x0000000086cb34b0) 
thrown [s\src\hotspot\share\classfile\systemDictionary.cpp, line 256]
Event: 24.220 Thread 0x0000029d1e521c20 Exception <a 'java/lang/ClassNotFoundException'{0x0000000086ccc488}: org/gradle/api/internal/plugins/DefaultObjectConfigurationActionCustomizer> (0x0000000086ccc488) 
thrown [s\src\hotspot\share\classfile\systemDictionary.cpp, line 256]
Event: 24.890 Thread 0x0000029d1e521c20 Exception <a 'java/lang/NoSuchMethodError'{0x00000000874f1df0}: 'java.lang.Object java.lang.invoke.DirectMethodHandle$Holder.invokeSpecial(java.lang.Object, java.lang.Object, long, java.lang.Object, java.lang.Object, java.lang.Object, java.lang.Object, java.lang.Object, java.lang.Object, java.lang.Object, java.lang.Object, java.lang.Object)'> (0x00000000874f1df0) 
thrown [s\src\hotspot\share\interpreter\linkResolver.cpp, line 759]
Event: 24.891 Thread 0x0000029d1e521c20 Exception <a 'java/lang/NoSuchMethodError'{0x00000000874f7878}: 'java.lang.Object java.lang.invoke.DelegatingMethodHandle$Holder.reinvoke_L(java.lang.Object, long, java.lang.Object, java.lang.Object, java.lang.Object, java.lang.Object, java.lang.Object, java.lang.Object, java.lang.Object, java.lang.Object, java.lang.Object)'> (0x00000000874f7878) 
thrown [s\src\hotspot\share\interpreter\linkResolver.cpp, line 759]
Event: 25.491 Thread 0x0000029d1e521c20 Exception <a 'java/lang/NoSuchMethodError'{0x000000008721ef88}: 'int java.lang.invoke.DirectMethodHandle$Holder.invokeSpecialIFC(java.lang.Object, java.lang.Object, java.lang.Object, java.lang.Object, java.lang.Object)'> (0x000000008721ef88) 
thrown [s\src\hotspot\share\interpreter\linkResolver.cpp, line 759]
Event: 27.328 Thread 0x0000029d1e521c20 Exception <a 'java/lang/NoSuchMethodError'{0x000000008750ddf0}: 'void java.lang.invoke.DirectMethodHandle$Holder.invokeVirtual(java.lang.Object, java.lang.Object)'> (0x000000008750ddf0) 
thrown [s\src\hotspot\share\interpreter\linkResolver.cpp, line 759]
Event: 27.908 Thread 0x0000029d1e521c20 Exception <a 'java/lang/NoSuchMethodError'{0x0000000089081448}: static Lorg/jetbrains/kotlin/gradle/plugin/internal/DefaultProjectIsolationStartParameterAccessor$Factory;.<clinit>()V> (0x0000000089081448) 
thrown [s\src\hotspot\share\prims\jni.cpp, line 1112]
Event: 27.913 Thread 0x0000029d1e521c20 Exception <a 'java/lang/NoSuchMethodError'{0x00000000890a6f18}: static Lorg/jetbrains/kotlin/gradle/plugin/internal/DefaultJavaExecTaskParametersCompatibility$Factory;.<clinit>()V> (0x00000000890a6f18) 
thrown [s\src\hotspot\share\prims\jni.cpp, line 1112]
Event: 27.916 Thread 0x0000029d1e521c20 Exception <a 'java/lang/NoSuchMethodError'{0x00000000890dcc00}: static Lorg/jetbrains/kotlin/gradle/plugin/internal/DefaultMavenPublicationComponentAccessorFactory;.<clinit>()V> (0x00000000890dcc00) 
thrown [s\src\hotspot\share\prims\jni.cpp, line 1112]
Event: 27.919 Thread 0x0000029d1e521c20 Exception <a 'java/lang/NoSuchMethodError'{0x0000000088f015e8}: static Lorg/jetbrains/kotlin/gradle/plugin/diagnostics/DefaultProblemsReporter$Factory;.<clinit>()V> (0x0000000088f015e8) 
thrown [s\src\hotspot\share\prims\jni.cpp, line 1112]
Event: 27.922 Thread 0x0000029d1e521c20 Exception <a 'java/lang/NoSuchMethodError'{0x0000000088f39460}: static Lorg/jetbrains/kotlin/gradle/plugin/internal/DefaultCompatibilityConventionRegistrar$Factory;.<clinit>()V> (0x0000000088f39460) 
thrown [s\src\hotspot\share\prims\jni.cpp, line 1112]
Event: 27.924 Thread 0x0000029d1e521c20 Exception <a 'java/lang/NoSuchMethodError'{0x0000000088f5d590}: static Lorg/jetbrains/kotlin/gradle/plugin/internal/DefaultConfigurationCacheStartParameterAccessorVariantFactory;.<clinit>()V> (0x0000000088f5d590) 
thrown [s\src\hotspot\share\prims\jni.cpp, line 1112]
Event: 27.992 Thread 0x0000029d1e521c20 Exception <a 'java/lang/IncompatibleClassChangeError'{0x0000000088ef33d0}: Found class java.lang.Object, but interface was expected> (0x0000000088ef33d0) 
thrown [s\src\hotspot\share\interpreter\linkResolver.cpp, line 826]
Event: 28.377 Thread 0x0000029d1e521c20 Exception <a 'java/lang/NoSuchMethodError'{0x000000008867c940}: static Ljava/lang/Object;.<clinit>()V> (0x000000008867c940) 
thrown [s\src\hotspot\share\prims\jni.cpp, line 1112]
Event: 28.384 Thread 0x0000029d1e521c20 Exception <a 'java/lang/NoSuchMethodError'{0x00000000886d5da8}: static Lorg/jetbrains/kotlin/gradle/plugin/statistics/MetricContainer;.<clinit>()V> (0x00000000886d5da8) 
thrown [s\src\hotspot\share\prims\jni.cpp, line 1112]
Event: 30.458 Thread 0x0000029d1e521c20 Implicit null exception at 0x0000029d0f9015e8 to 0x0000029d0f9016d4

VM Operations (20 events):
Event: 29.146 Executing VM operation: G1PauseRemark done
Event: 29.184 Executing VM operation: G1PauseCleanup
Event: 29.184 Executing VM operation: G1PauseCleanup done
Event: 29.995 Executing VM operation: G1CollectForAllocation
Event: 30.007 Executing VM operation: G1CollectForAllocation done
Event: 30.035 Executing VM operation: G1CollectForAllocation
Event: 30.160 Executing VM operation: G1CollectForAllocation done
Event: 30.669 Executing VM operation: ICBufferFull
Event: 30.669 Executing VM operation: ICBufferFull done
Event: 31.209 Executing VM operation: G1CollectForAllocation
Event: 31.216 Executing VM operation: G1CollectForAllocation done
Event: 31.336 Executing VM operation: G1PauseRemark
Event: 31.343 Executing VM operation: G1PauseRemark done
Event: 31.399 Executing VM operation: G1PauseCleanup
Event: 31.399 Executing VM operation: G1PauseCleanup done
Event: 32.163 Executing VM operation: HandshakeAllThreads
Event: 32.164 Executing VM operation: HandshakeAllThreads done
Event: 32.236 Executing VM operation: G1CollectForAllocation
Event: 32.246 Executing VM operation: G1CollectForAllocation done
Event: 32.333 Executing VM operation: G1CollectForAllocation

Memory protections (0 events):
No events

Nmethod flushes (20 events):
Event: 20.704 Thread 0x0000029d1dfbdc90 flushing  nmethod 0x0000029d085f3610
Event: 20.704 Thread 0x0000029d1dfbdc90 flushing  nmethod 0x0000029d085f8110
Event: 26.721 Thread 0x0000029d1dfbdc90 flushing  nmethod 0x0000029d07abb710
Event: 26.721 Thread 0x0000029d1dfbdc90 flushing  nmethod 0x0000029d07af8410
Event: 26.726 Thread 0x0000029d1dfbdc90 flushing  nmethod 0x0000029d07e94d90
Event: 26.726 Thread 0x0000029d1dfbdc90 flushing  nmethod 0x0000029d07ecd810
Event: 26.726 Thread 0x0000029d1dfbdc90 flushing  nmethod 0x0000029d07ece790
Event: 26.726 Thread 0x0000029d1dfbdc90 flushing  nmethod 0x0000029d07edfb90
Event: 26.727 Thread 0x0000029d1dfbdc90 flushing  nmethod 0x0000029d07f45e90
Event: 26.727 Thread 0x0000029d1dfbdc90 flushing  nmethod 0x0000029d07fa4310
Event: 26.731 Thread 0x0000029d1dfbdc90 flushing  nmethod 0x0000029d08223090
Event: 26.731 Thread 0x0000029d1dfbdc90 flushing  nmethod 0x0000029d0824ee10
Event: 26.732 Thread 0x0000029d1dfbdc90 flushing  nmethod 0x0000029d08319490
Event: 26.732 Thread 0x0000029d1dfbdc90 flushing  nmethod 0x0000029d08352390
Event: 26.732 Thread 0x0000029d1dfbdc90 flushing  nmethod 0x0000029d08352790
Event: 26.734 Thread 0x0000029d1dfbdc90 flushing  nmethod 0x0000029d0845ae10
Event: 26.734 Thread 0x0000029d1dfbdc90 flushing  nmethod 0x0000029d08468b90
Event: 26.734 Thread 0x0000029d1dfbdc90 flushing  nmethod 0x0000029d08469e90
Event: 26.734 Thread 0x0000029d1dfbdc90 flushing  nmethod 0x0000029d0848c310
Event: 26.736 Thread 0x0000029d1dfbdc90 flushing  nmethod 0x0000029d085c3490

Events (20 events):
Event: 20.424 Thread 0x0000029d1e521c20 Thread added: 0x0000029d67c66ef0
Event: 20.424 Thread 0x0000029d1e521c20 Thread added: 0x0000029d67c63740
Event: 20.425 Thread 0x0000029d1e521c20 Thread added: 0x0000029d67c613d0
Event: 20.677 Thread 0x0000029d1e521c20 Thread added: 0x0000029d67c67e20
Event: 20.679 Thread 0x0000029d1e521c20 Thread added: 0x0000029d67c655a0
Event: 20.681 Thread 0x0000029d1e521c20 Thread added: 0x0000029d67c65fc0
Event: 20.684 Thread 0x0000029d1e521c20 Thread added: 0x0000029d67c68330
Event: 20.686 Thread 0x0000029d1e521c20 Thread added: 0x0000029d678ba540
Event: 20.687 Thread 0x0000029d1e521c20 Thread added: 0x0000029d678bb980
Event: 20.692 Thread 0x0000029d1e521c20 Thread added: 0x0000029d678b86e0
Event: 21.147 Thread 0x0000029d1e521c20 Thread added: 0x0000029d678b9b20
Event: 21.148 Thread 0x0000029d1e521c20 Thread added: 0x0000029d678b9610
Event: 21.149 Thread 0x0000029d1e521c20 Thread added: 0x0000029d678bbe90
Event: 21.149 Thread 0x0000029d1e521c20 Thread added: 0x0000029d678baa50
Event: 21.150 Thread 0x0000029d1e521c20 Thread added: 0x0000029d678baf60
Event: 21.151 Thread 0x0000029d1e521c20 Thread added: 0x0000029d678ba030
Event: 21.151 Thread 0x0000029d1e521c20 Thread added: 0x0000029d678bb470
Event: 26.274 Thread 0x0000029d1e521c20 Thread added: 0x0000029d678bf640
Event: 27.315 Thread 0x0000029d1e521c20 Thread added: 0x0000029d678bc8b0
Event: 28.430 Thread 0x0000029d1e521c20 Thread added: 0x0000029d678bd7e0


Dynamic libraries:
0x00007ff6ae0e0000 - 0x00007ff6ae0ee000 	C:\Users\welcome\.gradle\jdks\eclipse_adoptium-17-amd64-windows.2\bin\java.exe
0x00007ffaf93b0000 - 0x00007ffaf95a8000 	C:\Windows\SYSTEM32\ntdll.dll
0x00007ffaf7c90000 - 0x00007ffaf7d52000 	C:\Windows\System32\KERNEL32.DLL
0x00007ffaf6a30000 - 0x00007ffaf6d27000 	C:\Windows\System32\KERNELBASE.dll
0x00007ffaf6d30000 - 0x00007ffaf6e30000 	C:\Windows\System32\ucrtbase.dll
0x00007ffaddd30000 - 0x00007ffaddd48000 	C:\Users\welcome\.gradle\jdks\eclipse_adoptium-17-amd64-windows.2\bin\jli.dll
0x00007ffaddfb0000 - 0x00007ffaddfce000 	C:\Users\welcome\.gradle\jdks\eclipse_adoptium-17-amd64-windows.2\bin\VCRUNTIME140.dll
0x00007ffaf8a50000 - 0x00007ffaf8bed000 	C:\Windows\System32\USER32.dll
0x00007ffaf7080000 - 0x00007ffaf70a2000 	C:\Windows\System32\win32u.dll
0x00007ffaf8960000 - 0x00007ffaf898b000 	C:\Windows\System32\GDI32.dll
0x00007ffaf6f60000 - 0x00007ffaf707a000 	C:\Windows\System32\gdi32full.dll
0x00007ffadd660000 - 0x00007ffadd8fb000 	C:\Windows\WinSxS\amd64_microsoft.windows.common-controls_6595b64144ccf1df_6.0.19041.6926_none_60b5a53971f8f7e6\COMCTL32.dll
0x00007ffaf6e30000 - 0x00007ffaf6ecd000 	C:\Windows\System32\msvcp_win.dll
0x00007ffaf9000000 - 0x00007ffaf909e000 	C:\Windows\System32\msvcrt.dll
0x00007ffaf8130000 - 0x00007ffaf815f000 	C:\Windows\System32\IMM32.DLL
0x00007ffae07d0000 - 0x00007ffae07dc000 	C:\Users\welcome\.gradle\jdks\eclipse_adoptium-17-amd64-windows.2\bin\vcruntime140_1.dll
0x00007ffac20a0000 - 0x00007ffac212d000 	C:\Users\welcome\.gradle\jdks\eclipse_adoptium-17-amd64-windows.2\bin\msvcp140.dll
0x00007ffa7b1c0000 - 0x00007ffa7be2b000 	C:\Users\welcome\.gradle\jdks\eclipse_adoptium-17-amd64-windows.2\bin\server\jvm.dll
0x00007ffaf8990000 - 0x00007ffaf8a41000 	C:\Windows\System32\ADVAPI32.dll
0x00007ffaf8bf0000 - 0x00007ffaf8c8f000 	C:\Windows\System32\sechost.dll
0x00007ffaf8000000 - 0x00007ffaf8126000 	C:\Windows\System32\RPCRT4.dll
0x00007ffaf7210000 - 0x00007ffaf7237000 	C:\Windows\System32\bcrypt.dll
0x00007ffaf88f0000 - 0x00007ffaf895b000 	C:\Windows\System32\WS2_32.dll
0x00007ffad9850000 - 0x00007ffad9877000 	C:\Windows\SYSTEM32\WINMM.dll
0x00007ffaf5f40000 - 0x00007ffaf5f8b000 	C:\Windows\SYSTEM32\POWRPROF.dll
0x00007ffaec940000 - 0x00007ffaec94a000 	C:\Windows\SYSTEM32\VERSION.dll
0x00007ffaf5e00000 - 0x00007ffaf5e12000 	C:\Windows\SYSTEM32\UMPDC.dll
0x00007ffaf5250000 - 0x00007ffaf5262000 	C:\Windows\SYSTEM32\kernel.appcore.dll
0x00007ffae0260000 - 0x00007ffae026a000 	C:\Users\welcome\.gradle\jdks\eclipse_adoptium-17-amd64-windows.2\bin\jimage.dll
0x00007ffaf4610000 - 0x00007ffaf4811000 	C:\Windows\SYSTEM32\DBGHELP.DLL
0x00007ffad89c0000 - 0x00007ffad89f4000 	C:\Windows\SYSTEM32\dbgcore.DLL
0x00007ffaf6ed0000 - 0x00007ffaf6f52000 	C:\Windows\System32\bcryptPrimitives.dll
0x00007ffae0180000 - 0x00007ffae018e000 	C:\Users\welcome\.gradle\jdks\eclipse_adoptium-17-amd64-windows.2\bin\instrument.dll
0x00007ffad3b50000 - 0x00007ffad3b75000 	C:\Users\welcome\.gradle\jdks\eclipse_adoptium-17-amd64-windows.2\bin\java.dll
0x00007ffab6290000 - 0x00007ffab6367000 	C:\Users\welcome\.gradle\jdks\eclipse_adoptium-17-amd64-windows.2\bin\jsvml.dll
0x00007ffaf73d0000 - 0x00007ffaf7b41000 	C:\Windows\System32\SHELL32.dll
0x00007ffaf4a90000 - 0x00007ffaf5236000 	C:\Windows\SYSTEM32\windows.storage.dll
0x00007ffaf8c90000 - 0x00007ffaf8fe3000 	C:\Windows\System32\combase.dll
0x00007ffaf6460000 - 0x00007ffaf648b000 	C:\Windows\SYSTEM32\Wldp.dll
0x00007ffaf7f30000 - 0x00007ffaf7ffd000 	C:\Windows\System32\OLEAUT32.dll
0x00007ffaf9260000 - 0x00007ffaf930d000 	C:\Windows\System32\SHCORE.dll
0x00007ffaf8740000 - 0x00007ffaf879b000 	C:\Windows\System32\shlwapi.dll
0x00007ffaf6960000 - 0x00007ffaf6984000 	C:\Windows\SYSTEM32\profapi.dll
0x00007ffadad90000 - 0x00007ffadada8000 	C:\Users\welcome\.gradle\jdks\eclipse_adoptium-17-amd64-windows.2\bin\zip.dll
0x00007ffad5ae0000 - 0x00007ffad5afa000 	C:\Users\welcome\.gradle\jdks\eclipse_adoptium-17-amd64-windows.2\bin\net.dll
0x00007ffaf07f0000 - 0x00007ffaf08fa000 	C:\Windows\SYSTEM32\WINHTTP.dll
0x00007ffaf6190000 - 0x00007ffaf61fa000 	C:\Windows\system32\mswsock.dll
0x00007ffad34f0000 - 0x00007ffad3506000 	C:\Users\welcome\.gradle\jdks\eclipse_adoptium-17-amd64-windows.2\bin\nio.dll
0x00007ffae0150000 - 0x00007ffae0160000 	C:\Users\welcome\.gradle\jdks\eclipse_adoptium-17-amd64-windows.2\bin\verify.dll
0x00007ffadda90000 - 0x00007ffaddab7000 	C:\Users\welcome\.gradle\native\660c5614fbf4a5f2a75b1949f50a0caf5cd603558e7d8a26e50b933a0cfb79d1\windows-amd64\native-platform.dll
0x00007ffac1fe0000 - 0x00007ffac2057000 	C:\Users\welcome\.gradle\native\0.2.8\x86_64-windows-gnu\gradle-fileevents.dll
0x00007ffadac80000 - 0x00007ffadac8a000 	C:\Users\welcome\.gradle\jdks\eclipse_adoptium-17-amd64-windows.2\bin\management.dll
0x00007ffad9d80000 - 0x00007ffad9d8c000 	C:\Users\welcome\.gradle\jdks\eclipse_adoptium-17-amd64-windows.2\bin\management_ext.dll
0x00007ffaf9250000 - 0x00007ffaf9258000 	C:\Windows\System32\PSAPI.DLL
0x00007ffaf5e20000 - 0x00007ffaf5e5b000 	C:\Windows\SYSTEM32\IPHLPAPI.DLL
0x00007ffaf8ff0000 - 0x00007ffaf8ff8000 	C:\Windows\System32\NSI.dll
0x00007ffaec690000 - 0x00007ffaec6a7000 	C:\Windows\SYSTEM32\dhcpcsvc6.DLL
0x00007ffaef4a0000 - 0x00007ffaef4bd000 	C:\Windows\SYSTEM32\dhcpcsvc.DLL
0x00007ffaf5e70000 - 0x00007ffaf5f3a000 	C:\Windows\SYSTEM32\DNSAPI.dll
0x00007ffad9ce0000 - 0x00007ffad9ce9000 	C:\Users\welcome\.gradle\jdks\eclipse_adoptium-17-amd64-windows.2\bin\extnet.dll
0x00007ffaf63b0000 - 0x00007ffaf63c8000 	C:\Windows\SYSTEM32\CRYPTSP.dll
0x00007ffaf5a40000 - 0x00007ffaf5a78000 	C:\Windows\system32\rsaenh.dll
0x00007ffaf68e0000 - 0x00007ffaf690e000 	C:\Windows\SYSTEM32\USERENV.dll
0x00007ffaf63d0000 - 0x00007ffaf63dc000 	C:\Windows\SYSTEM32\CRYPTBASE.dll
0x00007ffad9c40000 - 0x00007ffad9c4e000 	C:\Users\welcome\.gradle\jdks\eclipse_adoptium-17-amd64-windows.2\bin\sunmscapi.dll
0x00007ffaf70b0000 - 0x00007ffaf720d000 	C:\Windows\System32\CRYPT32.dll
0x00007ffaf64d0000 - 0x00007ffaf64f7000 	C:\Windows\SYSTEM32\ncrypt.dll
0x00007ffaf6490000 - 0x00007ffaf64cb000 	C:\Windows\SYSTEM32\NTASN1.dll
0x00007ffaef990000 - 0x00007ffaef997000 	C:\Windows\system32\wshunix.dll

dbghelp: loaded successfully - version: 4.0.5 - missing functions: none
symbol engine: initialized successfully - sym options: 0x614 - pdb path: .;C:\Users\welcome\.gradle\jdks\eclipse_adoptium-17-amd64-windows.2\bin;C:\Windows\SYSTEM32;C:\Windows\WinSxS\amd64_microsoft.windows.common-controls_6595b64144ccf1df_6.0.19041.6926_none_60b5a53971f8f7e6;C:\Users\welcome\.gradle\jdks\eclipse_adoptium-17-amd64-windows.2\bin\server;C:\Users\welcome\.gradle\native\660c5614fbf4a5f2a75b1949f50a0caf5cd603558e7d8a26e50b933a0cfb79d1\windows-amd64;C:\Users\welcome\.gradle\native\0.2.8\x86_64-windows-gnu

VM Arguments:
jvm_args: --add-opens=java.base/java.lang=ALL-UNNAMED --add-opens=java.base/java.lang.invoke=ALL-UNNAMED --add-opens=java.base/java.util=ALL-UNNAMED --add-opens=java.prefs/java.util.prefs=ALL-UNNAMED --add-exports=jdk.compiler/com.sun.tools.javac.api=ALL-UNNAMED --add-exports=jdk.compiler/com.sun.tools.javac.util=ALL-UNNAMED --add-opens=java.base/java.util=ALL-UNNAMED --add-opens=java.prefs/java.util.prefs=ALL-UNNAMED --add-opens=java.base/java.nio.charset=ALL-UNNAMED --add-opens=java.base/java.net=ALL-UNNAMED --add-opens=java.base/java.util.concurrent=ALL-UNNAMED --add-opens=java.base/java.util.concurrent.atomic=ALL-UNNAMED --add-opens=java.xml/javax.xml.namespace=ALL-UNNAMED --add-opens=java.base/java.time=ALL-UNNAMED -Xmx2048m -Dfile.encoding=UTF-8 -Duser.country=IN -Duser.language=en -Duser.variant -javaagent:C:\Users\welcome\.gradle\wrapper\dists\gradle-9.3.1-bin\23ovyewtku6u96viwx3xl3oks\gradle-9.3.1\lib\agents\gradle-instrumentation-agent-9.3.1.jar 
java_command: org.gradle.launcher.daemon.bootstrap.GradleDaemon 9.3.1
java_class_path (initial): C:\Users\welcome\.gradle\wrapper\dists\gradle-9.3.1-bin\23ovyewtku6u96viwx3xl3oks\gradle-9.3.1\lib\gradle-daemon-main-9.3.1.jar
Launcher Type: SUN_STANDARD

[Global flags]
     intx CICompilerCount                          = 4                                         {product} {ergonomic}
     uint ConcGCThreads                            = 2                                         {product} {ergonomic}
     uint G1ConcRefinementThreads                  = 8                                         {product} {ergonomic}
   size_t G1HeapRegionSize                         = 1048576                                   {product} {ergonomic}
    uintx GCDrainStackTargetSize                   = 64                                        {product} {ergonomic}
   size_t InitialHeapSize                          = 62914560                                  {product} {ergonomic}
   size_t MarkStackSize                            = 4194304                                   {product} {ergonomic}
   size_t MaxHeapSize                              = 2147483648                                {product} {command line}
   size_t MaxNewSize                               = 1287651328                                {product} {ergonomic}
   size_t MinHeapDeltaBytes                        = 1048576                                   {product} {ergonomic}
   size_t MinHeapSize                              = 8388608                                   {product} {ergonomic}
    uintx NonNMethodCodeHeapSize                   = 5839372                                {pd product} {ergonomic}
    uintx NonProfiledCodeHeapSize                  = 122909434                              {pd product} {ergonomic}
    uintx ProfiledCodeHeapSize                     = 122909434                              {pd product} {ergonomic}
    uintx ReservedCodeCacheSize                    = 251658240                              {pd product} {ergonomic}
     bool SegmentedCodeCache                       = true                                      {product} {ergonomic}
   size_t SoftMaxHeapSize                          = 2147483648                             {manageable} {ergonomic}
     bool UseCompressedClassPointers               = true                           {product lp64_product} {ergonomic}
     bool UseCompressedOops                        = true                           {product lp64_product} {ergonomic}
     bool UseG1GC                                  = true                                      {product} {ergonomic}
     bool UseLargePagesIndividualAllocation        = false                                  {pd product} {ergonomic}

Logging:
Log output configuration:
 #0: stdout all=warning uptime,level,tags
 #1: stderr all=off uptime,level,tags

Environment Variables:
PATH=C:\Windows\system32;C:\Windows;C:\Windows\System32\Wbem;C:\Windows\System32\WindowsPowerShell\v1.0\;C:\Windows\System32\OpenSSH\;C:\Program Files\Git\cmd;C:\Program Files\nodejs\;C:\Users\welcome\AppData\Local\Microsoft\WindowsApps;C:\Users\welcome\AppData\Local\Programs\Antigravity\bin;C:\Users\welcome\AppData\Local\Programs\cursor\resources\app\bin;C:\Users\welcome\AppData\Local\Programs\Microsoft VS Code\bin;C:\Users\welcome\AppData\Roaming\npm;C:\Users\welcome\AppData\Local\Android\Sdk;;C:\Users\welcome\AppData\Local\Android\Sdk\platform-tools;
USERNAME=welcome
OS=Windows_NT
PROCESSOR_IDENTIFIER=Intel64 Family 6 Model 140 Stepping 2, GenuineIntel
TMP=C:\Users\welcome\AppData\Local\Temp
TEMP=C:\Users\welcome\AppData\Local\Temp



Periodic native trim disabled


---------------  S Y S T E M  ---------------

OS:
 Windows 10 , 64 bit Build 19041 (10.0.19041.6807)
OS uptime: 5 days 19:55 hours

CPU: total 8 (initial active 8) (4 cores per cpu, 2 threads per core) family 6 model 140 stepping 2 microcode 0x34, cx8, cmov, fxsr, ht, mmx, 3dnowpref, sse, sse2, sse3, ssse3, sse4.1, sse4.2, popcnt, lzcnt, tsc, tscinvbit, avx, avx2, aes, erms, clmul, bmi1, bmi2, adx, avx512f, avx512dq, avx512cd, avx512bw, avx512vl, sha, fma, vzeroupper, avx512_vpopcntdq, avx512_vpclmulqdq, avx512_vaes, avx512_vnni, clflush, clflushopt, clwb, avx512_vbmi2, avx512_vbmi
Processor Information for processor 0
  Max Mhz: 2496, Current Mhz: 2496, Mhz Limit: 2496
Processor Information for processor 1
  Max Mhz: 2496, Current Mhz: 2496, Mhz Limit: 2496
Processor Information for processor 2
  Max Mhz: 2496, Current Mhz: 2496, Mhz Limit: 2496
Processor Information for processor 3
  Max Mhz: 2496, Current Mhz: 2496, Mhz Limit: 2496
Processor Information for processor 4
  Max Mhz: 2496, Current Mhz: 2496, Mhz Limit: 2496
Processor Information for processor 5
  Max Mhz: 2496, Current Mhz: 998, Mhz Limit: 2496
Processor Information for processor 6
  Max Mhz: 2496, Current Mhz: 998, Mhz Limit: 2496
Processor Information for processor 7
  Max Mhz: 2496, Current Mhz: 2496, Mhz Limit: 2496

Memory: 4k page, system-wide physical 3738M (243M free)
TotalPageFile size 15002M (AvailPageFile size 70M)
current process WorkingSet (physical memory assigned to process): 299M, peak: 299M
current process commit charge ("private bytes"): 420M, peak: 695M

vm_info: OpenJDK 64-Bit Server VM (17.0.18+8) for windows-amd64 JRE (17.0.18+8), built on Jan 20 2026 22:28:22 by "admin" with MS VC++ 17.12 (VS2022)

END.
