#
# There is insufficient memory for the Java Runtime Environment to continue.
# Native memory allocation (malloc) failed to allocate 314880 bytes. Error detail: Chunk::new
# Possible reasons:
#   The system is out of physical RAM or swap space
#   This process is running with CompressedOops enabled, and the Java Heap may be blocking the growth of the native heap
# Possible solutions:
#   Reduce memory load on the system
#   Increase physical memory or swap space
#   Check if swap backing store is full
#   Decrease Java heap size (-Xmx/-Xms)
#   Decrease number of Java threads
#   Decrease Java thread stack sizes (-Xss)
#   Set larger code cache with -XX:ReservedCodeCacheSize=
#   JVM is running with Unscaled Compressed Oops mode in which the Java heap is
#     placed in the first 4GB address space. The Java Heap base address is the
#     maximum limit for the native heap growth. Please use -XX:HeapBaseMinAddress
#     to set the Java Heap base and to place the Java Heap above 4GB virtual address.
# This output file may be truncated or incomplete.
#
#  Out of Memory Error (arena.cpp:191), pid=20000, tid=19080
#
# JRE version: OpenJDK Runtime Environment Temurin-17.0.18+8 (17.0.18+8) (build 17.0.18+8)
# Java VM: OpenJDK 64-Bit Server VM Temurin-17.0.18+8 (17.0.18+8, mixed mode, sharing, tiered, compressed oops, compressed class ptrs, g1 gc, windows-amd64)
# No core dump will be written. Minidumps are not enabled by default on client versions of Windows
#

---------------  S U M M A R Y ------------

Command Line: --add-opens=java.base/java.lang=ALL-UNNAMED --add-opens=java.base/java.lang.invoke=ALL-UNNAMED --add-opens=java.base/java.util=ALL-UNNAMED --add-opens=java.prefs/java.util.prefs=ALL-UNNAMED --add-exports=jdk.compiler/com.sun.tools.javac.api=ALL-UNNAMED --add-exports=jdk.compiler/com.sun.tools.javac.util=ALL-UNNAMED --add-opens=java.base/java.util=ALL-UNNAMED --add-opens=java.prefs/java.util.prefs=ALL-UNNAMED --add-opens=java.base/java.nio.charset=ALL-UNNAMED --add-opens=java.base/java.net=ALL-UNNAMED --add-opens=java.base/java.util.concurrent=ALL-UNNAMED --add-opens=java.base/java.util.concurrent.atomic=ALL-UNNAMED --add-opens=java.xml/javax.xml.namespace=ALL-UNNAMED --add-opens=java.base/java.time=ALL-UNNAMED -Xmx2048m -Dfile.encoding=UTF-8 -Duser.country=IN -Duser.language=en -Duser.variant -javaagent:C:\Users\welcome\.gradle\wrapper\dists\gradle-9.3.1-bin\23ovyewtku6u96viwx3xl3oks\gradle-9.3.1\lib\agents\gradle-instrumentation-agent-9.3.1.jar org.gradle.launcher.daemon.bootstrap.GradleDaemon 9.3.1

Host: 11th Gen Intel(R) Core(TM) i5-1155G7 @ 2.50GHz, 8 cores, 3G,  Windows 10 , 64 bit Build 19041 (10.0.19041.6807)
Time: Thu Mar 19 12:40:54 2026 India Standard Time elapsed time: 37.549963 seconds (0d 0h 0m 37s)

---------------  T H R E A D  ---------------

Current thread (0x0000025a7ff17f80):  JavaThread "C2 CompilerThread0" daemon [_thread_in_native, id=19080, stack(0x000000a8a6800000,0x000000a8a6900000)]


Current CompileTask:
C2:37550 5813       4       java.lang.invoke.LambdaForm$Name::replaceNames (175 bytes)

Stack: [0x000000a8a6800000,0x000000a8a6900000]
Native frames: (J=compiled Java code, j=interpreted, Vv=VM code, C=native code)
V  [jvm.dll+0x6846f9]
V  [jvm.dll+0x839ea5]
V  [jvm.dll+0x83b91e]
V  [jvm.dll+0x83bfa3]
V  [jvm.dll+0x248eff]
V  [jvm.dll+0xad496]
V  [jvm.dll+0xadb3c]
V  [jvm.dll+0x368c1e]
V  [jvm.dll+0x1bc1ef]
V  [jvm.dll+0x219f10]
V  [jvm.dll+0x219200]
V  [jvm.dll+0x1a4920]
V  [jvm.dll+0x22989a]
V  [jvm.dll+0x227a4b]
V  [jvm.dll+0x7f0658]
V  [jvm.dll+0x7eaaec]
V  [jvm.dll+0x6835c7]
C  [ucrtbase.dll+0x21bb2]
C  [KERNEL32.DLL+0x17374]
C  [ntdll.dll+0x4cc91]


---------------  P R O C E S S  ---------------

Threads class SMR info:
_java_thread_list=0x0000025a4b423430, length=65, elements={
0x0000025a61ac0f00, 0x0000025a7fef3de0, 0x0000025a7fef48b0, 0x0000025a7ff0b460,
0x0000025a7ff0be30, 0x0000025a7ff10720, 0x0000025a7ff15bd0, 0x0000025a7ff17f80,
0x0000025a7ff18890, 0x0000025a7ff19940, 0x0000025a7fedfcb0, 0x0000025a47236640,
0x0000025a47445c00, 0x0000025a4807c610, 0x0000025a47d71240, 0x0000025a4712e890,
0x0000025a4712d450, 0x0000025a4712f2b0, 0x0000025a4712c010, 0x0000025a4712d960,
0x0000025a4712cf40, 0x0000025a4712ca30, 0x0000025a4712eda0, 0x0000025a4712c520,
0x0000025a4712f7c0, 0x0000025a47278d10, 0x0000025a472727d0, 0x0000025a472718a0,
0x0000025a47271db0, 0x0000025a47275f80, 0x0000025a47279220, 0x0000025a47276eb0,
0x0000025a472769a0, 0x0000025a472782f0, 0x0000025a47273c10, 0x0000025a472731f0,
0x0000025a47273700, 0x0000025a47274120, 0x0000025a47274630, 0x0000025a47274b40,
0x0000025a472773c0, 0x0000025a472778d0, 0x0000025a47278800, 0x0000025a47275050,
0x0000025a47275560, 0x0000025a47277de0, 0x0000025a49ba2d10, 0x0000025a49ba64c0,
0x0000025a49ba3c40, 0x0000025a49ba4150, 0x0000025a49ba5080, 0x0000025a49ba5590,
0x0000025a49ba5aa0, 0x0000025a49ba4b70, 0x0000025a49ba5fb0, 0x0000025a49ba3220,
0x0000025a49ba4660, 0x0000025a49ba3730, 0x0000025a49e9abb0, 0x0000025a49e99c80,
0x0000025a49e9bff0, 0x0000025a49e9de50, 0x0000025a49e9ca10, 0x0000025a49e99260,
0x0000025a49e97400
}

Java Threads: ( => current thread )
  0x0000025a61ac0f00 JavaThread "main" [_thread_blocked, id=544, stack(0x000000a8a5b00000,0x000000a8a5c00000)]
  0x0000025a7fef3de0 JavaThread "Reference Handler" daemon [_thread_blocked, id=9256, stack(0x000000a8a6200000,0x000000a8a6300000)]
  0x0000025a7fef48b0 JavaThread "Finalizer" daemon [_thread_blocked, id=1796, stack(0x000000a8a6300000,0x000000a8a6400000)]
  0x0000025a7ff0b460 JavaThread "Signal Dispatcher" daemon [_thread_blocked, id=14848, stack(0x000000a8a6400000,0x000000a8a6500000)]
  0x0000025a7ff0be30 JavaThread "Attach Listener" daemon [_thread_blocked, id=1128, stack(0x000000a8a6500000,0x000000a8a6600000)]
  0x0000025a7ff10720 JavaThread "Service Thread" daemon [_thread_blocked, id=3576, stack(0x000000a8a6600000,0x000000a8a6700000)]
  0x0000025a7ff15bd0 JavaThread "Monitor Deflation Thread" daemon [_thread_blocked, id=15888, stack(0x000000a8a6700000,0x000000a8a6800000)]
=>0x0000025a7ff17f80 JavaThread "C2 CompilerThread0" daemon [_thread_in_native, id=19080, stack(0x000000a8a6800000,0x000000a8a6900000)]
  0x0000025a7ff18890 JavaThread "C1 CompilerThread0" daemon [_thread_in_native, id=13824, stack(0x000000a8a6900000,0x000000a8a6a00000)]
  0x0000025a7ff19940 JavaThread "Sweeper thread" daemon [_thread_blocked, id=19300, stack(0x000000a8a6a00000,0x000000a8a6b00000)]
  0x0000025a7fedfcb0 JavaThread "Common-Cleaner" daemon [_thread_blocked, id=14276, stack(0x000000a8a6b00000,0x000000a8a6c00000)]
  0x0000025a47236640 JavaThread "Notification Thread" daemon [_thread_blocked, id=14604, stack(0x000000a8a6c00000,0x000000a8a6d00000)]
  0x0000025a47445c00 JavaThread "Daemon health stats" [_thread_blocked, id=11452, stack(0x000000a8a7300000,0x000000a8a7400000)]
  0x0000025a4807c610 JavaThread "Incoming local TCP Connector on port 62913" [_thread_in_native, id=11812, stack(0x000000a8a7400000,0x000000a8a7500000)]
  0x0000025a47d71240 JavaThread "Daemon periodic checks" [_thread_blocked, id=7472, stack(0x000000a8a7500000,0x000000a8a7600000)]
  0x0000025a4712e890 JavaThread "Daemon" [_thread_blocked, id=11748, stack(0x000000a8a7900000,0x000000a8a7a00000)]
  0x0000025a4712d450 JavaThread "Handler for socket connection from /127.0.0.1:62913 to /127.0.0.1:62914" [_thread_in_native, id=14888, stack(0x000000a8a7a00000,0x000000a8a7b00000)]
  0x0000025a4712f2b0 JavaThread "Cancel handler" [_thread_blocked, id=20060, stack(0x000000a8a7b00000,0x000000a8a7c00000)]
  0x0000025a4712c010 JavaThread "Daemon worker" [_thread_in_vm, id=12752, stack(0x000000a8a7c00000,0x000000a8a7d00000)]
  0x0000025a4712d960 JavaThread "Asynchronous log dispatcher for DefaultDaemonConnection: socket connection from /127.0.0.1:62913 to /127.0.0.1:62914" [_thread_blocked, id=18588, stack(0x000000a8a7d00000,0x000000a8a7e00000)]
  0x0000025a4712cf40 JavaThread "Stdin handler" [_thread_blocked, id=15124, stack(0x000000a8a7e00000,0x000000a8a7f00000)]
  0x0000025a4712ca30 JavaThread "Daemon client event forwarder" [_thread_blocked, id=7656, stack(0x000000a8a7f00000,0x000000a8a8000000)]
  0x0000025a4712eda0 JavaThread "Cache worker for journal cache (C:\Users\welcome\.gradle\caches\journal-1)" [_thread_blocked, id=2764, stack(0x000000a8a8000000,0x000000a8a8100000)]
  0x0000025a4712c520 JavaThread "File lock request listener" [_thread_in_native, id=6436, stack(0x000000a8a8100000,0x000000a8a8200000)]
  0x0000025a4712f7c0 JavaThread "Cache worker for file hash cache (C:\Users\welcome\.gradle\caches\9.3.1\fileHashes)" [_thread_blocked, id=17948, stack(0x000000a8a8200000,0x000000a8a8300000)]
  0x0000025a47278d10 JavaThread "Cache worker for file hash cache (C:\Users\welcome\AndroidStudioProjects\mindguardaipsychologicalsupportapp\.gradle\9.3.1\fileHashes)" [_thread_blocked, id=5916, stack(0x000000a8a8400000,0x000000a8a8500000)]
  0x0000025a472727d0 JavaThread "Cache worker for Build Output Cleanup Cache (C:\Users\welcome\AndroidStudioProjects\mindguardaipsychologicalsupportapp\.gradle\buildOutputCleanup)" [_thread_blocked, id=20540, stack(0x000000a8a8500000,0x000000a8a8600000)]
  0x0000025a472718a0 JavaThread "File watcher server" daemon [_thread_in_native, id=20732, stack(0x000000a8a8600000,0x000000a8a8700000)]
  0x0000025a47271db0 JavaThread "File watcher consumer" daemon [_thread_blocked, id=20600, stack(0x000000a8a8700000,0x000000a8a8800000)]
  0x0000025a47275f80 JavaThread "Cache worker for checksums cache (C:\Users\welcome\AndroidStudioProjects\mindguardaipsychologicalsupportapp\.gradle\9.3.1\checksums)" [_thread_blocked, id=20708, stack(0x000000a8a8800000,0x000000a8a8900000)]
  0x0000025a47279220 JavaThread "Cache worker for file content cache (C:\Users\welcome\.gradle\caches\9.3.1\fileContent)" [_thread_blocked, id=20832, stack(0x000000a8a8900000,0x000000a8a8a00000)]
  0x0000025a47276eb0 JavaThread "Cache worker for cache directory md-supplier (C:\Users\welcome\.gradle\caches\9.3.1\md-supplier)" [_thread_blocked, id=20764, stack(0x000000a8a8a00000,0x000000a8a8b00000)]
  0x0000025a472769a0 JavaThread "Cache worker for cache directory md-rule (C:\Users\welcome\.gradle\caches\9.3.1\md-rule)" [_thread_blocked, id=20692, stack(0x000000a8a8b00000,0x000000a8a8c00000)]
  0x0000025a472782f0 JavaThread "jar transforms" [_thread_blocked, id=20736, stack(0x000000a8a8c00000,0x000000a8a8d00000)]
  0x0000025a47273c10 JavaThread "jar transforms Thread 2" [_thread_blocked, id=20768, stack(0x000000a8a8d00000,0x000000a8a8e00000)]
  0x0000025a472731f0 JavaThread "jar transforms Thread 3" [_thread_blocked, id=5932, stack(0x000000a8a8e00000,0x000000a8a8f00000)]
  0x0000025a47273700 JavaThread "Unconstrained build operations" [_thread_blocked, id=1292, stack(0x000000a8a8f00000,0x000000a8a9000000)]
  0x0000025a47274120 JavaThread "Unconstrained build operations Thread 2" [_thread_blocked, id=4780, stack(0x000000a8a9000000,0x000000a8a9100000)]
  0x0000025a47274630 JavaThread "Unconstrained build operations Thread 3" [_thread_blocked, id=3700, stack(0x000000a8a9100000,0x000000a8a9200000)]
  0x0000025a47274b40 JavaThread "Unconstrained build operations Thread 4" [_thread_blocked, id=10768, stack(0x000000a8a9200000,0x000000a8a9300000)]
  0x0000025a472773c0 JavaThread "Unconstrained build operations Thread 5" [_thread_blocked, id=13808, stack(0x000000a8a9300000,0x000000a8a9400000)]
  0x0000025a472778d0 JavaThread "Unconstrained build operations Thread 6" [_thread_blocked, id=13556, stack(0x000000a8a9400000,0x000000a8a9500000)]
  0x0000025a47278800 JavaThread "Unconstrained build operations Thread 7" [_thread_blocked, id=20972, stack(0x000000a8a9500000,0x000000a8a9600000)]
  0x0000025a47275050 JavaThread "Unconstrained build operations Thread 8" [_thread_blocked, id=5796, stack(0x000000a8a9600000,0x000000a8a9700000)]
  0x0000025a47275560 JavaThread "Unconstrained build operations Thread 9" [_thread_blocked, id=1652, stack(0x000000a8a9700000,0x000000a8a9800000)]
  0x0000025a47277de0 JavaThread "Unconstrained build operations Thread 10" [_thread_blocked, id=18648, stack(0x000000a8a9800000,0x000000a8a9900000)]
  0x0000025a49ba2d10 JavaThread "Unconstrained build operations Thread 11" [_thread_blocked, id=8420, stack(0x000000a8a9900000,0x000000a8a9a00000)]
  0x0000025a49ba64c0 JavaThread "Unconstrained build operations Thread 12" [_thread_blocked, id=16892, stack(0x000000a8a9a00000,0x000000a8a9b00000)]
  0x0000025a49ba3c40 JavaThread "Unconstrained build operations Thread 13" [_thread_blocked, id=10448, stack(0x000000a8a9b00000,0x000000a8a9c00000)]
  0x0000025a49ba4150 JavaThread "Unconstrained build operations Thread 14" [_thread_blocked, id=19008, stack(0x000000a8a9c00000,0x000000a8a9d00000)]
  0x0000025a49ba5080 JavaThread "jar transforms Thread 4" [_thread_blocked, id=6736, stack(0x000000a8a9d00000,0x000000a8a9e00000)]
  0x0000025a49ba5590 JavaThread "jar transforms Thread 5" [_thread_blocked, id=2368, stack(0x000000a8a9e00000,0x000000a8a9f00000)]
  0x0000025a49ba5aa0 JavaThread "Unconstrained build operations Thread 15" [_thread_blocked, id=3696, stack(0x000000a8a9f00000,0x000000a8aa000000)]
  0x0000025a49ba4b70 JavaThread "Unconstrained build operations Thread 16" [_thread_blocked, id=13952, stack(0x000000a8aa000000,0x000000a8aa100000)]
  0x0000025a49ba5fb0 JavaThread "Unconstrained build operations Thread 17" [_thread_blocked, id=12952, stack(0x000000a8aa100000,0x000000a8aa200000)]
  0x0000025a49ba3220 JavaThread "Unconstrained build operations Thread 18" [_thread_blocked, id=8404, stack(0x000000a8aa200000,0x000000a8aa300000)]
  0x0000025a49ba4660 JavaThread "Unconstrained build operations Thread 19" [_thread_blocked, id=4396, stack(0x000000a8aa300000,0x000000a8aa400000)]
  0x0000025a49ba3730 JavaThread "Unconstrained build operations Thread 20" [_thread_blocked, id=6768, stack(0x000000a8aa400000,0x000000a8aa500000)]
  0x0000025a49e9abb0 JavaThread "Unconstrained build operations Thread 21" [_thread_blocked, id=15896, stack(0x000000a8aa500000,0x000000a8aa600000)]
  0x0000025a49e99c80 JavaThread "jar transforms Thread 6" [_thread_blocked, id=14476, stack(0x000000a8aa600000,0x000000a8aa700000)]
  0x0000025a49e9bff0 JavaThread "jar transforms Thread 7" [_thread_blocked, id=1784, stack(0x000000a8aa700000,0x000000a8aa800000)]
  0x0000025a49e9de50 JavaThread "jar transforms Thread 8" [_thread_blocked, id=14632, stack(0x000000a8aa800000,0x000000a8aa900000)]
  0x0000025a49e9ca10 JavaThread "Unconstrained build operations Thread 22" [_thread_blocked, id=17580, stack(0x000000a8aa900000,0x000000a8aaa00000)]
  0x0000025a49e99260 JavaThread "Unconstrained build operations Thread 23" [_thread_blocked, id=4872, stack(0x000000a8aaa00000,0x000000a8aab00000)]
  0x0000025a49e97400 JavaThread "Unconstrained build operations Thread 24" [_thread_blocked, id=16236, stack(0x000000a8aab00000,0x000000a8aac00000)]

Other Threads:
  0x0000025a7feedb40 VMThread "VM Thread" [stack: 0x000000a8a6100000,0x000000a8a6200000] [id=19156]
  0x0000025a61ac1dd0 WatcherThread [stack: 0x000000a8a6d00000,0x000000a8a6e00000] [id=17936]
  0x0000025a61b1b8b0 GCTaskThread "GC Thread#0" [stack: 0x000000a8a5c00000,0x000000a8a5d00000] [id=20908]
  0x0000025a47241410 GCTaskThread "GC Thread#1" [stack: 0x000000a8a6e00000,0x000000a8a6f00000] [id=1664]
  0x0000025a47382370 GCTaskThread "GC Thread#2" [stack: 0x000000a8a6f00000,0x000000a8a7000000] [id=9964]
  0x0000025a47f7c2e0 GCTaskThread "GC Thread#3" [stack: 0x000000a8a7000000,0x000000a8a7100000] [id=15668]
  0x0000025a47f7aa20 GCTaskThread "GC Thread#4" [stack: 0x000000a8a7100000,0x000000a8a7200000] [id=500]
  0x0000025a47f7ace0 GCTaskThread "GC Thread#5" [stack: 0x000000a8a7600000,0x000000a8a7700000] [id=10588]
  0x0000025a47f7a760 GCTaskThread "GC Thread#6" [stack: 0x000000a8a7700000,0x000000a8a7800000] [id=20304]
  0x0000025a47f7bd60 GCTaskThread "GC Thread#7" [stack: 0x000000a8a7800000,0x000000a8a7900000] [id=9708]
  0x0000025a61b2c710 ConcurrentGCThread "G1 Main Marker" [stack: 0x000000a8a5d00000,0x000000a8a5e00000] [id=18392]
  0x0000025a61b2d040 ConcurrentGCThread "G1 Conc#0" [stack: 0x000000a8a5e00000,0x000000a8a5f00000] [id=12608]
  0x0000025a47f7b260 ConcurrentGCThread "G1 Conc#1" [stack: 0x000000a8a8300000,0x000000a8a8400000] [id=16528]
  0x0000025a61b7b8c0 ConcurrentGCThread "G1 Refine#0" [stack: 0x000000a8a5f00000,0x000000a8a6000000] [id=14832]
  0x0000025a4808e710 ConcurrentGCThread "G1 Refine#1" [stack: 0x000000a8a7200000,0x000000a8a7300000] [id=4240]
  0x0000025a61b7c200 ConcurrentGCThread "G1 Service" [stack: 0x000000a8a6000000,0x000000a8a6100000] [id=11356]

Threads with active compile tasks:
C2 CompilerThread0  37638 5813       4       java.lang.invoke.LambdaForm$Name::replaceNames (175 bytes)

VM state: not at safepoint (normal execution)

VM Mutex/Monitor currently owned by a thread: None

Heap address: 0x0000000080000000, size: 2048 MB, Compressed Oops mode: 32-bit

CDS archive(s) mapped at: [0x0000025a02000000-0x0000025a02bb0000-0x0000025a02bb0000), size 12255232, SharedBaseAddress: 0x0000025a02000000, ArchiveRelocationMode: 1.
Compressed class space mapped at: 0x0000025a03000000-0x0000025a43000000, reserved size: 1073741824
Narrow klass base: 0x0000025a02000000, Narrow klass shift: 0, Narrow klass range: 0x100000000

GC Precious Log:
 CPUs: 8 total, 8 available
 Memory: 3738M
 Large Page Support: Disabled
 NUMA Support: Disabled
 Compressed Oops: Enabled (32-bit)
 Heap Region Size: 1M
 Heap Min Capacity: 8M
 Heap Initial Capacity: 60M
 Heap Max Capacity: 2G
 Pre-touch: Disabled
 Parallel Workers: 8
 Concurrent Workers: 2
 Concurrent Refinement Workers: 8
 Periodic GC: Disabled

Heap:
 garbage-first heap   total 105472K, used 77648K [0x0000000080000000, 0x0000000100000000)
  region size 1024K, 40 young (40960K), 3 survivors (3072K)
 Metaspace       used 50183K, committed 50944K, reserved 1114112K
  class space    used 7198K, committed 7552K, reserved 1048576K

Heap Regions: E=young(eden), S=young(survivor), O=old, HS=humongous(starts), HC=humongous(continues), CS=collection set, F=free, OA=open archive, CA=closed archive, TAMS=top-at-mark-start (previous, next)
|   0|0x0000000080000000, 0x0000000080100000, 0x0000000080100000|100%|HS|  |TAMS 0x0000000080100000, 0x0000000080000000| Complete 
|   1|0x0000000080100000, 0x0000000080200000, 0x0000000080200000|100%|HC|  |TAMS 0x0000000080200000, 0x0000000080100000| Complete 
|   2|0x0000000080200000, 0x0000000080300000, 0x0000000080300000|100%|HC|  |TAMS 0x0000000080300000, 0x0000000080200000| Complete 
|   3|0x0000000080300000, 0x0000000080400000, 0x0000000080400000|100%|HC|  |TAMS 0x0000000080400000, 0x0000000080300000| Complete 
|   4|0x0000000080400000, 0x0000000080500000, 0x0000000080500000|100%| O|  |TAMS 0x000000008043d000, 0x0000000080400000| Untracked 
|   5|0x0000000080500000, 0x0000000080600000, 0x0000000080600000|100%| O|  |TAMS 0x0000000080600000, 0x0000000080500000| Untracked 
|   6|0x0000000080600000, 0x0000000080700000, 0x0000000080700000|100%| O|  |TAMS 0x0000000080700000, 0x0000000080600000| Untracked 
|   7|0x0000000080700000, 0x0000000080800000, 0x0000000080800000|100%| O|  |TAMS 0x0000000080800000, 0x0000000080700000| Untracked 
|   8|0x0000000080800000, 0x0000000080900000, 0x0000000080900000|100%| O|  |TAMS 0x0000000080900000, 0x0000000080800000| Untracked 
|   9|0x0000000080900000, 0x0000000080a00000, 0x0000000080a00000|100%| O|  |TAMS 0x0000000080a00000, 0x0000000080900000| Untracked 
|  10|0x0000000080a00000, 0x0000000080b00000, 0x0000000080b00000|100%| O|  |TAMS 0x0000000080b00000, 0x0000000080a00000| Untracked 
|  11|0x0000000080b00000, 0x0000000080c00000, 0x0000000080c00000|100%| O|  |TAMS 0x0000000080c00000, 0x0000000080b00000| Untracked 
|  12|0x0000000080c00000, 0x0000000080d00000, 0x0000000080d00000|100%|HS|  |TAMS 0x0000000080d00000, 0x0000000080c00000| Complete 
|  13|0x0000000080d00000, 0x0000000080e00000, 0x0000000080e00000|100%| O|  |TAMS 0x0000000080e00000, 0x0000000080d00000| Untracked 
|  14|0x0000000080e00000, 0x0000000080f00000, 0x0000000080f00000|100%| O|  |TAMS 0x0000000080f00000, 0x0000000080e00000| Untracked 
|  15|0x0000000080f00000, 0x0000000081000000, 0x0000000081000000|100%| O|  |TAMS 0x0000000081000000, 0x0000000080f00000| Untracked 
|  16|0x0000000081000000, 0x0000000081100000, 0x0000000081100000|100%| O|  |TAMS 0x0000000081100000, 0x0000000081000000| Untracked 
|  17|0x0000000081100000, 0x0000000081200000, 0x0000000081200000|100%| O|  |TAMS 0x0000000081200000, 0x0000000081100000| Untracked 
|  18|0x0000000081200000, 0x0000000081300000, 0x0000000081300000|100%| O|  |TAMS 0x0000000081300000, 0x0000000081200000| Untracked 
|  19|0x0000000081300000, 0x0000000081400000, 0x0000000081400000|100%| O|  |TAMS 0x0000000081400000, 0x0000000081300000| Untracked 
|  20|0x0000000081400000, 0x0000000081500000, 0x0000000081500000|100%| O|  |TAMS 0x0000000081500000, 0x0000000081400000| Untracked 
|  21|0x0000000081500000, 0x0000000081500000, 0x0000000081600000|  0%| F|  |TAMS 0x0000000081500000, 0x0000000081500000| Untracked 
|  22|0x0000000081600000, 0x0000000081700000, 0x0000000081700000|100%| O|  |TAMS 0x0000000081700000, 0x0000000081600000| Untracked 
|  23|0x0000000081700000, 0x0000000081800000, 0x0000000081800000|100%| O|  |TAMS 0x0000000081800000, 0x0000000081700000| Untracked 
|  24|0x0000000081800000, 0x0000000081900000, 0x0000000081900000|100%| O|  |TAMS 0x0000000081900000, 0x0000000081800000| Untracked 
|  25|0x0000000081900000, 0x0000000081a00000, 0x0000000081a00000|100%| O|  |TAMS 0x0000000081a00000, 0x0000000081900000| Untracked 
|  26|0x0000000081a00000, 0x0000000081b00000, 0x0000000081b00000|100%| O|  |TAMS 0x0000000081a00000, 0x0000000081a00000| Untracked 
|  27|0x0000000081b00000, 0x0000000081c00000, 0x0000000081c00000|100%| O|  |TAMS 0x0000000081b00000, 0x0000000081b00000| Untracked 
|  28|0x0000000081c00000, 0x0000000081d00000, 0x0000000081d00000|100%| O|  |TAMS 0x0000000081c00000, 0x0000000081c00000| Untracked 
|  29|0x0000000081d00000, 0x0000000081e00000, 0x0000000081e00000|100%| O|  |TAMS 0x0000000081d00000, 0x0000000081d00000| Untracked 
|  30|0x0000000081e00000, 0x0000000081f00000, 0x0000000081f00000|100%|HS|  |TAMS 0x0000000081e00000, 0x0000000081e00000| Complete 
|  31|0x0000000081f00000, 0x0000000082000000, 0x0000000082000000|100%|HC|  |TAMS 0x0000000081f00000, 0x0000000081f00000| Complete 
|  32|0x0000000082000000, 0x0000000082100000, 0x0000000082100000|100%| O|  |TAMS 0x0000000082000000, 0x0000000082000000| Untracked 
|  33|0x0000000082100000, 0x0000000082200000, 0x0000000082200000|100%| O|  |TAMS 0x0000000082100000, 0x0000000082100000| Untracked 
|  34|0x0000000082200000, 0x0000000082300000, 0x0000000082300000|100%| O|  |TAMS 0x0000000082200000, 0x0000000082200000| Untracked 
|  35|0x0000000082300000, 0x0000000082400000, 0x0000000082400000|100%| O|  |TAMS 0x0000000082300000, 0x0000000082300000| Untracked 
|  36|0x0000000082400000, 0x0000000082500000, 0x0000000082500000|100%| O|  |TAMS 0x0000000082400000, 0x0000000082400000| Untracked 
|  37|0x0000000082500000, 0x00000000825e0800, 0x0000000082600000| 87%| O|  |TAMS 0x0000000082500000, 0x0000000082500000| Untracked 
|  38|0x0000000082600000, 0x0000000082600000, 0x0000000082700000|  0%| F|  |TAMS 0x0000000082600000, 0x0000000082600000| Untracked 
|  39|0x0000000082700000, 0x0000000082700000, 0x0000000082800000|  0%| F|  |TAMS 0x0000000082700000, 0x0000000082700000| Untracked 
|  40|0x0000000082800000, 0x0000000082800000, 0x0000000082900000|  0%| F|  |TAMS 0x0000000082800000, 0x0000000082800000| Untracked 
|  41|0x0000000082900000, 0x0000000082900000, 0x0000000082a00000|  0%| F|  |TAMS 0x0000000082900000, 0x0000000082900000| Untracked 
|  42|0x0000000082a00000, 0x0000000082a00000, 0x0000000082b00000|  0%| F|  |TAMS 0x0000000082a00000, 0x0000000082a00000| Untracked 
|  43|0x0000000082b00000, 0x0000000082b00000, 0x0000000082c00000|  0%| F|  |TAMS 0x0000000082b00000, 0x0000000082b00000| Untracked 
|  44|0x0000000082c00000, 0x0000000082c00000, 0x0000000082d00000|  0%| F|  |TAMS 0x0000000082c00000, 0x0000000082c00000| Untracked 
|  45|0x0000000082d00000, 0x0000000082d00000, 0x0000000082e00000|  0%| F|  |TAMS 0x0000000082d00000, 0x0000000082d00000| Untracked 
|  46|0x0000000082e00000, 0x0000000082e00000, 0x0000000082f00000|  0%| F|  |TAMS 0x0000000082e00000, 0x0000000082e00000| Untracked 
|  47|0x0000000082f00000, 0x0000000082f00000, 0x0000000083000000|  0%| F|  |TAMS 0x0000000082f00000, 0x0000000082f00000| Untracked 
|  48|0x0000000083000000, 0x0000000083000000, 0x0000000083100000|  0%| F|  |TAMS 0x0000000083000000, 0x0000000083000000| Untracked 
|  49|0x0000000083100000, 0x0000000083100000, 0x0000000083200000|  0%| F|  |TAMS 0x0000000083100000, 0x0000000083100000| Untracked 
|  50|0x0000000083200000, 0x0000000083200000, 0x0000000083300000|  0%| F|  |TAMS 0x0000000083200000, 0x0000000083200000| Untracked 
|  51|0x0000000083300000, 0x0000000083300000, 0x0000000083400000|  0%| F|  |TAMS 0x0000000083300000, 0x0000000083300000| Untracked 
|  52|0x0000000083400000, 0x0000000083400000, 0x0000000083500000|  0%| F|  |TAMS 0x0000000083400000, 0x0000000083400000| Untracked 
|  53|0x0000000083500000, 0x0000000083500000, 0x0000000083600000|  0%| F|  |TAMS 0x0000000083500000, 0x0000000083500000| Untracked 
|  54|0x0000000083600000, 0x0000000083600000, 0x0000000083700000|  0%| F|  |TAMS 0x0000000083600000, 0x0000000083600000| Untracked 
|  55|0x0000000083700000, 0x00000000837f3898, 0x0000000083800000| 95%| S|CS|TAMS 0x0000000083700000, 0x0000000083700000| Complete 
|  56|0x0000000083800000, 0x0000000083900000, 0x0000000083900000|100%| S|CS|TAMS 0x0000000083800000, 0x0000000083800000| Complete 
|  57|0x0000000083900000, 0x0000000083a00000, 0x0000000083a00000|100%| S|CS|TAMS 0x0000000083900000, 0x0000000083900000| Complete 
|  58|0x0000000083a00000, 0x0000000083a00000, 0x0000000083b00000|  0%| F|  |TAMS 0x0000000083a00000, 0x0000000083a00000| Untracked 
|  59|0x0000000083b00000, 0x0000000083b00000, 0x0000000083c00000|  0%| F|  |TAMS 0x0000000083b00000, 0x0000000083b00000| Untracked 
|  60|0x0000000083c00000, 0x0000000083c00000, 0x0000000083d00000|  0%| F|  |TAMS 0x0000000083c00000, 0x0000000083c00000| Untracked 
|  61|0x0000000083d00000, 0x0000000083d00000, 0x0000000083e00000|  0%| F|  |TAMS 0x0000000083d00000, 0x0000000083d00000| Untracked 
|  62|0x0000000083e00000, 0x0000000083e00000, 0x0000000083f00000|  0%| F|  |TAMS 0x0000000083e00000, 0x0000000083e00000| Untracked 
|  63|0x0000000083f00000, 0x0000000083f00000, 0x0000000084000000|  0%| F|  |TAMS 0x0000000083f00000, 0x0000000083f00000| Untracked 
|  64|0x0000000084000000, 0x0000000084000000, 0x0000000084100000|  0%| F|  |TAMS 0x0000000084000000, 0x0000000084000000| Untracked 
|  65|0x0000000084100000, 0x0000000084100000, 0x0000000084200000|  0%| F|  |TAMS 0x0000000084100000, 0x0000000084100000| Untracked 
|  66|0x0000000084200000, 0x0000000084300000, 0x0000000084300000|100%| E|  |TAMS 0x0000000084200000, 0x0000000084200000| Complete 
|  67|0x0000000084300000, 0x0000000084400000, 0x0000000084400000|100%| E|CS|TAMS 0x0000000084300000, 0x0000000084300000| Complete 
|  68|0x0000000084400000, 0x0000000084500000, 0x0000000084500000|100%| E|CS|TAMS 0x0000000084400000, 0x0000000084400000| Complete 
|  69|0x0000000084500000, 0x0000000084600000, 0x0000000084600000|100%| E|CS|TAMS 0x0000000084500000, 0x0000000084500000| Complete 
|  70|0x0000000084600000, 0x0000000084700000, 0x0000000084700000|100%| E|CS|TAMS 0x0000000084600000, 0x0000000084600000| Complete 
|  71|0x0000000084700000, 0x0000000084800000, 0x0000000084800000|100%| E|CS|TAMS 0x0000000084700000, 0x0000000084700000| Complete 
|  72|0x0000000084800000, 0x0000000084900000, 0x0000000084900000|100%| E|CS|TAMS 0x0000000084800000, 0x0000000084800000| Complete 
|  73|0x0000000084900000, 0x0000000084a00000, 0x0000000084a00000|100%| E|CS|TAMS 0x0000000084900000, 0x0000000084900000| Complete 
|  74|0x0000000084a00000, 0x0000000084b00000, 0x0000000084b00000|100%| E|CS|TAMS 0x0000000084a00000, 0x0000000084a00000| Complete 
|  75|0x0000000084b00000, 0x0000000084c00000, 0x0000000084c00000|100%| E|CS|TAMS 0x0000000084b00000, 0x0000000084b00000| Complete 
|  76|0x0000000084c00000, 0x0000000084d00000, 0x0000000084d00000|100%| E|CS|TAMS 0x0000000084c00000, 0x0000000084c00000| Complete 
|  77|0x0000000084d00000, 0x0000000084e00000, 0x0000000084e00000|100%| E|CS|TAMS 0x0000000084d00000, 0x0000000084d00000| Complete 
|  78|0x0000000084e00000, 0x0000000084f00000, 0x0000000084f00000|100%| E|CS|TAMS 0x0000000084e00000, 0x0000000084e00000| Complete 
|  79|0x0000000084f00000, 0x0000000085000000, 0x0000000085000000|100%| E|CS|TAMS 0x0000000084f00000, 0x0000000084f00000| Complete 
|  80|0x0000000085000000, 0x0000000085100000, 0x0000000085100000|100%| E|CS|TAMS 0x0000000085000000, 0x0000000085000000| Complete 
|  81|0x0000000085100000, 0x0000000085200000, 0x0000000085200000|100%| E|CS|TAMS 0x0000000085100000, 0x0000000085100000| Complete 
|  82|0x0000000085200000, 0x0000000085300000, 0x0000000085300000|100%| E|CS|TAMS 0x0000000085200000, 0x0000000085200000| Complete 
|  83|0x0000000085300000, 0x0000000085400000, 0x0000000085400000|100%| E|CS|TAMS 0x0000000085300000, 0x0000000085300000| Complete 
|  84|0x0000000085400000, 0x0000000085500000, 0x0000000085500000|100%| E|CS|TAMS 0x0000000085400000, 0x0000000085400000| Complete 
|  85|0x0000000085500000, 0x0000000085600000, 0x0000000085600000|100%| E|CS|TAMS 0x0000000085500000, 0x0000000085500000| Complete 
|  86|0x0000000085600000, 0x0000000085700000, 0x0000000085700000|100%| E|CS|TAMS 0x0000000085600000, 0x0000000085600000| Complete 
|  87|0x0000000085700000, 0x0000000085800000, 0x0000000085800000|100%| E|CS|TAMS 0x0000000085700000, 0x0000000085700000| Complete 
|  88|0x0000000085800000, 0x0000000085900000, 0x0000000085900000|100%| E|CS|TAMS 0x0000000085800000, 0x0000000085800000| Complete 
|  89|0x0000000085900000, 0x0000000085a00000, 0x0000000085a00000|100%| E|CS|TAMS 0x0000000085900000, 0x0000000085900000| Complete 
|  90|0x0000000085a00000, 0x0000000085b00000, 0x0000000085b00000|100%| E|CS|TAMS 0x0000000085a00000, 0x0000000085a00000| Complete 
|  91|0x0000000085b00000, 0x0000000085c00000, 0x0000000085c00000|100%| E|CS|TAMS 0x0000000085b00000, 0x0000000085b00000| Complete 
|  92|0x0000000085c00000, 0x0000000085d00000, 0x0000000085d00000|100%| E|CS|TAMS 0x0000000085c00000, 0x0000000085c00000| Complete 
|  93|0x0000000085d00000, 0x0000000085e00000, 0x0000000085e00000|100%| E|CS|TAMS 0x0000000085d00000, 0x0000000085d00000| Complete 
|  94|0x0000000085e00000, 0x0000000085f00000, 0x0000000085f00000|100%| E|CS|TAMS 0x0000000085e00000, 0x0000000085e00000| Complete 
|  95|0x0000000085f00000, 0x0000000086000000, 0x0000000086000000|100%| E|CS|TAMS 0x0000000085f00000, 0x0000000085f00000| Complete 
|  96|0x0000000086000000, 0x0000000086100000, 0x0000000086100000|100%| E|CS|TAMS 0x0000000086000000, 0x0000000086000000| Complete 
|  97|0x0000000086100000, 0x0000000086200000, 0x0000000086200000|100%| E|CS|TAMS 0x0000000086100000, 0x0000000086100000| Complete 
|  98|0x0000000086200000, 0x0000000086300000, 0x0000000086300000|100%| E|CS|TAMS 0x0000000086200000, 0x0000000086200000| Complete 
|  99|0x0000000086300000, 0x0000000086400000, 0x0000000086400000|100%| E|CS|TAMS 0x0000000086300000, 0x0000000086300000| Complete 
| 100|0x0000000086400000, 0x0000000086500000, 0x0000000086500000|100%| E|CS|TAMS 0x0000000086400000, 0x0000000086400000| Complete 
| 101|0x0000000086500000, 0x0000000086600000, 0x0000000086600000|100%| E|CS|TAMS 0x0000000086500000, 0x0000000086500000| Complete 
| 102|0x0000000086600000, 0x0000000086700000, 0x0000000086700000|100%| E|CS|TAMS 0x0000000086600000, 0x0000000086600000| Complete 

Card table byte_map: [0x0000025a7ac80000,0x0000025a7b080000] _byte_map_base: 0x0000025a7a880000

Marking Bits (Prev, Next): (CMBitMap*) 0x0000025a61b1bde0, (CMBitMap*) 0x0000025a61b1be20
 Prev Bits: [0x0000025a7b480000, 0x0000025a7d480000)
 Next Bits: [0x0000025a7d480000, 0x0000025a7f480000)

Polling page: 0x0000025a61b80000

Metaspace:

Usage:
  Non-class:     42.00 MB used.
      Class:      7.03 MB used.
       Both:     49.03 MB used.

Virtual space:
  Non-class space:       64.00 MB reserved,      42.38 MB ( 66%) committed,  1 nodes.
      Class space:        1.00 GB reserved,       7.38 MB ( <1%) committed,  1 nodes.
             Both:        1.06 GB reserved,      49.75 MB (  5%) committed. 

Chunk freelists:
   Non-Class:  5.39 MB
       Class:  8.55 MB
        Both:  13.94 MB

MaxMetaspaceSize: unlimited
CompressedClassSpaceSize: 1.00 GB
Initial GC threshold: 21.00 MB
Current GC threshold: 59.06 MB
CDS: on
MetaspaceReclaimPolicy: balanced
 - commit_granule_bytes: 65536.
 - commit_granule_words: 8192.
 - virtual_space_node_default_size: 8388608.
 - enlarge_chunks_in_place: 1.
 - new_chunks_are_fully_committed: 0.
 - uncommit_free_chunks: 1.
 - use_allocation_guard: 0.
 - handle_deallocations: 1.


Internal statistics:

num_allocs_failed_limit: 6.
num_arena_births: 992.
num_arena_deaths: 0.
num_vsnodes_births: 2.
num_vsnodes_deaths: 0.
num_space_committed: 796.
num_space_uncommitted: 0.
num_chunks_returned_to_freelist: 6.
num_chunks_taken_from_freelist: 3078.
num_chunk_merges: 6.
num_chunk_splits: 2064.
num_chunks_enlarged: 1409.
num_inconsistent_stats: 0.

CodeHeap 'non-profiled nmethods': size=120000Kb used=3038Kb max_used=3038Kb free=116961Kb
 bounds [0x0000025a728d0000, 0x0000025a72bd0000, 0x0000025a79e00000]
CodeHeap 'profiled nmethods': size=120000Kb used=11051Kb max_used=11051Kb free=108948Kb
 bounds [0x0000025a6ae00000, 0x0000025a6b8d0000, 0x0000025a72330000]
CodeHeap 'non-nmethods': size=5760Kb used=1681Kb max_used=1722Kb free=4078Kb
 bounds [0x0000025a72330000, 0x0000025a725a0000, 0x0000025a728d0000]
 total_blobs=6564 nmethods=5813 adapters=663
 compilation: enabled
              stopped_count=0, restarted_count=0
 full_count=0

Compilation events (20 events):
Event: 37.420 Thread 0x0000025a7ff18890 nmethod 5807 0x0000025a6b8b3510 code [0x0000025a6b8b36e0, 0x0000025a6b8b3ac8]
Event: 37.445 Thread 0x0000025a7ff18890 5811       3       java.lang.invoke.LambdaFormBuffer::replaceFunctions (121 bytes)
Event: 37.446 Thread 0x0000025a7ff18890 nmethod 5811 0x0000025a6b8b3c10 code [0x0000025a6b8b3e60, 0x0000025a6b8b4808]
Event: 37.446 Thread 0x0000025a7ff18890 5812       3       java.lang.invoke.MethodType::invokers (27 bytes)
Event: 37.447 Thread 0x0000025a7ff18890 nmethod 5812 0x0000025a6b8b4b90 code [0x0000025a6b8b4d60, 0x0000025a6b8b51b8]
Event: 37.451 Thread 0x0000025a7ff17f80 nmethod 5788 0x0000025a72bc3b90 code [0x0000025a72bc3ec0, 0x0000025a72bc5e98]
Event: 37.451 Thread 0x0000025a7ff17f80 5790       4       java.util.Arrays::hashCode (56 bytes)
Event: 37.456 Thread 0x0000025a7ff17f80 nmethod 5790 0x0000025a72bc7110 code [0x0000025a72bc72a0, 0x0000025a72bc73f8]
Event: 37.456 Thread 0x0000025a7ff17f80 5796       4       java.util.Arrays::equals (57 bytes)
Event: 37.457 Thread 0x0000025a7ff18890 5814       3       org.gradle.internal.instantiation.generator.AsmBackedClassGenerator$ClassBuilderImpl::access$6000 (4 bytes)
Event: 37.457 Thread 0x0000025a7ff18890 nmethod 5814 0x0000025a6b8b5310 code [0x0000025a6b8b54a0, 0x0000025a6b8b5598]
Event: 37.461 Thread 0x0000025a7ff17f80 nmethod 5796 0x0000025a72bc7510 code [0x0000025a72bc76a0, 0x0000025a72bc7838]
Event: 37.461 Thread 0x0000025a7ff17f80 5813       4       java.lang.invoke.LambdaForm$Name::replaceNames (175 bytes)
Event: 37.480 Thread 0x0000025a7ff18890 5815       3       sun.reflect.generics.scope.AbstractScope::lookup (66 bytes)
Event: 37.481 Thread 0x0000025a7ff18890 nmethod 5815 0x0000025a6b8b5610 code [0x0000025a6b8b5820, 0x0000025a6b8b6028]
Event: 37.504 Thread 0x0000025a7ff18890 5816       3       com.google.common.cache.LocalCache$Segment::newEntryArray (9 bytes)
Event: 37.504 Thread 0x0000025a7ff18890 nmethod 5816 0x0000025a6b8b6290 code [0x0000025a6b8b6440, 0x0000025a6b8b6758]
Event: 37.529 Thread 0x0000025a7ff18890 5817       3       java.lang.Long::bitCount (61 bytes)
Event: 37.529 Thread 0x0000025a7ff18890 nmethod 5817 0x0000025a6b8b6890 code [0x0000025a6b8b6a20, 0x0000025a6b8b6b98]
Event: 37.531 Thread 0x0000025a7ff18890 5819       3       java.util.BitSet::recalculateWordsInUse (39 bytes)

GC Heap History (20 events):
Event: 26.010 GC heap before
{Heap before GC invocations=10 (full 0):
 garbage-first heap   total 61440K, used 48929K [0x0000000080000000, 0x0000000100000000)
  region size 1024K, 26 young (26624K), 2 survivors (2048K)
 Metaspace       used 24182K, committed 24576K, reserved 1114112K
  class space    used 3393K, committed 3584K, reserved 1048576K
}
Event: 26.033 GC heap after
{Heap after GC invocations=11 (full 0):
 garbage-first heap   total 61440K, used 25471K [0x0000000080000000, 0x0000000100000000)
  region size 1024K, 4 young (4096K), 4 survivors (4096K)
 Metaspace       used 24182K, committed 24576K, reserved 1114112K
  class space    used 3393K, committed 3584K, reserved 1048576K
}
Event: 26.096 GC heap before
{Heap before GC invocations=11 (full 0):
 garbage-first heap   total 61440K, used 26495K [0x0000000080000000, 0x0000000100000000)
  region size 1024K, 5 young (5120K), 4 survivors (4096K)
 Metaspace       used 24335K, committed 24704K, reserved 1114112K
  class space    used 3415K, committed 3584K, reserved 1048576K
}
Event: 26.114 GC heap after
{Heap after GC invocations=12 (full 0):
 garbage-first heap   total 61440K, used 25858K [0x0000000080000000, 0x0000000100000000)
  region size 1024K, 1 young (1024K), 1 survivors (1024K)
 Metaspace       used 24335K, committed 24704K, reserved 1114112K
  class space    used 3415K, committed 3584K, reserved 1048576K
}
Event: 28.034 GC heap before
{Heap before GC invocations=12 (full 0):
 garbage-first heap   total 61440K, used 48386K [0x0000000080000000, 0x0000000100000000)
  region size 1024K, 24 young (24576K), 1 survivors (1024K)
 Metaspace       used 27340K, committed 27648K, reserved 1114112K
  class space    used 3871K, committed 4032K, reserved 1048576K
}
Event: 28.039 GC heap after
{Heap after GC invocations=13 (full 0):
 garbage-first heap   total 61440K, used 26365K [0x0000000080000000, 0x0000000100000000)
  region size 1024K, 2 young (2048K), 2 survivors (2048K)
 Metaspace       used 27340K, committed 27648K, reserved 1114112K
  class space    used 3871K, committed 4032K, reserved 1048576K
}
Event: 29.139 GC heap before
{Heap before GC invocations=13 (full 0):
 garbage-first heap   total 61440K, used 48893K [0x0000000080000000, 0x0000000100000000)
  region size 1024K, 24 young (24576K), 2 survivors (2048K)
 Metaspace       used 30085K, committed 30464K, reserved 1114112K
  class space    used 4335K, committed 4480K, reserved 1048576K
}
Event: 29.142 GC heap after
{Heap after GC invocations=14 (full 0):
 garbage-first heap   total 61440K, used 27293K [0x0000000080000000, 0x0000000100000000)
  region size 1024K, 2 young (2048K), 2 survivors (2048K)
 Metaspace       used 30085K, committed 30464K, reserved 1114112K
  class space    used 4335K, committed 4480K, reserved 1048576K
}
Event: 29.822 GC heap before
{Heap before GC invocations=14 (full 0):
 garbage-first heap   total 61440K, used 49821K [0x0000000080000000, 0x0000000100000000)
  region size 1024K, 25 young (25600K), 2 survivors (2048K)
 Metaspace       used 33752K, committed 34176K, reserved 1114112K
  class space    used 4730K, committed 4928K, reserved 1048576K
}
Event: 29.830 GC heap after
{Heap after GC invocations=15 (full 0):
 garbage-first heap   total 61440K, used 29940K [0x0000000080000000, 0x0000000100000000)
  region size 1024K, 4 young (4096K), 4 survivors (4096K)
 Metaspace       used 33752K, committed 34176K, reserved 1114112K
  class space    used 4730K, committed 4928K, reserved 1048576K
}
Event: 30.775 GC heap before
{Heap before GC invocations=15 (full 0):
 garbage-first heap   total 61440K, used 46324K [0x0000000080000000, 0x0000000100000000)
  region size 1024K, 21 young (21504K), 4 survivors (4096K)
 Metaspace       used 35639K, committed 36160K, reserved 1114112K
  class space    used 5009K, committed 5248K, reserved 1048576K
}
Event: 30.796 GC heap after
{Heap after GC invocations=16 (full 0):
 garbage-first heap   total 105472K, used 31891K [0x0000000080000000, 0x0000000100000000)
  region size 1024K, 2 young (2048K), 2 survivors (2048K)
 Metaspace       used 35639K, committed 36160K, reserved 1114112K
  class space    used 5009K, committed 5248K, reserved 1048576K
}
Event: 34.082 GC heap before
{Heap before GC invocations=17 (full 0):
 garbage-first heap   total 105472K, used 85139K [0x0000000080000000, 0x0000000100000000)
  region size 1024K, 52 young (53248K), 2 survivors (2048K)
 Metaspace       used 40195K, committed 40832K, reserved 1114112K
  class space    used 5741K, committed 6016K, reserved 1048576K
}
Event: 34.095 GC heap after
{Heap after GC invocations=18 (full 0):
 garbage-first heap   total 105472K, used 38149K [0x0000000080000000, 0x0000000100000000)
  region size 1024K, 6 young (6144K), 6 survivors (6144K)
 Metaspace       used 40195K, committed 40832K, reserved 1114112K
  class space    used 5741K, committed 6016K, reserved 1048576K
}
Event: 34.189 GC heap before
{Heap before GC invocations=18 (full 0):
 garbage-first heap   total 105472K, used 39173K [0x0000000080000000, 0x0000000100000000)
  region size 1024K, 7 young (7168K), 6 survivors (6144K)
 Metaspace       used 40251K, committed 40896K, reserved 1114112K
  class space    used 5746K, committed 6080K, reserved 1048576K
}
Event: 34.201 GC heap after
{Heap after GC invocations=19 (full 0):
 garbage-first heap   total 105472K, used 38765K [0x0000000080000000, 0x0000000100000000)
  region size 1024K, 1 young (1024K), 1 survivors (1024K)
 Metaspace       used 40251K, committed 40896K, reserved 1114112K
  class space    used 5746K, committed 6080K, reserved 1048576K
}
Event: 34.929 GC heap before
{Heap before GC invocations=19 (full 0):
 garbage-first heap   total 105472K, used 81773K [0x0000000080000000, 0x0000000100000000)
  region size 1024K, 43 young (44032K), 1 survivors (1024K)
 Metaspace       used 41235K, committed 41920K, reserved 1114112K
  class space    used 5893K, committed 6208K, reserved 1048576K
}
Event: 34.935 GC heap after
{Heap after GC invocations=20 (full 0):
 garbage-first heap   total 105472K, used 39132K [0x0000000080000000, 0x0000000100000000)
  region size 1024K, 2 young (2048K), 2 survivors (2048K)
 Metaspace       used 41235K, committed 41920K, reserved 1114112K
  class space    used 5893K, committed 6208K, reserved 1048576K
}
Event: 36.273 GC heap before
{Heap before GC invocations=20 (full 0):
 garbage-first heap   total 105472K, used 83164K [0x0000000080000000, 0x0000000100000000)
  region size 1024K, 45 young (46080K), 2 survivors (2048K)
 Metaspace       used 45782K, committed 46464K, reserved 1114112K
  class space    used 6558K, committed 6848K, reserved 1048576K
}
Event: 36.294 GC heap after
{Heap after GC invocations=21 (full 0):
 garbage-first heap   total 105472K, used 40784K [0x0000000080000000, 0x0000000100000000)
  region size 1024K, 3 young (3072K), 3 survivors (3072K)
 Metaspace       used 45782K, committed 46464K, reserved 1114112K
  class space    used 6558K, committed 6848K, reserved 1048576K
}

Dll operation events (15 events):
Event: 0.245 Loaded shared library C:\Users\welcome\.gradle\jdks\eclipse_adoptium-17-amd64-windows.2\bin\java.dll
Event: 0.756 Loaded shared library C:\Users\welcome\.gradle\jdks\eclipse_adoptium-17-amd64-windows.2\bin\jsvml.dll
Event: 1.289 Loaded shared library C:\Users\welcome\.gradle\jdks\eclipse_adoptium-17-amd64-windows.2\bin\zip.dll
Event: 1.319 Loaded shared library C:\Users\welcome\.gradle\jdks\eclipse_adoptium-17-amd64-windows.2\bin\instrument.dll
Event: 1.349 Loaded shared library C:\Users\welcome\.gradle\jdks\eclipse_adoptium-17-amd64-windows.2\bin\net.dll
Event: 1.410 Loaded shared library C:\Users\welcome\.gradle\jdks\eclipse_adoptium-17-amd64-windows.2\bin\nio.dll
Event: 1.449 Loaded shared library C:\Users\welcome\.gradle\jdks\eclipse_adoptium-17-amd64-windows.2\bin\zip.dll
Event: 3.825 Loaded shared library C:\Users\welcome\.gradle\jdks\eclipse_adoptium-17-amd64-windows.2\bin\jimage.dll
Event: 4.970 Loaded shared library C:\Users\welcome\.gradle\jdks\eclipse_adoptium-17-amd64-windows.2\bin\verify.dll
Event: 5.073 Loaded shared library C:\Users\welcome\.gradle\native\660c5614fbf4a5f2a75b1949f50a0caf5cd603558e7d8a26e50b933a0cfb79d1\windows-amd64\native-platform.dll
Event: 5.115 Loaded shared library C:\Users\welcome\.gradle\native\0.2.8\x86_64-windows-gnu\gradle-fileevents.dll
Event: 15.316 Loaded shared library C:\Users\welcome\.gradle\jdks\eclipse_adoptium-17-amd64-windows.2\bin\management.dll
Event: 15.363 Loaded shared library C:\Users\welcome\.gradle\jdks\eclipse_adoptium-17-amd64-windows.2\bin\management_ext.dll
Event: 17.304 Loaded shared library C:\Users\welcome\.gradle\jdks\eclipse_adoptium-17-amd64-windows.2\bin\extnet.dll
Event: 19.177 Loaded shared library C:\Users\welcome\.gradle\jdks\eclipse_adoptium-17-amd64-windows.2\bin\sunmscapi.dll

Deoptimization events (20 events):
Event: 37.388 Thread 0x0000025a4712c010 Uncommon trap: trap_request=0xffffff45 fr.pc=0x0000025a72a8bab4 relative=0x0000000000000294
Event: 37.388 Thread 0x0000025a4712c010 Uncommon trap: reason=unstable_if action=reinterpret pc=0x0000025a72a8bab4 method=java.util.HashMap.getNode(Ljava/lang/Object;)Ljava/util/HashMap$Node; @ 85 c2
Event: 37.388 Thread 0x0000025a4712c010 DEOPT PACKING pc=0x0000025a72a8bab4 sp=0x000000a8a7cf86f0
Event: 37.388 Thread 0x0000025a4712c010 DEOPT UNPACKING pc=0x0000025a7238a1a3 sp=0x000000a8a7cf8600 mode 2
Event: 37.388 Thread 0x0000025a4712c010 Uncommon trap: trap_request=0xffffff45 fr.pc=0x0000025a72af1c28 relative=0x0000000000000728
Event: 37.388 Thread 0x0000025a4712c010 Uncommon trap: reason=unstable_if action=reinterpret pc=0x0000025a72af1c28 method=java.util.HashMap.putVal(ILjava/lang/Object;Ljava/lang/Object;ZZ)Ljava/lang/Object; @ 109 c2
Event: 37.388 Thread 0x0000025a4712c010 DEOPT PACKING pc=0x0000025a72af1c28 sp=0x000000a8a7cf86c0
Event: 37.388 Thread 0x0000025a4712c010 DEOPT UNPACKING pc=0x0000025a7238a1a3 sp=0x000000a8a7cf85d8 mode 2
Event: 37.388 Thread 0x0000025a4712c010 Uncommon trap: trap_request=0xffffff45 fr.pc=0x0000025a72900380 relative=0x00000000000009a0
Event: 37.388 Thread 0x0000025a4712c010 Uncommon trap: reason=unstable_if action=reinterpret pc=0x0000025a72900380 method=java.util.HashMap.resize()[Ljava/util/HashMap$Node; @ 203 c2
Event: 37.388 Thread 0x0000025a4712c010 DEOPT PACKING pc=0x0000025a72900380 sp=0x000000a8a7cf8570
Event: 37.388 Thread 0x0000025a4712c010 DEOPT UNPACKING pc=0x0000025a7238a1a3 sp=0x000000a8a7cf8510 mode 2
Event: 37.388 Thread 0x0000025a4712c010 Uncommon trap: trap_request=0xffffff45 fr.pc=0x0000025a72aaf5d4 relative=0x0000000000000234
Event: 37.388 Thread 0x0000025a4712c010 Uncommon trap: reason=unstable_if action=reinterpret pc=0x0000025a72aaf5d4 method=java.util.HashMap.getNode(Ljava/lang/Object;)Ljava/util/HashMap$Node; @ 85 c2
Event: 37.388 Thread 0x0000025a4712c010 DEOPT PACKING pc=0x0000025a72aaf5d4 sp=0x000000a8a7cf8670
Event: 37.388 Thread 0x0000025a4712c010 DEOPT UNPACKING pc=0x0000025a7238a1a3 sp=0x000000a8a7cf85f0 mode 2
Event: 37.388 Thread 0x0000025a4712c010 Uncommon trap: trap_request=0xffffff45 fr.pc=0x0000025a72a28228 relative=0x00000000000006c8
Event: 37.388 Thread 0x0000025a4712c010 Uncommon trap: reason=unstable_if action=reinterpret pc=0x0000025a72a28228 method=java.util.HashMap.putVal(ILjava/lang/Object;Ljava/lang/Object;ZZ)Ljava/lang/Object; @ 109 c2
Event: 37.388 Thread 0x0000025a4712c010 DEOPT PACKING pc=0x0000025a72a28228 sp=0x000000a8a7cf8610
Event: 37.388 Thread 0x0000025a4712c010 DEOPT UNPACKING pc=0x0000025a7238a1a3 sp=0x000000a8a7cf85c8 mode 2

Classes loaded (20 events):
Event: 35.257 Loading class java/security/cert/CertificateException done
Event: 35.257 Loading class java/security/cert/CertificateParsingException done
Event: 35.257 Loading class javax/naming/NamingException
Event: 35.258 Loading class javax/naming/NamingException done
Event: 35.258 Loading class javax/naming/InvalidNameException
Event: 35.258 Loading class javax/naming/InvalidNameException done
Event: 35.399 Loading class java/nio/file/Path$1
Event: 35.399 Loading class java/nio/file/Path$1 done
Event: 35.972 Loading class java/util/concurrent/atomic/AtomicIntegerArray
Event: 35.972 Loading class java/util/concurrent/atomic/AtomicIntegerArray done
Event: 35.972 Loading class java/util/concurrent/atomic/AtomicLongArray
Event: 35.973 Loading class java/util/concurrent/atomic/AtomicLongArray done
Event: 36.822 Loading class java/nio/channels/Channels$ReadableByteChannelImpl
Event: 36.822 Loading class java/nio/channels/Channels$ReadableByteChannelImpl done
Event: 36.854 Loading class java/util/EmptyStackException
Event: 36.854 Loading class java/util/EmptyStackException done
Event: 36.866 Loading class java/io/InvalidClassException
Event: 36.867 Loading class java/io/InvalidClassException done
Event: 37.161 Loading class java/util/Comparators$NaturalOrderComparator
Event: 37.162 Loading class java/util/Comparators$NaturalOrderComparator done

Classes unloaded (0 events):
No events

Classes redefined (0 events):
No events

Internal exceptions (20 events):
Event: 34.580 Thread 0x0000025a4712c010 Exception <a 'java/lang/NoSuchMethodError'{0x0000000085ef8928}: 'java.lang.Object java.lang.invoke.DirectMethodHandle$Holder.invokeStatic(java.lang.Object, java.lang.Object, java.lang.Object, java.lang.Object, java.lang.Object, java.lang.Object, java.lang.Object, java.lang.Object, java.lang.Object, java.lang.Object, java.lang.Object, java.lang.Object, java.lang.Object, java.lang.Object, java.lang.Object, java.lang.Object, java.lang.Object, java.lang.Object, java.lang.Object, java.lang.Object, java.lang.Obj
Event: 34.584 Thread 0x0000025a4712c010 Exception <a 'java/lang/NoSuchMethodError'{0x0000000085d2d068}: 'java.lang.Object java.lang.invoke.DirectMethodHandle$Holder.invokeStatic(java.lang.Object, java.lang.Object, java.lang.Object, java.lang.Object, java.lang.Object, java.lang.Object, java.lang.Object, java.lang.Object, java.lang.Object, java.lang.Object, java.lang.Object, java.lang.Object, java.lang.Object, java.lang.Object, java.lang.Object, java.lang.Object, java.lang.Object, java.lang.Object, java.lang.Object, java.lang.Object, java.lang.Obj
Event: 34.587 Thread 0x0000025a4712c010 Exception <a 'java/lang/NoSuchMethodError'{0x0000000085d62ea0}: 'java.lang.Object java.lang.invoke.DirectMethodHandle$Holder.invokeStatic(java.lang.Object, java.lang.Object, java.lang.Object, java.lang.Object, java.lang.Object, java.lang.Object, java.lang.Object, java.lang.Object, java.lang.Object, java.lang.Object, java.lang.Object, java.lang.Object, java.lang.Object, java.lang.Object, java.lang.Object, java.lang.Object, java.lang.Object, java.lang.Object, java.lang.Object, java.lang.Object, java.lang.Obj
Event: 34.649 Thread 0x0000025a4712c010 Exception <a 'java/lang/NoSuchMethodError'{0x0000000085b5cb38}: 'java.lang.Object java.lang.invoke.DirectMethodHandle$Holder.newInvokeSpecial(java.lang.Object, java.lang.Object, java.lang.Object, java.lang.Object, java.lang.Object, java.lang.Object, int)'> (0x0000000085b5cb38) 
thrown [s\src\hotspot\share\interpreter\linkResolver.cpp, line 759]
Event: 34.649 Thread 0x0000025a4712c010 Exception <a 'java/lang/NoSuchMethodError'{0x0000000085b62278}: 'java.lang.Object java.lang.invoke.DirectMethodHandle$Holder.invokeSpecial(java.lang.Object, java.lang.Object, java.lang.Object, java.lang.Object, java.lang.Object, java.lang.Object, java.lang.Object, int)'> (0x0000000085b62278) 
thrown [s\src\hotspot\share\interpreter\linkResolver.cpp, line 759]
Event: 34.649 Thread 0x0000025a4712c010 Exception <a 'java/lang/NoSuchMethodError'{0x0000000085b66f08}: 'java.lang.Object java.lang.invoke.Invokers$Holder.linkToTargetMethod(java.lang.Object, java.lang.Object, java.lang.Object, java.lang.Object, java.lang.Object, int, java.lang.Object)'> (0x0000000085b66f08) 
thrown [s\src\hotspot\share\interpreter\linkResolver.cpp, line 759]
Event: 34.973 Thread 0x0000025a4712c010 Exception <a 'java/lang/NoSuchMethodError'{0x00000000866c6dd8}: 'java.lang.Object java.lang.invoke.DirectMethodHandle$Holder.newInvokeSpecial(java.lang.Object, java.lang.Object, int, java.lang.Object, java.lang.Object, java.lang.Object, java.lang.Object)'> (0x00000000866c6dd8) 
thrown [s\src\hotspot\share\interpreter\linkResolver.cpp, line 759]
Event: 34.974 Thread 0x0000025a4712c010 Exception <a 'java/lang/NoSuchMethodError'{0x00000000866d0bc8}: 'java.lang.Object java.lang.invoke.Invokers$Holder.linkToTargetMethod(java.lang.Object, int, java.lang.Object, java.lang.Object, java.lang.Object, java.lang.Object, java.lang.Object)'> (0x00000000866d0bc8) 
thrown [s\src\hotspot\share\interpreter\linkResolver.cpp, line 759]
Event: 35.175 Thread 0x0000025a4712c010 Exception <a 'java/lang/NoSuchMethodError'{0x000000008608a920}: 'void java.lang.invoke.DirectMethodHandle$Holder.invokeInterface(java.lang.Object, java.lang.Object)'> (0x000000008608a920) 
thrown [s\src\hotspot\share\interpreter\linkResolver.cpp, line 759]
Event: 35.186 Thread 0x0000025a4712c010 Exception <a 'java/lang/IncompatibleClassChangeError'{0x00000000860ed0b0}: Found class java.lang.Object, but interface was expected> (0x00000000860ed0b0) 
thrown [s\src\hotspot\share\interpreter\linkResolver.cpp, line 826]
Event: 35.395 Thread 0x0000025a4712c010 Exception <a 'java/lang/NoSuchMethodError'{0x0000000085737b90}: 'int java.lang.invoke.DirectMethodHandle$Holder.invokeSpecialIFC(java.lang.Object, java.lang.Object, java.lang.Object)'> (0x0000000085737b90) 
thrown [s\src\hotspot\share\interpreter\linkResolver.cpp, line 759]
Event: 35.493 Thread 0x0000025a4712c010 Exception <a 'java/lang/NoSuchMethodError'{0x000000008548ee60}: 'void java.lang.invoke.DirectMethodHandle$Holder.invokeStatic(java.lang.Object, java.lang.Object, java.lang.Object, int, java.lang.Object)'> (0x000000008548ee60) 
thrown [s\src\hotspot\share\interpreter\linkResolver.cpp, line 759]
Event: 35.832 Thread 0x0000025a4712c010 Exception <a 'java/lang/NoSuchMethodError'{0x0000000084d61de8}: 'long java.lang.invoke.DirectMethodHandle$Holder.invokeStatic(java.lang.Object, java.lang.Object)'> (0x0000000084d61de8) 
thrown [s\src\hotspot\share\interpreter\linkResolver.cpp, line 759]
Event: 36.796 Thread 0x0000025a4712c010 Exception <a 'sun/nio/fs/WindowsException'{0x000000008577e2f0}> (0x000000008577e2f0) 
thrown [s\src\hotspot\share\prims\jni.cpp, line 516]
Event: 36.796 Thread 0x0000025a4712c010 Exception <a 'sun/nio/fs/WindowsException'{0x000000008577fa48}> (0x000000008577fa48) 
thrown [s\src\hotspot\share\prims\jni.cpp, line 516]
Event: 36.799 Thread 0x0000025a4712c010 Exception <a 'sun/nio/fs/WindowsException'{0x00000000857892d0}> (0x00000000857892d0) 
thrown [s\src\hotspot\share\prims\jni.cpp, line 516]
Event: 37.150 Thread 0x0000025a4712c010 Exception <a 'java/lang/NoSuchMethodError'{0x0000000084fcf808}: 'void java.lang.invoke.DirectMethodHandle$Holder.invokeStatic(java.lang.Object, java.lang.Object, java.lang.Object, java.lang.Object, java.lang.Object, java.lang.Object, java.lang.Object)'> (0x0000000084fcf808) 
thrown [s\src\hotspot\share\interpreter\linkResolver.cpp, line 759]
Event: 37.198 Thread 0x0000025a4712c010 Exception <a 'java/lang/NoSuchMethodError'{0x0000000084e6eff8}: 'java.lang.Object java.lang.invoke.DirectMethodHandle$Holder.newInvokeSpecial(java.lang.Object, java.lang.Object, java.lang.Object, java.lang.Object, java.lang.Object, java.lang.Object, java.lang.Object, java.lang.Object)'> (0x0000000084e6eff8) 
thrown [s\src\hotspot\share\interpreter\linkResolver.cpp, line 759]
Event: 37.199 Thread 0x0000025a4712c010 Exception <a 'java/lang/NoSuchMethodError'{0x0000000084e74250}: 'java.lang.Object java.lang.invoke.Invokers$Holder.linkToTargetMethod(java.lang.Object, java.lang.Object, java.lang.Object, java.lang.Object, java.lang.Object, java.lang.Object, java.lang.Object, java.lang.Object)'> (0x0000000084e74250) 
thrown [s\src\hotspot\share\interpreter\linkResolver.cpp, line 759]
Event: 37.439 Thread 0x0000025a4712c010 Exception <a 'java/lang/NoSuchMethodError'{0x00000000848d7c90}: 'java.lang.Object java.lang.invoke.Invokers$Holder.invoker(java.lang.Object, java.lang.Object, java.lang.Object, java.lang.Object, java.lang.Object)'> (0x00000000848d7c90) 
thrown [s\src\hotspot\share\interpreter\linkResolver.cpp, line 759]

VM Operations (20 events):
Event: 33.098 Executing VM operation: Cleanup
Event: 33.098 Executing VM operation: Cleanup done
Event: 33.748 Executing VM operation: ICBufferFull
Event: 33.748 Executing VM operation: ICBufferFull done
Event: 34.080 Executing VM operation: G1CollectForAllocation
Event: 34.095 Executing VM operation: G1CollectForAllocation done
Event: 34.189 Executing VM operation: G1CollectForAllocation
Event: 34.201 Executing VM operation: G1CollectForAllocation done
Event: 34.929 Executing VM operation: G1CollectForAllocation
Event: 34.935 Executing VM operation: G1CollectForAllocation done
Event: 35.406 Executing VM operation: HandshakeAllThreads
Event: 35.406 Executing VM operation: HandshakeAllThreads done
Event: 35.430 Executing VM operation: HandshakeAllThreads
Event: 35.430 Executing VM operation: HandshakeAllThreads done
Event: 35.516 Executing VM operation: HandshakeAllThreads
Event: 35.516 Executing VM operation: HandshakeAllThreads done
Event: 36.272 Executing VM operation: G1CollectForAllocation
Event: 36.294 Executing VM operation: G1CollectForAllocation done
Event: 37.168 Executing VM operation: ICBufferFull
Event: 37.168 Executing VM operation: ICBufferFull done

Memory protections (0 events):
No events

Nmethod flushes (0 events):
No events

Events (20 events):
Event: 33.344 Thread 0x0000025a4712c010 Thread added: 0x0000025a47277de0
Event: 33.345 Thread 0x0000025a4712c010 Thread added: 0x0000025a49ba2d10
Event: 33.346 Thread 0x0000025a4712c010 Thread added: 0x0000025a49ba64c0
Event: 33.346 Thread 0x0000025a4712c010 Thread added: 0x0000025a49ba3c40
Event: 33.348 Thread 0x0000025a4712c010 Thread added: 0x0000025a49ba4150
Event: 33.710 Thread 0x0000025a4712c010 Thread added: 0x0000025a49ba5080
Event: 34.122 Thread 0x0000025a4712c010 Thread added: 0x0000025a49ba5590
Event: 34.236 Thread 0x0000025a4712c010 Thread added: 0x0000025a49ba5aa0
Event: 34.237 Thread 0x0000025a4712c010 Thread added: 0x0000025a49ba4b70
Event: 34.237 Thread 0x0000025a4712c010 Thread added: 0x0000025a49ba5fb0
Event: 34.238 Thread 0x0000025a4712c010 Thread added: 0x0000025a49ba3220
Event: 34.239 Thread 0x0000025a4712c010 Thread added: 0x0000025a49ba4660
Event: 34.239 Thread 0x0000025a4712c010 Thread added: 0x0000025a49ba3730
Event: 34.240 Thread 0x0000025a4712c010 Thread added: 0x0000025a49e9abb0
Event: 34.270 Thread 0x0000025a4712c010 Thread added: 0x0000025a49e99c80
Event: 34.392 Thread 0x0000025a4712c010 Thread added: 0x0000025a49e9bff0
Event: 34.415 Thread 0x0000025a4712c010 Thread added: 0x0000025a49e9de50
Event: 35.568 Thread 0x0000025a4712c010 Thread added: 0x0000025a49e9ca10
Event: 35.590 Thread 0x0000025a4712c010 Thread added: 0x0000025a49e99260
Event: 35.609 Thread 0x0000025a4712c010 Thread added: 0x0000025a49e97400


Dynamic libraries:
0x00007ff7fd190000 - 0x00007ff7fd19e000 	C:\Users\welcome\.gradle\jdks\eclipse_adoptium-17-amd64-windows.2\bin\java.exe
0x00007ffd5ed30000 - 0x00007ffd5ef28000 	C:\Windows\SYSTEM32\ntdll.dll
0x00007ffd5d0a0000 - 0x00007ffd5d162000 	C:\Windows\System32\KERNEL32.DLL
0x00007ffd5c6b0000 - 0x00007ffd5c9a7000 	C:\Windows\System32\KERNELBASE.dll
0x00007ffd5c9b0000 - 0x00007ffd5cab0000 	C:\Windows\System32\ucrtbase.dll
0x00007ffd3e2e0000 - 0x00007ffd3e2f8000 	C:\Users\welcome\.gradle\jdks\eclipse_adoptium-17-amd64-windows.2\bin\jli.dll
0x00007ffd5e140000 - 0x00007ffd5e2dd000 	C:\Windows\System32\USER32.dll
0x00007ffd5cd10000 - 0x00007ffd5cd32000 	C:\Windows\System32\win32u.dll
0x00007ffd5ec30000 - 0x00007ffd5ec5b000 	C:\Windows\System32\GDI32.dll
0x00007ffd5c450000 - 0x00007ffd5c569000 	C:\Windows\System32\gdi32full.dll
0x00007ffd5c3b0000 - 0x00007ffd5c44d000 	C:\Windows\System32\msvcp_win.dll
0x00007ffd5b750000 - 0x00007ffd5b9eb000 	C:\Windows\WinSxS\amd64_microsoft.windows.common-controls_6595b64144ccf1df_6.0.19041.6926_none_60b5a53971f8f7e6\COMCTL32.dll
0x00007ffd5eb90000 - 0x00007ffd5ec2e000 	C:\Windows\System32\msvcrt.dll
0x00007ffd3e050000 - 0x00007ffd3e06e000 	C:\Users\welcome\.gradle\jdks\eclipse_adoptium-17-amd64-windows.2\bin\VCRUNTIME140.dll
0x00007ffd5ecc0000 - 0x00007ffd5ecef000 	C:\Windows\System32\IMM32.DLL
0x00007ffd5bf60000 - 0x00007ffd5bf6c000 	C:\Users\welcome\.gradle\jdks\eclipse_adoptium-17-amd64-windows.2\bin\vcruntime140_1.dll
0x00007ffd170a0000 - 0x00007ffd1712d000 	C:\Users\welcome\.gradle\jdks\eclipse_adoptium-17-amd64-windows.2\bin\msvcp140.dll
0x00007ffcc8d90000 - 0x00007ffcc99fb000 	C:\Users\welcome\.gradle\jdks\eclipse_adoptium-17-amd64-windows.2\bin\server\jvm.dll
0x00007ffd5e2e0000 - 0x00007ffd5e391000 	C:\Windows\System32\ADVAPI32.dll
0x00007ffd5e9d0000 - 0x00007ffd5ea6f000 	C:\Windows\System32\sechost.dll
0x00007ffd5cf70000 - 0x00007ffd5d096000 	C:\Windows\System32\RPCRT4.dll
0x00007ffd5cb80000 - 0x00007ffd5cba7000 	C:\Windows\System32\bcrypt.dll
0x00007ffd5ea70000 - 0x00007ffd5eadb000 	C:\Windows\System32\WS2_32.dll
0x00007ffd5bfa0000 - 0x00007ffd5bfeb000 	C:\Windows\SYSTEM32\POWRPROF.dll
0x00007ffd426e0000 - 0x00007ffd42707000 	C:\Windows\SYSTEM32\WINMM.dll
0x00007ffd52750000 - 0x00007ffd5275a000 	C:\Windows\SYSTEM32\VERSION.dll
0x00007ffd5bae0000 - 0x00007ffd5baf2000 	C:\Windows\SYSTEM32\UMPDC.dll
0x00007ffd5a530000 - 0x00007ffd5a542000 	C:\Windows\SYSTEM32\kernel.appcore.dll
0x00007ffd3dc80000 - 0x00007ffd3dc8a000 	C:\Users\welcome\.gradle\jdks\eclipse_adoptium-17-amd64-windows.2\bin\jimage.dll
0x00007ffd5bd10000 - 0x00007ffd5bf11000 	C:\Windows\SYSTEM32\DBGHELP.DLL
0x00007ffd5bb20000 - 0x00007ffd5bb54000 	C:\Windows\SYSTEM32\dbgcore.DLL
0x00007ffd5c620000 - 0x00007ffd5c6a2000 	C:\Windows\System32\bcryptPrimitives.dll
0x00007ffd3c690000 - 0x00007ffd3c69e000 	C:\Users\welcome\.gradle\jdks\eclipse_adoptium-17-amd64-windows.2\bin\instrument.dll
0x00007ffd17700000 - 0x00007ffd17725000 	C:\Users\welcome\.gradle\jdks\eclipse_adoptium-17-amd64-windows.2\bin\java.dll
0x00007ffd0aff0000 - 0x00007ffd0b0c7000 	C:\Users\welcome\.gradle\jdks\eclipse_adoptium-17-amd64-windows.2\bin\jsvml.dll
0x00007ffd5d190000 - 0x00007ffd5d902000 	C:\Windows\System32\SHELL32.dll
0x00007ffd59d70000 - 0x00007ffd5a516000 	C:\Windows\SYSTEM32\windows.storage.dll
0x00007ffd5e400000 - 0x00007ffd5e753000 	C:\Windows\System32\combase.dll
0x00007ffd5b6b0000 - 0x00007ffd5b6db000 	C:\Windows\SYSTEM32\Wldp.dll
0x00007ffd5e010000 - 0x00007ffd5e0dd000 	C:\Windows\System32\OLEAUT32.dll
0x00007ffd5eae0000 - 0x00007ffd5eb8d000 	C:\Windows\System32\SHCORE.dll
0x00007ffd5e0e0000 - 0x00007ffd5e13b000 	C:\Windows\System32\shlwapi.dll
0x00007ffd5c2e0000 - 0x00007ffd5c304000 	C:\Windows\SYSTEM32\profapi.dll
0x00007ffd30450000 - 0x00007ffd30468000 	C:\Users\welcome\.gradle\jdks\eclipse_adoptium-17-amd64-windows.2\bin\zip.dll
0x00007ffd25110000 - 0x00007ffd2512a000 	C:\Users\welcome\.gradle\jdks\eclipse_adoptium-17-amd64-windows.2\bin\net.dll
0x00007ffd55550000 - 0x00007ffd5565a000 	C:\Windows\SYSTEM32\WINHTTP.dll
0x00007ffd5b580000 - 0x00007ffd5b5ea000 	C:\Windows\system32\mswsock.dll
0x00007ffd25050000 - 0x00007ffd25066000 	C:\Users\welcome\.gradle\jdks\eclipse_adoptium-17-amd64-windows.2\bin\nio.dll
0x00007ffd3a480000 - 0x00007ffd3a490000 	C:\Users\welcome\.gradle\jdks\eclipse_adoptium-17-amd64-windows.2\bin\verify.dll
0x00007ffd1de00000 - 0x00007ffd1de27000 	C:\Users\welcome\.gradle\native\660c5614fbf4a5f2a75b1949f50a0caf5cd603558e7d8a26e50b933a0cfb79d1\windows-amd64\native-platform.dll
0x00007ffce6510000 - 0x00007ffce6587000 	C:\Users\welcome\.gradle\native\0.2.8\x86_64-windows-gnu\gradle-fileevents.dll
0x00007ffd3a160000 - 0x00007ffd3a16a000 	C:\Users\welcome\.gradle\jdks\eclipse_adoptium-17-amd64-windows.2\bin\management.dll
0x00007ffd39b60000 - 0x00007ffd39b6c000 	C:\Users\welcome\.gradle\jdks\eclipse_adoptium-17-amd64-windows.2\bin\management_ext.dll
0x00007ffd5cf50000 - 0x00007ffd5cf58000 	C:\Windows\System32\PSAPI.DLL
0x00007ffd5b0f0000 - 0x00007ffd5b12b000 	C:\Windows\SYSTEM32\IPHLPAPI.DLL
0x00007ffd5e890000 - 0x00007ffd5e898000 	C:\Windows\System32\NSI.dll
0x00007ffd527d0000 - 0x00007ffd527e7000 	C:\Windows\SYSTEM32\dhcpcsvc6.DLL
0x00007ffd52790000 - 0x00007ffd527ad000 	C:\Windows\SYSTEM32\dhcpcsvc.DLL
0x00007ffd5b130000 - 0x00007ffd5b1fa000 	C:\Windows\SYSTEM32\DNSAPI.dll
0x00007ffd375f0000 - 0x00007ffd375f9000 	C:\Users\welcome\.gradle\jdks\eclipse_adoptium-17-amd64-windows.2\bin\extnet.dll
0x00007ffd5c120000 - 0x00007ffd5c138000 	C:\Windows\SYSTEM32\CRYPTSP.dll
0x00007ffd5ad90000 - 0x00007ffd5adc8000 	C:\Windows\system32\rsaenh.dll
0x00007ffd5c2a0000 - 0x00007ffd5c2ce000 	C:\Windows\SYSTEM32\USERENV.dll
0x00007ffd5b670000 - 0x00007ffd5b67c000 	C:\Windows\SYSTEM32\CRYPTBASE.dll
0x00007ffd36520000 - 0x00007ffd3652e000 	C:\Users\welcome\.gradle\jdks\eclipse_adoptium-17-amd64-windows.2\bin\sunmscapi.dll
0x00007ffd5cbb0000 - 0x00007ffd5cd0d000 	C:\Windows\System32\CRYPT32.dll
0x00007ffd5b720000 - 0x00007ffd5b747000 	C:\Windows\SYSTEM32\ncrypt.dll
0x00007ffd5b6e0000 - 0x00007ffd5b71b000 	C:\Windows\SYSTEM32\NTASN1.dll
0x00007ffd4c920000 - 0x00007ffd4c927000 	C:\Windows\system32\wshunix.dll

dbghelp: loaded successfully - version: 4.0.5 - missing functions: none
symbol engine: initialized successfully - sym options: 0x614 - pdb path: .;C:\Users\welcome\.gradle\jdks\eclipse_adoptium-17-amd64-windows.2\bin;C:\Windows\SYSTEM32;C:\Windows\WinSxS\amd64_microsoft.windows.common-controls_6595b64144ccf1df_6.0.19041.6926_none_60b5a53971f8f7e6;C:\Users\welcome\.gradle\jdks\eclipse_adoptium-17-amd64-windows.2\bin\server;C:\Users\welcome\.gradle\native\660c5614fbf4a5f2a75b1949f50a0caf5cd603558e7d8a26e50b933a0cfb79d1\windows-amd64;C:\Users\welcome\.gradle\native\0.2.8\x86_64-windows-gnu

VM Arguments:
jvm_args: --add-opens=java.base/java.lang=ALL-UNNAMED --add-opens=java.base/java.lang.invoke=ALL-UNNAMED --add-opens=java.base/java.util=ALL-UNNAMED --add-opens=java.prefs/java.util.prefs=ALL-UNNAMED --add-exports=jdk.compiler/com.sun.tools.javac.api=ALL-UNNAMED --add-exports=jdk.compiler/com.sun.tools.javac.util=ALL-UNNAMED --add-opens=java.base/java.util=ALL-UNNAMED --add-opens=java.prefs/java.util.prefs=ALL-UNNAMED --add-opens=java.base/java.nio.charset=ALL-UNNAMED --add-opens=java.base/java.net=ALL-UNNAMED --add-opens=java.base/java.util.concurrent=ALL-UNNAMED --add-opens=java.base/java.util.concurrent.atomic=ALL-UNNAMED --add-opens=java.xml/javax.xml.namespace=ALL-UNNAMED --add-opens=java.base/java.time=ALL-UNNAMED -Xmx2048m -Dfile.encoding=UTF-8 -Duser.country=IN -Duser.language=en -Duser.variant -javaagent:C:\Users\welcome\.gradle\wrapper\dists\gradle-9.3.1-bin\23ovyewtku6u96viwx3xl3oks\gradle-9.3.1\lib\agents\gradle-instrumentation-agent-9.3.1.jar 
java_command: org.gradle.launcher.daemon.bootstrap.GradleDaemon 9.3.1
java_class_path (initial): C:\Users\welcome\.gradle\wrapper\dists\gradle-9.3.1-bin\23ovyewtku6u96viwx3xl3oks\gradle-9.3.1\lib\gradle-daemon-main-9.3.1.jar
Launcher Type: SUN_STANDARD

[Global flags]
     intx CICompilerCount                          = 4                                         {product} {ergonomic}
     uint ConcGCThreads                            = 2                                         {product} {ergonomic}
     uint G1ConcRefinementThreads                  = 8                                         {product} {ergonomic}
   size_t G1HeapRegionSize                         = 1048576                                   {product} {ergonomic}
    uintx GCDrainStackTargetSize                   = 64                                        {product} {ergonomic}
   size_t InitialHeapSize                          = 62914560                                  {product} {ergonomic}
   size_t MarkStackSize                            = 4194304                                   {product} {ergonomic}
   size_t MaxHeapSize                              = 2147483648                                {product} {command line}
   size_t MaxNewSize                               = 1287651328                                {product} {ergonomic}
   size_t MinHeapDeltaBytes                        = 1048576                                   {product} {ergonomic}
   size_t MinHeapSize                              = 8388608                                   {product} {ergonomic}
    uintx NonNMethodCodeHeapSize                   = 5839372                                {pd product} {ergonomic}
    uintx NonProfiledCodeHeapSize                  = 122909434                              {pd product} {ergonomic}
    uintx ProfiledCodeHeapSize                     = 122909434                              {pd product} {ergonomic}
    uintx ReservedCodeCacheSize                    = 251658240                              {pd product} {ergonomic}
     bool SegmentedCodeCache                       = true                                      {product} {ergonomic}
   size_t SoftMaxHeapSize                          = 2147483648                             {manageable} {ergonomic}
     bool UseCompressedClassPointers               = true                           {product lp64_product} {ergonomic}
     bool UseCompressedOops                        = true                           {product lp64_product} {ergonomic}
     bool UseG1GC                                  = true                                      {product} {ergonomic}
     bool UseLargePagesIndividualAllocation        = false                                  {pd product} {ergonomic}

Logging:
Log output configuration:
 #0: stdout all=warning uptime,level,tags
 #1: stderr all=off uptime,level,tags

Environment Variables:
PATH=C:\Windows\system32;C:\Windows;C:\Windows\System32\Wbem;C:\Windows\System32\WindowsPowerShell\v1.0\;C:\Windows\System32\OpenSSH\;C:\Program Files\Git\cmd;C:\Program Files\nodejs\;C:\Users\welcome\AppData\Local\Microsoft\WindowsApps;C:\Users\welcome\AppData\Local\Programs\Antigravity\bin;C:\Users\welcome\AppData\Local\Programs\cursor\resources\app\bin;C:\Users\welcome\AppData\Local\Programs\Microsoft VS Code\bin;C:\Users\welcome\AppData\Roaming\npm
USERNAME=welcome
OS=Windows_NT
PROCESSOR_IDENTIFIER=Intel64 Family 6 Model 140 Stepping 2, GenuineIntel
TMP=C:\Users\welcome\AppData\Local\Temp
TEMP=C:\Users\welcome\AppData\Local\Temp



Periodic native trim disabled


---------------  S Y S T E M  ---------------

OS:
 Windows 10 , 64 bit Build 19041 (10.0.19041.6807)
OS uptime: 1 days 1:35 hours

CPU: total 8 (initial active 8) (4 cores per cpu, 2 threads per core) family 6 model 140 stepping 2 microcode 0x34, cx8, cmov, fxsr, ht, mmx, 3dnowpref, sse, sse2, sse3, ssse3, sse4.1, sse4.2, popcnt, lzcnt, tsc, tscinvbit, avx, avx2, aes, erms, clmul, bmi1, bmi2, adx, avx512f, avx512dq, avx512cd, avx512bw, avx512vl, sha, fma, vzeroupper, avx512_vpopcntdq, avx512_vpclmulqdq, avx512_vaes, avx512_vnni, clflush, clflushopt, clwb, avx512_vbmi2, avx512_vbmi
Processor Information for processor 0
  Max Mhz: 2496, Current Mhz: 998, Mhz Limit: 2496
Processor Information for processor 1
  Max Mhz: 2496, Current Mhz: 2496, Mhz Limit: 2496
Processor Information for processor 2
  Max Mhz: 2496, Current Mhz: 998, Mhz Limit: 2496
Processor Information for processor 3
  Max Mhz: 2496, Current Mhz: 2496, Mhz Limit: 2496
Processor Information for processor 4
  Max Mhz: 2496, Current Mhz: 2496, Mhz Limit: 2496
Processor Information for processor 5
  Max Mhz: 2496, Current Mhz: 2496, Mhz Limit: 2496
Processor Information for processor 6
  Max Mhz: 2496, Current Mhz: 2496, Mhz Limit: 2496
Processor Information for processor 7
  Max Mhz: 2496, Current Mhz: 2496, Mhz Limit: 2496

Memory: 4k page, system-wide physical 3738M (206M free)
TotalPageFile size 15002M (AvailPageFile size 0M)
current process WorkingSet (physical memory assigned to process): 180M, peak: 218M
current process commit charge ("private bytes"): 301M, peak: 311M

vm_info: OpenJDK 64-Bit Server VM (17.0.18+8) for windows-amd64 JRE (17.0.18+8), built on Jan 20 2026 22:28:22 by "admin" with MS VC++ 17.12 (VS2022)

END.
