#
# There is insufficient memory for the Java Runtime Environment to continue.
# Native memory allocation (malloc) failed to allocate 2261088 bytes. Error detail: Chunk::new
# Possible reasons:
#   The system is out of physical RAM or swap space
#   This process is running with CompressedOops enabled, and the Java Heap may be blocking the growth of the native heap
# Possible solutions:
#   Reduce memory load on the system
#   Increase physical memory or swap space
#   Check if swap backing store is full
#   Decrease Java heap size (-Xmx/-Xms)
#   Decrease number of Java threads
#   Decrease Java thread stack sizes (-Xss)
#   Set larger code cache with -XX:ReservedCodeCacheSize=
#   JVM is running with Unscaled Compressed Oops mode in which the Java heap is
#     placed in the first 4GB address space. The Java Heap base address is the
#     maximum limit for the native heap growth. Please use -XX:HeapBaseMinAddress
#     to set the Java Heap base and to place the Java Heap above 4GB virtual address.
# This output file may be truncated or incomplete.
#
#  Out of Memory Error (arena.cpp:191), pid=12940, tid=7792
#
# JRE version: OpenJDK Runtime Environment Temurin-17.0.18+8 (17.0.18+8) (build 17.0.18+8)
# Java VM: OpenJDK 64-Bit Server VM Temurin-17.0.18+8 (17.0.18+8, mixed mode, sharing, tiered, compressed oops, compressed class ptrs, g1 gc, windows-amd64)
# No core dump will be written. Minidumps are not enabled by default on client versions of Windows
#

---------------  S U M M A R Y ------------

Command Line: --add-opens=java.base/java.lang=ALL-UNNAMED --add-opens=java.base/java.lang.invoke=ALL-UNNAMED --add-opens=java.base/java.util=ALL-UNNAMED --add-opens=java.prefs/java.util.prefs=ALL-UNNAMED --add-exports=jdk.compiler/com.sun.tools.javac.api=ALL-UNNAMED --add-exports=jdk.compiler/com.sun.tools.javac.util=ALL-UNNAMED --add-opens=java.base/java.util=ALL-UNNAMED --add-opens=java.prefs/java.util.prefs=ALL-UNNAMED --add-opens=java.base/java.nio.charset=ALL-UNNAMED --add-opens=java.base/java.net=ALL-UNNAMED --add-opens=java.base/java.util.concurrent=ALL-UNNAMED --add-opens=java.base/java.util.concurrent.atomic=ALL-UNNAMED --add-opens=java.xml/javax.xml.namespace=ALL-UNNAMED --add-opens=java.base/java.time=ALL-UNNAMED -Xmx2048m -Dfile.encoding=UTF-8 -Duser.country=IN -Duser.language=en -Duser.variant -javaagent:C:\Users\welcome\.gradle\wrapper\dists\gradle-9.3.1-bin\23ovyewtku6u96viwx3xl3oks\gradle-9.3.1\lib\agents\gradle-instrumentation-agent-9.3.1.jar org.gradle.launcher.daemon.bootstrap.GradleDaemon 9.3.1

Host: 11th Gen Intel(R) Core(TM) i5-1155G7 @ 2.50GHz, 8 cores, 3G,  Windows 10 , 64 bit Build 19041 (10.0.19041.6807)
Time: Thu Mar 26 09:57:12 2026 India Standard Time elapsed time: 30.034514 seconds (0d 0h 0m 30s)

---------------  T H R E A D  ---------------

Current thread (0x000001fd7f35bd80):  JavaThread "C2 CompilerThread0" daemon [_thread_in_native, id=7792, stack(0x000000985f700000,0x000000985f800000)]


Current CompileTask:
C2:30034 9270       4       java.lang.reflect.Method::getAnnotation (6 bytes)

Stack: [0x000000985f700000,0x000000985f800000]
Native frames: (J=compiled Java code, j=interpreted, Vv=VM code, C=native code)
V  [jvm.dll+0x6846f9]
V  [jvm.dll+0x839ea5]
V  [jvm.dll+0x83b91e]
V  [jvm.dll+0x83bfa3]
V  [jvm.dll+0x248eff]
V  [jvm.dll+0xad496]
V  [jvm.dll+0xadb3c]
V  [jvm.dll+0x368c1e]
V  [jvm.dll+0x333055]
V  [jvm.dll+0x3324ba]
V  [jvm.dll+0x219db9]
V  [jvm.dll+0x219200]
V  [jvm.dll+0x1a4920]
V  [jvm.dll+0x22989a]
V  [jvm.dll+0x227a4b]
V  [jvm.dll+0x7f0658]
V  [jvm.dll+0x7eaaec]
V  [jvm.dll+0x6835c7]
C  [ucrtbase.dll+0x21bb2]
C  [KERNEL32.DLL+0x17374]
C  [ntdll.dll+0x4cc91]


---------------  P R O C E S S  ---------------

Threads class SMR info:
_java_thread_list=0x000001fd5f016ea0, length=89, elements={
0x000001fd761beda0, 0x000001fd7f33d4f0, 0x000001fd7f33dfc0, 0x000001fd7f3555f0,
0x000001fd7f357fd0, 0x000001fd7f3588a0, 0x000001fd7f35b180, 0x000001fd7f35bd80,
0x000001fd7f35c690, 0x000001fd7f35cfa0, 0x000001fd7f89d7e0, 0x000001fd7fa12200,
0x000001fd5b869040, 0x000001fd5b44e0c0, 0x000001fd7fb8a6d0, 0x000001fd5ad91df0,
0x000001fd5ad8f060, 0x000001fd5ad8f570, 0x000001fd5ad92810, 0x000001fd5ad918e0,
0x000001fd5ad913d0, 0x000001fd5ad8fa80, 0x000001fd5ad8ff90, 0x000001fd5ad92300,
0x000001fd5ad904a0, 0x000001fd5ad909b0, 0x000001fd5ad90ec0, 0x000001fd5d7af820,
0x000001fd5d7b2ac0, 0x000001fd5d7b25b0, 0x000001fd5d7b4920, 0x000001fd5d7ae8f0,
0x000001fd5d7b39f0, 0x000001fd5d7b2fd0, 0x000001fd5d7b3f00, 0x000001fd5d7b0750,
0x000001fd5d7b1170, 0x000001fd5d7b0240, 0x000001fd5d7b34e0, 0x000001fd5d7b20a0,
0x000001fd5d7b0c60, 0x000001fd5d7b5340, 0x000001fd5d7b4e30, 0x000001fd5d7aee00,
0x000001fd5d7b4410, 0x000001fd5d7aded0, 0x000001fd5d7b5850, 0x000001fd5d7b1680,
0x000001fd5d7ae3e0, 0x000001fd5d7af310, 0x000001fd5d7afd30, 0x000001fd5d7b1b90,
0x000001fd5e1cbd10, 0x000001fd5e1cc730, 0x000001fd5e1cc220, 0x000001fd5e1ccc40,
0x000001fd5e1c57d0, 0x000001fd5e1c7630, 0x000001fd5e1cd150, 0x000001fd5e1c5ce0,
0x000001fd5e1c6700, 0x000001fd5e1c8050, 0x000001fd5e1c7b40, 0x000001fd5e1c61f0,
0x000001fd5e1c6c10, 0x000001fd5e1c8560, 0x000001fd5e1c7120, 0x000001fd5e1c8a70,
0x000001fd5e1c8f80, 0x000001fd5e1c9490, 0x000001fd5e1cb2f0, 0x000001fd5e1c99a0,
0x000001fd5e1c9eb0, 0x000001fd5e1ca3c0, 0x000001fd5e1ca8d0, 0x000001fd5e1cade0,
0x000001fd5e1cb800, 0x000001fd5e420a80, 0x000001fd5e420f90, 0x000001fd5e420060,
0x000001fd5e4265a0, 0x000001fd5e4214a0, 0x000001fd5e423d20, 0x000001fd5e423300,
0x000001fd5e4219b0, 0x000001fd5e4223d0, 0x000001fd5e424740, 0x000001fd5e425670,
0x000001fd5e426ab0
}

Java Threads: ( => current thread )
  0x000001fd761beda0 JavaThread "main" [_thread_blocked, id=7452, stack(0x000000985ea00000,0x000000985eb00000)]
  0x000001fd7f33d4f0 JavaThread "Reference Handler" daemon [_thread_blocked, id=4112, stack(0x000000985f100000,0x000000985f200000)]
  0x000001fd7f33dfc0 JavaThread "Finalizer" daemon [_thread_blocked, id=13612, stack(0x000000985f200000,0x000000985f300000)]
  0x000001fd7f3555f0 JavaThread "Signal Dispatcher" daemon [_thread_blocked, id=18444, stack(0x000000985f300000,0x000000985f400000)]
  0x000001fd7f357fd0 JavaThread "Attach Listener" daemon [_thread_blocked, id=4540, stack(0x000000985f400000,0x000000985f500000)]
  0x000001fd7f3588a0 JavaThread "Service Thread" daemon [_thread_blocked, id=8300, stack(0x000000985f500000,0x000000985f600000)]
  0x000001fd7f35b180 JavaThread "Monitor Deflation Thread" daemon [_thread_blocked, id=17136, stack(0x000000985f600000,0x000000985f700000)]
=>0x000001fd7f35bd80 JavaThread "C2 CompilerThread0" daemon [_thread_in_native, id=7792, stack(0x000000985f700000,0x000000985f800000)]
  0x000001fd7f35c690 JavaThread "C1 CompilerThread0" daemon [_thread_in_vm, id=14824, stack(0x000000985f800000,0x000000985f900000)]
  0x000001fd7f35cfa0 JavaThread "Sweeper thread" daemon [_thread_blocked, id=11572, stack(0x000000985f900000,0x000000985fa00000)]
  0x000001fd7f89d7e0 JavaThread "Common-Cleaner" daemon [_thread_blocked, id=17624, stack(0x000000985fa00000,0x000000985fb00000)]
  0x000001fd7fa12200 JavaThread "Notification Thread" daemon [_thread_blocked, id=11788, stack(0x000000985fb00000,0x000000985fc00000)]
  0x000001fd5b869040 JavaThread "Daemon health stats" [_thread_blocked, id=11800, stack(0x0000009860200000,0x0000009860300000)]
  0x000001fd5b44e0c0 JavaThread "Incoming local TCP Connector on port 54136" [_thread_in_native, id=13072, stack(0x0000009860300000,0x0000009860400000)]
  0x000001fd7fb8a6d0 JavaThread "Daemon periodic checks" [_thread_blocked, id=23120, stack(0x0000009860400000,0x0000009860500000)]
  0x000001fd5ad91df0 JavaThread "Daemon" [_thread_blocked, id=22824, stack(0x0000009860800000,0x0000009860900000)]
  0x000001fd5ad8f060 JavaThread "Handler for socket connection from /127.0.0.1:54136 to /127.0.0.1:54137" [_thread_in_native, id=13684, stack(0x0000009860900000,0x0000009860a00000)]
  0x000001fd5ad8f570 JavaThread "Cancel handler" [_thread_blocked, id=3268, stack(0x0000009860a00000,0x0000009860b00000)]
  0x000001fd5ad92810 JavaThread "Daemon worker" [_thread_in_Java, id=6356, stack(0x0000009860b00000,0x0000009860c00000)]
  0x000001fd5ad918e0 JavaThread "Asynchronous log dispatcher for DefaultDaemonConnection: socket connection from /127.0.0.1:54136 to /127.0.0.1:54137" [_thread_blocked, id=16472, stack(0x0000009860c00000,0x0000009860d00000)]
  0x000001fd5ad913d0 JavaThread "Stdin handler" [_thread_blocked, id=11504, stack(0x0000009860d00000,0x0000009860e00000)]
  0x000001fd5ad8fa80 JavaThread "Daemon client event forwarder" [_thread_blocked, id=11564, stack(0x0000009860e00000,0x0000009860f00000)]
  0x000001fd5ad8ff90 JavaThread "Cache worker for journal cache (C:\Users\welcome\.gradle\caches\journal-1)" [_thread_blocked, id=16000, stack(0x0000009860f00000,0x0000009861000000)]
  0x000001fd5ad92300 JavaThread "File lock request listener" [_thread_in_native, id=8432, stack(0x0000009861000000,0x0000009861100000)]
  0x000001fd5ad904a0 JavaThread "Cache worker for file hash cache (C:\Users\welcome\.gradle\caches\9.3.1\fileHashes)" [_thread_blocked, id=13140, stack(0x0000009861100000,0x0000009861200000)]
  0x000001fd5ad909b0 JavaThread "Cache worker for file hash cache (C:\Users\welcome\AndroidStudioProjects\mindguardaipsychologicalsupportapp\.gradle\9.3.1\fileHashes)" [_thread_blocked, id=22960, stack(0x0000009861300000,0x0000009861400000)]
  0x000001fd5ad90ec0 JavaThread "Cache worker for Build Output Cleanup Cache (C:\Users\welcome\AndroidStudioProjects\mindguardaipsychologicalsupportapp\.gradle\buildOutputCleanup)" [_thread_blocked, id=9628, stack(0x0000009861400000,0x0000009861500000)]
  0x000001fd5d7af820 JavaThread "File watcher server" daemon [_thread_in_native, id=9172, stack(0x0000009861500000,0x0000009861600000)]
  0x000001fd5d7b2ac0 JavaThread "File watcher consumer" daemon [_thread_blocked, id=22244, stack(0x0000009861600000,0x0000009861700000)]
  0x000001fd5d7b25b0 JavaThread "Cache worker for checksums cache (C:\Users\welcome\AndroidStudioProjects\mindguardaipsychologicalsupportapp\.gradle\9.3.1\checksums)" [_thread_blocked, id=2616, stack(0x0000009861700000,0x0000009861800000)]
  0x000001fd5d7b4920 JavaThread "Cache worker for file content cache (C:\Users\welcome\.gradle\caches\9.3.1\fileContent)" [_thread_blocked, id=10128, stack(0x0000009861800000,0x0000009861900000)]
  0x000001fd5d7ae8f0 JavaThread "Cache worker for cache directory md-supplier (C:\Users\welcome\.gradle\caches\9.3.1\md-supplier)" [_thread_blocked, id=6296, stack(0x0000009861900000,0x0000009861a00000)]
  0x000001fd5d7b39f0 JavaThread "Cache worker for cache directory md-rule (C:\Users\welcome\.gradle\caches\9.3.1\md-rule)" [_thread_blocked, id=16964, stack(0x0000009861a00000,0x0000009861b00000)]
  0x000001fd5d7b2fd0 JavaThread "jar transforms" [_thread_blocked, id=5020, stack(0x0000009861b00000,0x0000009861c00000)]
  0x000001fd5d7b3f00 JavaThread "jar transforms Thread 2" [_thread_blocked, id=8128, stack(0x0000009861c00000,0x0000009861d00000)]
  0x000001fd5d7b0750 JavaThread "jar transforms Thread 3" [_thread_blocked, id=1292, stack(0x0000009861d00000,0x0000009861e00000)]
  0x000001fd5d7b1170 JavaThread "jar transforms Thread 4" [_thread_blocked, id=23304, stack(0x0000009861e00000,0x0000009861f00000)]
  0x000001fd5d7b0240 JavaThread "jar transforms Thread 5" [_thread_blocked, id=7088, stack(0x0000009861f00000,0x0000009862000000)]
  0x000001fd5d7b34e0 JavaThread "Unconstrained build operations" [_thread_blocked, id=9772, stack(0x0000009862000000,0x0000009862100000)]
  0x000001fd5d7b20a0 JavaThread "Unconstrained build operations Thread 2" [_thread_blocked, id=10876, stack(0x0000009862100000,0x0000009862200000)]
  0x000001fd5d7b0c60 JavaThread "Unconstrained build operations Thread 3" [_thread_blocked, id=23516, stack(0x0000009862200000,0x0000009862300000)]
  0x000001fd5d7b5340 JavaThread "Unconstrained build operations Thread 4" [_thread_blocked, id=18988, stack(0x0000009862300000,0x0000009862400000)]
  0x000001fd5d7b4e30 JavaThread "Unconstrained build operations Thread 5" [_thread_blocked, id=7628, stack(0x0000009862400000,0x0000009862500000)]
  0x000001fd5d7aee00 JavaThread "Unconstrained build operations Thread 6" [_thread_blocked, id=9644, stack(0x0000009862500000,0x0000009862600000)]
  0x000001fd5d7b4410 JavaThread "Unconstrained build operations Thread 7" [_thread_blocked, id=2504, stack(0x0000009862600000,0x0000009862700000)]
  0x000001fd5d7aded0 JavaThread "Unconstrained build operations Thread 8" [_thread_blocked, id=23076, stack(0x0000009862700000,0x0000009862800000)]
  0x000001fd5d7b5850 JavaThread "Unconstrained build operations Thread 9" [_thread_blocked, id=11708, stack(0x0000009862800000,0x0000009862900000)]
  0x000001fd5d7b1680 JavaThread "Unconstrained build operations Thread 10" [_thread_blocked, id=8892, stack(0x0000009862900000,0x0000009862a00000)]
  0x000001fd5d7ae3e0 JavaThread "Unconstrained build operations Thread 11" [_thread_blocked, id=528, stack(0x0000009862a00000,0x0000009862b00000)]
  0x000001fd5d7af310 JavaThread "Unconstrained build operations Thread 12" [_thread_blocked, id=3344, stack(0x0000009862b00000,0x0000009862c00000)]
  0x000001fd5d7afd30 JavaThread "Unconstrained build operations Thread 13" [_thread_blocked, id=8276, stack(0x0000009862c00000,0x0000009862d00000)]
  0x000001fd5d7b1b90 JavaThread "Unconstrained build operations Thread 14" [_thread_blocked, id=10396, stack(0x0000009862d00000,0x0000009862e00000)]
  0x000001fd5e1cbd10 JavaThread "jar transforms Thread 6" [_thread_blocked, id=11624, stack(0x0000009862e00000,0x0000009862f00000)]
  0x000001fd5e1cc730 JavaThread "jar transforms Thread 7" [_thread_blocked, id=5992, stack(0x0000009862f00000,0x0000009863000000)]
  0x000001fd5e1cc220 JavaThread "Unconstrained build operations Thread 15" [_thread_blocked, id=14476, stack(0x0000009863000000,0x0000009863100000)]
  0x000001fd5e1ccc40 JavaThread "Unconstrained build operations Thread 16" [_thread_blocked, id=3440, stack(0x0000009863100000,0x0000009863200000)]
  0x000001fd5e1c57d0 JavaThread "Unconstrained build operations Thread 17" [_thread_blocked, id=9980, stack(0x0000009863200000,0x0000009863300000)]
  0x000001fd5e1c7630 JavaThread "Unconstrained build operations Thread 18" [_thread_blocked, id=13676, stack(0x0000009863300000,0x0000009863400000)]
  0x000001fd5e1cd150 JavaThread "Unconstrained build operations Thread 19" [_thread_blocked, id=9724, stack(0x0000009863400000,0x0000009863500000)]
  0x000001fd5e1c5ce0 JavaThread "Unconstrained build operations Thread 20" [_thread_blocked, id=16264, stack(0x0000009863500000,0x0000009863600000)]
  0x000001fd5e1c6700 JavaThread "Unconstrained build operations Thread 21" [_thread_blocked, id=9004, stack(0x0000009863600000,0x0000009863700000)]
  0x000001fd5e1c8050 JavaThread "jar transforms Thread 8" [_thread_blocked, id=12968, stack(0x0000009863700000,0x0000009863800000)]
  0x000001fd5e1c7b40 JavaThread "Unconstrained build operations Thread 22" [_thread_blocked, id=22516, stack(0x0000009863800000,0x0000009863900000)]
  0x000001fd5e1c61f0 JavaThread "Unconstrained build operations Thread 23" [_thread_blocked, id=8120, stack(0x0000009863900000,0x0000009863a00000)]
  0x000001fd5e1c6c10 JavaThread "Unconstrained build operations Thread 24" [_thread_blocked, id=13412, stack(0x0000009863a00000,0x0000009863b00000)]
  0x000001fd5e1c8560 JavaThread "Unconstrained build operations Thread 25" [_thread_blocked, id=16040, stack(0x0000009863b00000,0x0000009863c00000)]
  0x000001fd5e1c7120 JavaThread "Unconstrained build operations Thread 26" [_thread_blocked, id=2388, stack(0x0000009863c00000,0x0000009863d00000)]
  0x000001fd5e1c8a70 JavaThread "Unconstrained build operations Thread 27" [_thread_blocked, id=20436, stack(0x0000009863d00000,0x0000009863e00000)]
  0x000001fd5e1c8f80 JavaThread "Unconstrained build operations Thread 28" [_thread_blocked, id=17028, stack(0x0000009863e00000,0x0000009863f00000)]
  0x000001fd5e1c9490 JavaThread "Unconstrained build operations Thread 29" [_thread_blocked, id=22856, stack(0x0000009863f00000,0x0000009864000000)]
  0x000001fd5e1cb2f0 JavaThread "Unconstrained build operations Thread 30" [_thread_blocked, id=10100, stack(0x0000009864000000,0x0000009864100000)]
  0x000001fd5e1c99a0 JavaThread "Unconstrained build operations Thread 31" [_thread_blocked, id=6624, stack(0x0000009864100000,0x0000009864200000)]
  0x000001fd5e1c9eb0 JavaThread "Unconstrained build operations Thread 32" [_thread_blocked, id=18588, stack(0x0000009864200000,0x0000009864300000)]
  0x000001fd5e1ca3c0 JavaThread "Unconstrained build operations Thread 33" [_thread_blocked, id=22656, stack(0x0000009864300000,0x0000009864400000)]
  0x000001fd5e1ca8d0 JavaThread "Unconstrained build operations Thread 34" [_thread_blocked, id=11768, stack(0x0000009864400000,0x0000009864500000)]
  0x000001fd5e1cade0 JavaThread "Unconstrained build operations Thread 35" [_thread_blocked, id=12880, stack(0x0000009864500000,0x0000009864600000)]
  0x000001fd5e1cb800 JavaThread "Unconstrained build operations Thread 36" [_thread_blocked, id=17192, stack(0x0000009864600000,0x0000009864700000)]
  0x000001fd5e420a80 JavaThread "Unconstrained build operations Thread 37" [_thread_blocked, id=5808, stack(0x0000009864700000,0x0000009864800000)]
  0x000001fd5e420f90 JavaThread "Unconstrained build operations Thread 38" [_thread_blocked, id=21720, stack(0x0000009864800000,0x0000009864900000)]
  0x000001fd5e420060 JavaThread "Unconstrained build operations Thread 39" [_thread_blocked, id=8772, stack(0x0000009864900000,0x0000009864a00000)]
  0x000001fd5e4265a0 JavaThread "Unconstrained build operations Thread 40" [_thread_blocked, id=11632, stack(0x0000009864a00000,0x0000009864b00000)]
  0x000001fd5e4214a0 JavaThread "Unconstrained build operations Thread 41" [_thread_blocked, id=21880, stack(0x0000009864b00000,0x0000009864c00000)]
  0x000001fd5e423d20 JavaThread "Unconstrained build operations Thread 42" [_thread_blocked, id=6924, stack(0x0000009864c00000,0x0000009864d00000)]
  0x000001fd5e423300 JavaThread "Unconstrained build operations Thread 43" [_thread_blocked, id=14676, stack(0x0000009864d00000,0x0000009864e00000)]
  0x000001fd5e4219b0 JavaThread "Unconstrained build operations Thread 44" [_thread_blocked, id=9124, stack(0x0000009864e00000,0x0000009864f00000)]
  0x000001fd5e4223d0 JavaThread "Unconstrained build operations Thread 45" [_thread_blocked, id=6168, stack(0x0000009864f00000,0x0000009865000000)]
  0x000001fd5e424740 JavaThread "build event listener" [_thread_blocked, id=2216, stack(0x0000009865000000,0x0000009865100000)]
  0x000001fd5e425670 JavaThread "Memory manager" [_thread_blocked, id=15876, stack(0x0000009865100000,0x0000009865200000)]
  0x000001fd5e426ab0 JavaThread "build event listener" [_thread_blocked, id=16116, stack(0x0000009865200000,0x0000009865300000)]

Other Threads:
  0x000001fd7f338da0 VMThread "VM Thread" [stack: 0x000000985f000000,0x000000985f100000] [id=22080]
  0x000001fd761bfc70 WatcherThread [stack: 0x000000985fc00000,0x000000985fd00000] [id=21116]
  0x000001fd7621cfa0 GCTaskThread "GC Thread#0" [stack: 0x000000985eb00000,0x000000985ec00000] [id=16328]
  0x000001fd7fb54900 GCTaskThread "GC Thread#1" [stack: 0x000000985fd00000,0x000000985fe00000] [id=12352]
  0x000001fd7fbbaf60 GCTaskThread "GC Thread#2" [stack: 0x000000985fe00000,0x000000985ff00000] [id=22968]
  0x000001fd5a9776c0 GCTaskThread "GC Thread#3" [stack: 0x000000985ff00000,0x0000009860000000] [id=2396]
  0x000001fd5a977980 GCTaskThread "GC Thread#4" [stack: 0x0000009860000000,0x0000009860100000] [id=19932]
  0x000001fd5adc71e0 GCTaskThread "GC Thread#5" [stack: 0x0000009860500000,0x0000009860600000] [id=18504]
  0x000001fd7fb8e110 GCTaskThread "GC Thread#6" [stack: 0x0000009860600000,0x0000009860700000] [id=8908]
  0x000001fd7fb8e3d0 GCTaskThread "GC Thread#7" [stack: 0x0000009860700000,0x0000009860800000] [id=10484]
  0x000001fd7622de00 ConcurrentGCThread "G1 Main Marker" [stack: 0x000000985ec00000,0x000000985ed00000] [id=15388]
  0x000001fd7622eed0 ConcurrentGCThread "G1 Conc#0" [stack: 0x000000985ed00000,0x000000985ee00000] [id=6620]
  0x000001fd5b97c210 ConcurrentGCThread "G1 Conc#1" [stack: 0x0000009861200000,0x0000009861300000] [id=7836]
  0x000001fd7626e850 ConcurrentGCThread "G1 Refine#0" [stack: 0x000000985ee00000,0x000000985ef00000] [id=3980]
  0x000001fd5a669200 ConcurrentGCThread "G1 Refine#1" [stack: 0x0000009860100000,0x0000009860200000] [id=7732]
  0x000001fd7626f090 ConcurrentGCThread "G1 Service" [stack: 0x000000985ef00000,0x000000985f000000] [id=11360]

Threads with active compile tasks:
C2 CompilerThread0  30120 9270       4       java.lang.reflect.Method::getAnnotation (6 bytes)

VM state: not at safepoint (normal execution)

VM Mutex/Monitor currently owned by a thread: None

Heap address: 0x0000000080000000, size: 2048 MB, Compressed Oops mode: 32-bit

CDS archive(s) mapped at: [0x000001fd15000000-0x000001fd15bb0000-0x000001fd15bb0000), size 12255232, SharedBaseAddress: 0x000001fd15000000, ArchiveRelocationMode: 1.
Compressed class space mapped at: 0x000001fd16000000-0x000001fd56000000, reserved size: 1073741824
Narrow klass base: 0x000001fd15000000, Narrow klass shift: 0, Narrow klass range: 0x100000000

GC Precious Log:
 CPUs: 8 total, 8 available
 Memory: 3738M
 Large Page Support: Disabled
 NUMA Support: Disabled
 Compressed Oops: Enabled (32-bit)
 Heap Region Size: 1M
 Heap Min Capacity: 8M
 Heap Initial Capacity: 60M
 Heap Max Capacity: 2G
 Pre-touch: Disabled
 Parallel Workers: 8
 Concurrent Workers: 2
 Concurrent Refinement Workers: 8
 Periodic GC: Disabled

Heap:
 garbage-first heap   total 157696K, used 100220K [0x0000000080000000, 0x0000000100000000)
  region size 1024K, 24 young (24576K), 5 survivors (5120K)
 Metaspace       used 71937K, committed 72832K, reserved 1114112K
  class space    used 9961K, committed 10368K, reserved 1048576K

Heap Regions: E=young(eden), S=young(survivor), O=old, HS=humongous(starts), HC=humongous(continues), CS=collection set, F=free, OA=open archive, CA=closed archive, TAMS=top-at-mark-start (previous, next)
|   0|0x0000000080000000, 0x0000000080100000, 0x0000000080100000|100%|HS|  |TAMS 0x0000000080100000, 0x0000000080000000| Complete 
|   1|0x0000000080100000, 0x0000000080200000, 0x0000000080200000|100%|HC|  |TAMS 0x0000000080200000, 0x0000000080100000| Complete 
|   2|0x0000000080200000, 0x0000000080300000, 0x0000000080300000|100%|HC|  |TAMS 0x0000000080300000, 0x0000000080200000| Complete 
|   3|0x0000000080300000, 0x0000000080400000, 0x0000000080400000|100%|HC|  |TAMS 0x0000000080400000, 0x0000000080300000| Complete 
|   4|0x0000000080400000, 0x0000000080500000, 0x0000000080500000|100%| O|  |TAMS 0x0000000080500000, 0x0000000080400000| Untracked 
|   5|0x0000000080500000, 0x0000000080600000, 0x0000000080600000|100%| O|  |TAMS 0x0000000080600000, 0x0000000080500000| Untracked 
|   6|0x0000000080600000, 0x0000000080700000, 0x0000000080700000|100%| O|  |TAMS 0x0000000080700000, 0x0000000080600000| Untracked 
|   7|0x0000000080700000, 0x0000000080800000, 0x0000000080800000|100%| O|  |TAMS 0x0000000080800000, 0x0000000080700000| Untracked 
|   8|0x0000000080800000, 0x0000000080900000, 0x0000000080900000|100%| O|  |TAMS 0x0000000080900000, 0x0000000080800000| Untracked 
|   9|0x0000000080900000, 0x0000000080a00000, 0x0000000080a00000|100%| O|  |TAMS 0x0000000080a00000, 0x0000000080900000| Untracked 
|  10|0x0000000080a00000, 0x0000000080b00000, 0x0000000080b00000|100%| O|  |TAMS 0x0000000080b00000, 0x0000000080a00000| Untracked 
|  11|0x0000000080b00000, 0x0000000080c00000, 0x0000000080c00000|100%| O|  |TAMS 0x0000000080c00000, 0x0000000080b00000| Untracked 
|  12|0x0000000080c00000, 0x0000000080d00000, 0x0000000080d00000|100%|HS|  |TAMS 0x0000000080d00000, 0x0000000080c00000| Complete 
|  13|0x0000000080d00000, 0x0000000080e00000, 0x0000000080e00000|100%| O|  |TAMS 0x0000000080e00000, 0x0000000080d00000| Untracked 
|  14|0x0000000080e00000, 0x0000000080f00000, 0x0000000080f00000|100%| O|  |TAMS 0x0000000080f00000, 0x0000000080e00000| Untracked 
|  15|0x0000000080f00000, 0x0000000081000000, 0x0000000081000000|100%| O|  |TAMS 0x0000000081000000, 0x0000000080f00000| Untracked 
|  16|0x0000000081000000, 0x0000000081100000, 0x0000000081100000|100%| O|  |TAMS 0x0000000081100000, 0x0000000081000000| Untracked 
|  17|0x0000000081100000, 0x0000000081200000, 0x0000000081200000|100%| O|  |TAMS 0x0000000081200000, 0x0000000081100000| Untracked 
|  18|0x0000000081200000, 0x0000000081300000, 0x0000000081300000|100%| O|  |TAMS 0x0000000081300000, 0x0000000081200000| Untracked 
|  19|0x0000000081300000, 0x0000000081400000, 0x0000000081400000|100%| O|  |TAMS 0x0000000081400000, 0x0000000081300000| Untracked 
|  20|0x0000000081400000, 0x0000000081500000, 0x0000000081500000|100%| O|  |TAMS 0x0000000081500000, 0x0000000081400000| Untracked 
|  21|0x0000000081500000, 0x0000000081600000, 0x0000000081600000|100%| O|  |TAMS 0x0000000081600000, 0x0000000081500000| Untracked 
|  22|0x0000000081600000, 0x0000000081700000, 0x0000000081700000|100%| O|  |TAMS 0x0000000081700000, 0x0000000081600000| Untracked 
|  23|0x0000000081700000, 0x0000000081800000, 0x0000000081800000|100%| O|  |TAMS 0x0000000081800000, 0x0000000081700000| Untracked 
|  24|0x0000000081800000, 0x0000000081900000, 0x0000000081900000|100%| O|  |TAMS 0x0000000081900000, 0x0000000081800000| Untracked 
|  25|0x0000000081900000, 0x0000000081a00000, 0x0000000081a00000|100%| O|  |TAMS 0x0000000081a00000, 0x0000000081900000| Untracked 
|  26|0x0000000081a00000, 0x0000000081b00000, 0x0000000081b00000|100%| O|  |TAMS 0x0000000081b00000, 0x0000000081a00000| Untracked 
|  27|0x0000000081b00000, 0x0000000081c00000, 0x0000000081c00000|100%| O|  |TAMS 0x0000000081c00000, 0x0000000081b00000| Untracked 
|  28|0x0000000081c00000, 0x0000000081d00000, 0x0000000081d00000|100%| O|  |TAMS 0x0000000081d00000, 0x0000000081c00000| Untracked 
|  29|0x0000000081d00000, 0x0000000081e00000, 0x0000000081e00000|100%| O|  |TAMS 0x0000000081e00000, 0x0000000081d00000| Untracked 
|  30|0x0000000081e00000, 0x0000000081f00000, 0x0000000081f00000|100%| O|  |TAMS 0x0000000081f00000, 0x0000000081e00000| Untracked 
|  31|0x0000000081f00000, 0x0000000082000000, 0x0000000082000000|100%| O|  |TAMS 0x0000000082000000, 0x0000000081f00000| Untracked 
|  32|0x0000000082000000, 0x0000000082100000, 0x0000000082100000|100%| O|  |TAMS 0x0000000082100000, 0x0000000082000000| Untracked 
|  33|0x0000000082100000, 0x0000000082200000, 0x0000000082200000|100%| O|  |TAMS 0x0000000082200000, 0x0000000082100000| Untracked 
|  34|0x0000000082200000, 0x0000000082300000, 0x0000000082300000|100%| O|  |TAMS 0x0000000082300000, 0x0000000082200000| Untracked 
|  35|0x0000000082300000, 0x0000000082400000, 0x0000000082400000|100%| O|  |TAMS 0x0000000082400000, 0x0000000082300000| Untracked 
|  36|0x0000000082400000, 0x0000000082500000, 0x0000000082500000|100%| O|  |TAMS 0x0000000082500000, 0x0000000082400000| Untracked 
|  37|0x0000000082500000, 0x0000000082600000, 0x0000000082600000|100%|HS|  |TAMS 0x0000000082600000, 0x0000000082500000| Complete 
|  38|0x0000000082600000, 0x0000000082700000, 0x0000000082700000|100%|HC|  |TAMS 0x0000000082700000, 0x0000000082600000| Complete 
|  39|0x0000000082700000, 0x0000000082800000, 0x0000000082800000|100%| O|  |TAMS 0x0000000082800000, 0x0000000082700000| Untracked 
|  40|0x0000000082800000, 0x0000000082900000, 0x0000000082900000|100%| O|  |TAMS 0x0000000082900000, 0x0000000082800000| Untracked 
|  41|0x0000000082900000, 0x0000000082a00000, 0x0000000082a00000|100%| O|  |TAMS 0x0000000082a00000, 0x0000000082900000| Untracked 
|  42|0x0000000082a00000, 0x0000000082b00000, 0x0000000082b00000|100%| O|  |TAMS 0x0000000082b00000, 0x0000000082a00000| Untracked 
|  43|0x0000000082b00000, 0x0000000082c00000, 0x0000000082c00000|100%| O|  |TAMS 0x0000000082c00000, 0x0000000082b00000| Untracked 
|  44|0x0000000082c00000, 0x0000000082d00000, 0x0000000082d00000|100%| O|  |TAMS 0x0000000082d00000, 0x0000000082c00000| Untracked 
|  45|0x0000000082d00000, 0x0000000082e00000, 0x0000000082e00000|100%| O|  |TAMS 0x0000000082e00000, 0x0000000082d00000| Untracked 
|  46|0x0000000082e00000, 0x0000000082f00000, 0x0000000082f00000|100%| O|  |TAMS 0x0000000082f00000, 0x0000000082e00000| Untracked 
|  47|0x0000000082f00000, 0x0000000083000000, 0x0000000083000000|100%| O|  |TAMS 0x0000000083000000, 0x0000000082f00000| Untracked 
|  48|0x0000000083000000, 0x0000000083100000, 0x0000000083100000|100%| O|  |TAMS 0x0000000083100000, 0x0000000083000000| Untracked 
|  49|0x0000000083100000, 0x0000000083200000, 0x0000000083200000|100%| O|  |TAMS 0x0000000083200000, 0x0000000083100000| Untracked 
|  50|0x0000000083200000, 0x0000000083300000, 0x0000000083300000|100%|HS|  |TAMS 0x0000000083300000, 0x0000000083200000| Complete 
|  51|0x0000000083300000, 0x0000000083400000, 0x0000000083400000|100%| O|  |TAMS 0x0000000083400000, 0x0000000083300000| Untracked 
|  52|0x0000000083400000, 0x0000000083500000, 0x0000000083500000|100%| O|  |TAMS 0x0000000083500000, 0x0000000083400000| Untracked 
|  53|0x0000000083500000, 0x0000000083600000, 0x0000000083600000|100%| O|  |TAMS 0x0000000083600000, 0x0000000083500000| Untracked 
|  54|0x0000000083600000, 0x0000000083700000, 0x0000000083700000|100%| O|  |TAMS 0x0000000083700000, 0x0000000083600000| Untracked 
|  55|0x0000000083700000, 0x0000000083800000, 0x0000000083800000|100%| O|  |TAMS 0x0000000083800000, 0x0000000083700000| Untracked 
|  56|0x0000000083800000, 0x0000000083900000, 0x0000000083900000|100%|HS|  |TAMS 0x0000000083900000, 0x0000000083800000| Complete 
|  57|0x0000000083900000, 0x0000000083a00000, 0x0000000083a00000|100%|HS|  |TAMS 0x0000000083a00000, 0x0000000083900000| Complete 
|  58|0x0000000083a00000, 0x0000000083b00000, 0x0000000083b00000|100%|HC|  |TAMS 0x0000000083b00000, 0x0000000083a00000| Complete 
|  59|0x0000000083b00000, 0x0000000083c00000, 0x0000000083c00000|100%|HS|  |TAMS 0x0000000083c00000, 0x0000000083b00000| Complete 
|  60|0x0000000083c00000, 0x0000000083d00000, 0x0000000083d00000|100%|HS|  |TAMS 0x0000000083d00000, 0x0000000083c00000| Complete 
|  61|0x0000000083d00000, 0x0000000083e00000, 0x0000000083e00000|100%|HS|  |TAMS 0x0000000083e00000, 0x0000000083d00000| Complete 
|  62|0x0000000083e00000, 0x0000000083f00000, 0x0000000083f00000|100%| O|  |TAMS 0x0000000083f00000, 0x0000000083e00000| Untracked 
|  63|0x0000000083f00000, 0x0000000084000000, 0x0000000084000000|100%| O|  |TAMS 0x0000000084000000, 0x0000000083f00000| Untracked 
|  64|0x0000000084000000, 0x0000000084100000, 0x0000000084100000|100%| O|  |TAMS 0x0000000084100000, 0x0000000084000000| Untracked 
|  65|0x0000000084100000, 0x0000000084200000, 0x0000000084200000|100%|HS|  |TAMS 0x0000000084200000, 0x0000000084100000| Complete 
|  66|0x0000000084200000, 0x0000000084300000, 0x0000000084300000|100%| O|  |TAMS 0x0000000084300000, 0x0000000084200000| Untracked 
|  67|0x0000000084300000, 0x0000000084400000, 0x0000000084400000|100%| O|  |TAMS 0x0000000084400000, 0x0000000084300000| Untracked 
|  68|0x0000000084400000, 0x0000000084500000, 0x0000000084500000|100%|HS|  |TAMS 0x0000000084500000, 0x0000000084400000| Complete 
|  69|0x0000000084500000, 0x0000000084600000, 0x0000000084600000|100%|HC|  |TAMS 0x0000000084600000, 0x0000000084500000| Complete 
|  70|0x0000000084600000, 0x0000000084700000, 0x0000000084700000|100%| O|  |TAMS 0x00000000846b2200, 0x0000000084600000| Untracked 
|  71|0x0000000084700000, 0x0000000084800000, 0x0000000084800000|100%| O|  |TAMS 0x0000000084700000, 0x0000000084700000| Untracked 
|  72|0x0000000084800000, 0x0000000084800000, 0x0000000084900000|  0%| F|  |TAMS 0x0000000084800000, 0x0000000084800000| Untracked 
|  73|0x0000000084900000, 0x0000000084900000, 0x0000000084a00000|  0%| F|  |TAMS 0x0000000084900000, 0x0000000084900000| Untracked 
|  74|0x0000000084a00000, 0x0000000084a00000, 0x0000000084b00000|  0%| F|  |TAMS 0x0000000084a00000, 0x0000000084a00000| Untracked 
|  75|0x0000000084b00000, 0x0000000084b00000, 0x0000000084c00000|  0%| F|  |TAMS 0x0000000084b00000, 0x0000000084b00000| Untracked 
|  76|0x0000000084c00000, 0x0000000084d00000, 0x0000000084d00000|100%|HS|  |TAMS 0x0000000084c00000, 0x0000000084c00000| Complete 
|  77|0x0000000084d00000, 0x0000000084e00000, 0x0000000084e00000|100%| O|  |TAMS 0x0000000084d00000, 0x0000000084d00000| Untracked 
|  78|0x0000000084e00000, 0x0000000084edf000, 0x0000000084f00000| 87%| O|  |TAMS 0x0000000084e00000, 0x0000000084e00000| Untracked 
|  79|0x0000000084f00000, 0x0000000084f00000, 0x0000000085000000|  0%| F|  |TAMS 0x0000000084f00000, 0x0000000084f00000| Untracked 
|  80|0x0000000085000000, 0x0000000085000000, 0x0000000085100000|  0%| F|  |TAMS 0x0000000085000000, 0x0000000085000000| Untracked 
|  81|0x0000000085100000, 0x0000000085100000, 0x0000000085200000|  0%| F|  |TAMS 0x0000000085100000, 0x0000000085100000| Untracked 
|  82|0x0000000085200000, 0x0000000085200000, 0x0000000085300000|  0%| F|  |TAMS 0x0000000085200000, 0x0000000085200000| Untracked 
|  83|0x0000000085300000, 0x0000000085300000, 0x0000000085400000|  0%| F|  |TAMS 0x0000000085300000, 0x0000000085300000| Untracked 
|  84|0x0000000085400000, 0x0000000085400000, 0x0000000085500000|  0%| F|  |TAMS 0x0000000085400000, 0x0000000085400000| Untracked 
|  85|0x0000000085500000, 0x0000000085500000, 0x0000000085600000|  0%| F|  |TAMS 0x0000000085500000, 0x0000000085500000| Untracked 
|  86|0x0000000085600000, 0x0000000085600000, 0x0000000085700000|  0%| F|  |TAMS 0x0000000085600000, 0x0000000085600000| Untracked 
|  87|0x0000000085700000, 0x0000000085700000, 0x0000000085800000|  0%| F|  |TAMS 0x0000000085700000, 0x0000000085700000| Untracked 
|  88|0x0000000085800000, 0x0000000085800000, 0x0000000085900000|  0%| F|  |TAMS 0x0000000085800000, 0x0000000085800000| Untracked 
|  89|0x0000000085900000, 0x0000000085900000, 0x0000000085a00000|  0%| F|  |TAMS 0x0000000085900000, 0x0000000085900000| Untracked 
|  90|0x0000000085a00000, 0x0000000085a00000, 0x0000000085b00000|  0%| F|  |TAMS 0x0000000085a00000, 0x0000000085a00000| Untracked 
|  91|0x0000000085b00000, 0x0000000085b00000, 0x0000000085c00000|  0%| F|  |TAMS 0x0000000085b00000, 0x0000000085b00000| Untracked 
|  92|0x0000000085c00000, 0x0000000085c00000, 0x0000000085d00000|  0%| F|  |TAMS 0x0000000085c00000, 0x0000000085c00000| Untracked 
|  93|0x0000000085d00000, 0x0000000085d00000, 0x0000000085e00000|  0%| F|  |TAMS 0x0000000085d00000, 0x0000000085d00000| Untracked 
|  94|0x0000000085e00000, 0x0000000085e00000, 0x0000000085f00000|  0%| F|  |TAMS 0x0000000085e00000, 0x0000000085e00000| Untracked 
|  95|0x0000000085f00000, 0x0000000085f00000, 0x0000000086000000|  0%| F|  |TAMS 0x0000000085f00000, 0x0000000085f00000| Untracked 
|  96|0x0000000086000000, 0x0000000086000000, 0x0000000086100000|  0%| F|  |TAMS 0x0000000086000000, 0x0000000086000000| Untracked 
|  97|0x0000000086100000, 0x0000000086100000, 0x0000000086200000|  0%| F|  |TAMS 0x0000000086100000, 0x0000000086100000| Untracked 
|  98|0x0000000086200000, 0x0000000086200000, 0x0000000086300000|  0%| F|  |TAMS 0x0000000086200000, 0x0000000086200000| Untracked 
|  99|0x0000000086300000, 0x0000000086300000, 0x0000000086400000|  0%| F|  |TAMS 0x0000000086300000, 0x0000000086300000| Untracked 
| 100|0x0000000086400000, 0x0000000086400000, 0x0000000086500000|  0%| F|  |TAMS 0x0000000086400000, 0x0000000086400000| Untracked 
| 101|0x0000000086500000, 0x0000000086500000, 0x0000000086600000|  0%| F|  |TAMS 0x0000000086500000, 0x0000000086500000| Untracked 
| 102|0x0000000086600000, 0x0000000086600000, 0x0000000086700000|  0%| F|  |TAMS 0x0000000086600000, 0x0000000086600000| Untracked 
| 103|0x0000000086700000, 0x0000000086700000, 0x0000000086800000|  0%| F|  |TAMS 0x0000000086700000, 0x0000000086700000| Untracked 
| 104|0x0000000086800000, 0x0000000086800000, 0x0000000086900000|  0%| F|  |TAMS 0x0000000086800000, 0x0000000086800000| Untracked 
| 105|0x0000000086900000, 0x0000000086900000, 0x0000000086a00000|  0%| F|  |TAMS 0x0000000086900000, 0x0000000086900000| Untracked 
| 106|0x0000000086a00000, 0x0000000086a00000, 0x0000000086b00000|  0%| F|  |TAMS 0x0000000086a00000, 0x0000000086a00000| Untracked 
| 107|0x0000000086b00000, 0x0000000086b00000, 0x0000000086c00000|  0%| F|  |TAMS 0x0000000086b00000, 0x0000000086b00000| Untracked 
| 108|0x0000000086c00000, 0x0000000086c00000, 0x0000000086d00000|  0%| F|  |TAMS 0x0000000086c00000, 0x0000000086c00000| Untracked 
| 109|0x0000000086d00000, 0x0000000086d00000, 0x0000000086e00000|  0%| F|  |TAMS 0x0000000086d00000, 0x0000000086d00000| Untracked 
| 110|0x0000000086e00000, 0x0000000086e00000, 0x0000000086f00000|  0%| F|  |TAMS 0x0000000086e00000, 0x0000000086e00000| Untracked 
| 111|0x0000000086f00000, 0x0000000086f00000, 0x0000000087000000|  0%| F|  |TAMS 0x0000000086f00000, 0x0000000086f00000| Untracked 
| 112|0x0000000087000000, 0x0000000087000000, 0x0000000087100000|  0%| F|  |TAMS 0x0000000087000000, 0x0000000087000000| Untracked 
| 113|0x0000000087100000, 0x0000000087100000, 0x0000000087200000|  0%| F|  |TAMS 0x0000000087100000, 0x0000000087100000| Untracked 
| 114|0x0000000087200000, 0x0000000087200000, 0x0000000087300000|  0%| F|  |TAMS 0x0000000087200000, 0x0000000087200000| Untracked 
| 115|0x0000000087300000, 0x0000000087300000, 0x0000000087400000|  0%| F|  |TAMS 0x0000000087300000, 0x0000000087300000| Untracked 
| 116|0x0000000087400000, 0x0000000087400000, 0x0000000087500000|  0%| F|  |TAMS 0x0000000087400000, 0x0000000087400000| Untracked 
| 117|0x0000000087500000, 0x0000000087500000, 0x0000000087600000|  0%| F|  |TAMS 0x0000000087500000, 0x0000000087500000| Untracked 
| 118|0x0000000087600000, 0x0000000087600000, 0x0000000087700000|  0%| F|  |TAMS 0x0000000087600000, 0x0000000087600000| Untracked 
| 119|0x0000000087700000, 0x0000000087700000, 0x0000000087800000|  0%| F|  |TAMS 0x0000000087700000, 0x0000000087700000| Untracked 
| 120|0x0000000087800000, 0x0000000087900000, 0x0000000087900000|100%| S|CS|TAMS 0x0000000087800000, 0x0000000087800000| Complete 
| 121|0x0000000087900000, 0x0000000087900000, 0x0000000087a00000|  0%| F|  |TAMS 0x0000000087900000, 0x0000000087900000| Untracked 
| 122|0x0000000087a00000, 0x0000000087a00000, 0x0000000087b00000|  0%| F|  |TAMS 0x0000000087a00000, 0x0000000087a00000| Untracked 
| 123|0x0000000087b00000, 0x0000000087b00000, 0x0000000087c00000|  0%| F|  |TAMS 0x0000000087b00000, 0x0000000087b00000| Untracked 
| 124|0x0000000087c00000, 0x0000000087c00000, 0x0000000087d00000|  0%| F|  |TAMS 0x0000000087c00000, 0x0000000087c00000| Untracked 
| 125|0x0000000087d00000, 0x0000000087d00000, 0x0000000087e00000|  0%| F|  |TAMS 0x0000000087d00000, 0x0000000087d00000| Untracked 
| 126|0x0000000087e00000, 0x0000000087e00000, 0x0000000087f00000|  0%| F|  |TAMS 0x0000000087e00000, 0x0000000087e00000| Untracked 
| 127|0x0000000087f00000, 0x0000000087f00000, 0x0000000088000000|  0%| F|  |TAMS 0x0000000087f00000, 0x0000000087f00000| Untracked 
| 128|0x0000000088000000, 0x0000000088000000, 0x0000000088100000|  0%| F|  |TAMS 0x0000000088000000, 0x0000000088000000| Untracked 
| 129|0x0000000088100000, 0x0000000088100000, 0x0000000088200000|  0%| F|  |TAMS 0x0000000088100000, 0x0000000088100000| Untracked 
| 130|0x0000000088200000, 0x0000000088200000, 0x0000000088300000|  0%| F|  |TAMS 0x0000000088200000, 0x0000000088200000| Untracked 
| 131|0x0000000088300000, 0x0000000088400000, 0x0000000088400000|100%| E|  |TAMS 0x0000000088300000, 0x0000000088300000| Complete 
| 132|0x0000000088400000, 0x0000000088500000, 0x0000000088500000|100%| S|CS|TAMS 0x0000000088400000, 0x0000000088400000| Complete 
| 133|0x0000000088500000, 0x0000000088600000, 0x0000000088600000|100%| S|CS|TAMS 0x0000000088500000, 0x0000000088500000| Complete 
| 134|0x0000000088600000, 0x0000000088700000, 0x0000000088700000|100%| S|CS|TAMS 0x0000000088600000, 0x0000000088600000| Complete 
| 135|0x0000000088700000, 0x0000000088800000, 0x0000000088800000|100%| S|CS|TAMS 0x0000000088700000, 0x0000000088700000| Complete 
| 136|0x0000000088800000, 0x0000000088900000, 0x0000000088900000|100%| E|CS|TAMS 0x0000000088800000, 0x0000000088800000| Complete 
| 137|0x0000000088900000, 0x0000000088a00000, 0x0000000088a00000|100%| E|CS|TAMS 0x0000000088900000, 0x0000000088900000| Complete 
| 138|0x0000000088a00000, 0x0000000088b00000, 0x0000000088b00000|100%| E|CS|TAMS 0x0000000088a00000, 0x0000000088a00000| Complete 
| 139|0x0000000088b00000, 0x0000000088c00000, 0x0000000088c00000|100%| E|CS|TAMS 0x0000000088b00000, 0x0000000088b00000| Complete 
| 140|0x0000000088c00000, 0x0000000088d00000, 0x0000000088d00000|100%| E|CS|TAMS 0x0000000088c00000, 0x0000000088c00000| Complete 
| 141|0x0000000088d00000, 0x0000000088e00000, 0x0000000088e00000|100%| E|CS|TAMS 0x0000000088d00000, 0x0000000088d00000| Complete 
| 142|0x0000000088e00000, 0x0000000088f00000, 0x0000000088f00000|100%| E|CS|TAMS 0x0000000088e00000, 0x0000000088e00000| Complete 
| 143|0x0000000088f00000, 0x0000000089000000, 0x0000000089000000|100%| E|CS|TAMS 0x0000000088f00000, 0x0000000088f00000| Complete 
| 144|0x0000000089000000, 0x0000000089100000, 0x0000000089100000|100%| E|CS|TAMS 0x0000000089000000, 0x0000000089000000| Complete 
| 145|0x0000000089100000, 0x0000000089200000, 0x0000000089200000|100%| E|CS|TAMS 0x0000000089100000, 0x0000000089100000| Complete 
| 146|0x0000000089200000, 0x0000000089300000, 0x0000000089300000|100%| E|CS|TAMS 0x0000000089200000, 0x0000000089200000| Complete 
| 147|0x0000000089300000, 0x0000000089400000, 0x0000000089400000|100%| E|CS|TAMS 0x0000000089300000, 0x0000000089300000| Complete 
| 148|0x0000000089400000, 0x0000000089500000, 0x0000000089500000|100%| E|CS|TAMS 0x0000000089400000, 0x0000000089400000| Complete 
| 149|0x0000000089500000, 0x0000000089600000, 0x0000000089600000|100%| E|CS|TAMS 0x0000000089500000, 0x0000000089500000| Complete 
| 150|0x0000000089600000, 0x0000000089700000, 0x0000000089700000|100%| E|CS|TAMS 0x0000000089600000, 0x0000000089600000| Complete 
| 151|0x0000000089700000, 0x0000000089800000, 0x0000000089800000|100%| E|CS|TAMS 0x0000000089700000, 0x0000000089700000| Complete 
| 152|0x0000000089800000, 0x0000000089900000, 0x0000000089900000|100%| E|CS|TAMS 0x0000000089800000, 0x0000000089800000| Complete 
| 153|0x0000000089900000, 0x0000000089a00000, 0x0000000089a00000|100%| E|CS|TAMS 0x0000000089900000, 0x0000000089900000| Complete 

Card table byte_map: [0x000001fd7e460000,0x000001fd7e860000] _byte_map_base: 0x000001fd7e060000

Marking Bits (Prev, Next): (CMBitMap*) 0x000001fd7621d4d0, (CMBitMap*) 0x000001fd7621d510
 Prev Bits: [0x000001fd0f000000, 0x000001fd11000000)
 Next Bits: [0x000001fd11000000, 0x000001fd13000000)

Polling page: 0x000001fd740b0000

Metaspace:

Usage:
  Non-class:     60.56 MB used.
      Class:      9.73 MB used.
       Both:     70.29 MB used.

Virtual space:
  Non-class space:       64.00 MB reserved,      61.00 MB ( 95%) committed,  1 nodes.
      Class space:        1.00 GB reserved,      10.12 MB ( <1%) committed,  1 nodes.
             Both:        1.06 GB reserved,      71.12 MB (  7%) committed. 

Chunk freelists:
   Non-Class:  2.44 MB
       Class:  5.70 MB
        Both:  8.14 MB

MaxMetaspaceSize: unlimited
CompressedClassSpaceSize: 1.00 GB
Initial GC threshold: 21.00 MB
Current GC threshold: 114.69 MB
CDS: on
MetaspaceReclaimPolicy: balanced
 - commit_granule_bytes: 65536.
 - commit_granule_words: 8192.
 - virtual_space_node_default_size: 8388608.
 - enlarge_chunks_in_place: 1.
 - new_chunks_are_fully_committed: 0.
 - uncommit_free_chunks: 1.
 - use_allocation_guard: 0.
 - handle_deallocations: 1.


Internal statistics:

num_allocs_failed_limit: 6.
num_arena_births: 1326.
num_arena_deaths: 0.
num_vsnodes_births: 2.
num_vsnodes_deaths: 0.
num_space_committed: 1138.
num_space_uncommitted: 0.
num_chunks_returned_to_freelist: 6.
num_chunks_taken_from_freelist: 4451.
num_chunk_merges: 6.
num_chunk_splits: 2900.
num_chunks_enlarged: 1870.
num_inconsistent_stats: 0.

CodeHeap 'non-profiled nmethods': size=120000Kb used=3391Kb max_used=3391Kb free=116608Kb
 bounds [0x000001fd07ad0000, 0x000001fd07e20000, 0x000001fd0f000000]
CodeHeap 'profiled nmethods': size=120000Kb used=15671Kb max_used=15671Kb free=104328Kb
 bounds [0x000001fd00000000, 0x000001fd00f50000, 0x000001fd07530000]
CodeHeap 'non-nmethods': size=5760Kb used=1726Kb max_used=1765Kb free=4033Kb
 bounds [0x000001fd07530000, 0x000001fd077a0000, 0x000001fd07ad0000]
 total_blobs=9272 nmethods=8464 adapters=720
 compilation: enabled
              stopped_count=0, restarted_count=0
 full_count=0

Compilation events (20 events):
Event: 29.888 Thread 0x000001fd7f35c690 9371       2       org.objectweb.asm.MethodWriter::visitVarInsn (302 bytes)
Event: 29.889 Thread 0x000001fd7f35c690 nmethod 9371 0x000001fd00f09d10 code [0x000001fd00f09f20, 0x000001fd00f0a388]
Event: 29.889 Thread 0x000001fd7f35c690 9368       1       com.android.build.gradle.internal.dsl.decorator.SupportedPropertyType$Block::getImplementationType (5 bytes)
Event: 29.889 Thread 0x000001fd7f35c690 nmethod 9368 0x000001fd07e1db90 code [0x000001fd07e1dd20, 0x000001fd07e1ddf8]
Event: 29.890 Thread 0x000001fd7f35c690 9375       1       org.objectweb.asm.MethodWriter::hasAsmInstructions (5 bytes)
Event: 29.890 Thread 0x000001fd7f35c690 nmethod 9375 0x000001fd07e1de90 code [0x000001fd07e1e020, 0x000001fd07e1e0f8]
Event: 29.894 Thread 0x000001fd7f35c690 9376       2       com.google.common.reflect.TypeVisitor::<init> (12 bytes)
Event: 29.894 Thread 0x000001fd7f35c690 nmethod 9376 0x000001fd00f0a610 code [0x000001fd00f0a7c0, 0x000001fd00f0aa58]
Event: 29.894 Thread 0x000001fd7f35c690 9377       2       com.google.common.collect.Sets::newHashSet (8 bytes)
Event: 29.894 Thread 0x000001fd7f35c690 nmethod 9377 0x000001fd00f0ab90 code [0x000001fd00f0ad40, 0x000001fd00f0af38]
Event: 29.894 Thread 0x000001fd7f35c690 9378       2       org.gradle.internal.instantiation.generator.AbstractClassGenerator$PropertyMetadata::addSetter (41 bytes)
Event: 29.895 Thread 0x000001fd7f35c690 nmethod 9378 0x000001fd00f0b010 code [0x000001fd00f0b1c0, 0x000001fd00f0b3b8]
Event: 29.895 Thread 0x000001fd7f35c690 9379       2       jdk.proxy1.$Proxy9::<init> (6 bytes)
Event: 29.895 Thread 0x000001fd7f35c690 nmethod 9379 0x000001fd00f0b490 code [0x000001fd00f0b640, 0x000001fd00f0b868]
Event: 29.897 Thread 0x000001fd7f35c690 9380       2       org.gradle.internal.instantiation.generator.AbstractClassGenerator$ExtensibleTypePropertyHandler::applyTo (275 bytes)
Event: 29.902 Thread 0x000001fd7f35c690 nmethod 9380 0x000001fd00f0b990 code [0x000001fd00f0bc80, 0x000001fd00f0c5a8]
Event: 29.902 Thread 0x000001fd7f35c690 9381       2       org.objectweb.asm.Type::equals (147 bytes)
Event: 29.903 Thread 0x000001fd7f35c690 nmethod 9381 0x000001fd00f0cc90 code [0x000001fd00f0cea0, 0x000001fd00f0d518]
Event: 29.905 Thread 0x000001fd7f35c690 9382       2       java.util.regex.Pattern$CharPropertyGreedy::study (45 bytes)
Event: 29.905 Thread 0x000001fd7f35c690 nmethod 9382 0x000001fd00f0d990 code [0x000001fd00f0db40, 0x000001fd00f0dca8]

GC Heap History (20 events):
Event: 23.514 GC heap before
{Heap before GC invocations=42 (full 0):
 garbage-first heap   total 110592K, used 63407K [0x0000000080000000, 0x0000000100000000)
  region size 1024K, 5 young (5120K), 2 survivors (2048K)
 Metaspace       used 55544K, committed 56384K, reserved 1114112K
  class space    used 7897K, committed 8256K, reserved 1048576K
}
Event: 23.518 GC heap after
{Heap after GC invocations=43 (full 0):
 garbage-first heap   total 110592K, used 64244K [0x0000000080000000, 0x0000000100000000)
  region size 1024K, 3 young (3072K), 3 survivors (3072K)
 Metaspace       used 55544K, committed 56384K, reserved 1114112K
  class space    used 7897K, committed 8256K, reserved 1048576K
}
Event: 23.798 GC heap before
{Heap before GC invocations=44 (full 0):
 garbage-first heap   total 114688K, used 67316K [0x0000000080000000, 0x0000000100000000)
  region size 1024K, 6 young (6144K), 3 survivors (3072K)
 Metaspace       used 55550K, committed 56384K, reserved 1114112K
  class space    used 7897K, committed 8256K, reserved 1048576K
}
Event: 23.804 GC heap after
{Heap after GC invocations=45 (full 0):
 garbage-first heap   total 114688K, used 66511K [0x0000000080000000, 0x0000000100000000)
  region size 1024K, 2 young (2048K), 2 survivors (2048K)
 Metaspace       used 55550K, committed 56384K, reserved 1114112K
  class space    used 7897K, committed 8256K, reserved 1048576K
}
Event: 24.187 GC heap before
{Heap before GC invocations=46 (full 0):
 garbage-first heap   total 117760K, used 77775K [0x0000000080000000, 0x0000000100000000)
  region size 1024K, 14 young (14336K), 2 survivors (2048K)
 Metaspace       used 56231K, committed 57088K, reserved 1114112K
  class space    used 7962K, committed 8320K, reserved 1048576K
}
Event: 24.191 GC heap after
{Heap after GC invocations=47 (full 0):
 garbage-first heap   total 117760K, used 68661K [0x0000000080000000, 0x0000000100000000)
  region size 1024K, 3 young (3072K), 3 survivors (3072K)
 Metaspace       used 56231K, committed 57088K, reserved 1114112K
  class space    used 7962K, committed 8320K, reserved 1048576K
}
Event: 24.654 GC heap before
{Heap before GC invocations=48 (full 0):
 garbage-first heap   total 124928K, used 88117K [0x0000000080000000, 0x0000000100000000)
  region size 1024K, 21 young (21504K), 3 survivors (3072K)
 Metaspace       used 57468K, committed 58304K, reserved 1114112K
  class space    used 8133K, committed 8512K, reserved 1048576K
}
Event: 24.662 GC heap after
{Heap after GC invocations=49 (full 0):
 garbage-first heap   total 124928K, used 70472K [0x0000000080000000, 0x0000000100000000)
  region size 1024K, 2 young (2048K), 2 survivors (2048K)
 Metaspace       used 57468K, committed 58304K, reserved 1114112K
  class space    used 8133K, committed 8512K, reserved 1048576K
}
Event: 25.222 GC heap before
{Heap before GC invocations=49 (full 0):
 garbage-first heap   total 124928K, used 93000K [0x0000000080000000, 0x0000000100000000)
  region size 1024K, 25 young (25600K), 2 survivors (2048K)
 Metaspace       used 59468K, committed 60416K, reserved 1114112K
  class space    used 8335K, committed 8768K, reserved 1048576K
}
Event: 25.227 GC heap after
{Heap after GC invocations=50 (full 0):
 garbage-first heap   total 124928K, used 70945K [0x0000000080000000, 0x0000000100000000)
  region size 1024K, 3 young (3072K), 3 survivors (3072K)
 Metaspace       used 59468K, committed 60416K, reserved 1114112K
  class space    used 8335K, committed 8768K, reserved 1048576K
}
Event: 25.861 GC heap before
{Heap before GC invocations=51 (full 0):
 garbage-first heap   total 126976K, used 96545K [0x0000000080000000, 0x0000000100000000)
  region size 1024K, 28 young (28672K), 3 survivors (3072K)
 Metaspace       used 61675K, committed 62528K, reserved 1114112K
  class space    used 8575K, committed 8960K, reserved 1048576K
}
Event: 25.869 GC heap after
{Heap after GC invocations=52 (full 0):
 garbage-first heap   total 126976K, used 71426K [0x0000000080000000, 0x0000000100000000)
  region size 1024K, 2 young (2048K), 2 survivors (2048K)
 Metaspace       used 61675K, committed 62528K, reserved 1114112K
  class space    used 8575K, committed 8960K, reserved 1048576K
}
Event: 26.515 GC heap before
{Heap before GC invocations=52 (full 0):
 garbage-first heap   total 126976K, used 92930K [0x0000000080000000, 0x0000000100000000)
  region size 1024K, 25 young (25600K), 2 survivors (2048K)
 Metaspace       used 63828K, committed 64768K, reserved 1114112K
  class space    used 8897K, committed 9344K, reserved 1048576K
}
Event: 26.523 GC heap after
{Heap after GC invocations=53 (full 0):
 garbage-first heap   total 126976K, used 72335K [0x0000000080000000, 0x0000000100000000)
  region size 1024K, 3 young (3072K), 3 survivors (3072K)
 Metaspace       used 63828K, committed 64768K, reserved 1114112K
  class space    used 8897K, committed 9344K, reserved 1048576K
}
Event: 27.666 GC heap before
{Heap before GC invocations=54 (full 0):
 garbage-first heap   total 135168K, used 103055K [0x0000000080000000, 0x0000000100000000)
  region size 1024K, 31 young (31744K), 3 survivors (3072K)
 Metaspace       used 66708K, committed 67648K, reserved 1114112K
  class space    used 9269K, committed 9728K, reserved 1048576K
}
Event: 27.682 GC heap after
{Heap after GC invocations=55 (full 0):
 garbage-first heap   total 135168K, used 75667K [0x0000000080000000, 0x0000000100000000)
  region size 1024K, 4 young (4096K), 4 survivors (4096K)
 Metaspace       used 66708K, committed 67648K, reserved 1114112K
  class space    used 9269K, committed 9728K, reserved 1048576K
}
Event: 28.684 GC heap before
{Heap before GC invocations=55 (full 0):
 garbage-first heap   total 135168K, used 106387K [0x0000000080000000, 0x0000000100000000)
  region size 1024K, 35 young (35840K), 4 survivors (4096K)
 Metaspace       used 69545K, committed 70464K, reserved 1114112K
  class space    used 9627K, committed 10048K, reserved 1048576K
}
Event: 28.708 GC heap after
{Heap after GC invocations=56 (full 0):
 garbage-first heap   total 135168K, used 78210K [0x0000000080000000, 0x0000000100000000)
  region size 1024K, 5 young (5120K), 5 survivors (5120K)
 Metaspace       used 69545K, committed 70464K, reserved 1114112K
  class space    used 9627K, committed 10048K, reserved 1048576K
}
Event: 29.590 GC heap before
{Heap before GC invocations=57 (full 0):
 garbage-first heap   total 157696K, used 113026K [0x0000000080000000, 0x0000000100000000)
  region size 1024K, 34 young (34816K), 5 survivors (5120K)
 Metaspace       used 70722K, committed 71616K, reserved 1114112K
  class space    used 9795K, committed 10176K, reserved 1048576K
}
Event: 29.613 GC heap after
{Heap after GC invocations=58 (full 0):
 garbage-first heap   total 157696K, used 81788K [0x0000000080000000, 0x0000000100000000)
  region size 1024K, 5 young (5120K), 5 survivors (5120K)
 Metaspace       used 70722K, committed 71616K, reserved 1114112K
  class space    used 9795K, committed 10176K, reserved 1048576K
}

Dll operation events (15 events):
Event: 0.027 Loaded shared library C:\Users\welcome\.gradle\jdks\eclipse_adoptium-17-amd64-windows.2\bin\java.dll
Event: 0.050 Loaded shared library C:\Users\welcome\.gradle\jdks\eclipse_adoptium-17-amd64-windows.2\bin\jsvml.dll
Event: 0.147 Loaded shared library C:\Users\welcome\.gradle\jdks\eclipse_adoptium-17-amd64-windows.2\bin\zip.dll
Event: 0.152 Loaded shared library C:\Users\welcome\.gradle\jdks\eclipse_adoptium-17-amd64-windows.2\bin\instrument.dll
Event: 0.160 Loaded shared library C:\Users\welcome\.gradle\jdks\eclipse_adoptium-17-amd64-windows.2\bin\net.dll
Event: 0.164 Loaded shared library C:\Users\welcome\.gradle\jdks\eclipse_adoptium-17-amd64-windows.2\bin\nio.dll
Event: 0.167 Loaded shared library C:\Users\welcome\.gradle\jdks\eclipse_adoptium-17-amd64-windows.2\bin\zip.dll
Event: 0.979 Loaded shared library C:\Users\welcome\.gradle\jdks\eclipse_adoptium-17-amd64-windows.2\bin\jimage.dll
Event: 1.479 Loaded shared library C:\Users\welcome\.gradle\jdks\eclipse_adoptium-17-amd64-windows.2\bin\verify.dll
Event: 1.571 Loaded shared library C:\Users\welcome\.gradle\native\660c5614fbf4a5f2a75b1949f50a0caf5cd603558e7d8a26e50b933a0cfb79d1\windows-amd64\native-platform.dll
Event: 1.617 Loaded shared library C:\Users\welcome\.gradle\native\0.2.8\x86_64-windows-gnu\gradle-fileevents.dll
Event: 4.191 Loaded shared library C:\Users\welcome\.gradle\jdks\eclipse_adoptium-17-amd64-windows.2\bin\management.dll
Event: 4.198 Loaded shared library C:\Users\welcome\.gradle\jdks\eclipse_adoptium-17-amd64-windows.2\bin\management_ext.dll
Event: 4.670 Loaded shared library C:\Users\welcome\.gradle\jdks\eclipse_adoptium-17-amd64-windows.2\bin\extnet.dll
Event: 5.149 Loaded shared library C:\Users\welcome\.gradle\jdks\eclipse_adoptium-17-amd64-windows.2\bin\sunmscapi.dll

Deoptimization events (20 events):
Event: 28.948 Thread 0x000001fd5ad92810 DEOPT PACKING pc=0x000001fd00ead7fa sp=0x0000009860bf1850
Event: 28.948 Thread 0x000001fd5ad92810 DEOPT UNPACKING pc=0x000001fd0758ace3 sp=0x0000009860bf0ca8 mode 0
Event: 28.948 Thread 0x000001fd5ad92810 DEOPT PACKING pc=0x000001fd00ead7fa sp=0x0000009860bf18a0
Event: 28.948 Thread 0x000001fd5ad92810 DEOPT UNPACKING pc=0x000001fd0758ace3 sp=0x0000009860bf0cf8 mode 0
Event: 28.948 Thread 0x000001fd5ad92810 DEOPT PACKING pc=0x000001fd00ead7fa sp=0x0000009860bf18a0
Event: 28.948 Thread 0x000001fd5ad92810 DEOPT UNPACKING pc=0x000001fd0758ace3 sp=0x0000009860bf0cf8 mode 0
Event: 28.949 Thread 0x000001fd5ad92810 DEOPT PACKING pc=0x000001fd00ead7fa sp=0x0000009860bf18a0
Event: 28.949 Thread 0x000001fd5ad92810 DEOPT UNPACKING pc=0x000001fd0758ace3 sp=0x0000009860bf0cf8 mode 0
Event: 28.949 Thread 0x000001fd5ad92810 DEOPT PACKING pc=0x000001fd00ead7fa sp=0x0000009860bf18a0
Event: 28.949 Thread 0x000001fd5ad92810 DEOPT UNPACKING pc=0x000001fd0758ace3 sp=0x0000009860bf0cf8 mode 0
Event: 28.949 Thread 0x000001fd5ad92810 DEOPT PACKING pc=0x000001fd00ead7fa sp=0x0000009860bf18a0
Event: 28.949 Thread 0x000001fd5ad92810 DEOPT UNPACKING pc=0x000001fd0758ace3 sp=0x0000009860bf0cf8 mode 0
Event: 28.949 Thread 0x000001fd5ad92810 DEOPT PACKING pc=0x000001fd00ead7fa sp=0x0000009860bf18a0
Event: 28.949 Thread 0x000001fd5ad92810 DEOPT UNPACKING pc=0x000001fd0758ace3 sp=0x0000009860bf0cf8 mode 0
Event: 28.949 Thread 0x000001fd5ad92810 DEOPT PACKING pc=0x000001fd00ead7fa sp=0x0000009860bf1850
Event: 28.949 Thread 0x000001fd5ad92810 DEOPT UNPACKING pc=0x000001fd0758ace3 sp=0x0000009860bf0ca8 mode 0
Event: 28.949 Thread 0x000001fd5ad92810 DEOPT PACKING pc=0x000001fd00ead7fa sp=0x0000009860bf18a0
Event: 28.949 Thread 0x000001fd5ad92810 DEOPT UNPACKING pc=0x000001fd0758ace3 sp=0x0000009860bf0cf8 mode 0
Event: 29.255 Thread 0x000001fd5ad92810 DEOPT PACKING pc=0x000001fd00e98a14 sp=0x0000009860bf50c0
Event: 29.256 Thread 0x000001fd5ad92810 DEOPT UNPACKING pc=0x000001fd0758ace3 sp=0x0000009860bf4558 mode 0

Classes loaded (20 events):
Event: 28.657 Loading class java/security/interfaces/XECKey
Event: 28.657 Loading class java/security/interfaces/XECKey done
Event: 28.658 Loading class sun/security/util/KeyUtil
Event: 28.659 Loading class sun/security/util/KeyUtil done
Event: 28.659 Loading class sun/security/util/Length
Event: 28.659 Loading class sun/security/util/Length done
Event: 28.659 Loading class javax/crypto/SecretKey
Event: 28.660 Loading class javax/crypto/SecretKey done
Event: 28.660 Loading class java/util/Base64
Event: 28.661 Loading class java/util/Base64 done
Event: 28.661 Loading class java/util/Base64$Decoder
Event: 28.661 Loading class java/util/Base64$Decoder done
Event: 28.661 Loading class java/util/Base64$Encoder
Event: 28.662 Loading class java/util/Base64$Encoder done
Event: 28.663 Loading class java/util/jar/JarVerifier$VerifierStream
Event: 28.664 Loading class java/util/jar/JarVerifier$VerifierStream done
Event: 28.664 Loading class sun/security/util/ManifestEntryVerifier$SunProviderHolder
Event: 28.664 Loading class sun/security/util/ManifestEntryVerifier$SunProviderHolder done
Event: 29.417 Loading class sun/reflect/annotation/AnnotationInvocationHandler$1
Event: 29.417 Loading class sun/reflect/annotation/AnnotationInvocationHandler$1 done

Classes unloaded (0 events):
No events

Classes redefined (0 events):
No events

Internal exceptions (20 events):
Event: 22.586 Thread 0x000001fd5ad8fa80 Exception <a 'java/lang/NoSuchMethodError'{0x0000000084e2edf0}: static Lorg/gradle/internal/build/event/types/AbstractOperationResult;.<clinit>()V> (0x0000000084e2edf0) 
thrown [s\src\hotspot\share\prims\jni.cpp, line 1112]
Event: 22.586 Thread 0x000001fd5ad8fa80 Exception <a 'java/lang/NoSuchMethodError'{0x0000000084e30240}: static Lorg/gradle/internal/build/event/types/AbstractResult;.<clinit>()V> (0x0000000084e30240) 
thrown [s\src\hotspot\share\prims\jni.cpp, line 1112]
Event: 22.593 Thread 0x000001fd5ad8fa80 Exception <a 'java/lang/NoSuchMethodError'{0x0000000084e49a68}: static Lorg/gradle/internal/build/event/types/DefaultPluginApplicationResult;.<clinit>()V> (0x0000000084e49a68) 
thrown [s\src\hotspot\share\prims\jni.cpp, line 1112]
Event: 22.595 Thread 0x000001fd5ad8fa80 Exception <a 'java/lang/NoSuchMethodError'{0x0000000084e568d8}: static Lorg/gradle/internal/build/event/types/DefaultBinaryPluginIdentifier;.<clinit>()V> (0x0000000084e568d8) 
thrown [s\src\hotspot\share\prims\jni.cpp, line 1112]
Event: 22.605 Thread 0x000001fd5ad8fa80 Exception <a 'java/lang/NoSuchMethodError'{0x0000000084e70468}: static Lorg/gradle/internal/build/event/types/DefaultScriptPluginIdentifier;.<clinit>()V> (0x0000000084e70468) 
thrown [s\src\hotspot\share\prims\jni.cpp, line 1112]
Event: 23.771 Thread 0x000001fd5ad92810 Exception <a 'java/lang/ClassNotFoundException'{0x0000000086f5e8f0}: org/gradle/api/internal/plugins/DefaultObjectConfigurationActionBeanInfo> (0x0000000086f5e8f0) 
thrown [s\src\hotspot\share\classfile\systemDictionary.cpp, line 256]
Event: 23.776 Thread 0x000001fd5ad92810 Exception <a 'java/lang/ClassNotFoundException'{0x0000000086f77800}: org/gradle/api/internal/plugins/DefaultObjectConfigurationActionCustomizer> (0x0000000086f77800) 
thrown [s\src\hotspot\share\classfile\systemDictionary.cpp, line 256]
Event: 24.476 Thread 0x000001fd5ad92810 Exception <a 'java/lang/NoSuchMethodError'{0x00000000874fd6a8}: 'java.lang.Object java.lang.invoke.DirectMethodHandle$Holder.invokeSpecial(java.lang.Object, java.lang.Object, long, java.lang.Object, java.lang.Object, java.lang.Object, java.lang.Object, java.lang.Object, java.lang.Object, java.lang.Object, java.lang.Object, java.lang.Object)'> (0x00000000874fd6a8) 
thrown [s\src\hotspot\share\interpreter\linkResolver.cpp, line 759]
Event: 24.477 Thread 0x000001fd5ad92810 Exception <a 'java/lang/NoSuchMethodError'{0x0000000087303380}: 'java.lang.Object java.lang.invoke.DelegatingMethodHandle$Holder.reinvoke_L(java.lang.Object, long, java.lang.Object, java.lang.Object, java.lang.Object, java.lang.Object, java.lang.Object, java.lang.Object, java.lang.Object, java.lang.Object, java.lang.Object)'> (0x0000000087303380) 
thrown [s\src\hotspot\share\interpreter\linkResolver.cpp, line 759]
Event: 24.895 Thread 0x000001fd5ad92810 Exception <a 'java/lang/NoSuchMethodError'{0x0000000086e30600}: 'int java.lang.invoke.DirectMethodHandle$Holder.invokeSpecialIFC(java.lang.Object, java.lang.Object, java.lang.Object, java.lang.Object, java.lang.Object)'> (0x0000000086e30600) 
thrown [s\src\hotspot\share\interpreter\linkResolver.cpp, line 759]
Event: 26.424 Thread 0x000001fd5ad92810 Exception <a 'java/lang/NoSuchMethodError'{0x00000000868cfe68}: 'void java.lang.invoke.DirectMethodHandle$Holder.invokeVirtual(java.lang.Object, java.lang.Object)'> (0x00000000868cfe68) 
thrown [s\src\hotspot\share\interpreter\linkResolver.cpp, line 759]
Event: 27.301 Thread 0x000001fd5ad92810 Exception <a 'java/lang/NoSuchMethodError'{0x00000000870dba40}: static Lorg/jetbrains/kotlin/gradle/plugin/internal/DefaultProjectIsolationStartParameterAccessor$Factory;.<clinit>()V> (0x00000000870dba40) 
thrown [s\src\hotspot\share\prims\jni.cpp, line 1112]
Event: 27.309 Thread 0x000001fd5ad92810 Exception <a 'java/lang/NoSuchMethodError'{0x0000000086f019d0}: static Lorg/jetbrains/kotlin/gradle/plugin/internal/DefaultJavaExecTaskParametersCompatibility$Factory;.<clinit>()V> (0x0000000086f019d0) 
thrown [s\src\hotspot\share\prims\jni.cpp, line 1112]
Event: 27.314 Thread 0x000001fd5ad92810 Exception <a 'java/lang/NoSuchMethodError'{0x0000000086f37b58}: static Lorg/jetbrains/kotlin/gradle/plugin/internal/DefaultMavenPublicationComponentAccessorFactory;.<clinit>()V> (0x0000000086f37b58) 
thrown [s\src\hotspot\share\prims\jni.cpp, line 1112]
Event: 27.317 Thread 0x000001fd5ad92810 Exception <a 'java/lang/NoSuchMethodError'{0x0000000086f5c508}: static Lorg/jetbrains/kotlin/gradle/plugin/diagnostics/DefaultProblemsReporter$Factory;.<clinit>()V> (0x0000000086f5c508) 
thrown [s\src\hotspot\share\prims\jni.cpp, line 1112]
Event: 27.328 Thread 0x000001fd5ad92810 Exception <a 'java/lang/NoSuchMethodError'{0x0000000086f94ac8}: static Lorg/jetbrains/kotlin/gradle/plugin/internal/DefaultCompatibilityConventionRegistrar$Factory;.<clinit>()V> (0x0000000086f94ac8) 
thrown [s\src\hotspot\share\prims\jni.cpp, line 1112]
Event: 27.332 Thread 0x000001fd5ad92810 Exception <a 'java/lang/NoSuchMethodError'{0x0000000086fb8e48}: static Lorg/jetbrains/kotlin/gradle/plugin/internal/DefaultConfigurationCacheStartParameterAccessorVariantFactory;.<clinit>()V> (0x0000000086fb8e48) 
thrown [s\src\hotspot\share\prims\jni.cpp, line 1112]
Event: 27.418 Thread 0x000001fd5ad92810 Exception <a 'java/lang/IncompatibleClassChangeError'{0x0000000086d505d8}: Found class java.lang.Object, but interface was expected> (0x0000000086d505d8) 
thrown [s\src\hotspot\share\interpreter\linkResolver.cpp, line 826]
Event: 27.745 Thread 0x000001fd5ad92810 Exception <a 'java/lang/NoSuchMethodError'{0x00000000882e21a8}: static Ljava/lang/Object;.<clinit>()V> (0x00000000882e21a8) 
thrown [s\src\hotspot\share\prims\jni.cpp, line 1112]
Event: 27.753 Thread 0x000001fd5ad92810 Exception <a 'java/lang/NoSuchMethodError'{0x000000008813d730}: static Lorg/jetbrains/kotlin/gradle/plugin/statistics/MetricContainer;.<clinit>()V> (0x000000008813d730) 
thrown [s\src\hotspot\share\prims\jni.cpp, line 1112]

VM Operations (20 events):
Event: 26.762 Executing VM operation: G1PauseCleanup
Event: 26.768 Executing VM operation: G1PauseCleanup done
Event: 27.202 Executing VM operation: HandshakeAllThreads
Event: 27.203 Executing VM operation: HandshakeAllThreads done
Event: 27.664 Executing VM operation: G1CollectForAllocation
Event: 27.682 Executing VM operation: G1CollectForAllocation done
Event: 28.231 Executing VM operation: HandshakeAllThreads
Event: 28.232 Executing VM operation: HandshakeAllThreads done
Event: 28.476 Executing VM operation: HandshakeAllThreads
Event: 28.476 Executing VM operation: HandshakeAllThreads done
Event: 28.565 Executing VM operation: HandshakeAllThreads
Event: 28.565 Executing VM operation: HandshakeAllThreads done
Event: 28.684 Executing VM operation: G1TryInitiateConcMark
Event: 28.708 Executing VM operation: G1TryInitiateConcMark done
Event: 28.872 Executing VM operation: G1PauseRemark
Event: 28.883 Executing VM operation: G1PauseRemark done
Event: 28.934 Executing VM operation: G1PauseCleanup
Event: 28.935 Executing VM operation: G1PauseCleanup done
Event: 29.588 Executing VM operation: G1CollectForAllocation
Event: 29.613 Executing VM operation: G1CollectForAllocation done

Memory protections (0 events):
No events

Nmethod flushes (20 events):
Event: 26.337 Thread 0x000001fd7f35cfa0 flushing  nmethod 0x000001fd0084db90
Event: 26.337 Thread 0x000001fd7f35cfa0 flushing  nmethod 0x000001fd0084e790
Event: 26.337 Thread 0x000001fd7f35cfa0 flushing  nmethod 0x000001fd00858410
Event: 26.337 Thread 0x000001fd7f35cfa0 flushing  nmethod 0x000001fd0085a610
Event: 26.337 Thread 0x000001fd7f35cfa0 flushing  nmethod 0x000001fd0085cb10
Event: 26.338 Thread 0x000001fd7f35cfa0 flushing  nmethod 0x000001fd00864f10
Event: 26.338 Thread 0x000001fd7f35cfa0 flushing  nmethod 0x000001fd00878010
Event: 26.338 Thread 0x000001fd7f35cfa0 flushing  nmethod 0x000001fd0087bf10
Event: 26.338 Thread 0x000001fd7f35cfa0 flushing  nmethod 0x000001fd0088fc90
Event: 26.338 Thread 0x000001fd7f35cfa0 flushing  nmethod 0x000001fd0089f710
Event: 26.338 Thread 0x000001fd7f35cfa0 flushing  nmethod 0x000001fd008a2e90
Event: 26.338 Thread 0x000001fd7f35cfa0 flushing  nmethod 0x000001fd008a3910
Event: 26.339 Thread 0x000001fd7f35cfa0 flushing  nmethod 0x000001fd0098c890
Event: 26.339 Thread 0x000001fd7f35cfa0 flushing  nmethod 0x000001fd0098cb90
Event: 26.340 Thread 0x000001fd7f35cfa0 flushing  nmethod 0x000001fd00a00310
Event: 26.341 Thread 0x000001fd7f35cfa0 flushing  nmethod 0x000001fd00aee410
Event: 26.342 Thread 0x000001fd7f35cfa0 flushing  nmethod 0x000001fd00b04e10
Event: 26.342 Thread 0x000001fd7f35cfa0 flushing  nmethod 0x000001fd00b0d910
Event: 26.342 Thread 0x000001fd7f35cfa0 flushing  nmethod 0x000001fd00b20210
Event: 26.342 Thread 0x000001fd7f35cfa0 flushing  nmethod 0x000001fd00b21310

Events (20 events):
Event: 19.551 Thread 0x000001fd5ad92810 Thread added: 0x000001fd5e1c9490
Event: 19.551 Thread 0x000001fd5ad92810 Thread added: 0x000001fd5e1cb2f0
Event: 19.551 Thread 0x000001fd5ad92810 Thread added: 0x000001fd5e1c99a0
Event: 19.709 Thread 0x000001fd5ad92810 Thread added: 0x000001fd5e1c9eb0
Event: 19.712 Thread 0x000001fd5ad92810 Thread added: 0x000001fd5e1ca3c0
Event: 19.713 Thread 0x000001fd5ad92810 Thread added: 0x000001fd5e1ca8d0
Event: 19.716 Thread 0x000001fd5ad92810 Thread added: 0x000001fd5e1cade0
Event: 19.719 Thread 0x000001fd5ad92810 Thread added: 0x000001fd5e1cb800
Event: 19.725 Thread 0x000001fd5ad92810 Thread added: 0x000001fd5e420a80
Event: 19.727 Thread 0x000001fd5ad92810 Thread added: 0x000001fd5e420f90
Event: 20.239 Thread 0x000001fd5ad92810 Thread added: 0x000001fd5e420060
Event: 20.240 Thread 0x000001fd5ad92810 Thread added: 0x000001fd5e4265a0
Event: 20.242 Thread 0x000001fd5ad92810 Thread added: 0x000001fd5e4214a0
Event: 20.243 Thread 0x000001fd5ad92810 Thread added: 0x000001fd5e423d20
Event: 20.247 Thread 0x000001fd5ad92810 Thread added: 0x000001fd5e423300
Event: 20.251 Thread 0x000001fd5ad92810 Thread added: 0x000001fd5e4219b0
Event: 20.265 Thread 0x000001fd5ad92810 Thread added: 0x000001fd5e4223d0
Event: 25.599 Thread 0x000001fd5ad92810 Thread added: 0x000001fd5e424740
Event: 26.413 Thread 0x000001fd5ad92810 Thread added: 0x000001fd5e425670
Event: 27.833 Thread 0x000001fd5ad92810 Thread added: 0x000001fd5e426ab0


Dynamic libraries:
0x00007ff66afd0000 - 0x00007ff66afde000 	C:\Users\welcome\.gradle\jdks\eclipse_adoptium-17-amd64-windows.2\bin\java.exe
0x00007ffaf93b0000 - 0x00007ffaf95a8000 	C:\Windows\SYSTEM32\ntdll.dll
0x00007ffaf7c90000 - 0x00007ffaf7d52000 	C:\Windows\System32\KERNEL32.DLL
0x00007ffaf6a30000 - 0x00007ffaf6d27000 	C:\Windows\System32\KERNELBASE.dll
0x00007ffaf6d30000 - 0x00007ffaf6e30000 	C:\Windows\System32\ucrtbase.dll
0x00007ffaed570000 - 0x00007ffaed588000 	C:\Users\welcome\.gradle\jdks\eclipse_adoptium-17-amd64-windows.2\bin\jli.dll
0x00007ffaed550000 - 0x00007ffaed56e000 	C:\Users\welcome\.gradle\jdks\eclipse_adoptium-17-amd64-windows.2\bin\VCRUNTIME140.dll
0x00007ffaf8a50000 - 0x00007ffaf8bed000 	C:\Windows\System32\USER32.dll
0x00007ffaf7080000 - 0x00007ffaf70a2000 	C:\Windows\System32\win32u.dll
0x00007ffadd660000 - 0x00007ffadd8fb000 	C:\Windows\WinSxS\amd64_microsoft.windows.common-controls_6595b64144ccf1df_6.0.19041.6926_none_60b5a53971f8f7e6\COMCTL32.dll
0x00007ffaf8960000 - 0x00007ffaf898b000 	C:\Windows\System32\GDI32.dll
0x00007ffaf9000000 - 0x00007ffaf909e000 	C:\Windows\System32\msvcrt.dll
0x00007ffaf6f60000 - 0x00007ffaf707a000 	C:\Windows\System32\gdi32full.dll
0x00007ffaf6e30000 - 0x00007ffaf6ecd000 	C:\Windows\System32\msvcp_win.dll
0x00007ffaf8130000 - 0x00007ffaf815f000 	C:\Windows\System32\IMM32.DLL
0x00007ffae07d0000 - 0x00007ffae07dc000 	C:\Users\welcome\.gradle\jdks\eclipse_adoptium-17-amd64-windows.2\bin\vcruntime140_1.dll
0x00007ffac20a0000 - 0x00007ffac212d000 	C:\Users\welcome\.gradle\jdks\eclipse_adoptium-17-amd64-windows.2\bin\msvcp140.dll
0x00007ffa7b1c0000 - 0x00007ffa7be2b000 	C:\Users\welcome\.gradle\jdks\eclipse_adoptium-17-amd64-windows.2\bin\server\jvm.dll
0x00007ffaf8990000 - 0x00007ffaf8a41000 	C:\Windows\System32\ADVAPI32.dll
0x00007ffaf8bf0000 - 0x00007ffaf8c8f000 	C:\Windows\System32\sechost.dll
0x00007ffaf8000000 - 0x00007ffaf8126000 	C:\Windows\System32\RPCRT4.dll
0x00007ffaf7210000 - 0x00007ffaf7237000 	C:\Windows\System32\bcrypt.dll
0x00007ffaf88f0000 - 0x00007ffaf895b000 	C:\Windows\System32\WS2_32.dll
0x00007ffaf5f40000 - 0x00007ffaf5f8b000 	C:\Windows\SYSTEM32\POWRPROF.dll
0x00007ffaec940000 - 0x00007ffaec94a000 	C:\Windows\SYSTEM32\VERSION.dll
0x00007ffad9850000 - 0x00007ffad9877000 	C:\Windows\SYSTEM32\WINMM.dll
0x00007ffaf5e00000 - 0x00007ffaf5e12000 	C:\Windows\SYSTEM32\UMPDC.dll
0x00007ffaf5250000 - 0x00007ffaf5262000 	C:\Windows\SYSTEM32\kernel.appcore.dll
0x00007ffae0260000 - 0x00007ffae026a000 	C:\Users\welcome\.gradle\jdks\eclipse_adoptium-17-amd64-windows.2\bin\jimage.dll
0x00007ffaf4610000 - 0x00007ffaf4811000 	C:\Windows\SYSTEM32\DBGHELP.DLL
0x00007ffad89c0000 - 0x00007ffad89f4000 	C:\Windows\SYSTEM32\dbgcore.DLL
0x00007ffaf6ed0000 - 0x00007ffaf6f52000 	C:\Windows\System32\bcryptPrimitives.dll
0x00007ffae0180000 - 0x00007ffae018e000 	C:\Users\welcome\.gradle\jdks\eclipse_adoptium-17-amd64-windows.2\bin\instrument.dll
0x00007ffad4580000 - 0x00007ffad45a5000 	C:\Users\welcome\.gradle\jdks\eclipse_adoptium-17-amd64-windows.2\bin\java.dll
0x00007ffab6290000 - 0x00007ffab6367000 	C:\Users\welcome\.gradle\jdks\eclipse_adoptium-17-amd64-windows.2\bin\jsvml.dll
0x00007ffaf73d0000 - 0x00007ffaf7b41000 	C:\Windows\System32\SHELL32.dll
0x00007ffaf4a90000 - 0x00007ffaf5236000 	C:\Windows\SYSTEM32\windows.storage.dll
0x00007ffaf8c90000 - 0x00007ffaf8fe3000 	C:\Windows\System32\combase.dll
0x00007ffaf6460000 - 0x00007ffaf648b000 	C:\Windows\SYSTEM32\Wldp.dll
0x00007ffaf7f30000 - 0x00007ffaf7ffd000 	C:\Windows\System32\OLEAUT32.dll
0x00007ffaf9260000 - 0x00007ffaf930d000 	C:\Windows\System32\SHCORE.dll
0x00007ffaf8740000 - 0x00007ffaf879b000 	C:\Windows\System32\shlwapi.dll
0x00007ffaf6960000 - 0x00007ffaf6984000 	C:\Windows\SYSTEM32\profapi.dll
0x00007ffaddfb0000 - 0x00007ffaddfc8000 	C:\Users\welcome\.gradle\jdks\eclipse_adoptium-17-amd64-windows.2\bin\zip.dll
0x00007ffaddd30000 - 0x00007ffaddd4a000 	C:\Users\welcome\.gradle\jdks\eclipse_adoptium-17-amd64-windows.2\bin\net.dll
0x00007ffaf07f0000 - 0x00007ffaf08fa000 	C:\Windows\SYSTEM32\WINHTTP.dll
0x00007ffaf6190000 - 0x00007ffaf61fa000 	C:\Windows\system32\mswsock.dll
0x00007ffadad90000 - 0x00007ffadada6000 	C:\Users\welcome\.gradle\jdks\eclipse_adoptium-17-amd64-windows.2\bin\nio.dll
0x00007ffae0150000 - 0x00007ffae0160000 	C:\Users\welcome\.gradle\jdks\eclipse_adoptium-17-amd64-windows.2\bin\verify.dll
0x00007ffadda90000 - 0x00007ffaddab7000 	C:\Users\welcome\.gradle\native\660c5614fbf4a5f2a75b1949f50a0caf5cd603558e7d8a26e50b933a0cfb79d1\windows-amd64\native-platform.dll
0x00007ffac1fe0000 - 0x00007ffac2057000 	C:\Users\welcome\.gradle\native\0.2.8\x86_64-windows-gnu\gradle-fileevents.dll
0x00007ffadac80000 - 0x00007ffadac8a000 	C:\Users\welcome\.gradle\jdks\eclipse_adoptium-17-amd64-windows.2\bin\management.dll
0x00007ffad9d80000 - 0x00007ffad9d8c000 	C:\Users\welcome\.gradle\jdks\eclipse_adoptium-17-amd64-windows.2\bin\management_ext.dll
0x00007ffaf9250000 - 0x00007ffaf9258000 	C:\Windows\System32\PSAPI.DLL
0x00007ffaf5e20000 - 0x00007ffaf5e5b000 	C:\Windows\SYSTEM32\IPHLPAPI.DLL
0x00007ffaf8ff0000 - 0x00007ffaf8ff8000 	C:\Windows\System32\NSI.dll
0x00007ffaec690000 - 0x00007ffaec6a7000 	C:\Windows\SYSTEM32\dhcpcsvc6.DLL
0x00007ffaef4a0000 - 0x00007ffaef4bd000 	C:\Windows\SYSTEM32\dhcpcsvc.DLL
0x00007ffaf5e70000 - 0x00007ffaf5f3a000 	C:\Windows\SYSTEM32\DNSAPI.dll
0x00007ffad9ce0000 - 0x00007ffad9ce9000 	C:\Users\welcome\.gradle\jdks\eclipse_adoptium-17-amd64-windows.2\bin\extnet.dll
0x00007ffaf63b0000 - 0x00007ffaf63c8000 	C:\Windows\SYSTEM32\CRYPTSP.dll
0x00007ffaf5a40000 - 0x00007ffaf5a78000 	C:\Windows\system32\rsaenh.dll
0x00007ffaf68e0000 - 0x00007ffaf690e000 	C:\Windows\SYSTEM32\USERENV.dll
0x00007ffaf63d0000 - 0x00007ffaf63dc000 	C:\Windows\SYSTEM32\CRYPTBASE.dll
0x00007ffad9c40000 - 0x00007ffad9c4e000 	C:\Users\welcome\.gradle\jdks\eclipse_adoptium-17-amd64-windows.2\bin\sunmscapi.dll
0x00007ffaf70b0000 - 0x00007ffaf720d000 	C:\Windows\System32\CRYPT32.dll
0x00007ffaf64d0000 - 0x00007ffaf64f7000 	C:\Windows\SYSTEM32\ncrypt.dll
0x00007ffaf6490000 - 0x00007ffaf64cb000 	C:\Windows\SYSTEM32\NTASN1.dll
0x00007ffaef990000 - 0x00007ffaef997000 	C:\Windows\system32\wshunix.dll

dbghelp: loaded successfully - version: 4.0.5 - missing functions: none
symbol engine: initialized successfully - sym options: 0x614 - pdb path: .;C:\Users\welcome\.gradle\jdks\eclipse_adoptium-17-amd64-windows.2\bin;C:\Windows\SYSTEM32;C:\Windows\WinSxS\amd64_microsoft.windows.common-controls_6595b64144ccf1df_6.0.19041.6926_none_60b5a53971f8f7e6;C:\Users\welcome\.gradle\jdks\eclipse_adoptium-17-amd64-windows.2\bin\server;C:\Users\welcome\.gradle\native\660c5614fbf4a5f2a75b1949f50a0caf5cd603558e7d8a26e50b933a0cfb79d1\windows-amd64;C:\Users\welcome\.gradle\native\0.2.8\x86_64-windows-gnu

VM Arguments:
jvm_args: --add-opens=java.base/java.lang=ALL-UNNAMED --add-opens=java.base/java.lang.invoke=ALL-UNNAMED --add-opens=java.base/java.util=ALL-UNNAMED --add-opens=java.prefs/java.util.prefs=ALL-UNNAMED --add-exports=jdk.compiler/com.sun.tools.javac.api=ALL-UNNAMED --add-exports=jdk.compiler/com.sun.tools.javac.util=ALL-UNNAMED --add-opens=java.base/java.util=ALL-UNNAMED --add-opens=java.prefs/java.util.prefs=ALL-UNNAMED --add-opens=java.base/java.nio.charset=ALL-UNNAMED --add-opens=java.base/java.net=ALL-UNNAMED --add-opens=java.base/java.util.concurrent=ALL-UNNAMED --add-opens=java.base/java.util.concurrent.atomic=ALL-UNNAMED --add-opens=java.xml/javax.xml.namespace=ALL-UNNAMED --add-opens=java.base/java.time=ALL-UNNAMED -Xmx2048m -Dfile.encoding=UTF-8 -Duser.country=IN -Duser.language=en -Duser.variant -javaagent:C:\Users\welcome\.gradle\wrapper\dists\gradle-9.3.1-bin\23ovyewtku6u96viwx3xl3oks\gradle-9.3.1\lib\agents\gradle-instrumentation-agent-9.3.1.jar 
java_command: org.gradle.launcher.daemon.bootstrap.GradleDaemon 9.3.1
java_class_path (initial): C:\Users\welcome\.gradle\wrapper\dists\gradle-9.3.1-bin\23ovyewtku6u96viwx3xl3oks\gradle-9.3.1\lib\gradle-daemon-main-9.3.1.jar
Launcher Type: SUN_STANDARD

[Global flags]
     intx CICompilerCount                          = 4                                         {product} {ergonomic}
     uint ConcGCThreads                            = 2                                         {product} {ergonomic}
     uint G1ConcRefinementThreads                  = 8                                         {product} {ergonomic}
   size_t G1HeapRegionSize                         = 1048576                                   {product} {ergonomic}
    uintx GCDrainStackTargetSize                   = 64                                        {product} {ergonomic}
   size_t InitialHeapSize                          = 62914560                                  {product} {ergonomic}
   size_t MarkStackSize                            = 4194304                                   {product} {ergonomic}
   size_t MaxHeapSize                              = 2147483648                                {product} {command line}
   size_t MaxNewSize                               = 1287651328                                {product} {ergonomic}
   size_t MinHeapDeltaBytes                        = 1048576                                   {product} {ergonomic}
   size_t MinHeapSize                              = 8388608                                   {product} {ergonomic}
    uintx NonNMethodCodeHeapSize                   = 5839372                                {pd product} {ergonomic}
    uintx NonProfiledCodeHeapSize                  = 122909434                              {pd product} {ergonomic}
    uintx ProfiledCodeHeapSize                     = 122909434                              {pd product} {ergonomic}
    uintx ReservedCodeCacheSize                    = 251658240                              {pd product} {ergonomic}
     bool SegmentedCodeCache                       = true                                      {product} {ergonomic}
   size_t SoftMaxHeapSize                          = 2147483648                             {manageable} {ergonomic}
     bool UseCompressedClassPointers               = true                           {product lp64_product} {ergonomic}
     bool UseCompressedOops                        = true                           {product lp64_product} {ergonomic}
     bool UseG1GC                                  = true                                      {product} {ergonomic}
     bool UseLargePagesIndividualAllocation        = false                                  {pd product} {ergonomic}

Logging:
Log output configuration:
 #0: stdout all=warning uptime,level,tags
 #1: stderr all=off uptime,level,tags

Environment Variables:
PATH=C:\Windows\system32;C:\Windows;C:\Windows\System32\Wbem;C:\Windows\System32\WindowsPowerShell\v1.0\;C:\Windows\System32\OpenSSH\;C:\Program Files\Git\cmd;C:\Program Files\nodejs\;C:\Users\welcome\AppData\Local\Microsoft\WindowsApps;C:\Users\welcome\AppData\Local\Programs\Antigravity\bin;C:\Users\welcome\AppData\Local\Programs\cursor\resources\app\bin;C:\Users\welcome\AppData\Local\Programs\Microsoft VS Code\bin;C:\Users\welcome\AppData\Roaming\npm;C:\Users\welcome\AppData\Local\Android\Sdk;;C:\Users\welcome\AppData\Local\Android\Sdk\platform-tools;
USERNAME=welcome
OS=Windows_NT
PROCESSOR_IDENTIFIER=Intel64 Family 6 Model 140 Stepping 2, GenuineIntel
TMP=C:\Users\welcome\AppData\Local\Temp
TEMP=C:\Users\welcome\AppData\Local\Temp



Periodic native trim disabled


---------------  S Y S T E M  ---------------

OS:
 Windows 10 , 64 bit Build 19041 (10.0.19041.6807)
OS uptime: 5 days 19:57 hours

CPU: total 8 (initial active 8) (4 cores per cpu, 2 threads per core) family 6 model 140 stepping 2 microcode 0x34, cx8, cmov, fxsr, ht, mmx, 3dnowpref, sse, sse2, sse3, ssse3, sse4.1, sse4.2, popcnt, lzcnt, tsc, tscinvbit, avx, avx2, aes, erms, clmul, bmi1, bmi2, adx, avx512f, avx512dq, avx512cd, avx512bw, avx512vl, sha, fma, vzeroupper, avx512_vpopcntdq, avx512_vpclmulqdq, avx512_vaes, avx512_vnni, clflush, clflushopt, clwb, avx512_vbmi2, avx512_vbmi
Processor Information for processor 0
  Max Mhz: 2496, Current Mhz: 2496, Mhz Limit: 2496
Processor Information for processor 1
  Max Mhz: 2496, Current Mhz: 2496, Mhz Limit: 2496
Processor Information for processor 2
  Max Mhz: 2496, Current Mhz: 2496, Mhz Limit: 2496
Processor Information for processor 3
  Max Mhz: 2496, Current Mhz: 998, Mhz Limit: 2496
Processor Information for processor 4
  Max Mhz: 2496, Current Mhz: 2496, Mhz Limit: 2496
Processor Information for processor 5
  Max Mhz: 2496, Current Mhz: 998, Mhz Limit: 2496
Processor Information for processor 6
  Max Mhz: 2496, Current Mhz: 2496, Mhz Limit: 2496
Processor Information for processor 7
  Max Mhz: 2496, Current Mhz: 998, Mhz Limit: 2496

Memory: 4k page, system-wide physical 3738M (218M free)
TotalPageFile size 15002M (AvailPageFile size 3M)
current process WorkingSet (physical memory assigned to process): 223M, peak: 243M
current process commit charge ("private bytes"): 424M, peak: 425M

vm_info: OpenJDK 64-Bit Server VM (17.0.18+8) for windows-amd64 JRE (17.0.18+8), built on Jan 20 2026 22:28:22 by "admin" with MS VC++ 17.12 (VS2022)

END.
