#
# There is insufficient memory for the Java Runtime Environment to continue.
# Native memory allocation (malloc) failed to allocate 1801296 bytes. Error detail: Chunk::new
# Possible reasons:
#   The system is out of physical RAM or swap space
#   This process is running with CompressedOops enabled, and the Java Heap may be blocking the growth of the native heap
# Possible solutions:
#   Reduce memory load on the system
#   Increase physical memory or swap space
#   Check if swap backing store is full
#   Decrease Java heap size (-Xmx/-Xms)
#   Decrease number of Java threads
#   Decrease Java thread stack sizes (-Xss)
#   Set larger code cache with -XX:ReservedCodeCacheSize=
#   JVM is running with Unscaled Compressed Oops mode in which the Java heap is
#     placed in the first 4GB address space. The Java Heap base address is the
#     maximum limit for the native heap growth. Please use -XX:HeapBaseMinAddress
#     to set the Java Heap base and to place the Java Heap above 4GB virtual address.
# This output file may be truncated or incomplete.
#
#  Out of Memory Error (arena.cpp:191), pid=17592, tid=8200
#
# JRE version: OpenJDK Runtime Environment Temurin-17.0.18+8 (17.0.18+8) (build 17.0.18+8)
# Java VM: OpenJDK 64-Bit Server VM Temurin-17.0.18+8 (17.0.18+8, mixed mode, sharing, tiered, compressed oops, compressed class ptrs, g1 gc, windows-amd64)
# No core dump will be written. Minidumps are not enabled by default on client versions of Windows
#

---------------  S U M M A R Y ------------

Command Line: --add-opens=java.base/java.lang=ALL-UNNAMED --add-opens=java.base/java.lang.invoke=ALL-UNNAMED --add-opens=java.base/java.util=ALL-UNNAMED --add-opens=java.prefs/java.util.prefs=ALL-UNNAMED --add-exports=jdk.compiler/com.sun.tools.javac.api=ALL-UNNAMED --add-exports=jdk.compiler/com.sun.tools.javac.util=ALL-UNNAMED --add-opens=java.base/java.util=ALL-UNNAMED --add-opens=java.prefs/java.util.prefs=ALL-UNNAMED --add-opens=java.base/java.nio.charset=ALL-UNNAMED --add-opens=java.base/java.net=ALL-UNNAMED --add-opens=java.base/java.util.concurrent=ALL-UNNAMED --add-opens=java.base/java.util.concurrent.atomic=ALL-UNNAMED --add-opens=java.xml/javax.xml.namespace=ALL-UNNAMED --add-opens=java.base/java.time=ALL-UNNAMED -Xmx2048m -Dfile.encoding=UTF-8 -Duser.country=IN -Duser.language=en -Duser.variant -javaagent:C:\Users\welcome\.gradle\wrapper\dists\gradle-9.2.1-bin\2t0n5ozlw9xmuyvbp7dnzaxug\gradle-9.2.1\lib\agents\gradle-instrumentation-agent-9.2.1.jar org.gradle.launcher.daemon.bootstrap.GradleDaemon 9.2.1

Host: 11th Gen Intel(R) Core(TM) i5-1155G7 @ 2.50GHz, 8 cores, 3G,  Windows 10 , 64 bit Build 19041 (10.0.19041.6807)
Time: Tue Mar 17 09:22:28 2026 India Standard Time elapsed time: 22.764697 seconds (0d 0h 0m 22s)

---------------  T H R E A D  ---------------

Current thread (0x000002427a7ea710):  JavaThread "C2 CompilerThread0" daemon [_thread_in_native, id=8200, stack(0x000000a3e0a00000,0x000000a3e0b00000)]


Current CompileTask:
C2:22764 8193       4       java.lang.Class::annotationData (44 bytes)

Stack: [0x000000a3e0a00000,0x000000a3e0b00000]
Native frames: (J=compiled Java code, j=interpreted, Vv=VM code, C=native code)
V  [jvm.dll+0x6846f9]
V  [jvm.dll+0x839ea5]
V  [jvm.dll+0x83b91e]
V  [jvm.dll+0x83bfa3]
V  [jvm.dll+0x248eff]
V  [jvm.dll+0xad496]
V  [jvm.dll+0xadb3c]
V  [jvm.dll+0x368bcf]
V  [jvm.dll+0x333055]
V  [jvm.dll+0x3324ba]
V  [jvm.dll+0x219db9]
V  [jvm.dll+0x219200]
V  [jvm.dll+0x1a4920]
V  [jvm.dll+0x22989a]
V  [jvm.dll+0x227a4b]
V  [jvm.dll+0x7f0658]
V  [jvm.dll+0x7eaaec]
V  [jvm.dll+0x6835c7]
C  [ucrtbase.dll+0x21bb2]
C  [KERNEL32.DLL+0x17374]
C  [ntdll.dll+0x4cc91]


---------------  P R O C E S S  ---------------

Threads class SMR info:
_java_thread_list=0x0000024243c8b900, length=62, elements={
0x000002425c3231d0, 0x000002427a7b9560, 0x000002427a7bc040, 0x000002427a7d2310,
0x000002427a7d4bf0, 0x000002427a7d74d0, 0x000002427a7d7da0, 0x000002427a7ea710,
0x000002427a7eb9c0, 0x000002427a7ef820, 0x000002427aa187f0, 0x000002427ab4cff0,
0x0000024241d81a60, 0x0000024241352030, 0x000002424131c6f0, 0x000002424200bb60,
0x0000024242021ec0, 0x0000024242020a80, 0x00000242420223d0, 0x0000024242022df0,
0x0000024242020f90, 0x00000242420214a0, 0x00000242420219b0, 0x00000242420228e0,
0x0000024242023300, 0x0000024242023810, 0x0000024242020060, 0x0000024242020570,
0x000002424268c3b0, 0x000002424268e210, 0x000002424268d7f0, 0x000002424268cdd0,
0x000002424268ec30, 0x000002424268b480, 0x000002424268b990, 0x000002424268bea0,
0x000002424268c8c0, 0x000002424268d2e0, 0x000002424268dd00, 0x000002424416b660,
0x000002424416f830, 0x000002424416c080, 0x000002424416ac40, 0x00000242441688d0,
0x0000024244169800, 0x000002424416bb70, 0x000002424416e900, 0x000002424416a730,
0x0000024244168de0, 0x000002424416c590, 0x00000242441692f0, 0x000002424416f320,
0x000002424416caa0, 0x000002424416fd40, 0x0000024244170250, 0x000002424416cfb0,
0x000002424416d4c0, 0x000002424416d9d0, 0x0000024244169d10, 0x000002424416dee0,
0x000002424416a220, 0x000002424416b150
}

Java Threads: ( => current thread )
  0x000002425c3231d0 JavaThread "main" [_thread_blocked, id=2804, stack(0x000000a3dfd00000,0x000000a3dfe00000)]
  0x000002427a7b9560 JavaThread "Reference Handler" daemon [_thread_blocked, id=12084, stack(0x000000a3e0400000,0x000000a3e0500000)]
  0x000002427a7bc040 JavaThread "Finalizer" daemon [_thread_blocked, id=12456, stack(0x000000a3e0500000,0x000000a3e0600000)]
  0x000002427a7d2310 JavaThread "Signal Dispatcher" daemon [_thread_blocked, id=19312, stack(0x000000a3e0600000,0x000000a3e0700000)]
  0x000002427a7d4bf0 JavaThread "Attach Listener" daemon [_thread_blocked, id=8152, stack(0x000000a3e0700000,0x000000a3e0800000)]
  0x000002427a7d74d0 JavaThread "Service Thread" daemon [_thread_blocked, id=17644, stack(0x000000a3e0800000,0x000000a3e0900000)]
  0x000002427a7d7da0 JavaThread "Monitor Deflation Thread" daemon [_thread_blocked, id=18732, stack(0x000000a3e0900000,0x000000a3e0a00000)]
=>0x000002427a7ea710 JavaThread "C2 CompilerThread0" daemon [_thread_in_native, id=8200, stack(0x000000a3e0a00000,0x000000a3e0b00000)]
  0x000002427a7eb9c0 JavaThread "C1 CompilerThread0" daemon [_thread_blocked, id=15908, stack(0x000000a3e0b00000,0x000000a3e0c00000)]
  0x000002427a7ef820 JavaThread "Sweeper thread" daemon [_thread_blocked, id=20196, stack(0x000000a3e0c00000,0x000000a3e0d00000)]
  0x000002427aa187f0 JavaThread "Common-Cleaner" daemon [_thread_blocked, id=22756, stack(0x000000a3e0d00000,0x000000a3e0e00000)]
  0x000002427ab4cff0 JavaThread "Notification Thread" daemon [_thread_blocked, id=4260, stack(0x000000a3e0e00000,0x000000a3e0f00000)]
  0x0000024241d81a60 JavaThread "Daemon health stats" [_thread_blocked, id=21088, stack(0x000000a3e1400000,0x000000a3e1500000)]
  0x0000024241352030 JavaThread "Incoming local TCP Connector on port 51903" [_thread_in_native, id=12584, stack(0x000000a3e1500000,0x000000a3e1600000)]
  0x000002424131c6f0 JavaThread "Daemon periodic checks" [_thread_blocked, id=9652, stack(0x000000a3e1600000,0x000000a3e1700000)]
  0x000002424200bb60 JavaThread "Daemon" [_thread_blocked, id=8988, stack(0x000000a3e1700000,0x000000a3e1800000)]
  0x0000024242021ec0 JavaThread "Handler for socket connection from /127.0.0.1:51903 to /127.0.0.1:51904" [_thread_in_native, id=17576, stack(0x000000a3e1800000,0x000000a3e1900000)]
  0x0000024242020a80 JavaThread "Cancel handler" [_thread_blocked, id=11068, stack(0x000000a3e1c00000,0x000000a3e1d00000)]
  0x00000242420223d0 JavaThread "Daemon worker" [_thread_in_Java, id=23500, stack(0x000000a3e1d00000,0x000000a3e1e00000)]
  0x0000024242022df0 JavaThread "Asynchronous log dispatcher for DefaultDaemonConnection: socket connection from /127.0.0.1:51903 to /127.0.0.1:51904" [_thread_blocked, id=14076, stack(0x000000a3e1e00000,0x000000a3e1f00000)]
  0x0000024242020f90 JavaThread "Stdin handler" [_thread_blocked, id=20304, stack(0x000000a3e1f00000,0x000000a3e2000000)]
  0x00000242420214a0 JavaThread "Daemon client event forwarder" [_thread_blocked, id=24048, stack(0x000000a3e2000000,0x000000a3e2100000)]
  0x00000242420219b0 JavaThread "Cache worker for journal cache (C:\Users\welcome\.gradle\caches\journal-1)" [_thread_blocked, id=15992, stack(0x000000a3e2100000,0x000000a3e2200000)]
  0x00000242420228e0 JavaThread "File lock request listener" [_thread_in_native, id=14648, stack(0x000000a3e2200000,0x000000a3e2300000)]
  0x0000024242023300 JavaThread "Cache worker for file hash cache (C:\Users\welcome\.gradle\caches\9.2.1\fileHashes)" [_thread_blocked, id=22720, stack(0x000000a3e2300000,0x000000a3e2400000)]
  0x0000024242023810 JavaThread "Cache worker for file hash cache (C:\Users\welcome\AndroidStudioProjects\mindguardaipsychologicalsupportapp\.gradle\9.2.1\fileHashes)" [_thread_blocked, id=20340, stack(0x000000a3e2500000,0x000000a3e2600000)]
  0x0000024242020060 JavaThread "Cache worker for Build Output Cleanup Cache (C:\Users\welcome\AndroidStudioProjects\mindguardaipsychologicalsupportapp\.gradle\buildOutputCleanup)" [_thread_blocked, id=22856, stack(0x000000a3e2600000,0x000000a3e2700000)]
  0x0000024242020570 JavaThread "File watcher server" daemon [_thread_in_native, id=10844, stack(0x000000a3e2700000,0x000000a3e2800000)]
  0x000002424268c3b0 JavaThread "File watcher consumer" daemon [_thread_blocked, id=12012, stack(0x000000a3e2800000,0x000000a3e2900000)]
  0x000002424268e210 JavaThread "Cache worker for checksums cache (C:\Users\welcome\AndroidStudioProjects\mindguardaipsychologicalsupportapp\.gradle\9.2.1\checksums)" [_thread_blocked, id=9892, stack(0x000000a3e2900000,0x000000a3e2a00000)]
  0x000002424268d7f0 JavaThread "Cache worker for file content cache (C:\Users\welcome\.gradle\caches\9.2.1\fileContent)" [_thread_blocked, id=23760, stack(0x000000a3e2a00000,0x000000a3e2b00000)]
  0x000002424268cdd0 JavaThread "Cache worker for cache directory md-supplier (C:\Users\welcome\.gradle\caches\9.2.1\md-supplier)" [_thread_blocked, id=9072, stack(0x000000a3e2b00000,0x000000a3e2c00000)]
  0x000002424268ec30 JavaThread "Cache worker for cache directory md-rule (C:\Users\welcome\.gradle\caches\9.2.1\md-rule)" [_thread_blocked, id=20148, stack(0x000000a3e2c00000,0x000000a3e2d00000)]
  0x000002424268b480 JavaThread "jar transforms" [_thread_blocked, id=6600, stack(0x000000a3e2d00000,0x000000a3e2e00000)]
  0x000002424268b990 JavaThread "jar transforms Thread 2" [_thread_blocked, id=23184, stack(0x000000a3e2e00000,0x000000a3e2f00000)]
  0x000002424268bea0 JavaThread "jar transforms Thread 3" [_thread_blocked, id=4948, stack(0x000000a3e2f00000,0x000000a3e3000000)]
  0x000002424268c8c0 JavaThread "Unconstrained build operations" [_thread_blocked, id=9200, stack(0x000000a3e3000000,0x000000a3e3100000)]
  0x000002424268d2e0 JavaThread "Unconstrained build operations Thread 2" [_thread_blocked, id=23440, stack(0x000000a3e3100000,0x000000a3e3200000)]
  0x000002424268dd00 JavaThread "Unconstrained build operations Thread 3" [_thread_blocked, id=1012, stack(0x000000a3e3200000,0x000000a3e3300000)]
  0x000002424416b660 JavaThread "Unconstrained build operations Thread 4" [_thread_blocked, id=9828, stack(0x000000a3e3300000,0x000000a3e3400000)]
  0x000002424416f830 JavaThread "Unconstrained build operations Thread 5" [_thread_blocked, id=17752, stack(0x000000a3e3400000,0x000000a3e3500000)]
  0x000002424416c080 JavaThread "Unconstrained build operations Thread 6" [_thread_blocked, id=10364, stack(0x000000a3e3500000,0x000000a3e3600000)]
  0x000002424416ac40 JavaThread "Unconstrained build operations Thread 7" [_thread_blocked, id=22072, stack(0x000000a3e3600000,0x000000a3e3700000)]
  0x00000242441688d0 JavaThread "Unconstrained build operations Thread 8" [_thread_blocked, id=21560, stack(0x000000a3e3700000,0x000000a3e3800000)]
  0x0000024244169800 JavaThread "Unconstrained build operations Thread 9" [_thread_blocked, id=19128, stack(0x000000a3e3800000,0x000000a3e3900000)]
  0x000002424416bb70 JavaThread "Unconstrained build operations Thread 10" [_thread_blocked, id=21132, stack(0x000000a3e3900000,0x000000a3e3a00000)]
  0x000002424416e900 JavaThread "Unconstrained build operations Thread 11" [_thread_blocked, id=6536, stack(0x000000a3e3a00000,0x000000a3e3b00000)]
  0x000002424416a730 JavaThread "Unconstrained build operations Thread 12" [_thread_blocked, id=21396, stack(0x000000a3e3b00000,0x000000a3e3c00000)]
  0x0000024244168de0 JavaThread "Unconstrained build operations Thread 13" [_thread_blocked, id=11104, stack(0x000000a3e3c00000,0x000000a3e3d00000)]
  0x000002424416c590 JavaThread "Unconstrained build operations Thread 14" [_thread_blocked, id=15204, stack(0x000000a3e3d00000,0x000000a3e3e00000)]
  0x00000242441692f0 JavaThread "jar transforms Thread 4" [_thread_blocked, id=19088, stack(0x000000a3e3e00000,0x000000a3e3f00000)]
  0x000002424416f320 JavaThread "jar transforms Thread 5" [_thread_blocked, id=22384, stack(0x000000a3e3f00000,0x000000a3e4000000)]
  0x000002424416caa0 JavaThread "Unconstrained build operations Thread 15" [_thread_blocked, id=7664, stack(0x000000a3e4000000,0x000000a3e4100000)]
  0x000002424416fd40 JavaThread "Unconstrained build operations Thread 16" [_thread_blocked, id=864, stack(0x000000a3e4100000,0x000000a3e4200000)]
  0x0000024244170250 JavaThread "Unconstrained build operations Thread 17" [_thread_blocked, id=660, stack(0x000000a3e4200000,0x000000a3e4300000)]
  0x000002424416cfb0 JavaThread "Unconstrained build operations Thread 18" [_thread_blocked, id=1820, stack(0x000000a3e4300000,0x000000a3e4400000)]
  0x000002424416d4c0 JavaThread "Unconstrained build operations Thread 19" [_thread_blocked, id=10312, stack(0x000000a3e4400000,0x000000a3e4500000)]
  0x000002424416d9d0 JavaThread "Unconstrained build operations Thread 20" [_thread_blocked, id=13804, stack(0x000000a3e4500000,0x000000a3e4600000)]
  0x0000024244169d10 JavaThread "Unconstrained build operations Thread 21" [_thread_blocked, id=17868, stack(0x000000a3e4600000,0x000000a3e4700000)]
  0x000002424416dee0 JavaThread "jar transforms Thread 6" [_thread_blocked, id=10496, stack(0x000000a3e4700000,0x000000a3e4800000)]
  0x000002424416a220 JavaThread "jar transforms Thread 7" [_thread_blocked, id=7584, stack(0x000000a3e4800000,0x000000a3e4900000)]
  0x000002424416b150 JavaThread "jar transforms Thread 8" [_thread_blocked, id=22480, stack(0x000000a3e4900000,0x000000a3e4a00000)]

Other Threads:
  0x000002427a7b5330 VMThread "VM Thread" [stack: 0x000000a3e0300000,0x000000a3e0400000] [id=17044]
  0x000002425c3240a0 WatcherThread [stack: 0x000000a3e0f00000,0x000000a3e1000000] [id=2372]
  0x000002425c37e320 GCTaskThread "GC Thread#0" [stack: 0x000000a3dfe00000,0x000000a3dff00000] [id=13440]
  0x000002427ab86ef0 GCTaskThread "GC Thread#1" [stack: 0x000000a3e1000000,0x000000a3e1100000] [id=14300]
  0x000002427abc04f0 GCTaskThread "GC Thread#2" [stack: 0x000000a3e1100000,0x000000a3e1200000] [id=20656]
  0x000002424123c020 GCTaskThread "GC Thread#3" [stack: 0x000000a3e1200000,0x000000a3e1300000] [id=13308]
  0x00000242410aeed0 GCTaskThread "GC Thread#4" [stack: 0x000000a3e1300000,0x000000a3e1400000] [id=21216]
  0x0000024241af84a0 GCTaskThread "GC Thread#5" [stack: 0x000000a3e1900000,0x000000a3e1a00000] [id=20840]
  0x0000024242135d00 GCTaskThread "GC Thread#6" [stack: 0x000000a3e1a00000,0x000000a3e1b00000] [id=15052]
  0x000002424200e1a0 GCTaskThread "GC Thread#7" [stack: 0x000000a3e1b00000,0x000000a3e1c00000] [id=21536]
  0x000002425c38f920 ConcurrentGCThread "G1 Main Marker" [stack: 0x000000a3dff00000,0x000000a3e0000000] [id=22032]
  0x000002425c390250 ConcurrentGCThread "G1 Conc#0" [stack: 0x000000a3e0000000,0x000000a3e0100000] [id=11196]
  0x00000242420c2940 ConcurrentGCThread "G1 Conc#1" [stack: 0x000000a3e2400000,0x000000a3e2500000] [id=10012]
  0x000002425c3de270 ConcurrentGCThread "G1 Refine#0" [stack: 0x000000a3e0100000,0x000000a3e0200000] [id=10956]
  0x00000242437fbf00 ConcurrentGCThread "G1 Refine#1" [stack: 0x000000a3e4a00000,0x000000a3e4b00000] [id=9528]
  0x00000242437fd0a0 ConcurrentGCThread "G1 Refine#2" [stack: 0x000000a3e4b00000,0x000000a3e4c00000] [id=15168]
  0x00000242437fbc10 ConcurrentGCThread "G1 Refine#3" [stack: 0x000000a3e4c00000,0x000000a3e4d00000] [id=15664]
  0x00000242437fd680 ConcurrentGCThread "G1 Refine#4" [stack: 0x000000a3e4d00000,0x000000a3e4e00000] [id=1036]
  0x00000242437fa490 ConcurrentGCThread "G1 Refine#5" [stack: 0x000000a3e4e00000,0x000000a3e4f00000] [id=13596]
  0x00000242437fd970 ConcurrentGCThread "G1 Refine#6" [stack: 0x000000a3e4f00000,0x000000a3e5000000] [id=14660]
  0x000002425c3debb0 ConcurrentGCThread "G1 Service" [stack: 0x000000a3e0200000,0x000000a3e0300000] [id=6284]

Threads with active compile tasks:
C2 CompilerThread0  22996 8193       4       java.lang.Class::annotationData (44 bytes)

VM state: not at safepoint (normal execution)

VM Mutex/Monitor currently owned by a thread: None

Heap address: 0x0000000080000000, size: 2048 MB, Compressed Oops mode: 32-bit

CDS archive(s) mapped at: [0x0000024200000000-0x0000024200bb0000-0x0000024200bb0000), size 12255232, SharedBaseAddress: 0x0000024200000000, ArchiveRelocationMode: 1.
Compressed class space mapped at: 0x0000024201000000-0x0000024241000000, reserved size: 1073741824
Narrow klass base: 0x0000024200000000, Narrow klass shift: 0, Narrow klass range: 0x100000000

GC Precious Log:
 CPUs: 8 total, 8 available
 Memory: 3738M
 Large Page Support: Disabled
 NUMA Support: Disabled
 Compressed Oops: Enabled (32-bit)
 Heap Region Size: 1M
 Heap Min Capacity: 8M
 Heap Initial Capacity: 60M
 Heap Max Capacity: 2G
 Pre-touch: Disabled
 Parallel Workers: 8
 Concurrent Workers: 2
 Concurrent Refinement Workers: 8
 Periodic GC: Disabled

Heap:
 garbage-first heap   total 218112K, used 149247K [0x0000000080000000, 0x0000000100000000)
  region size 1024K, 66 young (67584K), 12 survivors (12288K)
 Metaspace       used 97326K, committed 98112K, reserved 1179648K
  class space    used 12627K, committed 12992K, reserved 1048576K

Heap Regions: E=young(eden), S=young(survivor), O=old, HS=humongous(starts), HC=humongous(continues), CS=collection set, F=free, OA=open archive, CA=closed archive, TAMS=top-at-mark-start (previous, next)
|   0|0x0000000080000000, 0x0000000080100000, 0x0000000080100000|100%|HS|  |TAMS 0x0000000080100000, 0x0000000080000000| Complete 
|   1|0x0000000080100000, 0x0000000080200000, 0x0000000080200000|100%|HC|  |TAMS 0x0000000080200000, 0x0000000080100000| Complete 
|   2|0x0000000080200000, 0x0000000080300000, 0x0000000080300000|100%|HC|  |TAMS 0x0000000080300000, 0x0000000080200000| Complete 
|   3|0x0000000080300000, 0x0000000080400000, 0x0000000080400000|100%|HC|  |TAMS 0x0000000080400000, 0x0000000080300000| Complete 
|   4|0x0000000080400000, 0x0000000080500000, 0x0000000080500000|100%| O|  |TAMS 0x0000000080400000, 0x0000000080400000| Untracked 
|   5|0x0000000080500000, 0x0000000080600000, 0x0000000080600000|100%| O|  |TAMS 0x0000000080600000, 0x0000000080500000| Untracked 
|   6|0x0000000080600000, 0x0000000080700000, 0x0000000080700000|100%| O|  |TAMS 0x0000000080700000, 0x0000000080600000| Untracked 
|   7|0x0000000080700000, 0x0000000080800000, 0x0000000080800000|100%| O|  |TAMS 0x0000000080800000, 0x0000000080700000| Untracked 
|   8|0x0000000080800000, 0x0000000080900000, 0x0000000080900000|100%| O|  |TAMS 0x0000000080900000, 0x0000000080800000| Untracked 
|   9|0x0000000080900000, 0x0000000080a00000, 0x0000000080a00000|100%| O|  |TAMS 0x0000000080a00000, 0x0000000080900000| Untracked 
|  10|0x0000000080a00000, 0x0000000080b00000, 0x0000000080b00000|100%| O|  |TAMS 0x0000000080b00000, 0x0000000080a00000| Untracked 
|  11|0x0000000080b00000, 0x0000000080c00000, 0x0000000080c00000|100%| O|  |TAMS 0x0000000080c00000, 0x0000000080b00000| Untracked 
|  12|0x0000000080c00000, 0x0000000080d00000, 0x0000000080d00000|100%|HS|  |TAMS 0x0000000080d00000, 0x0000000080c00000| Complete 
|  13|0x0000000080d00000, 0x0000000080e00000, 0x0000000080e00000|100%| O|  |TAMS 0x0000000080e00000, 0x0000000080d00000| Untracked 
|  14|0x0000000080e00000, 0x0000000080f00000, 0x0000000080f00000|100%| O|  |TAMS 0x0000000080f00000, 0x0000000080e00000| Untracked 
|  15|0x0000000080f00000, 0x0000000081000000, 0x0000000081000000|100%| O|  |TAMS 0x0000000081000000, 0x0000000080f00000| Untracked 
|  16|0x0000000081000000, 0x0000000081100000, 0x0000000081100000|100%| O|  |TAMS 0x0000000081100000, 0x0000000081000000| Untracked 
|  17|0x0000000081100000, 0x0000000081200000, 0x0000000081200000|100%| O|  |TAMS 0x0000000081200000, 0x0000000081100000| Untracked 
|  18|0x0000000081200000, 0x0000000081300000, 0x0000000081300000|100%| O|  |TAMS 0x0000000081300000, 0x0000000081200000| Untracked 
|  19|0x0000000081300000, 0x0000000081400000, 0x0000000081400000|100%| O|  |TAMS 0x0000000081400000, 0x0000000081300000| Untracked 
|  20|0x0000000081400000, 0x0000000081500000, 0x0000000081500000|100%| O|  |TAMS 0x0000000081500000, 0x0000000081400000| Untracked 
|  21|0x0000000081500000, 0x0000000081600000, 0x0000000081600000|100%| O|  |TAMS 0x0000000081600000, 0x0000000081500000| Untracked 
|  22|0x0000000081600000, 0x0000000081700000, 0x0000000081700000|100%| O|  |TAMS 0x0000000081700000, 0x0000000081600000| Untracked 
|  23|0x0000000081700000, 0x0000000081800000, 0x0000000081800000|100%| O|  |TAMS 0x0000000081800000, 0x0000000081700000| Untracked 
|  24|0x0000000081800000, 0x0000000081900000, 0x0000000081900000|100%| O|  |TAMS 0x0000000081900000, 0x0000000081800000| Untracked 
|  25|0x0000000081900000, 0x0000000081a00000, 0x0000000081a00000|100%| O|  |TAMS 0x0000000081a00000, 0x0000000081900000| Untracked 
|  26|0x0000000081a00000, 0x0000000081b00000, 0x0000000081b00000|100%| O|  |TAMS 0x0000000081b00000, 0x0000000081a00000| Untracked 
|  27|0x0000000081b00000, 0x0000000081c00000, 0x0000000081c00000|100%| O|  |TAMS 0x0000000081c00000, 0x0000000081b00000| Untracked 
|  28|0x0000000081c00000, 0x0000000081d00000, 0x0000000081d00000|100%| O|  |TAMS 0x0000000081d00000, 0x0000000081c00000| Untracked 
|  29|0x0000000081d00000, 0x0000000081e00000, 0x0000000081e00000|100%| O|  |TAMS 0x0000000081e00000, 0x0000000081d00000| Untracked 
|  30|0x0000000081e00000, 0x0000000081f00000, 0x0000000081f00000|100%| O|  |TAMS 0x0000000081f00000, 0x0000000081e00000| Untracked 
|  31|0x0000000081f00000, 0x0000000082000000, 0x0000000082000000|100%| O|  |TAMS 0x0000000082000000, 0x0000000081f00000| Untracked 
|  32|0x0000000082000000, 0x0000000082100000, 0x0000000082100000|100%| O|  |TAMS 0x0000000082100000, 0x0000000082000000| Untracked 
|  33|0x0000000082100000, 0x0000000082200000, 0x0000000082200000|100%|HS|  |TAMS 0x0000000082200000, 0x0000000082100000| Complete 
|  34|0x0000000082200000, 0x0000000082300000, 0x0000000082300000|100%|HC|  |TAMS 0x0000000082300000, 0x0000000082200000| Complete 
|  35|0x0000000082300000, 0x0000000082400000, 0x0000000082400000|100%| O|  |TAMS 0x0000000082400000, 0x0000000082300000| Untracked 
|  36|0x0000000082400000, 0x0000000082500000, 0x0000000082500000|100%| O|  |TAMS 0x0000000082500000, 0x0000000082400000| Untracked 
|  37|0x0000000082500000, 0x0000000082600000, 0x0000000082600000|100%| O|  |TAMS 0x0000000082600000, 0x0000000082500000| Untracked 
|  38|0x0000000082600000, 0x0000000082700000, 0x0000000082700000|100%| O|  |TAMS 0x0000000082700000, 0x0000000082600000| Untracked 
|  39|0x0000000082700000, 0x0000000082800000, 0x0000000082800000|100%| O|  |TAMS 0x0000000082800000, 0x0000000082700000| Untracked 
|  40|0x0000000082800000, 0x0000000082900000, 0x0000000082900000|100%| O|  |TAMS 0x0000000082900000, 0x0000000082800000| Untracked 
|  41|0x0000000082900000, 0x0000000082a00000, 0x0000000082a00000|100%| O|  |TAMS 0x0000000082a00000, 0x0000000082900000| Untracked 
|  42|0x0000000082a00000, 0x0000000082b00000, 0x0000000082b00000|100%| O|  |TAMS 0x0000000082b00000, 0x0000000082a00000| Untracked 
|  43|0x0000000082b00000, 0x0000000082c00000, 0x0000000082c00000|100%| O|  |TAMS 0x0000000082c00000, 0x0000000082b00000| Untracked 
|  44|0x0000000082c00000, 0x0000000082d00000, 0x0000000082d00000|100%| O|  |TAMS 0x0000000082d00000, 0x0000000082c00000| Untracked 
|  45|0x0000000082d00000, 0x0000000082e00000, 0x0000000082e00000|100%| O|  |TAMS 0x0000000082e00000, 0x0000000082d00000| Untracked 
|  46|0x0000000082e00000, 0x0000000082f00000, 0x0000000082f00000|100%| O|  |TAMS 0x0000000082f00000, 0x0000000082e00000| Untracked 
|  47|0x0000000082f00000, 0x0000000083000000, 0x0000000083000000|100%| O|  |TAMS 0x0000000083000000, 0x0000000082f00000| Untracked 
|  48|0x0000000083000000, 0x0000000083100000, 0x0000000083100000|100%| O|  |TAMS 0x0000000083100000, 0x0000000083000000| Untracked 
|  49|0x0000000083100000, 0x0000000083200000, 0x0000000083200000|100%| O|  |TAMS 0x0000000083200000, 0x0000000083100000| Untracked 
|  50|0x0000000083200000, 0x0000000083300000, 0x0000000083300000|100%| O|  |TAMS 0x0000000083300000, 0x0000000083200000| Untracked 
|  51|0x0000000083300000, 0x0000000083400000, 0x0000000083400000|100%| O|  |TAMS 0x0000000083400000, 0x0000000083300000| Untracked 
|  52|0x0000000083400000, 0x0000000083500000, 0x0000000083500000|100%| O|  |TAMS 0x0000000083500000, 0x0000000083400000| Untracked 
|  53|0x0000000083500000, 0x0000000083600000, 0x0000000083600000|100%| O|  |TAMS 0x0000000083600000, 0x0000000083500000| Untracked 
|  54|0x0000000083600000, 0x0000000083700000, 0x0000000083700000|100%| O|  |TAMS 0x0000000083700000, 0x0000000083600000| Untracked 
|  55|0x0000000083700000, 0x0000000083800000, 0x0000000083800000|100%| O|  |TAMS 0x0000000083800000, 0x0000000083700000| Untracked 
|  56|0x0000000083800000, 0x0000000083900000, 0x0000000083900000|100%| O|  |TAMS 0x0000000083900000, 0x0000000083800000| Untracked 
|  57|0x0000000083900000, 0x0000000083a00000, 0x0000000083a00000|100%| O|  |TAMS 0x0000000083a00000, 0x0000000083900000| Untracked 
|  58|0x0000000083a00000, 0x0000000083b00000, 0x0000000083b00000|100%|HS|  |TAMS 0x0000000083a00000, 0x0000000083a00000| Complete 
|  59|0x0000000083b00000, 0x0000000083c00000, 0x0000000083c00000|100%| O|  |TAMS 0x0000000083c00000, 0x0000000083b00000| Untracked 
|  60|0x0000000083c00000, 0x0000000083d00000, 0x0000000083d00000|100%| O|  |TAMS 0x0000000083cb2600, 0x0000000083c00000| Untracked 
|  61|0x0000000083d00000, 0x0000000083e00000, 0x0000000083e00000|100%| O|  |TAMS 0x0000000083e00000, 0x0000000083d00000| Untracked 
|  62|0x0000000083e00000, 0x0000000083f00000, 0x0000000083f00000|100%| O|  |TAMS 0x0000000083f00000, 0x0000000083e00000| Untracked 
|  63|0x0000000083f00000, 0x0000000084000000, 0x0000000084000000|100%| O|  |TAMS 0x0000000084000000, 0x0000000083f00000| Untracked 
|  64|0x0000000084000000, 0x0000000084100000, 0x0000000084100000|100%| O|  |TAMS 0x0000000084000000, 0x0000000084000000| Untracked 
|  65|0x0000000084100000, 0x0000000084200000, 0x0000000084200000|100%| O|  |TAMS 0x0000000084100000, 0x0000000084100000| Untracked 
|  66|0x0000000084200000, 0x0000000084300000, 0x0000000084300000|100%| O|  |TAMS 0x0000000084200000, 0x0000000084200000| Untracked 
|  67|0x0000000084300000, 0x0000000084400000, 0x0000000084400000|100%| O|  |TAMS 0x0000000084300000, 0x0000000084300000| Untracked 
|  68|0x0000000084400000, 0x0000000084500000, 0x0000000084500000|100%| O|  |TAMS 0x0000000084400000, 0x0000000084400000| Untracked 
|  69|0x0000000084500000, 0x0000000084600000, 0x0000000084600000|100%| O|  |TAMS 0x0000000084500000, 0x0000000084500000| Untracked 
|  70|0x0000000084600000, 0x0000000084700000, 0x0000000084700000|100%| O|  |TAMS 0x0000000084600000, 0x0000000084600000| Untracked 
|  71|0x0000000084700000, 0x0000000084800000, 0x0000000084800000|100%| O|  |TAMS 0x0000000084700000, 0x0000000084700000| Untracked 
|  72|0x0000000084800000, 0x0000000084900000, 0x0000000084900000|100%| O|  |TAMS 0x0000000084800000, 0x0000000084800000| Untracked 
|  73|0x0000000084900000, 0x0000000084a00000, 0x0000000084a00000|100%| O|  |TAMS 0x0000000084900000, 0x0000000084900000| Untracked 
|  74|0x0000000084a00000, 0x0000000084b00000, 0x0000000084b00000|100%| O|  |TAMS 0x0000000084a00000, 0x0000000084a00000| Untracked 
|  75|0x0000000084b00000, 0x0000000084c00000, 0x0000000084c00000|100%| O|  |TAMS 0x0000000084b00000, 0x0000000084b00000| Untracked 
|  76|0x0000000084c00000, 0x0000000084d00000, 0x0000000084d00000|100%| O|  |TAMS 0x0000000084c00000, 0x0000000084c00000| Untracked 
|  77|0x0000000084d00000, 0x0000000084e00000, 0x0000000084e00000|100%| O|  |TAMS 0x0000000084d00000, 0x0000000084d00000| Untracked 
|  78|0x0000000084e00000, 0x0000000084f00000, 0x0000000084f00000|100%| O|  |TAMS 0x0000000084e00000, 0x0000000084e00000| Untracked 
|  79|0x0000000084f00000, 0x0000000085000000, 0x0000000085000000|100%| O|  |TAMS 0x0000000084f00000, 0x0000000084f00000| Untracked 
|  80|0x0000000085000000, 0x0000000085100000, 0x0000000085100000|100%| O|  |TAMS 0x0000000085000000, 0x0000000085000000| Untracked 
|  81|0x0000000085100000, 0x0000000085200000, 0x0000000085200000|100%| O|  |TAMS 0x0000000085100000, 0x0000000085100000| Untracked 
|  82|0x0000000085200000, 0x0000000085286400, 0x0000000085300000| 52%| O|  |TAMS 0x0000000085200000, 0x0000000085200000| Untracked 
|  83|0x0000000085300000, 0x0000000085300000, 0x0000000085400000|  0%| F|  |TAMS 0x0000000085300000, 0x0000000085300000| Untracked 
|  84|0x0000000085400000, 0x0000000085400000, 0x0000000085500000|  0%| F|  |TAMS 0x0000000085400000, 0x0000000085400000| Untracked 
|  85|0x0000000085500000, 0x0000000085500000, 0x0000000085600000|  0%| F|  |TAMS 0x0000000085500000, 0x0000000085500000| Untracked 
|  86|0x0000000085600000, 0x0000000085600000, 0x0000000085700000|  0%| F|  |TAMS 0x0000000085600000, 0x0000000085600000| Untracked 
|  87|0x0000000085700000, 0x0000000085700000, 0x0000000085800000|  0%| F|  |TAMS 0x0000000085700000, 0x0000000085700000| Untracked 
|  88|0x0000000085800000, 0x0000000085800000, 0x0000000085900000|  0%| F|  |TAMS 0x0000000085800000, 0x0000000085800000| Untracked 
|  89|0x0000000085900000, 0x0000000085900000, 0x0000000085a00000|  0%| F|  |TAMS 0x0000000085900000, 0x0000000085900000| Untracked 
|  90|0x0000000085a00000, 0x0000000085a00000, 0x0000000085b00000|  0%| F|  |TAMS 0x0000000085a00000, 0x0000000085a00000| Untracked 
|  91|0x0000000085b00000, 0x0000000085b00000, 0x0000000085c00000|  0%| F|  |TAMS 0x0000000085b00000, 0x0000000085b00000| Untracked 
|  92|0x0000000085c00000, 0x0000000085c00000, 0x0000000085d00000|  0%| F|  |TAMS 0x0000000085c00000, 0x0000000085c00000| Untracked 
|  93|0x0000000085d00000, 0x0000000085d00000, 0x0000000085e00000|  0%| F|  |TAMS 0x0000000085d00000, 0x0000000085d00000| Untracked 
|  94|0x0000000085e00000, 0x0000000085e00000, 0x0000000085f00000|  0%| F|  |TAMS 0x0000000085e00000, 0x0000000085e00000| Untracked 
|  95|0x0000000085f00000, 0x0000000085f00000, 0x0000000086000000|  0%| F|  |TAMS 0x0000000085f00000, 0x0000000085f00000| Untracked 
|  96|0x0000000086000000, 0x0000000086000000, 0x0000000086100000|  0%| F|  |TAMS 0x0000000086000000, 0x0000000086000000| Untracked 
|  97|0x0000000086100000, 0x0000000086100000, 0x0000000086200000|  0%| F|  |TAMS 0x0000000086100000, 0x0000000086100000| Untracked 
|  98|0x0000000086200000, 0x0000000086200000, 0x0000000086300000|  0%| F|  |TAMS 0x0000000086200000, 0x0000000086200000| Untracked 
|  99|0x0000000086300000, 0x0000000086300000, 0x0000000086400000|  0%| F|  |TAMS 0x0000000086300000, 0x0000000086300000| Untracked 
| 100|0x0000000086400000, 0x0000000086400000, 0x0000000086500000|  0%| F|  |TAMS 0x0000000086400000, 0x0000000086400000| Untracked 
| 101|0x0000000086500000, 0x0000000086500000, 0x0000000086600000|  0%| F|  |TAMS 0x0000000086500000, 0x0000000086500000| Untracked 
| 102|0x0000000086600000, 0x0000000086600000, 0x0000000086700000|  0%| F|  |TAMS 0x0000000086600000, 0x0000000086600000| Untracked 
| 103|0x0000000086700000, 0x0000000086700000, 0x0000000086800000|  0%| F|  |TAMS 0x0000000086700000, 0x0000000086700000| Untracked 
| 104|0x0000000086800000, 0x0000000086800000, 0x0000000086900000|  0%| F|  |TAMS 0x0000000086800000, 0x0000000086800000| Untracked 
| 105|0x0000000086900000, 0x0000000086900000, 0x0000000086a00000|  0%| F|  |TAMS 0x0000000086900000, 0x0000000086900000| Untracked 
| 106|0x0000000086a00000, 0x0000000086a399b8, 0x0000000086b00000| 22%| S|CS|TAMS 0x0000000086a00000, 0x0000000086a00000| Complete 
| 107|0x0000000086b00000, 0x0000000086c00000, 0x0000000086c00000|100%| S|CS|TAMS 0x0000000086b00000, 0x0000000086b00000| Complete 
| 108|0x0000000086c00000, 0x0000000086c00000, 0x0000000086d00000|  0%| F|  |TAMS 0x0000000086c00000, 0x0000000086c00000| Untracked 
| 109|0x0000000086d00000, 0x0000000086d00000, 0x0000000086e00000|  0%| F|  |TAMS 0x0000000086d00000, 0x0000000086d00000| Untracked 
| 110|0x0000000086e00000, 0x0000000086e00000, 0x0000000086f00000|  0%| F|  |TAMS 0x0000000086e00000, 0x0000000086e00000| Untracked 
| 111|0x0000000086f00000, 0x0000000086f00000, 0x0000000087000000|  0%| F|  |TAMS 0x0000000086f00000, 0x0000000086f00000| Untracked 
| 112|0x0000000087000000, 0x0000000087000000, 0x0000000087100000|  0%| F|  |TAMS 0x0000000087000000, 0x0000000087000000| Untracked 
| 113|0x0000000087100000, 0x0000000087100000, 0x0000000087200000|  0%| F|  |TAMS 0x0000000087100000, 0x0000000087100000| Untracked 
| 114|0x0000000087200000, 0x0000000087200000, 0x0000000087300000|  0%| F|  |TAMS 0x0000000087200000, 0x0000000087200000| Untracked 
| 115|0x0000000087300000, 0x0000000087300000, 0x0000000087400000|  0%| F|  |TAMS 0x0000000087300000, 0x0000000087300000| Untracked 
| 116|0x0000000087400000, 0x0000000087400000, 0x0000000087500000|  0%| F|  |TAMS 0x0000000087400000, 0x0000000087400000| Untracked 
| 117|0x0000000087500000, 0x0000000087500000, 0x0000000087600000|  0%| F|  |TAMS 0x0000000087500000, 0x0000000087500000| Untracked 
| 118|0x0000000087600000, 0x0000000087600000, 0x0000000087700000|  0%| F|  |TAMS 0x0000000087600000, 0x0000000087600000| Untracked 
| 119|0x0000000087700000, 0x0000000087700000, 0x0000000087800000|  0%| F|  |TAMS 0x0000000087700000, 0x0000000087700000| Untracked 
| 120|0x0000000087800000, 0x0000000087900000, 0x0000000087900000|100%| S|CS|TAMS 0x0000000087800000, 0x0000000087800000| Complete 
| 121|0x0000000087900000, 0x0000000087a00000, 0x0000000087a00000|100%| S|CS|TAMS 0x0000000087900000, 0x0000000087900000| Complete 
| 122|0x0000000087a00000, 0x0000000087b00000, 0x0000000087b00000|100%| S|CS|TAMS 0x0000000087a00000, 0x0000000087a00000| Complete 
| 123|0x0000000087b00000, 0x0000000087c00000, 0x0000000087c00000|100%| S|CS|TAMS 0x0000000087b00000, 0x0000000087b00000| Complete 
| 124|0x0000000087c00000, 0x0000000087d00000, 0x0000000087d00000|100%| S|CS|TAMS 0x0000000087c00000, 0x0000000087c00000| Complete 
| 125|0x0000000087d00000, 0x0000000087e00000, 0x0000000087e00000|100%| S|CS|TAMS 0x0000000087d00000, 0x0000000087d00000| Complete 
| 126|0x0000000087e00000, 0x0000000087f00000, 0x0000000087f00000|100%| S|CS|TAMS 0x0000000087e00000, 0x0000000087e00000| Complete 
| 127|0x0000000087f00000, 0x0000000088000000, 0x0000000088000000|100%| S|CS|TAMS 0x0000000087f00000, 0x0000000087f00000| Complete 
| 128|0x0000000088000000, 0x0000000088100000, 0x0000000088100000|100%| S|CS|TAMS 0x0000000088000000, 0x0000000088000000| Complete 
| 129|0x0000000088100000, 0x0000000088200000, 0x0000000088200000|100%| S|CS|TAMS 0x0000000088100000, 0x0000000088100000| Complete 
| 130|0x0000000088200000, 0x0000000088200000, 0x0000000088300000|  0%| F|  |TAMS 0x0000000088200000, 0x0000000088200000| Untracked 
| 131|0x0000000088300000, 0x0000000088300000, 0x0000000088400000|  0%| F|  |TAMS 0x0000000088300000, 0x0000000088300000| Untracked 
| 132|0x0000000088400000, 0x0000000088400000, 0x0000000088500000|  0%| F|  |TAMS 0x0000000088400000, 0x0000000088400000| Untracked 
| 133|0x0000000088500000, 0x0000000088500000, 0x0000000088600000|  0%| F|  |TAMS 0x0000000088500000, 0x0000000088500000| Untracked 
| 134|0x0000000088600000, 0x0000000088600000, 0x0000000088700000|  0%| F|  |TAMS 0x0000000088600000, 0x0000000088600000| Untracked 
| 135|0x0000000088700000, 0x0000000088700000, 0x0000000088800000|  0%| F|  |TAMS 0x0000000088700000, 0x0000000088700000| Untracked 
| 136|0x0000000088800000, 0x0000000088800000, 0x0000000088900000|  0%| F|  |TAMS 0x0000000088800000, 0x0000000088800000| Untracked 
| 137|0x0000000088900000, 0x0000000088900000, 0x0000000088a00000|  0%| F|  |TAMS 0x0000000088900000, 0x0000000088900000| Untracked 
| 138|0x0000000088a00000, 0x0000000088a00000, 0x0000000088b00000|  0%| F|  |TAMS 0x0000000088a00000, 0x0000000088a00000| Untracked 
| 139|0x0000000088b00000, 0x0000000088b00000, 0x0000000088c00000|  0%| F|  |TAMS 0x0000000088b00000, 0x0000000088b00000| Untracked 
| 140|0x0000000088c00000, 0x0000000088c00000, 0x0000000088d00000|  0%| F|  |TAMS 0x0000000088c00000, 0x0000000088c00000| Untracked 
| 141|0x0000000088d00000, 0x0000000088d00000, 0x0000000088e00000|  0%| F|  |TAMS 0x0000000088d00000, 0x0000000088d00000| Untracked 
| 142|0x0000000088e00000, 0x0000000088e00000, 0x0000000088f00000|  0%| F|  |TAMS 0x0000000088e00000, 0x0000000088e00000| Untracked 
| 143|0x0000000088f00000, 0x0000000088f00000, 0x0000000089000000|  0%| F|  |TAMS 0x0000000088f00000, 0x0000000088f00000| Untracked 
| 144|0x0000000089000000, 0x0000000089000000, 0x0000000089100000|  0%| F|  |TAMS 0x0000000089000000, 0x0000000089000000| Untracked 
| 145|0x0000000089100000, 0x0000000089100000, 0x0000000089200000|  0%| F|  |TAMS 0x0000000089100000, 0x0000000089100000| Untracked 
| 146|0x0000000089200000, 0x0000000089200000, 0x0000000089300000|  0%| F|  |TAMS 0x0000000089200000, 0x0000000089200000| Untracked 
| 147|0x0000000089300000, 0x0000000089300000, 0x0000000089400000|  0%| F|  |TAMS 0x0000000089300000, 0x0000000089300000| Untracked 
| 148|0x0000000089400000, 0x0000000089400000, 0x0000000089500000|  0%| F|  |TAMS 0x0000000089400000, 0x0000000089400000| Untracked 
| 149|0x0000000089500000, 0x0000000089500000, 0x0000000089600000|  0%| F|  |TAMS 0x0000000089500000, 0x0000000089500000| Untracked 
| 150|0x0000000089600000, 0x0000000089600000, 0x0000000089700000|  0%| F|  |TAMS 0x0000000089600000, 0x0000000089600000| Untracked 
| 151|0x0000000089700000, 0x0000000089700000, 0x0000000089800000|  0%| F|  |TAMS 0x0000000089700000, 0x0000000089700000| Untracked 
| 152|0x0000000089800000, 0x0000000089800000, 0x0000000089900000|  0%| F|  |TAMS 0x0000000089800000, 0x0000000089800000| Untracked 
| 153|0x0000000089900000, 0x0000000089900000, 0x0000000089a00000|  0%| F|  |TAMS 0x0000000089900000, 0x0000000089900000| Untracked 
| 154|0x0000000089a00000, 0x0000000089a00000, 0x0000000089b00000|  0%| F|  |TAMS 0x0000000089a00000, 0x0000000089a00000| Untracked 
| 155|0x0000000089b00000, 0x0000000089b00000, 0x0000000089c00000|  0%| F|  |TAMS 0x0000000089b00000, 0x0000000089b00000| Untracked 
| 156|0x0000000089c00000, 0x0000000089c00000, 0x0000000089d00000|  0%| F|  |TAMS 0x0000000089c00000, 0x0000000089c00000| Untracked 
| 157|0x0000000089d00000, 0x0000000089d00000, 0x0000000089e00000|  0%| F|  |TAMS 0x0000000089d00000, 0x0000000089d00000| Untracked 
| 158|0x0000000089e00000, 0x0000000089e00000, 0x0000000089f00000|  0%| F|  |TAMS 0x0000000089e00000, 0x0000000089e00000| Untracked 
| 159|0x0000000089f00000, 0x000000008a000000, 0x000000008a000000|100%| E|  |TAMS 0x0000000089f00000, 0x0000000089f00000| Complete 
| 160|0x000000008a000000, 0x000000008a100000, 0x000000008a100000|100%| E|CS|TAMS 0x000000008a000000, 0x000000008a000000| Complete 
| 161|0x000000008a100000, 0x000000008a200000, 0x000000008a200000|100%| E|CS|TAMS 0x000000008a100000, 0x000000008a100000| Complete 
| 162|0x000000008a200000, 0x000000008a300000, 0x000000008a300000|100%| E|CS|TAMS 0x000000008a200000, 0x000000008a200000| Complete 
| 163|0x000000008a300000, 0x000000008a400000, 0x000000008a400000|100%| E|CS|TAMS 0x000000008a300000, 0x000000008a300000| Complete 
| 164|0x000000008a400000, 0x000000008a500000, 0x000000008a500000|100%| E|CS|TAMS 0x000000008a400000, 0x000000008a400000| Complete 
| 165|0x000000008a500000, 0x000000008a600000, 0x000000008a600000|100%| E|CS|TAMS 0x000000008a500000, 0x000000008a500000| Complete 
| 166|0x000000008a600000, 0x000000008a700000, 0x000000008a700000|100%| E|CS|TAMS 0x000000008a600000, 0x000000008a600000| Complete 
| 167|0x000000008a700000, 0x000000008a800000, 0x000000008a800000|100%| E|CS|TAMS 0x000000008a700000, 0x000000008a700000| Complete 
| 168|0x000000008a800000, 0x000000008a900000, 0x000000008a900000|100%| E|CS|TAMS 0x000000008a800000, 0x000000008a800000| Complete 
| 169|0x000000008a900000, 0x000000008aa00000, 0x000000008aa00000|100%| E|CS|TAMS 0x000000008a900000, 0x000000008a900000| Complete 
| 170|0x000000008aa00000, 0x000000008ab00000, 0x000000008ab00000|100%| E|CS|TAMS 0x000000008aa00000, 0x000000008aa00000| Complete 
| 171|0x000000008ab00000, 0x000000008ac00000, 0x000000008ac00000|100%| E|CS|TAMS 0x000000008ab00000, 0x000000008ab00000| Complete 
| 172|0x000000008ac00000, 0x000000008ad00000, 0x000000008ad00000|100%| E|CS|TAMS 0x000000008ac00000, 0x000000008ac00000| Complete 
| 173|0x000000008ad00000, 0x000000008ae00000, 0x000000008ae00000|100%| E|CS|TAMS 0x000000008ad00000, 0x000000008ad00000| Complete 
| 174|0x000000008ae00000, 0x000000008af00000, 0x000000008af00000|100%| E|CS|TAMS 0x000000008ae00000, 0x000000008ae00000| Complete 
| 175|0x000000008af00000, 0x000000008b000000, 0x000000008b000000|100%| E|CS|TAMS 0x000000008af00000, 0x000000008af00000| Complete 
| 176|0x000000008b000000, 0x000000008b100000, 0x000000008b100000|100%| E|CS|TAMS 0x000000008b000000, 0x000000008b000000| Complete 
| 177|0x000000008b100000, 0x000000008b200000, 0x000000008b200000|100%| E|CS|TAMS 0x000000008b100000, 0x000000008b100000| Complete 
| 178|0x000000008b200000, 0x000000008b300000, 0x000000008b300000|100%| E|CS|TAMS 0x000000008b200000, 0x000000008b200000| Complete 
| 179|0x000000008b300000, 0x000000008b400000, 0x000000008b400000|100%| E|CS|TAMS 0x000000008b300000, 0x000000008b300000| Complete 
| 180|0x000000008b400000, 0x000000008b500000, 0x000000008b500000|100%| E|  |TAMS 0x000000008b400000, 0x000000008b400000| Complete 
| 181|0x000000008b500000, 0x000000008b600000, 0x000000008b600000|100%| E|CS|TAMS 0x000000008b500000, 0x000000008b500000| Complete 
| 182|0x000000008b600000, 0x000000008b700000, 0x000000008b700000|100%| E|CS|TAMS 0x000000008b600000, 0x000000008b600000| Complete 
| 183|0x000000008b700000, 0x000000008b800000, 0x000000008b800000|100%| E|CS|TAMS 0x000000008b700000, 0x000000008b700000| Complete 
| 184|0x000000008b800000, 0x000000008b900000, 0x000000008b900000|100%| E|CS|TAMS 0x000000008b800000, 0x000000008b800000| Complete 
| 185|0x000000008b900000, 0x000000008ba00000, 0x000000008ba00000|100%| E|CS|TAMS 0x000000008b900000, 0x000000008b900000| Complete 
| 186|0x000000008ba00000, 0x000000008bb00000, 0x000000008bb00000|100%| E|CS|TAMS 0x000000008ba00000, 0x000000008ba00000| Complete 
| 187|0x000000008bb00000, 0x000000008bc00000, 0x000000008bc00000|100%| E|CS|TAMS 0x000000008bb00000, 0x000000008bb00000| Complete 
| 188|0x000000008bc00000, 0x000000008bd00000, 0x000000008bd00000|100%| E|CS|TAMS 0x000000008bc00000, 0x000000008bc00000| Complete 
| 189|0x000000008bd00000, 0x000000008be00000, 0x000000008be00000|100%| E|CS|TAMS 0x000000008bd00000, 0x000000008bd00000| Complete 
| 190|0x000000008be00000, 0x000000008bf00000, 0x000000008bf00000|100%| E|CS|TAMS 0x000000008be00000, 0x000000008be00000| Complete 
| 191|0x000000008bf00000, 0x000000008c000000, 0x000000008c000000|100%| E|CS|TAMS 0x000000008bf00000, 0x000000008bf00000| Complete 
| 192|0x000000008c000000, 0x000000008c100000, 0x000000008c100000|100%| E|CS|TAMS 0x000000008c000000, 0x000000008c000000| Complete 
| 193|0x000000008c100000, 0x000000008c200000, 0x000000008c200000|100%| E|CS|TAMS 0x000000008c100000, 0x000000008c100000| Complete 
| 194|0x000000008c200000, 0x000000008c300000, 0x000000008c300000|100%| E|CS|TAMS 0x000000008c200000, 0x000000008c200000| Complete 
| 195|0x000000008c300000, 0x000000008c400000, 0x000000008c400000|100%| E|CS|TAMS 0x000000008c300000, 0x000000008c300000| Complete 
| 196|0x000000008c400000, 0x000000008c500000, 0x000000008c500000|100%| E|CS|TAMS 0x000000008c400000, 0x000000008c400000| Complete 
| 197|0x000000008c500000, 0x000000008c600000, 0x000000008c600000|100%| E|CS|TAMS 0x000000008c500000, 0x000000008c500000| Complete 
| 198|0x000000008c600000, 0x000000008c700000, 0x000000008c700000|100%| E|CS|TAMS 0x000000008c600000, 0x000000008c600000| Complete 
| 199|0x000000008c700000, 0x000000008c800000, 0x000000008c800000|100%| E|CS|TAMS 0x000000008c700000, 0x000000008c700000| Complete 
| 200|0x000000008c800000, 0x000000008c900000, 0x000000008c900000|100%| E|CS|TAMS 0x000000008c800000, 0x000000008c800000| Complete 
| 201|0x000000008c900000, 0x000000008ca00000, 0x000000008ca00000|100%| E|CS|TAMS 0x000000008c900000, 0x000000008c900000| Complete 
| 202|0x000000008ca00000, 0x000000008cb00000, 0x000000008cb00000|100%| E|CS|TAMS 0x000000008ca00000, 0x000000008ca00000| Complete 
| 203|0x000000008cb00000, 0x000000008cc00000, 0x000000008cc00000|100%| E|CS|TAMS 0x000000008cb00000, 0x000000008cb00000| Complete 
| 204|0x000000008cc00000, 0x000000008cd00000, 0x000000008cd00000|100%| E|CS|TAMS 0x000000008cc00000, 0x000000008cc00000| Complete 
| 205|0x000000008cd00000, 0x000000008ce00000, 0x000000008ce00000|100%| E|CS|TAMS 0x000000008cd00000, 0x000000008cd00000| Complete 
| 206|0x000000008ce00000, 0x000000008cf00000, 0x000000008cf00000|100%| E|CS|TAMS 0x000000008ce00000, 0x000000008ce00000| Complete 
| 207|0x000000008cf00000, 0x000000008d000000, 0x000000008d000000|100%| E|CS|TAMS 0x000000008cf00000, 0x000000008cf00000| Complete 
| 208|0x000000008d000000, 0x000000008d100000, 0x000000008d100000|100%| E|CS|TAMS 0x000000008d000000, 0x000000008d000000| Complete 
| 209|0x000000008d100000, 0x000000008d200000, 0x000000008d200000|100%| E|CS|TAMS 0x000000008d100000, 0x000000008d100000| Complete 
| 210|0x000000008d200000, 0x000000008d300000, 0x000000008d300000|100%| E|CS|TAMS 0x000000008d200000, 0x000000008d200000| Complete 
| 211|0x000000008d300000, 0x000000008d400000, 0x000000008d400000|100%| E|CS|TAMS 0x000000008d300000, 0x000000008d300000| Complete 
| 212|0x000000008d400000, 0x000000008d500000, 0x000000008d500000|100%| E|CS|TAMS 0x000000008d400000, 0x000000008d400000| Complete 

Card table byte_map: [0x00000242735d0000,0x00000242739d0000] _byte_map_base: 0x00000242731d0000

Marking Bits (Prev, Next): (CMBitMap*) 0x000002425c37e890, (CMBitMap*) 0x000002425c37e850
 Prev Bits: [0x0000024275dd0000, 0x0000024277dd0000)
 Next Bits: [0x0000024273dd0000, 0x0000024275dd0000)

Polling page: 0x000002425a1f0000

Metaspace:

Usage:
  Non-class:     82.74 MB used.
      Class:     12.33 MB used.
       Both:     95.08 MB used.

Virtual space:
  Non-class space:      128.00 MB reserved,      83.12 MB ( 65%) committed,  2 nodes.
      Class space:        1.00 GB reserved,      12.69 MB (  1%) committed,  1 nodes.
             Both:        1.12 GB reserved,      95.81 MB (  8%) committed. 

Chunk freelists:
   Non-Class:  11.94 MB
       Class:  3.27 MB
        Both:  15.20 MB

MaxMetaspaceSize: unlimited
CompressedClassSpaceSize: 1.00 GB
Initial GC threshold: 21.00 MB
Current GC threshold: 104.69 MB
CDS: on
MetaspaceReclaimPolicy: balanced
 - commit_granule_bytes: 65536.
 - commit_granule_words: 8192.
 - virtual_space_node_default_size: 8388608.
 - enlarge_chunks_in_place: 1.
 - new_chunks_are_fully_committed: 0.
 - uncommit_free_chunks: 1.
 - use_allocation_guard: 0.
 - handle_deallocations: 1.


Internal statistics:

num_allocs_failed_limit: 6.
num_arena_births: 1102.
num_arena_deaths: 0.
num_vsnodes_births: 3.
num_vsnodes_deaths: 0.
num_space_committed: 1533.
num_space_uncommitted: 0.
num_chunks_returned_to_freelist: 6.
num_chunks_taken_from_freelist: 4734.
num_chunk_merges: 6.
num_chunk_splits: 3562.
num_chunks_enlarged: 2851.
num_inconsistent_stats: 0.

CodeHeap 'non-profiled nmethods': size=120000Kb used=4017Kb max_used=4017Kb free=115983Kb
 bounds [0x000002426b960000, 0x000002426bd50000, 0x0000024272e90000]
CodeHeap 'profiled nmethods': size=120000Kb used=15278Kb max_used=15278Kb free=104721Kb
 bounds [0x0000024263e90000, 0x0000024264d80000, 0x000002426b3c0000]
CodeHeap 'non-nmethods': size=5760Kb used=1867Kb max_used=1894Kb free=3892Kb
 bounds [0x000002426b3c0000, 0x000002426b630000, 0x000002426b960000]
 total_blobs=8435 nmethods=7454 adapters=893
 compilation: enabled
              stopped_count=0, restarted_count=0
 full_count=0

Compilation events (20 events):
Event: 22.722 Thread 0x000002427a7eb9c0 8255       3       org.jetbrains.kotlin.ir.expressions.IrMemberAccessExpression$ValueArgumentsList::size (5 bytes)
Event: 22.722 Thread 0x000002427a7eb9c0 nmethod 8255 0x0000024264d3cd90 code [0x0000024264d3cf40, 0x0000024264d3d0b8]
Event: 22.722 Thread 0x000002427a7eb9c0 8256       3       org.jetbrains.kotlin.ir.expressions.IrMemberAccessExpression$ValueArgumentsList::getSize (5 bytes)
Event: 22.722 Thread 0x000002427a7eb9c0 nmethod 8256 0x0000024264d3d190 code [0x0000024264d3d320, 0x0000024264d3d438]
Event: 22.724 Thread 0x000002427a7eb9c0 8257       3       org.jetbrains.kotlin.fir.ClassMembersKt::isSubstitutionOrIntersectionOverride (26 bytes)
Event: 22.725 Thread 0x000002427a7eb9c0 nmethod 8257 0x0000024264d3d510 code [0x0000024264d3d880, 0x0000024264d3ecf8]
Event: 22.725 Thread 0x000002427a7eb9c0 8258       3       org.jetbrains.kotlin.ir.expressions.IrCall::accept (13 bytes)
Event: 22.726 Thread 0x000002427a7eb9c0 nmethod 8258 0x0000024264d3f310 code [0x0000024264d3f540, 0x0000024264d3fbc8]
Event: 22.726 Thread 0x000002427a7eb9c0 8259       3       org.jetbrains.kotlin.ir.declarations.IrValueParameter::accept (13 bytes)
Event: 22.726 Thread 0x000002427a7eb9c0 nmethod 8259 0x0000024264d3fe90 code [0x0000024264d400c0, 0x0000024264d40748]
Event: 22.727 Thread 0x000002427a7eb9c0 8260       3       org.jetbrains.kotlin.ir.util.TransformKt::transformInPlace (70 bytes)
Event: 22.728 Thread 0x000002427a7eb9c0 nmethod 8260 0x0000024264d40a10 code [0x0000024264d40dc0, 0x0000024264d425b8]
Event: 22.734 Thread 0x000002427a7eb9c0 8261       3       org.jetbrains.kotlin.fir.ClassMembersKt::containingClassLookupTag (20 bytes)
Event: 22.735 Thread 0x000002427a7eb9c0 nmethod 8261 0x0000024264d42d90 code [0x0000024264d430e0, 0x0000024264d44308]
Event: 22.735 Thread 0x000002427a7eb9c0 8264       3       org.jetbrains.kotlin.fir.ClassMembersKt::dispatchReceiverClassLookupTagOrNull (23 bytes)
Event: 22.735 Thread 0x000002427a7eb9c0 nmethod 8264 0x0000024264d44910 code [0x0000024264d44b40, 0x0000024264d45238]
Event: 22.735 Thread 0x000002427a7eb9c0 8262       3       org.jetbrains.kotlin.fir.types.TypeUtilsKt::isLocalClass (14 bytes)
Event: 22.736 Thread 0x000002427a7eb9c0 nmethod 8262 0x0000024264d45490 code [0x0000024264d456c0, 0x0000024264d45d28]
Event: 22.736 Thread 0x000002427a7eb9c0 8263       3       org.jetbrains.kotlin.fir.types.TypeUtilsKt::isAnonymousClass (17 bytes)
Event: 22.736 Thread 0x000002427a7eb9c0 nmethod 8263 0x0000024264d45f90 code [0x0000024264d46200, 0x0000024264d46b28]

GC Heap History (20 events):
Event: 12.392 GC heap before
{Heap before GC invocations=26 (full 0):
 garbage-first heap   total 104448K, used 82758K [0x0000000080000000, 0x0000000100000000)
  region size 1024K, 39 young (39936K), 1 survivors (1024K)
 Metaspace       used 55016K, committed 55808K, reserved 1114112K
  class space    used 8051K, committed 8384K, reserved 1048576K
}
Event: 12.400 GC heap after
{Heap after GC invocations=27 (full 0):
 garbage-first heap   total 104448K, used 44717K [0x0000000080000000, 0x0000000100000000)
  region size 1024K, 2 young (2048K), 2 survivors (2048K)
 Metaspace       used 55016K, committed 55808K, reserved 1114112K
  class space    used 8051K, committed 8384K, reserved 1048576K
}
Event: 12.966 GC heap before
{Heap before GC invocations=27 (full 0):
 garbage-first heap   total 104448K, used 84653K [0x0000000080000000, 0x0000000100000000)
  region size 1024K, 41 young (41984K), 2 survivors (2048K)
 Metaspace       used 57161K, committed 57920K, reserved 1114112K
  class space    used 8313K, committed 8704K, reserved 1048576K
}
Event: 12.994 GC heap after
{Heap after GC invocations=28 (full 0):
 garbage-first heap   total 104448K, used 57073K [0x0000000080000000, 0x0000000100000000)
  region size 1024K, 6 young (6144K), 6 survivors (6144K)
 Metaspace       used 57161K, committed 57920K, reserved 1114112K
  class space    used 8313K, committed 8704K, reserved 1048576K
}
Event: 13.157 GC heap before
{Heap before GC invocations=28 (full 0):
 garbage-first heap   total 104448K, used 78577K [0x0000000080000000, 0x0000000100000000)
  region size 1024K, 27 young (27648K), 6 survivors (6144K)
 Metaspace       used 57646K, committed 58432K, reserved 1114112K
  class space    used 8370K, committed 8704K, reserved 1048576K
}
Event: 13.178 GC heap after
{Heap after GC invocations=29 (full 0):
 garbage-first heap   total 104448K, used 62900K [0x0000000080000000, 0x0000000100000000)
  region size 1024K, 4 young (4096K), 4 survivors (4096K)
 Metaspace       used 57646K, committed 58432K, reserved 1114112K
  class space    used 8370K, committed 8704K, reserved 1048576K
}
Event: 13.601 GC heap before
{Heap before GC invocations=30 (full 0):
 garbage-first heap   total 114688K, used 80308K [0x0000000080000000, 0x0000000100000000)
  region size 1024K, 21 young (21504K), 4 survivors (4096K)
 Metaspace       used 59830K, committed 60608K, reserved 1114112K
  class space    used 8607K, committed 8960K, reserved 1048576K
}
Event: 13.609 GC heap after
{Heap after GC invocations=31 (full 0):
 garbage-first heap   total 114688K, used 64785K [0x0000000080000000, 0x0000000100000000)
  region size 1024K, 2 young (2048K), 2 survivors (2048K)
 Metaspace       used 59830K, committed 60608K, reserved 1114112K
  class space    used 8607K, committed 8960K, reserved 1048576K
}
Event: 13.677 GC heap before
{Heap before GC invocations=31 (full 0):
 garbage-first heap   total 114688K, used 67857K [0x0000000080000000, 0x0000000100000000)
  region size 1024K, 5 young (5120K), 2 survivors (2048K)
 Metaspace       used 60156K, committed 60928K, reserved 1114112K
  class space    used 8665K, committed 9024K, reserved 1048576K
}
Event: 13.682 GC heap after
{Heap after GC invocations=32 (full 0):
 garbage-first heap   total 114688K, used 64496K [0x0000000080000000, 0x0000000100000000)
  region size 1024K, 1 young (1024K), 1 survivors (1024K)
 Metaspace       used 60156K, committed 60928K, reserved 1114112K
  class space    used 8665K, committed 9024K, reserved 1048576K
}
Event: 14.182 GC heap before
{Heap before GC invocations=32 (full 0):
 garbage-first heap   total 114688K, used 88048K [0x0000000080000000, 0x0000000100000000)
  region size 1024K, 24 young (24576K), 1 survivors (1024K)
 Metaspace       used 63008K, committed 63744K, reserved 1114112K
  class space    used 8944K, committed 9280K, reserved 1048576K
}
Event: 14.190 GC heap after
{Heap after GC invocations=33 (full 0):
 garbage-first heap   total 218112K, used 65010K [0x0000000080000000, 0x0000000100000000)
  region size 1024K, 1 young (1024K), 1 survivors (1024K)
 Metaspace       used 63008K, committed 63744K, reserved 1114112K
  class space    used 8944K, committed 9280K, reserved 1048576K
}
Event: 17.599 GC heap before
{Heap before GC invocations=34 (full 0):
 garbage-first heap   total 218112K, used 167410K [0x0000000080000000, 0x0000000100000000)
  region size 1024K, 102 young (104448K), 1 survivors (1024K)
 Metaspace       used 74859K, committed 75648K, reserved 1114112K
  class space    used 10151K, committed 10496K, reserved 1048576K
}
Event: 17.613 GC heap after
{Heap after GC invocations=35 (full 0):
 garbage-first heap   total 218112K, used 70826K [0x0000000080000000, 0x0000000100000000)
  region size 1024K, 7 young (7168K), 7 survivors (7168K)
 Metaspace       used 74859K, committed 75648K, reserved 1114112K
  class space    used 10151K, committed 10496K, reserved 1048576K
}
Event: 17.651 GC heap before
{Heap before GC invocations=35 (full 0):
 garbage-first heap   total 218112K, used 73898K [0x0000000080000000, 0x0000000100000000)
  region size 1024K, 10 young (10240K), 7 survivors (7168K)
 Metaspace       used 75054K, committed 75776K, reserved 1114112K
  class space    used 10167K, committed 10496K, reserved 1048576K
}
Event: 17.680 GC heap after
{Heap after GC invocations=36 (full 0):
 garbage-first heap   total 218112K, used 71812K [0x0000000080000000, 0x0000000100000000)
  region size 1024K, 2 young (2048K), 2 survivors (2048K)
 Metaspace       used 75054K, committed 75776K, reserved 1114112K
  class space    used 10167K, committed 10496K, reserved 1048576K
}
Event: 19.558 GC heap before
{Heap before GC invocations=36 (full 0):
 garbage-first heap   total 218112K, used 166020K [0x0000000080000000, 0x0000000100000000)
  region size 1024K, 93 young (95232K), 2 survivors (2048K)
 Metaspace       used 83199K, committed 83968K, reserved 1179648K
  class space    used 11111K, committed 11456K, reserved 1048576K
}
Event: 19.572 GC heap after
{Heap after GC invocations=37 (full 0):
 garbage-first heap   total 218112K, used 84468K [0x0000000080000000, 0x0000000100000000)
  region size 1024K, 12 young (12288K), 12 survivors (12288K)
 Metaspace       used 83199K, committed 83968K, reserved 1179648K
  class space    used 11111K, committed 11456K, reserved 1048576K
}
Event: 21.484 GC heap before
{Heap before GC invocations=37 (full 0):
 garbage-first heap   total 218112K, used 168436K [0x0000000080000000, 0x0000000100000000)
  region size 1024K, 95 young (97280K), 12 survivors (12288K)
 Metaspace       used 90949K, committed 91712K, reserved 1179648K
  class space    used 11858K, committed 12224K, reserved 1048576K
}
Event: 21.571 GC heap after
{Heap after GC invocations=38 (full 0):
 garbage-first heap   total 218112K, used 95999K [0x0000000080000000, 0x0000000100000000)
  region size 1024K, 12 young (12288K), 12 survivors (12288K)
 Metaspace       used 90949K, committed 91712K, reserved 1179648K
  class space    used 11858K, committed 12224K, reserved 1048576K
}

Dll operation events (15 events):
Event: 0.118 Loaded shared library C:\Users\welcome\.gradle\jdks\eclipse_adoptium-17-amd64-windows.2\bin\java.dll
Event: 0.266 Loaded shared library C:\Users\welcome\.gradle\jdks\eclipse_adoptium-17-amd64-windows.2\bin\jsvml.dll
Event: 0.437 Loaded shared library C:\Users\welcome\.gradle\jdks\eclipse_adoptium-17-amd64-windows.2\bin\zip.dll
Event: 0.444 Loaded shared library C:\Users\welcome\.gradle\jdks\eclipse_adoptium-17-amd64-windows.2\bin\instrument.dll
Event: 0.458 Loaded shared library C:\Users\welcome\.gradle\jdks\eclipse_adoptium-17-amd64-windows.2\bin\net.dll
Event: 0.464 Loaded shared library C:\Users\welcome\.gradle\jdks\eclipse_adoptium-17-amd64-windows.2\bin\nio.dll
Event: 0.468 Loaded shared library C:\Users\welcome\.gradle\jdks\eclipse_adoptium-17-amd64-windows.2\bin\zip.dll
Event: 0.853 Loaded shared library C:\Users\welcome\.gradle\jdks\eclipse_adoptium-17-amd64-windows.2\bin\jimage.dll
Event: 1.123 Loaded shared library C:\Users\welcome\.gradle\jdks\eclipse_adoptium-17-amd64-windows.2\bin\verify.dll
Event: 1.191 Loaded shared library C:\Users\welcome\.gradle\native\660c5614fbf4a5f2a75b1949f50a0caf5cd603558e7d8a26e50b933a0cfb79d1\windows-amd64\native-platform.dll
Event: 1.248 Loaded shared library C:\Users\welcome\.gradle\native\0.2.8\x86_64-windows-gnu\gradle-fileevents.dll
Event: 2.496 Loaded shared library C:\Users\welcome\.gradle\jdks\eclipse_adoptium-17-amd64-windows.2\bin\management.dll
Event: 2.502 Loaded shared library C:\Users\welcome\.gradle\jdks\eclipse_adoptium-17-amd64-windows.2\bin\management_ext.dll
Event: 2.760 Loaded shared library C:\Users\welcome\.gradle\jdks\eclipse_adoptium-17-amd64-windows.2\bin\extnet.dll
Event: 3.718 Loaded shared library C:\Users\welcome\.gradle\jdks\eclipse_adoptium-17-amd64-windows.2\bin\sunmscapi.dll

Deoptimization events (20 events):
Event: 21.309 Thread 0x00000242420223d0 Uncommon trap: trap_request=0xffffff45 fr.pc=0x000002426bc224dc relative=0x000000000000033c
Event: 21.309 Thread 0x00000242420223d0 Uncommon trap: reason=unstable_if action=reinterpret pc=0x000002426bc224dc method=java.lang.String.indexOf([BBILjava/lang/String;I)I @ 54 c2
Event: 21.309 Thread 0x00000242420223d0 DEOPT PACKING pc=0x000002426bc224dc sp=0x000000a3e1df4340
Event: 21.309 Thread 0x00000242420223d0 DEOPT UNPACKING pc=0x000002426b41a1a3 sp=0x000000a3e1df4250 mode 2
Event: 21.329 Thread 0x00000242420223d0 Uncommon trap: trap_request=0xffffff45 fr.pc=0x000002426bc29b24 relative=0x0000000000000304
Event: 21.329 Thread 0x00000242420223d0 Uncommon trap: reason=unstable_if action=reinterpret pc=0x000002426bc29b24 method=java.lang.String.indexOf([BBILjava/lang/String;I)I @ 54 c2
Event: 21.330 Thread 0x00000242420223d0 DEOPT PACKING pc=0x000002426bc29b24 sp=0x000000a3e1df42c0
Event: 21.330 Thread 0x00000242420223d0 DEOPT UNPACKING pc=0x000002426b41a1a3 sp=0x000000a3e1df4250 mode 2
Event: 21.875 Thread 0x00000242420223d0 Uncommon trap: trap_request=0xffffff45 fr.pc=0x000002426bd222ac relative=0x000000000000008c
Event: 21.875 Thread 0x00000242420223d0 Uncommon trap: reason=unstable_if action=reinterpret pc=0x000002426bd222ac method=java.lang.StringLatin1.lastIndexOf([BI[BII)I @ 32 c2
Event: 21.875 Thread 0x00000242420223d0 DEOPT PACKING pc=0x000002426bd222ac sp=0x000000a3e1df30a0
Event: 21.875 Thread 0x00000242420223d0 DEOPT UNPACKING pc=0x000002426b41a1a3 sp=0x000000a3e1df2ff8 mode 2
Event: 21.963 Thread 0x00000242420223d0 Uncommon trap: trap_request=0xffffffde fr.pc=0x000002426bd29874 relative=0x00000000000004d4
Event: 21.963 Thread 0x00000242420223d0 Uncommon trap: reason=class_check action=maybe_recompile pc=0x000002426bd29874 method=kotlin.jvm.internal.CollectionToArray.toArray(Ljava/util/Collection;)[Ljava/lang/Object; @ 32 c2
Event: 21.963 Thread 0x00000242420223d0 DEOPT PACKING pc=0x000002426bd29874 sp=0x000000a3e1df3d00
Event: 21.963 Thread 0x00000242420223d0 DEOPT UNPACKING pc=0x000002426b41a1a3 sp=0x000000a3e1df3c90 mode 2
Event: 22.718 Thread 0x00000242420223d0 Uncommon trap: trap_request=0xffffff76 fr.pc=0x000002426bd41e20 relative=0x0000000000001fa0
Event: 22.718 Thread 0x00000242420223d0 Uncommon trap: reason=predicate action=maybe_recompile pc=0x000002426bd41e20 method=kotlin.collections.CollectionsKt___CollectionsKt.joinTo(Ljava/lang/Iterable;Ljava/lang/Appendable;Ljava/lang/CharSequence;Ljava/lang/CharSequence;Ljava/lang/CharSequence;I
Event: 22.718 Thread 0x00000242420223d0 DEOPT PACKING pc=0x000002426bd41e20 sp=0x000000a3e1df3600
Event: 22.718 Thread 0x00000242420223d0 DEOPT UNPACKING pc=0x000002426b41a1a3 sp=0x000000a3e1df3608 mode 2

Classes loaded (20 events):
Event: 13.694 Loading class java/util/concurrent/LinkedBlockingDeque$AbstractItr done
Event: 13.694 Loading class java/util/concurrent/LinkedBlockingDeque$Itr done
Event: 17.321 Loading class java/text/StringCharacterIterator
Event: 17.322 Loading class java/text/CharacterIterator
Event: 17.323 Loading class java/text/CharacterIterator done
Event: 17.323 Loading class java/text/StringCharacterIterator done
Event: 17.523 Loading class java/util/PriorityQueue
Event: 17.524 Loading class java/util/PriorityQueue done
Event: 19.145 Loading class java/util/EnumMap$EntrySet
Event: 19.146 Loading class java/util/EnumMap$EntrySet done
Event: 19.146 Loading class java/util/EnumMap$EntryIterator
Event: 19.146 Loading class java/util/EnumMap$EnumMapIterator
Event: 19.146 Loading class java/util/EnumMap$EnumMapIterator done
Event: 19.146 Loading class java/util/EnumMap$EntryIterator done
Event: 19.146 Loading class java/util/EnumMap$EntryIterator$Entry
Event: 19.146 Loading class java/util/EnumMap$EntryIterator$Entry done
Event: 20.728 Loading class java/lang/Byte$ByteCache
Event: 20.729 Loading class java/lang/Byte$ByteCache done
Event: 21.331 Loading class java/lang/Short$ShortCache
Event: 21.333 Loading class java/lang/Short$ShortCache done

Classes unloaded (0 events):
No events

Classes redefined (0 events):
No events

Internal exceptions (20 events):
Event: 12.056 Thread 0x00000242420223d0 Exception <a 'java/lang/NoSuchMethodError'{0x0000000084793160}: 'java.lang.Object java.lang.invoke.Invokers$Holder.invoke_MT(java.lang.Object, java.lang.Object, java.lang.Object)'> (0x0000000084793160) 
thrown [s\src\hotspot\share\interpreter\linkResolver.cpp, line 759]
Event: 12.626 Thread 0x00000242420223d0 Exception <a 'java/lang/NoSuchMethodError'{0x0000000085d67458}: 'java.lang.Object java.lang.invoke.Invokers$Holder.invokeExact_MT(java.lang.Object, java.lang.Object, long, java.lang.Object)'> (0x0000000085d67458) 
thrown [s\src\hotspot\share\interpreter\linkResolver.cpp, line 759]
Event: 12.770 Thread 0x00000242420223d0 Exception <a 'java/lang/NoSuchMethodError'{0x00000000857a8100}: 'java.lang.Object java.lang.invoke.DirectMethodHandle$Holder.invokeStatic(java.lang.Object, java.lang.Object, long, long)'> (0x00000000857a8100) 
thrown [s\src\hotspot\share\interpreter\linkResolver.cpp, line 759]
Event: 12.777 Thread 0x00000242420223d0 Exception <a 'java/lang/NoSuchMethodError'{0x00000000857f78d8}: 'java.lang.Object java.lang.invoke.DirectMethodHandle$Holder.invokeStatic(java.lang.Object, java.lang.Object, java.lang.Object, long, java.lang.Object)'> (0x00000000857f78d8) 
thrown [s\src\hotspot\share\interpreter\linkResolver.cpp, line 759]
Event: 12.777 Thread 0x00000242420223d0 Exception <a 'java/lang/NoSuchMethodError'{0x0000000085600d08}: 'java.lang.Object java.lang.invoke.DirectMethodHandle$Holder.newInvokeSpecial(java.lang.Object, java.lang.Object, java.lang.Object, long)'> (0x0000000085600d08) 
thrown [s\src\hotspot\share\interpreter\linkResolver.cpp, line 759]
Event: 12.777 Thread 0x00000242420223d0 Exception <a 'java/lang/NoSuchMethodError'{0x0000000085605fc0}: 'java.lang.Object java.lang.invoke.Invokers$Holder.linkToTargetMethod(java.lang.Object, java.lang.Object, long, java.lang.Object)'> (0x0000000085605fc0) 
thrown [s\src\hotspot\share\interpreter\linkResolver.cpp, line 759]
Event: 13.022 Thread 0x00000242420223d0 Implicit null exception at 0x000002426b98db38 to 0x000002426b98decc
Event: 13.221 Thread 0x00000242420223d0 Exception <a 'java/lang/NoSuchMethodError'{0x000000008648d3f0}: 'int java.lang.invoke.DirectMethodHandle$Holder.invokeSpecial(java.lang.Object, java.lang.Object, int, int)'> (0x000000008648d3f0) 
thrown [s\src\hotspot\share\interpreter\linkResolver.cpp, line 759]
Event: 13.571 Thread 0x00000242420223d0 Exception <a 'java/lang/NoSuchMethodError'{0x00000000860c01a0}: 'java.lang.Object java.lang.invoke.DirectMethodHandle$Holder.newInvokeSpecial(java.lang.Object, java.lang.Object, java.lang.Object, java.lang.Object, java.lang.Object, java.lang.Object, java.lang.Object, java.lang.Object)'> (0x00000000860c01a0) 
thrown [s\src\hotspot\share\interpreter\linkResolver.cpp, line 759]
Event: 13.571 Thread 0x00000242420223d0 Exception <a 'java/lang/NoSuchMethodError'{0x00000000860c60f8}: 'java.lang.Object java.lang.invoke.Invokers$Holder.linkToTargetMethod(java.lang.Object, java.lang.Object, java.lang.Object, java.lang.Object, java.lang.Object, java.lang.Object, java.lang.Object, java.lang.Object)'> (0x00000000860c60f8) 
thrown [s\src\hotspot\share\interpreter\linkResolver.cpp, line 759]
Event: 13.574 Thread 0x00000242420223d0 Exception <a 'java/lang/NoSuchMethodError'{0x00000000860de318}: 'java.lang.Object java.lang.invoke.DirectMethodHandle$Holder.newInvokeSpecial(java.lang.Object, java.lang.Object, java.lang.Object, java.lang.Object, java.lang.Object, java.lang.Object, java.lang.Object, java.lang.Object, java.lang.Object)'> (0x00000000860de318) 
thrown [s\src\hotspot\share\interpreter\linkResolver.cpp, line 759]
Event: 13.574 Thread 0x00000242420223d0 Exception <a 'java/lang/NoSuchMethodError'{0x00000000860e40f0}: 'java.lang.Object java.lang.invoke.Invokers$Holder.linkToTargetMethod(java.lang.Object, java.lang.Object, java.lang.Object, java.lang.Object, java.lang.Object, java.lang.Object, java.lang.Object, java.lang.Object, java.lang.Object)'> (0x00000000860e40f0) 
thrown [s\src\hotspot\share\interpreter\linkResolver.cpp, line 759]
Event: 19.207 Thread 0x00000242420223d0 Exception <a 'java/lang/NoSuchMethodError'{0x0000000089b84c50}: 'java.lang.Object java.lang.invoke.DirectMethodHandle$Holder.newInvokeSpecial(java.lang.Object, int, java.lang.Object, java.lang.Object)'> (0x0000000089b84c50) 
thrown [s\src\hotspot\share\interpreter\linkResolver.cpp, line 759]
Event: 20.782 Thread 0x00000242420223d0 Exception <a 'java/lang/NoSuchMethodError'{0x00000000893a4d28}: 'java.lang.Object java.lang.invoke.DirectMethodHandle$Holder.newInvokeSpecial(java.lang.Object, java.lang.Object, java.lang.Object, java.lang.Object, java.lang.Object, java.lang.Object, java.lang.Object, java.lang.Object, int)'> (0x00000000893a4d28) 
thrown [s\src\hotspot\share\interpreter\linkResolver.cpp, line 759]
Event: 20.783 Thread 0x00000242420223d0 Exception <a 'java/lang/NoSuchMethodError'{0x00000000893aba30}: 'java.lang.Object java.lang.invoke.DirectMethodHandle$Holder.invokeSpecial(java.lang.Object, java.lang.Object, java.lang.Object, java.lang.Object, java.lang.Object, java.lang.Object, java.lang.Object, java.lang.Object, java.lang.Object, int)'> (0x00000000893aba30) 
thrown [s\src\hotspot\share\interpreter\linkResolver.cpp, line 759]
Event: 20.783 Thread 0x00000242420223d0 Exception <a 'java/lang/NoSuchMethodError'{0x00000000893b1f28}: 'java.lang.Object java.lang.invoke.Invokers$Holder.linkToTargetMethod(java.lang.Object, java.lang.Object, java.lang.Object, java.lang.Object, java.lang.Object, java.lang.Object, java.lang.Object, int, java.lang.Object)'> (0x00000000893b1f28) 
thrown [s\src\hotspot\share\interpreter\linkResolver.cpp, line 759]
Event: 22.303 Thread 0x00000242420223d0 Exception <a 'java/lang/NoSuchMethodError'{0x000000008bf51500}: 'java.lang.Object java.lang.invoke.DirectMethodHandle$Holder.newInvokeSpecial(java.lang.Object, int, java.lang.Object, int, int)'> (0x000000008bf51500) 
thrown [s\src\hotspot\share\interpreter\linkResolver.cpp, line 759]
Event: 22.359 Thread 0x00000242420223d0 Exception <a 'java/lang/NoSuchMethodError'{0x000000008bed0908}: 'java.lang.Object java.lang.invoke.DirectMethodHandle$Holder.newInvokeSpecial(java.lang.Object, int, java.lang.Object, int)'> (0x000000008bed0908) 
thrown [s\src\hotspot\share\interpreter\linkResolver.cpp, line 759]
Event: 22.359 Thread 0x00000242420223d0 Exception <a 'java/lang/NoSuchMethodError'{0x000000008bed5dc8}: 'java.lang.Object java.lang.invoke.DirectMethodHandle$Holder.invokeSpecial(java.lang.Object, java.lang.Object, int, java.lang.Object, int)'> (0x000000008bed5dc8) 
thrown [s\src\hotspot\share\interpreter\linkResolver.cpp, line 759]
Event: 22.604 Thread 0x00000242420223d0 Exception <a 'java/lang/NoSuchMethodError'{0x000000008ac5ad08}: 'java.lang.Object java.lang.invoke.DirectMethodHandle$Holder.invokeStaticInit(java.lang.Object, int, java.lang.Object, java.lang.Object, java.lang.Object)'> (0x000000008ac5ad08) 
thrown [s\src\hotspot\share\interpreter\linkResolver.cpp, line 759]

VM Operations (20 events):
Event: 20.130 Executing VM operation: HandshakeAllThreads
Event: 20.130 Executing VM operation: HandshakeAllThreads done
Event: 20.799 Executing VM operation: HandshakeAllThreads
Event: 20.800 Executing VM operation: HandshakeAllThreads done
Event: 20.800 Executing VM operation: Cleanup
Event: 20.801 Executing VM operation: Cleanup done
Event: 20.871 Executing VM operation: HandshakeAllThreads
Event: 20.871 Executing VM operation: HandshakeAllThreads done
Event: 20.871 Executing VM operation: HandshakeAllThreads
Event: 20.871 Executing VM operation: HandshakeAllThreads done
Event: 21.480 Executing VM operation: G1CollectForAllocation
Event: 21.571 Executing VM operation: G1CollectForAllocation done
Event: 21.795 Executing VM operation: HandshakeAllThreads
Event: 21.872 Executing VM operation: HandshakeAllThreads done
Event: 21.875 Executing VM operation: HandshakeAllThreads
Event: 21.875 Executing VM operation: HandshakeAllThreads done
Event: 22.100 Executing VM operation: HandshakeAllThreads
Event: 22.100 Executing VM operation: HandshakeAllThreads done
Event: 22.734 Executing VM operation: ICBufferFull
Event: 22.734 Executing VM operation: ICBufferFull done

Memory protections (0 events):
No events

Nmethod flushes (20 events):
Event: 12.295 Thread 0x000002427a7ef820 flushing  nmethod 0x000002426479df90
Event: 12.295 Thread 0x000002427a7ef820 flushing  nmethod 0x000002426479f510
Event: 12.295 Thread 0x000002427a7ef820 flushing  nmethod 0x00000242647ac610
Event: 12.295 Thread 0x000002427a7ef820 flushing  nmethod 0x00000242647adc10
Event: 12.295 Thread 0x000002427a7ef820 flushing  nmethod 0x00000242647b8190
Event: 12.295 Thread 0x000002427a7ef820 flushing  nmethod 0x00000242647ba790
Event: 12.295 Thread 0x000002427a7ef820 flushing  nmethod 0x00000242647c2f10
Event: 12.295 Thread 0x000002427a7ef820 flushing  nmethod 0x00000242647ef610
Event: 12.295 Thread 0x000002427a7ef820 flushing  nmethod 0x00000242647f5d90
Event: 12.295 Thread 0x000002427a7ef820 flushing  nmethod 0x0000024264836910
Event: 12.295 Thread 0x000002427a7ef820 flushing  nmethod 0x0000024264837d90
Event: 12.295 Thread 0x000002427a7ef820 flushing  nmethod 0x000002426483fd90
Event: 12.295 Thread 0x000002427a7ef820 flushing  nmethod 0x0000024264866510
Event: 12.295 Thread 0x000002427a7ef820 flushing  nmethod 0x0000024264866910
Event: 20.901 Thread 0x000002427a7ef820 flushing  nmethod 0x0000024263f30010
Event: 20.904 Thread 0x000002427a7ef820 flushing  nmethod 0x0000024263f7d110
Event: 20.909 Thread 0x000002427a7ef820 flushing  nmethod 0x00000242640d2c10
Event: 20.926 Thread 0x000002427a7ef820 flushing  nmethod 0x00000242642f9910
Event: 21.266 Thread 0x000002427a7ef820 flushing  nmethod 0x0000024264867490
Event: 21.266 Thread 0x000002427a7ef820 flushing  nmethod 0x0000024264868290

Events (20 events):
Event: 8.953 Thread 0x00000242420223d0 Thread added: 0x000002424416ac40
Event: 9.182 Thread 0x00000242420223d0 Thread added: 0x00000242441688d0
Event: 9.183 Thread 0x00000242420223d0 Thread added: 0x0000024244169800
Event: 9.183 Thread 0x00000242420223d0 Thread added: 0x000002424416bb70
Event: 9.184 Thread 0x00000242420223d0 Thread added: 0x000002424416e900
Event: 9.184 Thread 0x00000242420223d0 Thread added: 0x000002424416a730
Event: 9.185 Thread 0x00000242420223d0 Thread added: 0x0000024244168de0
Event: 9.185 Thread 0x00000242420223d0 Thread added: 0x000002424416c590
Event: 9.533 Thread 0x00000242420223d0 Thread added: 0x00000242441692f0
Event: 9.657 Thread 0x00000242420223d0 Thread added: 0x000002424416f320
Event: 9.695 Thread 0x00000242420223d0 Thread added: 0x000002424416caa0
Event: 9.696 Thread 0x00000242420223d0 Thread added: 0x000002424416fd40
Event: 9.696 Thread 0x00000242420223d0 Thread added: 0x0000024244170250
Event: 9.696 Thread 0x00000242420223d0 Thread added: 0x000002424416cfb0
Event: 9.697 Thread 0x00000242420223d0 Thread added: 0x000002424416d4c0
Event: 9.697 Thread 0x00000242420223d0 Thread added: 0x000002424416d9d0
Event: 9.697 Thread 0x00000242420223d0 Thread added: 0x0000024244169d10
Event: 9.725 Thread 0x00000242420223d0 Thread added: 0x000002424416dee0
Event: 9.765 Thread 0x00000242420223d0 Thread added: 0x000002424416a220
Event: 9.825 Thread 0x00000242420223d0 Thread added: 0x000002424416b150


Dynamic libraries:
0x00007ff7d6770000 - 0x00007ff7d677e000 	C:\Users\welcome\.gradle\jdks\eclipse_adoptium-17-amd64-windows.2\bin\java.exe
0x00007ffa601b0000 - 0x00007ffa603a8000 	C:\Windows\SYSTEM32\ntdll.dll
0x00007ffa5f520000 - 0x00007ffa5f5e2000 	C:\Windows\System32\KERNEL32.DLL
0x00007ffa5d950000 - 0x00007ffa5dc47000 	C:\Windows\System32\KERNELBASE.dll
0x00007ffa5dfb0000 - 0x00007ffa5e0b0000 	C:\Windows\System32\ucrtbase.dll
0x00007ffa46c10000 - 0x00007ffa46c28000 	C:\Users\welcome\.gradle\jdks\eclipse_adoptium-17-amd64-windows.2\bin\jli.dll
0x00007ffa42270000 - 0x00007ffa4228e000 	C:\Users\welcome\.gradle\jdks\eclipse_adoptium-17-amd64-windows.2\bin\VCRUNTIME140.dll
0x00007ffa5f200000 - 0x00007ffa5f39d000 	C:\Windows\System32\USER32.dll
0x00007ffa5e0b0000 - 0x00007ffa5e0d2000 	C:\Windows\System32\win32u.dll
0x00007ffa47ea0000 - 0x00007ffa4813b000 	C:\Windows\WinSxS\amd64_microsoft.windows.common-controls_6595b64144ccf1df_6.0.19041.6926_none_60b5a53971f8f7e6\COMCTL32.dll
0x00007ffa5f1d0000 - 0x00007ffa5f1fb000 	C:\Windows\System32\GDI32.dll
0x00007ffa5f7a0000 - 0x00007ffa5f83e000 	C:\Windows\System32\msvcrt.dll
0x00007ffa5d830000 - 0x00007ffa5d949000 	C:\Windows\System32\gdi32full.dll
0x00007ffa5dcd0000 - 0x00007ffa5dd6d000 	C:\Windows\System32\msvcp_win.dll
0x00007ffa5f1a0000 - 0x00007ffa5f1cf000 	C:\Windows\System32\IMM32.DLL
0x00007ffa56e10000 - 0x00007ffa56e1c000 	C:\Users\welcome\.gradle\jdks\eclipse_adoptium-17-amd64-windows.2\bin\vcruntime140_1.dll
0x00007ffa0bf30000 - 0x00007ffa0bfbd000 	C:\Users\welcome\.gradle\jdks\eclipse_adoptium-17-amd64-windows.2\bin\msvcp140.dll
0x00007ff9b20a0000 - 0x00007ff9b2d0b000 	C:\Users\welcome\.gradle\jdks\eclipse_adoptium-17-amd64-windows.2\bin\server\jvm.dll
0x00007ffa600b0000 - 0x00007ffa60161000 	C:\Windows\System32\ADVAPI32.dll
0x00007ffa5fb00000 - 0x00007ffa5fb9f000 	C:\Windows\System32\sechost.dll
0x00007ffa5e880000 - 0x00007ffa5e9a6000 	C:\Windows\System32\RPCRT4.dll
0x00007ffa5dd70000 - 0x00007ffa5dd97000 	C:\Windows\System32\bcrypt.dll
0x00007ffa5f130000 - 0x00007ffa5f19b000 	C:\Windows\System32\WS2_32.dll
0x00007ffa5cd70000 - 0x00007ffa5cdbb000 	C:\Windows\SYSTEM32\POWRPROF.dll
0x00007ffa40930000 - 0x00007ffa40957000 	C:\Windows\SYSTEM32\WINMM.dll
0x00007ffa546b0000 - 0x00007ffa546ba000 	C:\Windows\SYSTEM32\VERSION.dll
0x00007ffa5cc30000 - 0x00007ffa5cc42000 	C:\Windows\SYSTEM32\UMPDC.dll
0x00007ffa5c050000 - 0x00007ffa5c062000 	C:\Windows\SYSTEM32\kernel.appcore.dll
0x00007ffa4cf90000 - 0x00007ffa4cf9a000 	C:\Users\welcome\.gradle\jdks\eclipse_adoptium-17-amd64-windows.2\bin\jimage.dll
0x00007ffa5bd50000 - 0x00007ffa5bf51000 	C:\Windows\SYSTEM32\DBGHELP.DLL
0x00007ffa3f820000 - 0x00007ffa3f854000 	C:\Windows\SYSTEM32\dbgcore.DLL
0x00007ffa5e0e0000 - 0x00007ffa5e162000 	C:\Windows\System32\bcryptPrimitives.dll
0x00007ffa4cf50000 - 0x00007ffa4cf5e000 	C:\Users\welcome\.gradle\jdks\eclipse_adoptium-17-amd64-windows.2\bin\instrument.dll
0x00007ffa29a50000 - 0x00007ffa29a75000 	C:\Users\welcome\.gradle\jdks\eclipse_adoptium-17-amd64-windows.2\bin\java.dll
0x00007ffa0be50000 - 0x00007ffa0bf27000 	C:\Users\welcome\.gradle\jdks\eclipse_adoptium-17-amd64-windows.2\bin\jsvml.dll
0x00007ffa5e9b0000 - 0x00007ffa5f122000 	C:\Windows\System32\SHELL32.dll
0x00007ffa5b5a0000 - 0x00007ffa5bd46000 	C:\Windows\SYSTEM32\windows.storage.dll
0x00007ffa5fba0000 - 0x00007ffa5fef3000 	C:\Windows\System32\combase.dll
0x00007ffa5d260000 - 0x00007ffa5d28b000 	C:\Windows\SYSTEM32\Wldp.dll
0x00007ffa5fa30000 - 0x00007ffa5fafd000 	C:\Windows\System32\OLEAUT32.dll
0x00007ffa5e280000 - 0x00007ffa5e32d000 	C:\Windows\System32\SHCORE.dll
0x00007ffa5e220000 - 0x00007ffa5e27b000 	C:\Windows\System32\shlwapi.dll
0x00007ffa5d760000 - 0x00007ffa5d784000 	C:\Windows\SYSTEM32\profapi.dll
0x00007ffa408c0000 - 0x00007ffa408d8000 	C:\Users\welcome\.gradle\jdks\eclipse_adoptium-17-amd64-windows.2\bin\zip.dll
0x00007ffa37860000 - 0x00007ffa3787a000 	C:\Users\welcome\.gradle\jdks\eclipse_adoptium-17-amd64-windows.2\bin\net.dll
0x00007ffa574f0000 - 0x00007ffa575fa000 	C:\Windows\SYSTEM32\WINHTTP.dll
0x00007ffa5cfc0000 - 0x00007ffa5d02a000 	C:\Windows\system32\mswsock.dll
0x00007ffa28e90000 - 0x00007ffa28ea6000 	C:\Users\welcome\.gradle\jdks\eclipse_adoptium-17-amd64-windows.2\bin\nio.dll
0x00007ffa494e0000 - 0x00007ffa494f0000 	C:\Users\welcome\.gradle\jdks\eclipse_adoptium-17-amd64-windows.2\bin\verify.dll
0x00007ff9f7110000 - 0x00007ff9f7137000 	C:\Users\welcome\.gradle\native\660c5614fbf4a5f2a75b1949f50a0caf5cd603558e7d8a26e50b933a0cfb79d1\windows-amd64\native-platform.dll
0x00007ff9f1c70000 - 0x00007ff9f1ce7000 	C:\Users\welcome\.gradle\native\0.2.8\x86_64-windows-gnu\gradle-fileevents.dll
0x00007ffa47250000 - 0x00007ffa4725a000 	C:\Users\welcome\.gradle\jdks\eclipse_adoptium-17-amd64-windows.2\bin\management.dll
0x00007ffa3f190000 - 0x00007ffa3f19c000 	C:\Users\welcome\.gradle\jdks\eclipse_adoptium-17-amd64-windows.2\bin\management_ext.dll
0x00007ffa5f3a0000 - 0x00007ffa5f3a8000 	C:\Windows\System32\PSAPI.DLL
0x00007ffa5cc50000 - 0x00007ffa5cc8b000 	C:\Windows\SYSTEM32\IPHLPAPI.DLL
0x00007ffa5f9c0000 - 0x00007ffa5f9c8000 	C:\Windows\System32\NSI.dll
0x00007ffa53b80000 - 0x00007ffa53b97000 	C:\Windows\SYSTEM32\dhcpcsvc6.DLL
0x00007ffa55520000 - 0x00007ffa5553d000 	C:\Windows\SYSTEM32\dhcpcsvc.DLL
0x00007ffa5cca0000 - 0x00007ffa5cd6a000 	C:\Windows\SYSTEM32\DNSAPI.dll
0x00007ffa2bcd0000 - 0x00007ffa2bcd9000 	C:\Users\welcome\.gradle\jdks\eclipse_adoptium-17-amd64-windows.2\bin\extnet.dll
0x00007ffa5d1b0000 - 0x00007ffa5d1c8000 	C:\Windows\SYSTEM32\CRYPTSP.dll
0x00007ffa5c870000 - 0x00007ffa5c8a8000 	C:\Windows\system32\rsaenh.dll
0x00007ffa5d720000 - 0x00007ffa5d74e000 	C:\Windows\SYSTEM32\USERENV.dll
0x00007ffa5d1d0000 - 0x00007ffa5d1dc000 	C:\Windows\SYSTEM32\CRYPTBASE.dll
0x00007ffa2bc80000 - 0x00007ffa2bc8e000 	C:\Users\welcome\.gradle\jdks\eclipse_adoptium-17-amd64-windows.2\bin\sunmscapi.dll
0x00007ffa5dda0000 - 0x00007ffa5defd000 	C:\Windows\System32\CRYPT32.dll
0x00007ffa5d2d0000 - 0x00007ffa5d2f7000 	C:\Windows\SYSTEM32\ncrypt.dll
0x00007ffa5d290000 - 0x00007ffa5d2cb000 	C:\Windows\SYSTEM32\NTASN1.dll
0x00007ffa56be0000 - 0x00007ffa56be7000 	C:\Windows\system32\wshunix.dll

dbghelp: loaded successfully - version: 4.0.5 - missing functions: none
symbol engine: initialized successfully - sym options: 0x614 - pdb path: .;C:\Users\welcome\.gradle\jdks\eclipse_adoptium-17-amd64-windows.2\bin;C:\Windows\SYSTEM32;C:\Windows\WinSxS\amd64_microsoft.windows.common-controls_6595b64144ccf1df_6.0.19041.6926_none_60b5a53971f8f7e6;C:\Users\welcome\.gradle\jdks\eclipse_adoptium-17-amd64-windows.2\bin\server;C:\Users\welcome\.gradle\native\660c5614fbf4a5f2a75b1949f50a0caf5cd603558e7d8a26e50b933a0cfb79d1\windows-amd64;C:\Users\welcome\.gradle\native\0.2.8\x86_64-windows-gnu

VM Arguments:
jvm_args: --add-opens=java.base/java.lang=ALL-UNNAMED --add-opens=java.base/java.lang.invoke=ALL-UNNAMED --add-opens=java.base/java.util=ALL-UNNAMED --add-opens=java.prefs/java.util.prefs=ALL-UNNAMED --add-exports=jdk.compiler/com.sun.tools.javac.api=ALL-UNNAMED --add-exports=jdk.compiler/com.sun.tools.javac.util=ALL-UNNAMED --add-opens=java.base/java.util=ALL-UNNAMED --add-opens=java.prefs/java.util.prefs=ALL-UNNAMED --add-opens=java.base/java.nio.charset=ALL-UNNAMED --add-opens=java.base/java.net=ALL-UNNAMED --add-opens=java.base/java.util.concurrent=ALL-UNNAMED --add-opens=java.base/java.util.concurrent.atomic=ALL-UNNAMED --add-opens=java.xml/javax.xml.namespace=ALL-UNNAMED --add-opens=java.base/java.time=ALL-UNNAMED -Xmx2048m -Dfile.encoding=UTF-8 -Duser.country=IN -Duser.language=en -Duser.variant -javaagent:C:\Users\welcome\.gradle\wrapper\dists\gradle-9.2.1-bin\2t0n5ozlw9xmuyvbp7dnzaxug\gradle-9.2.1\lib\agents\gradle-instrumentation-agent-9.2.1.jar 
java_command: org.gradle.launcher.daemon.bootstrap.GradleDaemon 9.2.1
java_class_path (initial): C:\Users\welcome\.gradle\wrapper\dists\gradle-9.2.1-bin\2t0n5ozlw9xmuyvbp7dnzaxug\gradle-9.2.1\lib\gradle-daemon-main-9.2.1.jar
Launcher Type: SUN_STANDARD

[Global flags]
     intx CICompilerCount                          = 4                                         {product} {ergonomic}
     uint ConcGCThreads                            = 2                                         {product} {ergonomic}
     uint G1ConcRefinementThreads                  = 8                                         {product} {ergonomic}
   size_t G1HeapRegionSize                         = 1048576                                   {product} {ergonomic}
    uintx GCDrainStackTargetSize                   = 64                                        {product} {ergonomic}
   size_t InitialHeapSize                          = 62914560                                  {product} {ergonomic}
   size_t MarkStackSize                            = 4194304                                   {product} {ergonomic}
   size_t MaxHeapSize                              = 2147483648                                {product} {command line}
   size_t MaxNewSize                               = 1287651328                                {product} {ergonomic}
   size_t MinHeapDeltaBytes                        = 1048576                                   {product} {ergonomic}
   size_t MinHeapSize                              = 8388608                                   {product} {ergonomic}
    uintx NonNMethodCodeHeapSize                   = 5839372                                {pd product} {ergonomic}
    uintx NonProfiledCodeHeapSize                  = 122909434                              {pd product} {ergonomic}
    uintx ProfiledCodeHeapSize                     = 122909434                              {pd product} {ergonomic}
    uintx ReservedCodeCacheSize                    = 251658240                              {pd product} {ergonomic}
     bool SegmentedCodeCache                       = true                                      {product} {ergonomic}
   size_t SoftMaxHeapSize                          = 2147483648                             {manageable} {ergonomic}
     bool UseCompressedClassPointers               = true                           {product lp64_product} {ergonomic}
     bool UseCompressedOops                        = true                           {product lp64_product} {ergonomic}
     bool UseG1GC                                  = true                                      {product} {ergonomic}
     bool UseLargePagesIndividualAllocation        = false                                  {pd product} {ergonomic}

Logging:
Log output configuration:
 #0: stdout all=warning uptime,level,tags
 #1: stderr all=off uptime,level,tags

Environment Variables:
PATH=C:\Windows\system32;C:\Windows;C:\Windows\System32\Wbem;C:\Windows\System32\WindowsPowerShell\v1.0\;C:\Windows\System32\OpenSSH\;C:\Program Files\Git\cmd;C:\Program Files\nodejs\;C:\Users\welcome\AppData\Local\Microsoft\WindowsApps;C:\Users\welcome\AppData\Local\Programs\Antigravity\bin;C:\Users\welcome\AppData\Local\Programs\cursor\resources\app\bin;C:\Users\welcome\AppData\Local\Programs\Microsoft VS Code\bin;C:\Users\welcome\AppData\Roaming\npm
USERNAME=welcome
OS=Windows_NT
PROCESSOR_IDENTIFIER=Intel64 Family 6 Model 140 Stepping 2, GenuineIntel
TMP=C:\Users\welcome\AppData\Local\Temp
TEMP=C:\Users\welcome\AppData\Local\Temp



Periodic native trim disabled


---------------  S Y S T E M  ---------------

OS:
 Windows 10 , 64 bit Build 19041 (10.0.19041.6807)
OS uptime: 5 days 0:33 hours

CPU: total 8 (initial active 8) (4 cores per cpu, 2 threads per core) family 6 model 140 stepping 2 microcode 0x34, cx8, cmov, fxsr, ht, mmx, 3dnowpref, sse, sse2, sse3, ssse3, sse4.1, sse4.2, popcnt, lzcnt, tsc, tscinvbit, avx, avx2, aes, erms, clmul, bmi1, bmi2, adx, avx512f, avx512dq, avx512cd, avx512bw, avx512vl, sha, fma, vzeroupper, avx512_vpopcntdq, avx512_vpclmulqdq, avx512_vaes, avx512_vnni, clflush, clflushopt, clwb, avx512_vbmi2, avx512_vbmi
Processor Information for processor 0
  Max Mhz: 2496, Current Mhz: 998, Mhz Limit: 2496
Processor Information for processor 1
  Max Mhz: 2496, Current Mhz: 998, Mhz Limit: 2496
Processor Information for processor 2
  Max Mhz: 2496, Current Mhz: 2496, Mhz Limit: 2496
Processor Information for processor 3
  Max Mhz: 2496, Current Mhz: 998, Mhz Limit: 2496
Processor Information for processor 4
  Max Mhz: 2496, Current Mhz: 2496, Mhz Limit: 2496
Processor Information for processor 5
  Max Mhz: 2496, Current Mhz: 2496, Mhz Limit: 2496
Processor Information for processor 6
  Max Mhz: 2496, Current Mhz: 998, Mhz Limit: 2496
Processor Information for processor 7
  Max Mhz: 2496, Current Mhz: 2496, Mhz Limit: 2496

Memory: 4k page, system-wide physical 3738M (150M free)
TotalPageFile size 15002M (AvailPageFile size 0M)
current process WorkingSet (physical memory assigned to process): 312M, peak: 312M
current process commit charge ("private bytes"): 504M, peak: 504M

vm_info: OpenJDK 64-Bit Server VM (17.0.18+8) for windows-amd64 JRE (17.0.18+8), built on Jan 20 2026 22:28:22 by "admin" with MS VC++ 17.12 (VS2022)

END.
