#
# There is insufficient memory for the Java Runtime Environment to continue.
# Native memory allocation (mmap) failed to map 37748736 bytes. Error detail: G1 virtual space
# Possible reasons:
#   The system is out of physical RAM or swap space
#   This process is running with CompressedOops enabled, and the Java Heap may be blocking the growth of the native heap
# Possible solutions:
#   Reduce memory load on the system
#   Increase physical memory or swap space
#   Check if swap backing store is full
#   Decrease Java heap size (-Xmx/-Xms)
#   Decrease number of Java threads
#   Decrease Java thread stack sizes (-Xss)
#   Set larger code cache with -XX:ReservedCodeCacheSize=
#   JVM is running with Unscaled Compressed Oops mode in which the Java heap is
#     placed in the first 4GB address space. The Java Heap base address is the
#     maximum limit for the native heap growth. Please use -XX:HeapBaseMinAddress
#     to set the Java Heap base and to place the Java Heap above 4GB virtual address.
# This output file may be truncated or incomplete.
#
#  Out of Memory Error (os_windows.cpp:3618), pid=17084, tid=23472
#
# JRE version: OpenJDK Runtime Environment Temurin-17.0.18+8 (17.0.18+8) (build 17.0.18+8)
# Java VM: OpenJDK 64-Bit Server VM Temurin-17.0.18+8 (17.0.18+8, mixed mode, sharing, tiered, compressed oops, compressed class ptrs, g1 gc, windows-amd64)
# No core dump will be written. Minidumps are not enabled by default on client versions of Windows
#

---------------  S U M M A R Y ------------

Command Line: --add-opens=java.base/java.lang=ALL-UNNAMED --add-opens=java.base/java.lang.invoke=ALL-UNNAMED --add-opens=java.base/java.util=ALL-UNNAMED --add-opens=java.prefs/java.util.prefs=ALL-UNNAMED --add-exports=jdk.compiler/com.sun.tools.javac.api=ALL-UNNAMED --add-exports=jdk.compiler/com.sun.tools.javac.util=ALL-UNNAMED --add-opens=java.base/java.util=ALL-UNNAMED --add-opens=java.prefs/java.util.prefs=ALL-UNNAMED --add-opens=java.base/java.nio.charset=ALL-UNNAMED --add-opens=java.base/java.net=ALL-UNNAMED --add-opens=java.base/java.util.concurrent=ALL-UNNAMED --add-opens=java.base/java.util.concurrent.atomic=ALL-UNNAMED --add-opens=java.xml/javax.xml.namespace=ALL-UNNAMED --add-opens=java.base/java.time=ALL-UNNAMED -Xmx2048m -Dfile.encoding=UTF-8 -Duser.country=IN -Duser.language=en -Duser.variant -javaagent:C:\Users\welcome\.gradle\wrapper\dists\gradle-9.2.1-bin\2t0n5ozlw9xmuyvbp7dnzaxug\gradle-9.2.1\lib\agents\gradle-instrumentation-agent-9.2.1.jar org.gradle.launcher.daemon.bootstrap.GradleDaemon 9.2.1

Host: 11th Gen Intel(R) Core(TM) i5-1155G7 @ 2.50GHz, 8 cores, 3G,  Windows 10 , 64 bit Build 19041 (10.0.19041.6807)
Time: Tue Mar 17 09:21:30 2026 India Standard Time elapsed time: 7.225819 seconds (0d 0h 0m 7s)

---------------  T H R E A D  ---------------

Current thread (0x000002b44cd3e0d0):  VMThread "VM Thread" [stack: 0x000000fe0bf00000,0x000000fe0c000000] [id=23472]

Stack: [0x000000fe0bf00000,0x000000fe0c000000]
Native frames: (J=compiled Java code, j=interpreted, Vv=VM code, C=native code)
V  [jvm.dll+0x6846f9]
V  [jvm.dll+0x839ea5]
V  [jvm.dll+0x83b91e]
V  [jvm.dll+0x83bfa3]
V  [jvm.dll+0x248eff]
V  [jvm.dll+0x6814b9]
V  [jvm.dll+0x6762ba]
V  [jvm.dll+0x309257]
V  [jvm.dll+0x310826]
V  [jvm.dll+0x360d9e]
V  [jvm.dll+0x360fdd]
V  [jvm.dll+0x2e02dc]
V  [jvm.dll+0x2de6b2]
V  [jvm.dll+0x2dde4c]
V  [jvm.dll+0x320aeb]
V  [jvm.dll+0x8407bd]
V  [jvm.dll+0x8414f3]
V  [jvm.dll+0x841a1f]
V  [jvm.dll+0x841e05]
V  [jvm.dll+0x841ece]
V  [jvm.dll+0x7eaaec]
V  [jvm.dll+0x6835c7]
C  [ucrtbase.dll+0x21bb2]
C  [KERNEL32.DLL+0x17374]
C  [ntdll.dll+0x4cc91]

VM_Operation (0x000000fe0daf5740): G1CollectForAllocation, mode: safepoint, requested by thread 0x000002b494645300


---------------  P R O C E S S  ---------------

Threads class SMR info:
_java_thread_list=0x000002b49716e090, length=31, elements={
0x000002b42ef02a70, 0x000002b44cd46200, 0x000002b44cd46cd0, 0x000002b44cd59a60,
0x000002b44cd5a530, 0x000002b44cd5ce10, 0x000002b44cd5f900, 0x000002b44cd60710,
0x000002b44cd65110, 0x000002b44cd66a40, 0x000002b44cd2f4e0, 0x000002b44d6dc280,
0x000002b493c9d140, 0x000002b493f4e0f0, 0x000002b494800710, 0x000002b493b71800,
0x000002b4946443d0, 0x000002b494644df0, 0x000002b494645300, 0x000002b494642570,
0x000002b494645810, 0x000002b494643ec0, 0x000002b494642060, 0x000002b4946448e0,
0x000002b494642f90, 0x000002b4946434a0, 0x000002b494642a80, 0x000002b49559e420,
0x000002b4955a16c0, 0x000002b49559cad0, 0x000002b49559f350
}

Java Threads: ( => current thread )
  0x000002b42ef02a70 JavaThread "main" [_thread_blocked, id=23688, stack(0x000000fe0b900000,0x000000fe0ba00000)]
  0x000002b44cd46200 JavaThread "Reference Handler" daemon [_thread_blocked, id=12864, stack(0x000000fe0c000000,0x000000fe0c100000)]
  0x000002b44cd46cd0 JavaThread "Finalizer" daemon [_thread_blocked, id=18908, stack(0x000000fe0c100000,0x000000fe0c200000)]
  0x000002b44cd59a60 JavaThread "Signal Dispatcher" daemon [_thread_blocked, id=23604, stack(0x000000fe0c200000,0x000000fe0c300000)]
  0x000002b44cd5a530 JavaThread "Attach Listener" daemon [_thread_blocked, id=3456, stack(0x000000fe0c300000,0x000000fe0c400000)]
  0x000002b44cd5ce10 JavaThread "Service Thread" daemon [_thread_blocked, id=11668, stack(0x000000fe0c400000,0x000000fe0c500000)]
  0x000002b44cd5f900 JavaThread "Monitor Deflation Thread" daemon [_thread_blocked, id=23772, stack(0x000000fe0c500000,0x000000fe0c600000)]
  0x000002b44cd60710 JavaThread "C2 CompilerThread0" daemon [_thread_in_native, id=12496, stack(0x000000fe0c600000,0x000000fe0c700000)]
  0x000002b44cd65110 JavaThread "C1 CompilerThread0" daemon [_thread_blocked, id=5568, stack(0x000000fe0c700000,0x000000fe0c800000)]
  0x000002b44cd66a40 JavaThread "Sweeper thread" daemon [_thread_blocked, id=18788, stack(0x000000fe0c800000,0x000000fe0c900000)]
  0x000002b44cd2f4e0 JavaThread "Common-Cleaner" daemon [_thread_blocked, id=21612, stack(0x000000fe0c900000,0x000000fe0ca00000)]
  0x000002b44d6dc280 JavaThread "Notification Thread" daemon [_thread_blocked, id=16656, stack(0x000000fe0ca00000,0x000000fe0cb00000)]
  0x000002b493c9d140 JavaThread "Daemon health stats" [_thread_blocked, id=19072, stack(0x000000fe0d100000,0x000000fe0d200000)]
  0x000002b493f4e0f0 JavaThread "Incoming local TCP Connector on port 51898" [_thread_in_native, id=3412, stack(0x000000fe0d200000,0x000000fe0d300000)]
  0x000002b494800710 JavaThread "Daemon periodic checks" [_thread_blocked, id=12912, stack(0x000000fe0d300000,0x000000fe0d400000)]
  0x000002b493b71800 JavaThread "Daemon" [_thread_blocked, id=9768, stack(0x000000fe0d700000,0x000000fe0d800000)]
  0x000002b4946443d0 JavaThread "Handler for socket connection from /127.0.0.1:51898 to /127.0.0.1:51899" [_thread_in_native, id=10716, stack(0x000000fe0d800000,0x000000fe0d900000)]
  0x000002b494644df0 JavaThread "Cancel handler" [_thread_blocked, id=21348, stack(0x000000fe0d900000,0x000000fe0da00000)]
  0x000002b494645300 JavaThread "Daemon worker" [_thread_blocked, id=532, stack(0x000000fe0da00000,0x000000fe0db00000)]
  0x000002b494642570 JavaThread "Asynchronous log dispatcher for DefaultDaemonConnection: socket connection from /127.0.0.1:51898 to /127.0.0.1:51899" [_thread_blocked, id=16000, stack(0x000000fe0db00000,0x000000fe0dc00000)]
  0x000002b494645810 JavaThread "Stdin handler" [_thread_blocked, id=3128, stack(0x000000fe0dc00000,0x000000fe0dd00000)]
  0x000002b494643ec0 JavaThread "Daemon client event forwarder" [_thread_blocked, id=3656, stack(0x000000fe0dd00000,0x000000fe0de00000)]
  0x000002b494642060 JavaThread "Cache worker for journal cache (C:\Users\welcome\.gradle\caches\journal-1)" [_thread_blocked, id=16092, stack(0x000000fe0de00000,0x000000fe0df00000)]
  0x000002b4946448e0 JavaThread "File lock request listener" [_thread_in_native, id=24344, stack(0x000000fe0df00000,0x000000fe0e000000)]
  0x000002b494642f90 JavaThread "Cache worker for file hash cache (C:\Users\welcome\.gradle\caches\9.2.1\fileHashes)" [_thread_blocked, id=23148, stack(0x000000fe0e000000,0x000000fe0e100000)]
  0x000002b4946434a0 JavaThread "Cache worker for file hash cache (C:\Users\welcome\AndroidStudioProjects\mindguardaipsychologicalsupportapp\.gradle\9.2.1\fileHashes)" [_thread_blocked, id=4256, stack(0x000000fe0e200000,0x000000fe0e300000)]
  0x000002b494642a80 JavaThread "Cache worker for Build Output Cleanup Cache (C:\Users\welcome\AndroidStudioProjects\mindguardaipsychologicalsupportapp\.gradle\buildOutputCleanup)" [_thread_blocked, id=7976, stack(0x000000fe0e300000,0x000000fe0e400000)]
  0x000002b49559e420 JavaThread "File watcher server" daemon [_thread_in_native, id=9516, stack(0x000000fe0e400000,0x000000fe0e500000)]
  0x000002b4955a16c0 JavaThread "File watcher consumer" daemon [_thread_blocked, id=22752, stack(0x000000fe0e500000,0x000000fe0e600000)]
  0x000002b49559cad0 JavaThread "Cache worker for checksums cache (C:\Users\welcome\AndroidStudioProjects\mindguardaipsychologicalsupportapp\.gradle\9.2.1\checksums)" [_thread_blocked, id=19536, stack(0x000000fe0e600000,0x000000fe0e700000)]
  0x000002b49559f350 JavaThread "Cache worker for file content cache (C:\Users\welcome\.gradle\caches\9.2.1\fileContent)" [_thread_blocked, id=15216, stack(0x000000fe0e700000,0x000000fe0e800000)]

Other Threads:
=>0x000002b44cd3e0d0 VMThread "VM Thread" [stack: 0x000000fe0bf00000,0x000000fe0c000000] [id=23472]
  0x000002b42ef03940 WatcherThread [stack: 0x000000fe0cb00000,0x000000fe0cc00000] [id=7252]
  0x000002b42ef5fc90 GCTaskThread "GC Thread#0" [stack: 0x000000fe0ba00000,0x000000fe0bb00000] [id=23640]
  0x000002b44d77cb80 GCTaskThread "GC Thread#1" [stack: 0x000000fe0cc00000,0x000000fe0cd00000] [id=7448]
  0x000002b4930a8120 GCTaskThread "GC Thread#2" [stack: 0x000000fe0cd00000,0x000000fe0ce00000] [id=19692]
  0x000002b4931394e0 GCTaskThread "GC Thread#3" [stack: 0x000000fe0ce00000,0x000000fe0cf00000] [id=840]
  0x000002b493216420 GCTaskThread "GC Thread#4" [stack: 0x000000fe0cf00000,0x000000fe0d000000] [id=16856]
  0x000002b494627450 GCTaskThread "GC Thread#5" [stack: 0x000000fe0d400000,0x000000fe0d500000] [id=22340]
  0x000002b494731f40 GCTaskThread "GC Thread#6" [stack: 0x000000fe0d500000,0x000000fe0d600000] [id=11976]
  0x000002b494732200 GCTaskThread "GC Thread#7" [stack: 0x000000fe0d600000,0x000000fe0d700000] [id=23300]
  0x000002b42ef71290 ConcurrentGCThread "G1 Main Marker" [stack: 0x000000fe0bb00000,0x000000fe0bc00000] [id=24340]
  0x000002b42ef71bc0 ConcurrentGCThread "G1 Conc#0" [stack: 0x000000fe0bc00000,0x000000fe0bd00000] [id=10852]
  0x000002b494a435e0 ConcurrentGCThread "G1 Conc#1" [stack: 0x000000fe0e100000,0x000000fe0e200000] [id=24224]
  0x000002b44cbed8d0 ConcurrentGCThread "G1 Refine#0" [stack: 0x000000fe0bd00000,0x000000fe0be00000] [id=14360]
  0x000002b493255080 ConcurrentGCThread "G1 Refine#1" [stack: 0x000000fe0d000000,0x000000fe0d100000] [id=18508]
  0x000002b44cbee110 ConcurrentGCThread "G1 Service" [stack: 0x000000fe0be00000,0x000000fe0bf00000] [id=9344]

Threads with active compile tasks:
C2 CompilerThread0  7264 2861       4       java.net.URLClassLoader$1::run (5 bytes)

VM state: at safepoint (normal execution)

VM Mutex/Monitor currently owned by a thread:  ([mutex/lock_event])
[0x000002b42eefd650] Threads_lock - owner thread: 0x000002b44cd3e0d0
[0x000002b42eefd380] Heap_lock - owner thread: 0x000002b494645300

Heap address: 0x0000000080000000, size: 2048 MB, Compressed Oops mode: 32-bit

CDS archive(s) mapped at: [0x000002b44e000000-0x000002b44ebb0000-0x000002b44ebb0000), size 12255232, SharedBaseAddress: 0x000002b44e000000, ArchiveRelocationMode: 1.
Compressed class space mapped at: 0x000002b44f000000-0x000002b48f000000, reserved size: 1073741824
Narrow klass base: 0x000002b44e000000, Narrow klass shift: 0, Narrow klass range: 0x100000000

GC Precious Log:
 CPUs: 8 total, 8 available
 Memory: 3738M
 Large Page Support: Disabled
 NUMA Support: Disabled
 Compressed Oops: Enabled (32-bit)
 Heap Region Size: 1M
 Heap Min Capacity: 8M
 Heap Initial Capacity: 60M
 Heap Max Capacity: 2G
 Pre-touch: Disabled
 Parallel Workers: 8
 Concurrent Workers: 2
 Concurrent Refinement Workers: 8
 Periodic GC: Disabled

Heap:
 garbage-first heap   total 61440K, used 25996K [0x0000000080000000, 0x0000000100000000)
  region size 1024K, 2 young (2048K), 2 survivors (2048K)
 Metaspace       used 27239K, committed 27584K, reserved 1114112K
  class space    used 3879K, committed 4032K, reserved 1048576K

Heap Regions: E=young(eden), S=young(survivor), O=old, HS=humongous(starts), HC=humongous(continues), CS=collection set, F=free, OA=open archive, CA=closed archive, TAMS=top-at-mark-start (previous, next)
|   0|0x0000000080000000, 0x0000000080100000, 0x0000000080100000|100%|HS|  |TAMS 0x0000000080100000, 0x0000000080000000| Complete 
|   1|0x0000000080100000, 0x0000000080200000, 0x0000000080200000|100%|HC|  |TAMS 0x0000000080200000, 0x0000000080100000| Complete 
|   2|0x0000000080200000, 0x0000000080300000, 0x0000000080300000|100%|HC|  |TAMS 0x0000000080300000, 0x0000000080200000| Complete 
|   3|0x0000000080300000, 0x0000000080400000, 0x0000000080400000|100%|HC|  |TAMS 0x0000000080400000, 0x0000000080300000| Complete 
|   4|0x0000000080400000, 0x0000000080500000, 0x0000000080500000|100%| O|  |TAMS 0x0000000080500000, 0x0000000080400000| Untracked 
|   5|0x0000000080500000, 0x0000000080600000, 0x0000000080600000|100%| O|  |TAMS 0x0000000080600000, 0x0000000080500000| Untracked 
|   6|0x0000000080600000, 0x0000000080700000, 0x0000000080700000|100%| O|  |TAMS 0x0000000080700000, 0x0000000080600000| Untracked 
|   7|0x0000000080700000, 0x0000000080800000, 0x0000000080800000|100%| O|  |TAMS 0x0000000080800000, 0x0000000080700000| Untracked 
|   8|0x0000000080800000, 0x0000000080900000, 0x0000000080900000|100%| O|  |TAMS 0x0000000080900000, 0x0000000080800000| Untracked 
|   9|0x0000000080900000, 0x0000000080a00000, 0x0000000080a00000|100%| O|  |TAMS 0x0000000080a00000, 0x0000000080900000| Untracked 
|  10|0x0000000080a00000, 0x0000000080b00000, 0x0000000080b00000|100%| O|  |TAMS 0x0000000080b00000, 0x0000000080a00000| Untracked 
|  11|0x0000000080b00000, 0x0000000080b00000, 0x0000000080c00000|  0%| F|  |TAMS 0x0000000080b00000, 0x0000000080b00000| Untracked 
|  12|0x0000000080c00000, 0x0000000080d00000, 0x0000000080d00000|100%|HS|  |TAMS 0x0000000080d00000, 0x0000000080c00000| Complete 
|  13|0x0000000080d00000, 0x0000000080e00000, 0x0000000080e00000|100%| O|  |TAMS 0x0000000080e00000, 0x0000000080d00000| Untracked 
|  14|0x0000000080e00000, 0x0000000080f00000, 0x0000000080f00000|100%| O|  |TAMS 0x0000000080f00000, 0x0000000080e00000| Untracked 
|  15|0x0000000080f00000, 0x0000000081000000, 0x0000000081000000|100%| O|  |TAMS 0x0000000081000000, 0x0000000080f00000| Untracked 
|  16|0x0000000081000000, 0x0000000081100000, 0x0000000081100000|100%| O|  |TAMS 0x0000000081100000, 0x0000000081000000| Untracked 
|  17|0x0000000081100000, 0x0000000081200000, 0x0000000081200000|100%| O|  |TAMS 0x0000000081200000, 0x0000000081100000| Untracked 
|  18|0x0000000081200000, 0x0000000081300000, 0x0000000081300000|100%| O|  |TAMS 0x0000000081300000, 0x0000000081200000| Untracked 
|  19|0x0000000081300000, 0x0000000081400000, 0x0000000081400000|100%| O|  |TAMS 0x00000000813c5a00, 0x0000000081300000| Untracked 
|  20|0x0000000081400000, 0x0000000081500000, 0x0000000081500000|100%| O|  |TAMS 0x0000000081400000, 0x0000000081400000| Untracked 
|  21|0x0000000081500000, 0x0000000081600000, 0x0000000081600000|100%| O|  |TAMS 0x0000000081500000, 0x0000000081500000| Untracked 
|  22|0x0000000081600000, 0x0000000081700000, 0x0000000081700000|100%| O|  |TAMS 0x0000000081600000, 0x0000000081600000| Untracked 
|  23|0x0000000081700000, 0x0000000081800000, 0x0000000081800000|100%| O|  |TAMS 0x0000000081700000, 0x0000000081700000| Untracked 
|  24|0x0000000081800000, 0x0000000081900000, 0x0000000081900000|100%| O|  |TAMS 0x0000000081800000, 0x0000000081800000| Untracked 
|  25|0x0000000081900000, 0x000000008195a800, 0x0000000081a00000| 35%| O|  |TAMS 0x0000000081900000, 0x0000000081900000| Untracked 
|  26|0x0000000081a00000, 0x0000000081a00000, 0x0000000081b00000|  0%| F|  |TAMS 0x0000000081a00000, 0x0000000081a00000| Untracked 
|  27|0x0000000081b00000, 0x0000000081b00000, 0x0000000081c00000|  0%| F|  |TAMS 0x0000000081b00000, 0x0000000081b00000| Untracked 
|  28|0x0000000081c00000, 0x0000000081c00000, 0x0000000081d00000|  0%| F|  |TAMS 0x0000000081c00000, 0x0000000081c00000| Untracked 
|  29|0x0000000081d00000, 0x0000000081d00000, 0x0000000081e00000|  0%| F|  |TAMS 0x0000000081d00000, 0x0000000081d00000| Untracked 
|  30|0x0000000081e00000, 0x0000000081e00000, 0x0000000081f00000|  0%| F|  |TAMS 0x0000000081e00000, 0x0000000081e00000| Untracked 
|  31|0x0000000081f00000, 0x0000000081f00000, 0x0000000082000000|  0%| F|  |TAMS 0x0000000081f00000, 0x0000000081f00000| Untracked 
|  32|0x0000000082000000, 0x0000000082000000, 0x0000000082100000|  0%| F|  |TAMS 0x0000000082000000, 0x0000000082000000| Untracked 
|  33|0x0000000082100000, 0x0000000082100000, 0x0000000082200000|  0%| F|  |TAMS 0x0000000082100000, 0x0000000082100000| Untracked 
|  34|0x0000000082200000, 0x0000000082208a10, 0x0000000082300000|  3%| S|CS|TAMS 0x0000000082200000, 0x0000000082200000| Complete 
|  35|0x0000000082300000, 0x0000000082400000, 0x0000000082400000|100%| S|CS|TAMS 0x0000000082300000, 0x0000000082300000| Complete 
|  36|0x0000000082400000, 0x0000000082400000, 0x0000000082500000|  0%| F|  |TAMS 0x0000000082400000, 0x0000000082400000| Untracked 
|  37|0x0000000082500000, 0x0000000082500000, 0x0000000082600000|  0%| F|  |TAMS 0x0000000082500000, 0x0000000082500000| Untracked 
|  38|0x0000000082600000, 0x0000000082600000, 0x0000000082700000|  0%| F|  |TAMS 0x0000000082600000, 0x0000000082600000| Untracked 
|  39|0x0000000082700000, 0x0000000082700000, 0x0000000082800000|  0%| F|  |TAMS 0x0000000082700000, 0x0000000082700000| Untracked 
|  40|0x0000000082800000, 0x0000000082800000, 0x0000000082900000|  0%| F|  |TAMS 0x0000000082800000, 0x0000000082800000| Untracked 
|  41|0x0000000082900000, 0x0000000082900000, 0x0000000082a00000|  0%| F|  |TAMS 0x0000000082900000, 0x0000000082900000| Untracked 
|  42|0x0000000082a00000, 0x0000000082a00000, 0x0000000082b00000|  0%| F|  |TAMS 0x0000000082a00000, 0x0000000082a00000| Untracked 
|  43|0x0000000082b00000, 0x0000000082b00000, 0x0000000082c00000|  0%| F|  |TAMS 0x0000000082b00000, 0x0000000082b00000| Untracked 
|  44|0x0000000082c00000, 0x0000000082c00000, 0x0000000082d00000|  0%| F|  |TAMS 0x0000000082c00000, 0x0000000082c00000| Untracked 
|  45|0x0000000082d00000, 0x0000000082d00000, 0x0000000082e00000|  0%| F|  |TAMS 0x0000000082d00000, 0x0000000082d00000| Untracked 
|  46|0x0000000082e00000, 0x0000000082e00000, 0x0000000082f00000|  0%| F|  |TAMS 0x0000000082e00000, 0x0000000082e00000| Untracked 
|  47|0x0000000082f00000, 0x0000000082f00000, 0x0000000083000000|  0%| F|  |TAMS 0x0000000082f00000, 0x0000000082f00000| Untracked 
|  48|0x0000000083000000, 0x0000000083000000, 0x0000000083100000|  0%| F|  |TAMS 0x0000000083000000, 0x0000000083000000| Untracked 
|  49|0x0000000083100000, 0x0000000083100000, 0x0000000083200000|  0%| F|  |TAMS 0x0000000083100000, 0x0000000083100000| Untracked 
|  50|0x0000000083200000, 0x0000000083200000, 0x0000000083300000|  0%| F|  |TAMS 0x0000000083200000, 0x0000000083200000| Untracked 
|  51|0x0000000083300000, 0x0000000083300000, 0x0000000083400000|  0%| F|  |TAMS 0x0000000083300000, 0x0000000083300000| Untracked 
|  52|0x0000000083400000, 0x0000000083400000, 0x0000000083500000|  0%| F|  |TAMS 0x0000000083400000, 0x0000000083400000| Untracked 
|  53|0x0000000083500000, 0x0000000083500000, 0x0000000083600000|  0%| F|  |TAMS 0x0000000083500000, 0x0000000083500000| Untracked 
|  54|0x0000000083600000, 0x0000000083600000, 0x0000000083700000|  0%| F|  |TAMS 0x0000000083600000, 0x0000000083600000| Untracked 
|  55|0x0000000083700000, 0x0000000083700000, 0x0000000083800000|  0%| F|  |TAMS 0x0000000083700000, 0x0000000083700000| Untracked 
|  56|0x0000000083800000, 0x0000000083800000, 0x0000000083900000|  0%| F|  |TAMS 0x0000000083800000, 0x0000000083800000| Untracked 
|  57|0x0000000083900000, 0x0000000083900000, 0x0000000083a00000|  0%| F|  |TAMS 0x0000000083900000, 0x0000000083900000| Untracked 
|  58|0x0000000083a00000, 0x0000000083a00000, 0x0000000083b00000|  0%| F|  |TAMS 0x0000000083a00000, 0x0000000083a00000| Untracked 
|  59|0x0000000083b00000, 0x0000000083b00000, 0x0000000083c00000|  0%| F|  |TAMS 0x0000000083b00000, 0x0000000083b00000| Untracked 

Card table byte_map: [0x000002b4461a0000,0x000002b4465a0000] _byte_map_base: 0x000002b445da0000

Marking Bits (Prev, Next): (CMBitMap*) 0x000002b42ef60200, (CMBitMap*) 0x000002b42ef601c0
 Prev Bits: [0x000002b4489a0000, 0x000002b44a9a0000)
 Next Bits: [0x000002b4469a0000, 0x000002b4489a0000)

Polling page: 0x000002b42e6c0000

Metaspace:

Usage:
  Non-class:     22.81 MB used.
      Class:      3.79 MB used.
       Both:     26.60 MB used.

Virtual space:
  Non-class space:       64.00 MB reserved,      23.00 MB ( 36%) committed,  1 nodes.
      Class space:        1.00 GB reserved,       3.94 MB ( <1%) committed,  1 nodes.
             Both:        1.06 GB reserved,      26.94 MB (  2%) committed. 

Chunk freelists:
   Non-Class:  9.05 MB
       Class:  12.07 MB
        Both:  21.12 MB

MaxMetaspaceSize: unlimited
CompressedClassSpaceSize: 1.00 GB
Initial GC threshold: 21.00 MB
Current GC threshold: 35.25 MB
CDS: on
MetaspaceReclaimPolicy: balanced
 - commit_granule_bytes: 65536.
 - commit_granule_words: 8192.
 - virtual_space_node_default_size: 8388608.
 - enlarge_chunks_in_place: 1.
 - new_chunks_are_fully_committed: 0.
 - uncommit_free_chunks: 1.
 - use_allocation_guard: 0.
 - handle_deallocations: 1.


Internal statistics:

num_allocs_failed_limit: 3.
num_arena_births: 316.
num_arena_deaths: 0.
num_vsnodes_births: 2.
num_vsnodes_deaths: 0.
num_space_committed: 431.
num_space_uncommitted: 0.
num_chunks_returned_to_freelist: 3.
num_chunks_taken_from_freelist: 1364.
num_chunk_merges: 3.
num_chunk_splits: 905.
num_chunks_enlarged: 648.
num_inconsistent_stats: 0.

CodeHeap 'non-profiled nmethods': size=120000Kb used=1581Kb max_used=1581Kb free=118418Kb
 bounds [0x000002b43e540000, 0x000002b43e7b0000, 0x000002b445a70000]
CodeHeap 'profiled nmethods': size=120000Kb used=6361Kb max_used=6361Kb free=113638Kb
 bounds [0x000002b436a70000, 0x000002b4370b0000, 0x000002b43dfa0000]
CodeHeap 'non-nmethods': size=5760Kb used=1269Kb max_used=1323Kb free=4490Kb
 bounds [0x000002b43dfa0000, 0x000002b43e210000, 0x000002b43e540000]
 total_blobs=3642 nmethods=3077 adapters=477
 compilation: enabled
              stopped_count=0, restarted_count=0
 full_count=0

Compilation events (20 events):
Event: 7.203 Thread 0x000002b44cd65110 3087       3       org.objectweb.asm.SymbolTable$Entry::<init> (18 bytes)
Event: 7.204 Thread 0x000002b44cd65110 nmethod 3087 0x000002b4370a0110 code [0x000002b4370a02c0, 0x000002b4370a0448]
Event: 7.204 Thread 0x000002b44cd65110 3081       3       org.gradle.internal.instantiation.generator.AbstractClassGenerator$$Lambda$135/0x000002b44f1c2410::test (12 bytes)
Event: 7.205 Thread 0x000002b44cd65110 nmethod 3081 0x000002b4370a0510 code [0x000002b4370a0820, 0x000002b4370a1bc8]
Event: 7.205 Thread 0x000002b44cd65110 3082       3       org.objectweb.asm.Type::getType (122 bytes)
Event: 7.206 Thread 0x000002b44cd65110 nmethod 3082 0x000002b4370a2210 code [0x000002b4370a24a0, 0x000002b4370a2e48]
Event: 7.206 Thread 0x000002b44cd65110 3084       3       org.gradle.internal.instantiation.generator.AbstractClassGenerator$PropertyMetadata$$Lambda$136/0x000002b44f1c2660::get (12 bytes)
Event: 7.206 Thread 0x000002b44cd65110 nmethod 3084 0x000002b4370a3110 code [0x000002b4370a3360, 0x000002b4370a3bc8]
Event: 7.206 Thread 0x000002b44cd65110 3085       3       org.gradle.internal.instantiation.generator.AbstractClassGenerator$PropertyMetadata::lambda$findAnnotation$1 (6 bytes)
Event: 7.207 Thread 0x000002b44cd65110 nmethod 3085 0x000002b4370a3f10 code [0x000002b4370a4140, 0x000002b4370a4948]
Event: 7.207 Thread 0x000002b44cd65110 3086       3       org.gradle.internal.instantiation.generator.AbstractClassGenerator$PropertyMetadata::getterAnnotationOf (12 bytes)
Event: 7.207 Thread 0x000002b44cd65110 nmethod 3086 0x000002b4370a4c10 code [0x000002b4370a4e40, 0x000002b4370a55e8]
Event: 7.207 Thread 0x000002b44cd65110 3079       3       org.gradle.internal.reflect.MutablePropertyDetails::getGetters (8 bytes)
Event: 7.207 Thread 0x000002b44cd65110 nmethod 3079 0x000002b4370a5890 code [0x000002b4370a5a80, 0x000002b4370a6018]
Event: 7.207 Thread 0x000002b44cd65110 3088       1       com.google.common.collect.LinkedHashMultimap$ValueSet::size (5 bytes)
Event: 7.207 Thread 0x000002b44cd65110 nmethod 3088 0x000002b43e6cae90 code [0x000002b43e6cb020, 0x000002b43e6cb0f8]
Event: 7.207 Thread 0x000002b44cd65110 3089       1       com.google.common.collect.LinkedHashMultimap$ValueSet::access$100 (5 bytes)
Event: 7.207 Thread 0x000002b44cd65110 nmethod 3089 0x000002b43e6cb190 code [0x000002b43e6cb320, 0x000002b43e6cb3d8]
Event: 7.210 Thread 0x000002b44cd65110 3090       3       java.util.Arrays::equals (43 bytes)
Event: 7.210 Thread 0x000002b44cd65110 nmethod 3090 0x000002b4370a6210 code [0x000002b4370a63e0, 0x000002b4370a66a8]

GC Heap History (20 events):
Event: 1.938 GC heap after
{Heap after GC invocations=2 (full 0):
 garbage-first heap   total 61440K, used 11840K [0x0000000080000000, 0x0000000100000000)
  region size 1024K, 4 young (4096K), 4 survivors (4096K)
 Metaspace       used 4557K, committed 4672K, reserved 1114112K
  class space    used 573K, committed 640K, reserved 1048576K
}
Event: 2.554 GC heap before
{Heap before GC invocations=2 (full 0):
 garbage-first heap   total 61440K, used 38464K [0x0000000080000000, 0x0000000100000000)
  region size 1024K, 30 young (30720K), 4 survivors (4096K)
 Metaspace       used 4611K, committed 4736K, reserved 1114112K
  class space    used 573K, committed 640K, reserved 1048576K
}
Event: 2.566 GC heap after
{Heap after GC invocations=3 (full 0):
 garbage-first heap   total 61440K, used 12036K [0x0000000080000000, 0x0000000100000000)
  region size 1024K, 1 young (1024K), 1 survivors (1024K)
 Metaspace       used 4611K, committed 4736K, reserved 1114112K
  class space    used 573K, committed 640K, reserved 1048576K
}
Event: 3.112 GC heap before
{Heap before GC invocations=3 (full 0):
 garbage-first heap   total 61440K, used 40708K [0x0000000080000000, 0x0000000100000000)
  region size 1024K, 27 young (27648K), 1 survivors (1024K)
 Metaspace       used 4681K, committed 4864K, reserved 1114112K
  class space    used 575K, committed 640K, reserved 1048576K
}
Event: 3.116 GC heap after
{Heap after GC invocations=4 (full 0):
 garbage-first heap   total 61440K, used 16824K [0x0000000080000000, 0x0000000100000000)
  region size 1024K, 4 young (4096K), 4 survivors (4096K)
 Metaspace       used 4681K, committed 4864K, reserved 1114112K
  class space    used 575K, committed 640K, reserved 1048576K
}
Event: 4.164 GC heap before
{Heap before GC invocations=4 (full 0):
 garbage-first heap   total 61440K, used 41400K [0x0000000080000000, 0x0000000100000000)
  region size 1024K, 29 young (29696K), 4 survivors (4096K)
 Metaspace       used 9966K, committed 10176K, reserved 1114112K
  class space    used 1307K, committed 1408K, reserved 1048576K
}
Event: 4.169 GC heap after
{Heap after GC invocations=5 (full 0):
 garbage-first heap   total 61440K, used 20299K [0x0000000080000000, 0x0000000100000000)
  region size 1024K, 4 young (4096K), 4 survivors (4096K)
 Metaspace       used 9966K, committed 10176K, reserved 1114112K
  class space    used 1307K, committed 1408K, reserved 1048576K
}
Event: 4.727 GC heap before
{Heap before GC invocations=5 (full 0):
 garbage-first heap   total 61440K, used 42827K [0x0000000080000000, 0x0000000100000000)
  region size 1024K, 27 young (27648K), 4 survivors (4096K)
 Metaspace       used 13839K, committed 14144K, reserved 1114112K
  class space    used 1895K, committed 2048K, reserved 1048576K
}
Event: 4.732 GC heap after
{Heap after GC invocations=6 (full 0):
 garbage-first heap   total 61440K, used 21576K [0x0000000080000000, 0x0000000100000000)
  region size 1024K, 2 young (2048K), 2 survivors (2048K)
 Metaspace       used 13839K, committed 14144K, reserved 1114112K
  class space    used 1895K, committed 2048K, reserved 1048576K
}
Event: 5.364 GC heap before
{Heap before GC invocations=6 (full 0):
 garbage-first heap   total 61440K, used 47176K [0x0000000080000000, 0x0000000100000000)
  region size 1024K, 25 young (25600K), 2 survivors (2048K)
 Metaspace       used 17799K, committed 18048K, reserved 1114112K
  class space    used 2378K, committed 2496K, reserved 1048576K
}
Event: 5.367 GC heap after
{Heap after GC invocations=7 (full 0):
 garbage-first heap   total 61440K, used 22452K [0x0000000080000000, 0x0000000100000000)
  region size 1024K, 3 young (3072K), 3 survivors (3072K)
 Metaspace       used 17799K, committed 18048K, reserved 1114112K
  class space    used 2378K, committed 2496K, reserved 1048576K
}
Event: 5.922 GC heap before
{Heap before GC invocations=7 (full 0):
 garbage-first heap   total 61440K, used 46004K [0x0000000080000000, 0x0000000100000000)
  region size 1024K, 26 young (26624K), 3 survivors (3072K)
 Metaspace       used 20599K, committed 20928K, reserved 1114112K
  class space    used 2853K, committed 3008K, reserved 1048576K
}
Event: 5.927 GC heap after
{Heap after GC invocations=8 (full 0):
 garbage-first heap   total 61440K, used 23742K [0x0000000080000000, 0x0000000100000000)
  region size 1024K, 4 young (4096K), 4 survivors (4096K)
 Metaspace       used 20599K, committed 20928K, reserved 1114112K
  class space    used 2853K, committed 3008K, reserved 1048576K
}
Event: 6.055 GC heap before
{Heap before GC invocations=8 (full 0):
 garbage-first heap   total 61440K, used 29886K [0x0000000080000000, 0x0000000100000000)
  region size 1024K, 11 young (11264K), 4 survivors (4096K)
 Metaspace       used 21227K, committed 21504K, reserved 1114112K
  class space    used 2953K, committed 3136K, reserved 1048576K
}
Event: 6.061 GC heap after
{Heap after GC invocations=9 (full 0):
 garbage-first heap   total 61440K, used 24217K [0x0000000080000000, 0x0000000100000000)
  region size 1024K, 2 young (2048K), 2 survivors (2048K)
 Metaspace       used 21227K, committed 21504K, reserved 1114112K
  class space    used 2953K, committed 3136K, reserved 1048576K
}
Event: 6.625 GC heap before
{Heap before GC invocations=10 (full 0):
 garbage-first heap   total 61440K, used 48793K [0x0000000080000000, 0x0000000100000000)
  region size 1024K, 26 young (26624K), 2 survivors (2048K)
 Metaspace       used 24140K, committed 24512K, reserved 1114112K
  class space    used 3398K, committed 3584K, reserved 1048576K
}
Event: 6.629 GC heap after
{Heap after GC invocations=11 (full 0):
 garbage-first heap   total 61440K, used 25338K [0x0000000080000000, 0x0000000100000000)
  region size 1024K, 3 young (3072K), 3 survivors (3072K)
 Metaspace       used 24140K, committed 24512K, reserved 1114112K
  class space    used 3398K, committed 3584K, reserved 1048576K
}
Event: 6.651 GC heap before
{Heap before GC invocations=11 (full 0):
 garbage-first heap   total 61440K, used 26362K [0x0000000080000000, 0x0000000100000000)
  region size 1024K, 4 young (4096K), 3 survivors (3072K)
 Metaspace       used 24267K, committed 24640K, reserved 1114112K
  class space    used 3419K, committed 3584K, reserved 1048576K
}
Event: 6.656 GC heap after
{Heap after GC invocations=12 (full 0):
 garbage-first heap   total 61440K, used 25402K [0x0000000080000000, 0x0000000100000000)
  region size 1024K, 1 young (1024K), 1 survivors (1024K)
 Metaspace       used 24267K, committed 24640K, reserved 1114112K
  class space    used 3419K, committed 3584K, reserved 1048576K
}
Event: 7.215 GC heap before
{Heap before GC invocations=12 (full 0):
 garbage-first heap   total 61440K, used 48954K [0x0000000080000000, 0x0000000100000000)
  region size 1024K, 24 young (24576K), 1 survivors (1024K)
 Metaspace       used 27239K, committed 27584K, reserved 1114112K
  class space    used 3879K, committed 4032K, reserved 1048576K
}

Dll operation events (15 events):
Event: 0.082 Loaded shared library C:\Users\welcome\.gradle\jdks\eclipse_adoptium-17-amd64-windows.2\bin\java.dll
Event: 0.182 Loaded shared library C:\Users\welcome\.gradle\jdks\eclipse_adoptium-17-amd64-windows.2\bin\jsvml.dll
Event: 0.280 Loaded shared library C:\Users\welcome\.gradle\jdks\eclipse_adoptium-17-amd64-windows.2\bin\zip.dll
Event: 0.285 Loaded shared library C:\Users\welcome\.gradle\jdks\eclipse_adoptium-17-amd64-windows.2\bin\instrument.dll
Event: 0.295 Loaded shared library C:\Users\welcome\.gradle\jdks\eclipse_adoptium-17-amd64-windows.2\bin\net.dll
Event: 0.304 Loaded shared library C:\Users\welcome\.gradle\jdks\eclipse_adoptium-17-amd64-windows.2\bin\nio.dll
Event: 0.307 Loaded shared library C:\Users\welcome\.gradle\jdks\eclipse_adoptium-17-amd64-windows.2\bin\zip.dll
Event: 0.908 Loaded shared library C:\Users\welcome\.gradle\jdks\eclipse_adoptium-17-amd64-windows.2\bin\jimage.dll
Event: 1.239 Loaded shared library C:\Users\welcome\.gradle\jdks\eclipse_adoptium-17-amd64-windows.2\bin\verify.dll
Event: 1.279 Loaded shared library C:\Users\welcome\.gradle\native\660c5614fbf4a5f2a75b1949f50a0caf5cd603558e7d8a26e50b933a0cfb79d1\windows-amd64\native-platform.dll
Event: 1.302 Loaded shared library C:\Users\welcome\.gradle\native\0.2.8\x86_64-windows-gnu\gradle-fileevents.dll
Event: 3.427 Loaded shared library C:\Users\welcome\.gradle\jdks\eclipse_adoptium-17-amd64-windows.2\bin\management.dll
Event: 3.436 Loaded shared library C:\Users\welcome\.gradle\jdks\eclipse_adoptium-17-amd64-windows.2\bin\management_ext.dll
Event: 3.824 Loaded shared library C:\Users\welcome\.gradle\jdks\eclipse_adoptium-17-amd64-windows.2\bin\extnet.dll
Event: 4.153 Loaded shared library C:\Users\welcome\.gradle\jdks\eclipse_adoptium-17-amd64-windows.2\bin\sunmscapi.dll

Deoptimization events (20 events):
Event: 6.291 Thread 0x000002b494645300 Uncommon trap: trap_request=0xffffffde fr.pc=0x000002b43e567544 relative=0x00000000000001a4
Event: 6.291 Thread 0x000002b494645300 Uncommon trap: reason=class_check action=maybe_recompile pc=0x000002b43e567544 method=java.lang.String.equals(Ljava/lang/Object;)Z @ 8 c2
Event: 6.291 Thread 0x000002b494645300 DEOPT PACKING pc=0x000002b43e567544 sp=0x000000fe0daf92a0
Event: 6.291 Thread 0x000002b494645300 DEOPT UNPACKING pc=0x000002b43dffa1a3 sp=0x000000fe0daf9248 mode 2
Event: 6.390 Thread 0x000002b494645300 Uncommon trap: trap_request=0xffffff45 fr.pc=0x000002b43e68a9a0 relative=0x0000000000007180
Event: 6.390 Thread 0x000002b494645300 Uncommon trap: reason=unstable_if action=reinterpret pc=0x000002b43e68a9a0 method=jdk.internal.org.objectweb.asm.Frame.execute(IILjdk/internal/org/objectweb/asm/Symbol;Ljdk/internal/org/objectweb/asm/SymbolTable;)V @ 1 c2
Event: 6.390 Thread 0x000002b494645300 DEOPT PACKING pc=0x000002b43e68a9a0 sp=0x000000fe0daf9b00
Event: 6.390 Thread 0x000002b494645300 DEOPT UNPACKING pc=0x000002b43dffa1a3 sp=0x000000fe0daf9aa8 mode 2
Event: 6.664 Thread 0x000002b494645300 Uncommon trap: trap_request=0xffffff76 fr.pc=0x000002b43e6a5214 relative=0x0000000000000154
Event: 6.664 Thread 0x000002b494645300 Uncommon trap: reason=predicate action=maybe_recompile pc=0x000002b43e6a5214 method=com.google.common.base.CharMatcher.indexIn(Ljava/lang/CharSequence;I)I @ 19 c2
Event: 6.664 Thread 0x000002b494645300 DEOPT PACKING pc=0x000002b43e6a5214 sp=0x000000fe0dafa560
Event: 6.664 Thread 0x000002b494645300 DEOPT UNPACKING pc=0x000002b43dffa1a3 sp=0x000000fe0dafa4f0 mode 2
Event: 6.984 Thread 0x000002b494645300 Uncommon trap: trap_request=0xffffffde fr.pc=0x000002b43e567544 relative=0x00000000000001a4
Event: 6.984 Thread 0x000002b494645300 Uncommon trap: reason=class_check action=maybe_recompile pc=0x000002b43e567544 method=java.lang.String.equals(Ljava/lang/Object;)Z @ 8 c2
Event: 6.984 Thread 0x000002b494645300 DEOPT PACKING pc=0x000002b43e567544 sp=0x000000fe0daf99e0
Event: 6.984 Thread 0x000002b494645300 DEOPT UNPACKING pc=0x000002b43dffa1a3 sp=0x000000fe0daf9988 mode 2
Event: 7.140 Thread 0x000002b494645300 Uncommon trap: trap_request=0xffffff45 fr.pc=0x000002b43e5c3e74 relative=0x00000000000005b4
Event: 7.140 Thread 0x000002b494645300 Uncommon trap: reason=unstable_if action=reinterpret pc=0x000002b43e5c3e74 method=java.util.HashMap.hash(Ljava/lang/Object;)I @ 1 c2
Event: 7.140 Thread 0x000002b494645300 DEOPT PACKING pc=0x000002b43e5c3e74 sp=0x000000fe0daf8b30
Event: 7.140 Thread 0x000002b494645300 DEOPT UNPACKING pc=0x000002b43dffa1a3 sp=0x000000fe0daf89d8 mode 2

Classes loaded (20 events):
Event: 6.657 Loading class java/util/concurrent/TimeoutException
Event: 6.657 Loading class java/util/concurrent/TimeoutException done
Event: 6.657 Loading class java/util/concurrent/CancellationException
Event: 6.658 Loading class java/util/concurrent/CancellationException done
Event: 6.719 Loading class java/util/concurrent/locks/AbstractQueuedSynchronizer$SharedNode
Event: 6.720 Loading class java/util/concurrent/locks/AbstractQueuedSynchronizer$SharedNode done
Event: 6.724 Loading class java/io/InterruptedIOException
Event: 6.724 Loading class java/io/InterruptedIOException done
Event: 6.731 Loading class java/util/ArrayDeque$DeqSpliterator
Event: 6.731 Loading class java/util/ArrayDeque$DeqSpliterator done
Event: 7.104 Loading class java/lang/invoke/SerializedLambda
Event: 7.104 Loading class java/lang/invoke/SerializedLambda done
Event: 7.137 Loading class java/lang/reflect/AnnotatedType
Event: 7.138 Loading class java/lang/reflect/AnnotatedType done
Event: 7.147 Loading class sun/reflect/generics/tree/IntSignature
Event: 7.148 Loading class sun/reflect/generics/tree/IntSignature done
Event: 7.148 Loading class sun/reflect/generics/tree/ArrayTypeSignature
Event: 7.148 Loading class sun/reflect/generics/tree/ArrayTypeSignature done
Event: 7.155 Loading class java/lang/SafeVarargs
Event: 7.156 Loading class java/lang/SafeVarargs done

Classes unloaded (0 events):
No events

Classes redefined (0 events):
No events

Internal exceptions (20 events):
Event: 6.381 Thread 0x000002b494645300 Exception <a 'java/lang/NoSuchMethodError'{0x0000000082dc5510}: 'java.lang.Object java.lang.invoke.Invokers$Holder.invoker(java.lang.Object, java.lang.Object, java.lang.Object, java.lang.Object, java.lang.Object, java.lang.Object, java.lang.Object, java.lang.Object, java.lang.Object, java.lang.Object, java.lang.Object, java.lang.Object, java.lang.Object, java.lang.Object, java.lang.Object, java.lang.Object, java.lang.Object, java.lang.Object, java.lang.Object, java.lang.Object, java.lang.Object, java.lang.
Event: 6.382 Thread 0x000002b494645300 Exception <a 'java/lang/NoSuchMethodError'{0x0000000082dcc0c0}: 'java.lang.Object java.lang.invoke.DelegatingMethodHandle$Holder.delegate(java.lang.Object, java.lang.Object, java.lang.Object, java.lang.Object, java.lang.Object, java.lang.Object, java.lang.Object, java.lang.Object, java.lang.Object, java.lang.Object, java.lang.Object, java.lang.Object, java.lang.Object, java.lang.Object, java.lang.Object, java.lang.Object, java.lang.Object, java.lang.Object, java.lang.Object, java.lang.Object, java.lang.Obj
Event: 6.391 Thread 0x000002b494645300 Exception <a 'java/lang/NoSuchMethodError'{0x0000000082c5fe10}: 'java.lang.Object java.lang.invoke.DirectMethodHandle$Holder.invokeStatic(java.lang.Object, java.lang.Object, java.lang.Object, java.lang.Object, java.lang.Object, java.lang.Object, java.lang.Object, java.lang.Object, java.lang.Object, java.lang.Object, java.lang.Object, java.lang.Object, java.lang.Object, java.lang.Object, java.lang.Object, java.lang.Object, java.lang.Object)'> (0x0000000082c5fe10) 
thrown [s\src\hotspot\share\interpreter\lin
Event: 6.394 Thread 0x000002b494645300 Exception <a 'java/lang/NoSuchMethodError'{0x0000000082c89498}: 'java.lang.Object java.lang.invoke.DirectMethodHandle$Holder.invokeStatic(java.lang.Object, java.lang.Object, java.lang.Object, java.lang.Object, java.lang.Object, java.lang.Object, java.lang.Object, java.lang.Object, java.lang.Object, java.lang.Object, java.lang.Object, java.lang.Object, java.lang.Object, java.lang.Object, java.lang.Object, java.lang.Object, java.lang.Object, java.lang.Object)'> (0x0000000082c89498) 
thrown [s\src\hotspot\sha
Event: 6.396 Thread 0x000002b494645300 Exception <a 'java/lang/NoSuchMethodError'{0x0000000082cb3a00}: 'java.lang.Object java.lang.invoke.DirectMethodHandle$Holder.invokeStatic(java.lang.Object, java.lang.Object, java.lang.Object, java.lang.Object, java.lang.Object, java.lang.Object, java.lang.Object, java.lang.Object, java.lang.Object, java.lang.Object, java.lang.Object, java.lang.Object, java.lang.Object, java.lang.Object, java.lang.Object, java.lang.Object, java.lang.Object, java.lang.Object, java.lang.Object)'> (0x0000000082cb3a00) 
thrown 
Event: 6.398 Thread 0x000002b494645300 Exception <a 'java/lang/NoSuchMethodError'{0x0000000082cdffa8}: 'java.lang.Object java.lang.invoke.DirectMethodHandle$Holder.invokeStatic(java.lang.Object, java.lang.Object, java.lang.Object, java.lang.Object, java.lang.Object, java.lang.Object, java.lang.Object, java.lang.Object, java.lang.Object, java.lang.Object, java.lang.Object, java.lang.Object, java.lang.Object, java.lang.Object, java.lang.Object, java.lang.Object, java.lang.Object, java.lang.Object, java.lang.Object, java.lang.Object)'> (0x00000000
Event: 6.400 Thread 0x000002b494645300 Exception <a 'java/lang/NoSuchMethodError'{0x0000000082b0c690}: 'java.lang.Object java.lang.invoke.DirectMethodHandle$Holder.invokeStatic(java.lang.Object, java.lang.Object, java.lang.Object, java.lang.Object, java.lang.Object, java.lang.Object, java.lang.Object, java.lang.Object, java.lang.Object, java.lang.Object, java.lang.Object, java.lang.Object, java.lang.Object, java.lang.Object, java.lang.Object, java.lang.Object, java.lang.Object, java.lang.Object, java.lang.Object, java.lang.Object, java.lang.Obj
Event: 6.403 Thread 0x000002b494645300 Exception <a 'java/lang/NoSuchMethodError'{0x0000000082b39b68}: 'java.lang.Object java.lang.invoke.DirectMethodHandle$Holder.invokeStatic(java.lang.Object, java.lang.Object, java.lang.Object, java.lang.Object, java.lang.Object, java.lang.Object, java.lang.Object, java.lang.Object, java.lang.Object, java.lang.Object, java.lang.Object, java.lang.Object, java.lang.Object, java.lang.Object, java.lang.Object, java.lang.Object, java.lang.Object, java.lang.Object, java.lang.Object, java.lang.Object, java.lang.Obj
Event: 6.405 Thread 0x000002b494645300 Exception <a 'java/lang/NoSuchMethodError'{0x0000000082b69548}: 'java.lang.Object java.lang.invoke.DirectMethodHandle$Holder.invokeStatic(java.lang.Object, java.lang.Object, java.lang.Object, java.lang.Object, java.lang.Object, java.lang.Object, java.lang.Object, java.lang.Object, java.lang.Object, java.lang.Object, java.lang.Object, java.lang.Object, java.lang.Object, java.lang.Object, java.lang.Object, java.lang.Object, java.lang.Object, java.lang.Object, java.lang.Object, java.lang.Object, java.lang.Obj
Event: 6.408 Thread 0x000002b494645300 Exception <a 'java/lang/NoSuchMethodError'{0x0000000082b985b0}: 'java.lang.Object java.lang.invoke.DirectMethodHandle$Holder.invokeStatic(java.lang.Object, java.lang.Object, java.lang.Object, java.lang.Object, java.lang.Object, java.lang.Object, java.lang.Object, java.lang.Object, java.lang.Object, java.lang.Object, java.lang.Object, java.lang.Object, java.lang.Object, java.lang.Object, java.lang.Object, java.lang.Object, java.lang.Object, java.lang.Object, java.lang.Object, java.lang.Object, java.lang.Obj
Event: 6.411 Thread 0x000002b494645300 Exception <a 'java/lang/NoSuchMethodError'{0x0000000082bc9210}: 'java.lang.Object java.lang.invoke.DirectMethodHandle$Holder.invokeStatic(java.lang.Object, java.lang.Object, java.lang.Object, java.lang.Object, java.lang.Object, java.lang.Object, java.lang.Object, java.lang.Object, java.lang.Object, java.lang.Object, java.lang.Object, java.lang.Object, java.lang.Object, java.lang.Object, java.lang.Object, java.lang.Object, java.lang.Object, java.lang.Object, java.lang.Object, java.lang.Object, java.lang.Obj
Event: 6.413 Thread 0x000002b494645300 Exception <a 'java/lang/NoSuchMethodError'{0x0000000082bfb020}: 'java.lang.Object java.lang.invoke.DirectMethodHandle$Holder.invokeStatic(java.lang.Object, java.lang.Object, java.lang.Object, java.lang.Object, java.lang.Object, java.lang.Object, java.lang.Object, java.lang.Object, java.lang.Object, java.lang.Object, java.lang.Object, java.lang.Object, java.lang.Object, java.lang.Object, java.lang.Object, java.lang.Object, java.lang.Object, java.lang.Object, java.lang.Object, java.lang.Object, java.lang.Obj
Event: 6.499 Thread 0x000002b494645300 Exception <a 'java/lang/NoSuchMethodError'{0x00000000829af008}: 'java.lang.Object java.lang.invoke.DirectMethodHandle$Holder.invokeStaticInit(java.lang.Object, java.lang.Object, java.lang.Object, java.lang.Object)'> (0x00000000829af008) 
thrown [s\src\hotspot\share\interpreter\linkResolver.cpp, line 759]
Event: 6.566 Thread 0x000002b494645300 Exception <a 'java/lang/NoSuchMethodError'{0x000000008259fd68}: 'void java.lang.invoke.DirectMethodHandle$Holder.invokeStaticInit(java.lang.Object, java.lang.Object)'> (0x000000008259fd68) 
thrown [s\src\hotspot\share\interpreter\linkResolver.cpp, line 759]
Event: 6.728 Thread 0x000002b494645300 Exception <a 'java/lang/NoSuchMethodError'{0x0000000083888268}: 'int java.lang.invoke.DirectMethodHandle$Holder.invokeVirtual(java.lang.Object, java.lang.Object)'> (0x0000000083888268) 
thrown [s\src\hotspot\share\interpreter\linkResolver.cpp, line 759]
Event: 6.957 Thread 0x000002b494645300 Exception <a 'java/lang/NoSuchMethodError'{0x0000000082e62eb8}: 'java.lang.Object java.lang.invoke.DirectMethodHandle$Holder.invokeStaticInit(java.lang.Object, java.lang.Object, java.lang.Object)'> (0x0000000082e62eb8) 
thrown [s\src\hotspot\share\interpreter\linkResolver.cpp, line 759]
Event: 7.019 Thread 0x000002b494645300 Exception <a 'java/lang/NoSuchMethodError'{0x0000000082cac350}: 'java.lang.Object java.lang.invoke.DirectMethodHandle$Holder.invokeSpecialIFC(java.lang.Object, java.lang.Object, java.lang.Object, java.lang.Object)'> (0x0000000082cac350) 
thrown [s\src\hotspot\share\interpreter\linkResolver.cpp, line 759]
Event: 7.025 Thread 0x000002b494645300 Exception <a 'java/lang/NoSuchMethodError'{0x0000000082cfb818}: 'java.lang.Object java.lang.invoke.DirectMethodHandle$Holder.newInvokeSpecial(java.lang.Object, java.lang.Object, java.lang.Object, java.lang.Object, java.lang.Object, java.lang.Object, java.lang.Object, java.lang.Object, java.lang.Object, java.lang.Object)'> (0x0000000082cfb818) 
thrown [s\src\hotspot\share\interpreter\linkResolver.cpp, line 759]
Event: 7.025 Thread 0x000002b494645300 Exception <a 'java/lang/NoSuchMethodError'{0x0000000082b00c30}: 'java.lang.Object java.lang.invoke.Invokers$Holder.linkToTargetMethod(java.lang.Object, java.lang.Object, java.lang.Object, java.lang.Object, java.lang.Object, java.lang.Object, java.lang.Object, java.lang.Object, java.lang.Object, java.lang.Object)'> (0x0000000082b00c30) 
thrown [s\src\hotspot\share\interpreter\linkResolver.cpp, line 759]
Event: 7.140 Thread 0x000002b494645300 Implicit null exception at 0x000002b43e5c390f to 0x000002b43e5c3e54

VM Operations (20 events):
Event: 5.367 Executing VM operation: G1CollectForAllocation done
Event: 5.921 Executing VM operation: G1CollectForAllocation
Event: 5.927 Executing VM operation: G1CollectForAllocation done
Event: 6.055 Executing VM operation: CollectForMetadataAllocation
Event: 6.061 Executing VM operation: CollectForMetadataAllocation done
Event: 6.078 Executing VM operation: G1PauseRemark
Event: 6.082 Executing VM operation: G1PauseRemark done
Event: 6.092 Executing VM operation: G1PauseCleanup
Event: 6.092 Executing VM operation: G1PauseCleanup done
Event: 6.428 Executing VM operation: HandshakeAllThreads
Event: 6.428 Executing VM operation: HandshakeAllThreads done
Event: 6.625 Executing VM operation: G1CollectForAllocation
Event: 6.629 Executing VM operation: G1CollectForAllocation done
Event: 6.651 Executing VM operation: G1CollectForAllocation
Event: 6.656 Executing VM operation: G1CollectForAllocation done
Event: 6.961 Executing VM operation: HandshakeAllThreads
Event: 6.961 Executing VM operation: HandshakeAllThreads done
Event: 7.143 Executing VM operation: HandshakeAllThreads
Event: 7.143 Executing VM operation: HandshakeAllThreads done
Event: 7.215 Executing VM operation: G1CollectForAllocation

Memory protections (0 events):
No events

Nmethod flushes (0 events):
No events

Events (20 events):
Event: 0.321 Thread 0x000002b42ef02a70 Thread added: 0x000002b44d6dc280
Event: 3.516 Thread 0x000002b42ef02a70 Thread added: 0x000002b493c9d140
Event: 4.030 Thread 0x000002b42ef02a70 Thread added: 0x000002b493f4e0f0
Event: 4.104 Thread 0x000002b42ef02a70 Thread added: 0x000002b494800710
Event: 4.195 Thread 0x000002b493f4e0f0 Thread added: 0x000002b493b71800
Event: 4.197 Thread 0x000002b493b71800 Thread added: 0x000002b4946443d0
Event: 4.228 Thread 0x000002b493b71800 Thread added: 0x000002b494644df0
Event: 4.307 Thread 0x000002b493b71800 Thread added: 0x000002b494645300
Event: 4.326 Thread 0x000002b494645300 Thread added: 0x000002b494642570
Event: 4.332 Thread 0x000002b494645300 Thread added: 0x000002b494645810
Event: 4.346 Thread 0x000002b494645300 Thread added: 0x000002b494643ec0
Event: 4.810 Thread 0x000002b494645300 Thread added: 0x000002b494642060
Event: 4.856 Thread 0x000002b494645300 Thread added: 0x000002b4946448e0
Event: 4.917 Thread 0x000002b494645300 Thread added: 0x000002b494642f90
Event: 6.298 Thread 0x000002b494645300 Thread added: 0x000002b4946434a0
Event: 6.342 Thread 0x000002b494645300 Thread added: 0x000002b494642a80
Event: 6.719 Thread 0x000002b494645300 Thread added: 0x000002b49559e420
Event: 6.726 Thread 0x000002b494645300 Thread added: 0x000002b4955a16c0
Event: 6.992 Thread 0x000002b494645300 Thread added: 0x000002b49559cad0
Event: 7.068 Thread 0x000002b494645300 Thread added: 0x000002b49559f350


Dynamic libraries:
0x00007ff7ef590000 - 0x00007ff7ef59e000 	C:\Users\welcome\.gradle\jdks\eclipse_adoptium-17-amd64-windows.2\bin\java.exe
0x00007ffa601b0000 - 0x00007ffa603a8000 	C:\Windows\SYSTEM32\ntdll.dll
0x00007ffa5f520000 - 0x00007ffa5f5e2000 	C:\Windows\System32\KERNEL32.DLL
0x00007ffa5d950000 - 0x00007ffa5dc47000 	C:\Windows\System32\KERNELBASE.dll
0x00007ffa5dfb0000 - 0x00007ffa5e0b0000 	C:\Windows\System32\ucrtbase.dll
0x00007ffa46c10000 - 0x00007ffa46c28000 	C:\Users\welcome\.gradle\jdks\eclipse_adoptium-17-amd64-windows.2\bin\jli.dll
0x00007ffa5f200000 - 0x00007ffa5f39d000 	C:\Windows\System32\USER32.dll
0x00007ffa42270000 - 0x00007ffa4228e000 	C:\Users\welcome\.gradle\jdks\eclipse_adoptium-17-amd64-windows.2\bin\VCRUNTIME140.dll
0x00007ffa5e0b0000 - 0x00007ffa5e0d2000 	C:\Windows\System32\win32u.dll
0x00007ffa5f1d0000 - 0x00007ffa5f1fb000 	C:\Windows\System32\GDI32.dll
0x00007ffa5d830000 - 0x00007ffa5d949000 	C:\Windows\System32\gdi32full.dll
0x00007ffa47ea0000 - 0x00007ffa4813b000 	C:\Windows\WinSxS\amd64_microsoft.windows.common-controls_6595b64144ccf1df_6.0.19041.6926_none_60b5a53971f8f7e6\COMCTL32.dll
0x00007ffa5dcd0000 - 0x00007ffa5dd6d000 	C:\Windows\System32\msvcp_win.dll
0x00007ffa5f7a0000 - 0x00007ffa5f83e000 	C:\Windows\System32\msvcrt.dll
0x00007ffa5f1a0000 - 0x00007ffa5f1cf000 	C:\Windows\System32\IMM32.DLL
0x00007ffa56e10000 - 0x00007ffa56e1c000 	C:\Users\welcome\.gradle\jdks\eclipse_adoptium-17-amd64-windows.2\bin\vcruntime140_1.dll
0x00007ffa0bf30000 - 0x00007ffa0bfbd000 	C:\Users\welcome\.gradle\jdks\eclipse_adoptium-17-amd64-windows.2\bin\msvcp140.dll
0x00007ff9b20a0000 - 0x00007ff9b2d0b000 	C:\Users\welcome\.gradle\jdks\eclipse_adoptium-17-amd64-windows.2\bin\server\jvm.dll
0x00007ffa600b0000 - 0x00007ffa60161000 	C:\Windows\System32\ADVAPI32.dll
0x00007ffa5fb00000 - 0x00007ffa5fb9f000 	C:\Windows\System32\sechost.dll
0x00007ffa5e880000 - 0x00007ffa5e9a6000 	C:\Windows\System32\RPCRT4.dll
0x00007ffa5dd70000 - 0x00007ffa5dd97000 	C:\Windows\System32\bcrypt.dll
0x00007ffa5f130000 - 0x00007ffa5f19b000 	C:\Windows\System32\WS2_32.dll
0x00007ffa5cd70000 - 0x00007ffa5cdbb000 	C:\Windows\SYSTEM32\POWRPROF.dll
0x00007ffa40930000 - 0x00007ffa40957000 	C:\Windows\SYSTEM32\WINMM.dll
0x00007ffa546b0000 - 0x00007ffa546ba000 	C:\Windows\SYSTEM32\VERSION.dll
0x00007ffa5cc30000 - 0x00007ffa5cc42000 	C:\Windows\SYSTEM32\UMPDC.dll
0x00007ffa5c050000 - 0x00007ffa5c062000 	C:\Windows\SYSTEM32\kernel.appcore.dll
0x00007ffa4cf90000 - 0x00007ffa4cf9a000 	C:\Users\welcome\.gradle\jdks\eclipse_adoptium-17-amd64-windows.2\bin\jimage.dll
0x00007ffa5bd50000 - 0x00007ffa5bf51000 	C:\Windows\SYSTEM32\DBGHELP.DLL
0x00007ffa3f820000 - 0x00007ffa3f854000 	C:\Windows\SYSTEM32\dbgcore.DLL
0x00007ffa5e0e0000 - 0x00007ffa5e162000 	C:\Windows\System32\bcryptPrimitives.dll
0x00007ffa4cf50000 - 0x00007ffa4cf5e000 	C:\Users\welcome\.gradle\jdks\eclipse_adoptium-17-amd64-windows.2\bin\instrument.dll
0x00007ffa29a50000 - 0x00007ffa29a75000 	C:\Users\welcome\.gradle\jdks\eclipse_adoptium-17-amd64-windows.2\bin\java.dll
0x00007ffa0be50000 - 0x00007ffa0bf27000 	C:\Users\welcome\.gradle\jdks\eclipse_adoptium-17-amd64-windows.2\bin\jsvml.dll
0x00007ffa5e9b0000 - 0x00007ffa5f122000 	C:\Windows\System32\SHELL32.dll
0x00007ffa5b5a0000 - 0x00007ffa5bd46000 	C:\Windows\SYSTEM32\windows.storage.dll
0x00007ffa5fba0000 - 0x00007ffa5fef3000 	C:\Windows\System32\combase.dll
0x00007ffa5d260000 - 0x00007ffa5d28b000 	C:\Windows\SYSTEM32\Wldp.dll
0x00007ffa5fa30000 - 0x00007ffa5fafd000 	C:\Windows\System32\OLEAUT32.dll
0x00007ffa5e280000 - 0x00007ffa5e32d000 	C:\Windows\System32\SHCORE.dll
0x00007ffa5e220000 - 0x00007ffa5e27b000 	C:\Windows\System32\shlwapi.dll
0x00007ffa5d760000 - 0x00007ffa5d784000 	C:\Windows\SYSTEM32\profapi.dll
0x00007ffa408c0000 - 0x00007ffa408d8000 	C:\Users\welcome\.gradle\jdks\eclipse_adoptium-17-amd64-windows.2\bin\zip.dll
0x00007ffa28e90000 - 0x00007ffa28eaa000 	C:\Users\welcome\.gradle\jdks\eclipse_adoptium-17-amd64-windows.2\bin\net.dll
0x00007ffa574f0000 - 0x00007ffa575fa000 	C:\Windows\SYSTEM32\WINHTTP.dll
0x00007ffa5cfc0000 - 0x00007ffa5d02a000 	C:\Windows\system32\mswsock.dll
0x00007ffa28e70000 - 0x00007ffa28e86000 	C:\Users\welcome\.gradle\jdks\eclipse_adoptium-17-amd64-windows.2\bin\nio.dll
0x00007ffa494e0000 - 0x00007ffa494f0000 	C:\Users\welcome\.gradle\jdks\eclipse_adoptium-17-amd64-windows.2\bin\verify.dll
0x00007ff9f7110000 - 0x00007ff9f7137000 	C:\Users\welcome\.gradle\native\660c5614fbf4a5f2a75b1949f50a0caf5cd603558e7d8a26e50b933a0cfb79d1\windows-amd64\native-platform.dll
0x00007ff9f1c70000 - 0x00007ff9f1ce7000 	C:\Users\welcome\.gradle\native\0.2.8\x86_64-windows-gnu\gradle-fileevents.dll
0x00007ffa47250000 - 0x00007ffa4725a000 	C:\Users\welcome\.gradle\jdks\eclipse_adoptium-17-amd64-windows.2\bin\management.dll
0x00007ffa3f190000 - 0x00007ffa3f19c000 	C:\Users\welcome\.gradle\jdks\eclipse_adoptium-17-amd64-windows.2\bin\management_ext.dll
0x00007ffa5f3a0000 - 0x00007ffa5f3a8000 	C:\Windows\System32\PSAPI.DLL
0x00007ffa5cc50000 - 0x00007ffa5cc8b000 	C:\Windows\SYSTEM32\IPHLPAPI.DLL
0x00007ffa5f9c0000 - 0x00007ffa5f9c8000 	C:\Windows\System32\NSI.dll
0x00007ffa53b80000 - 0x00007ffa53b97000 	C:\Windows\SYSTEM32\dhcpcsvc6.DLL
0x00007ffa55520000 - 0x00007ffa5553d000 	C:\Windows\SYSTEM32\dhcpcsvc.DLL
0x00007ffa5cca0000 - 0x00007ffa5cd6a000 	C:\Windows\SYSTEM32\DNSAPI.dll
0x00007ffa2bcd0000 - 0x00007ffa2bcd9000 	C:\Users\welcome\.gradle\jdks\eclipse_adoptium-17-amd64-windows.2\bin\extnet.dll
0x00007ffa5d1b0000 - 0x00007ffa5d1c8000 	C:\Windows\SYSTEM32\CRYPTSP.dll
0x00007ffa5c870000 - 0x00007ffa5c8a8000 	C:\Windows\system32\rsaenh.dll
0x00007ffa5d720000 - 0x00007ffa5d74e000 	C:\Windows\SYSTEM32\USERENV.dll
0x00007ffa5d1d0000 - 0x00007ffa5d1dc000 	C:\Windows\SYSTEM32\CRYPTBASE.dll
0x00007ffa2bc80000 - 0x00007ffa2bc8e000 	C:\Users\welcome\.gradle\jdks\eclipse_adoptium-17-amd64-windows.2\bin\sunmscapi.dll
0x00007ffa5dda0000 - 0x00007ffa5defd000 	C:\Windows\System32\CRYPT32.dll
0x00007ffa5d2d0000 - 0x00007ffa5d2f7000 	C:\Windows\SYSTEM32\ncrypt.dll
0x00007ffa5d290000 - 0x00007ffa5d2cb000 	C:\Windows\SYSTEM32\NTASN1.dll
0x00007ffa56be0000 - 0x00007ffa56be7000 	C:\Windows\system32\wshunix.dll

dbghelp: loaded successfully - version: 4.0.5 - missing functions: none
symbol engine: initialized successfully - sym options: 0x614 - pdb path: .;C:\Users\welcome\.gradle\jdks\eclipse_adoptium-17-amd64-windows.2\bin;C:\Windows\SYSTEM32;C:\Windows\WinSxS\amd64_microsoft.windows.common-controls_6595b64144ccf1df_6.0.19041.6926_none_60b5a53971f8f7e6;C:\Users\welcome\.gradle\jdks\eclipse_adoptium-17-amd64-windows.2\bin\server;C:\Users\welcome\.gradle\native\660c5614fbf4a5f2a75b1949f50a0caf5cd603558e7d8a26e50b933a0cfb79d1\windows-amd64;C:\Users\welcome\.gradle\native\0.2.8\x86_64-windows-gnu

VM Arguments:
jvm_args: --add-opens=java.base/java.lang=ALL-UNNAMED --add-opens=java.base/java.lang.invoke=ALL-UNNAMED --add-opens=java.base/java.util=ALL-UNNAMED --add-opens=java.prefs/java.util.prefs=ALL-UNNAMED --add-exports=jdk.compiler/com.sun.tools.javac.api=ALL-UNNAMED --add-exports=jdk.compiler/com.sun.tools.javac.util=ALL-UNNAMED --add-opens=java.base/java.util=ALL-UNNAMED --add-opens=java.prefs/java.util.prefs=ALL-UNNAMED --add-opens=java.base/java.nio.charset=ALL-UNNAMED --add-opens=java.base/java.net=ALL-UNNAMED --add-opens=java.base/java.util.concurrent=ALL-UNNAMED --add-opens=java.base/java.util.concurrent.atomic=ALL-UNNAMED --add-opens=java.xml/javax.xml.namespace=ALL-UNNAMED --add-opens=java.base/java.time=ALL-UNNAMED -Xmx2048m -Dfile.encoding=UTF-8 -Duser.country=IN -Duser.language=en -Duser.variant -javaagent:C:\Users\welcome\.gradle\wrapper\dists\gradle-9.2.1-bin\2t0n5ozlw9xmuyvbp7dnzaxug\gradle-9.2.1\lib\agents\gradle-instrumentation-agent-9.2.1.jar 
java_command: org.gradle.launcher.daemon.bootstrap.GradleDaemon 9.2.1
java_class_path (initial): C:\Users\welcome\.gradle\wrapper\dists\gradle-9.2.1-bin\2t0n5ozlw9xmuyvbp7dnzaxug\gradle-9.2.1\lib\gradle-daemon-main-9.2.1.jar
Launcher Type: SUN_STANDARD

[Global flags]
     intx CICompilerCount                          = 4                                         {product} {ergonomic}
     uint ConcGCThreads                            = 2                                         {product} {ergonomic}
     uint G1ConcRefinementThreads                  = 8                                         {product} {ergonomic}
   size_t G1HeapRegionSize                         = 1048576                                   {product} {ergonomic}
    uintx GCDrainStackTargetSize                   = 64                                        {product} {ergonomic}
   size_t InitialHeapSize                          = 62914560                                  {product} {ergonomic}
   size_t MarkStackSize                            = 4194304                                   {product} {ergonomic}
   size_t MaxHeapSize                              = 2147483648                                {product} {command line}
   size_t MaxNewSize                               = 1287651328                                {product} {ergonomic}
   size_t MinHeapDeltaBytes                        = 1048576                                   {product} {ergonomic}
   size_t MinHeapSize                              = 8388608                                   {product} {ergonomic}
    uintx NonNMethodCodeHeapSize                   = 5839372                                {pd product} {ergonomic}
    uintx NonProfiledCodeHeapSize                  = 122909434                              {pd product} {ergonomic}
    uintx ProfiledCodeHeapSize                     = 122909434                              {pd product} {ergonomic}
    uintx ReservedCodeCacheSize                    = 251658240                              {pd product} {ergonomic}
     bool SegmentedCodeCache                       = true                                      {product} {ergonomic}
   size_t SoftMaxHeapSize                          = 2147483648                             {manageable} {ergonomic}
     bool UseCompressedClassPointers               = true                           {product lp64_product} {ergonomic}
     bool UseCompressedOops                        = true                           {product lp64_product} {ergonomic}
     bool UseG1GC                                  = true                                      {product} {ergonomic}
     bool UseLargePagesIndividualAllocation        = false                                  {pd product} {ergonomic}

Logging:
Log output configuration:
 #0: stdout all=warning uptime,level,tags
 #1: stderr all=off uptime,level,tags

Environment Variables:
PATH=C:\Windows\system32;C:\Windows;C:\Windows\System32\Wbem;C:\Windows\System32\WindowsPowerShell\v1.0\;C:\Windows\System32\OpenSSH\;C:\Program Files\Git\cmd;C:\Program Files\nodejs\;C:\Users\welcome\AppData\Local\Microsoft\WindowsApps;C:\Users\welcome\AppData\Local\Programs\Antigravity\bin;C:\Users\welcome\AppData\Local\Programs\cursor\resources\app\bin;C:\Users\welcome\AppData\Local\Programs\Microsoft VS Code\bin;C:\Users\welcome\AppData\Roaming\npm
USERNAME=welcome
OS=Windows_NT
PROCESSOR_IDENTIFIER=Intel64 Family 6 Model 140 Stepping 2, GenuineIntel
TMP=C:\Users\welcome\AppData\Local\Temp
TEMP=C:\Users\welcome\AppData\Local\Temp



Periodic native trim disabled


---------------  S Y S T E M  ---------------

OS:
 Windows 10 , 64 bit Build 19041 (10.0.19041.6807)
OS uptime: 5 days 0:32 hours

CPU: total 8 (initial active 8) (4 cores per cpu, 2 threads per core) family 6 model 140 stepping 2 microcode 0x34, cx8, cmov, fxsr, ht, mmx, 3dnowpref, sse, sse2, sse3, ssse3, sse4.1, sse4.2, popcnt, lzcnt, tsc, tscinvbit, avx, avx2, aes, erms, clmul, bmi1, bmi2, adx, avx512f, avx512dq, avx512cd, avx512bw, avx512vl, sha, fma, vzeroupper, avx512_vpopcntdq, avx512_vpclmulqdq, avx512_vaes, avx512_vnni, clflush, clflushopt, clwb, avx512_vbmi2, avx512_vbmi
Processor Information for processor 0
  Max Mhz: 2496, Current Mhz: 2496, Mhz Limit: 2496
Processor Information for processor 1
  Max Mhz: 2496, Current Mhz: 2496, Mhz Limit: 2496
Processor Information for processor 2
  Max Mhz: 2496, Current Mhz: 2496, Mhz Limit: 2496
Processor Information for processor 3
  Max Mhz: 2496, Current Mhz: 2496, Mhz Limit: 2496
Processor Information for processor 4
  Max Mhz: 2496, Current Mhz: 998, Mhz Limit: 2496
Processor Information for processor 5
  Max Mhz: 2496, Current Mhz: 2496, Mhz Limit: 2496
Processor Information for processor 6
  Max Mhz: 2496, Current Mhz: 2496, Mhz Limit: 2496
Processor Information for processor 7
  Max Mhz: 2496, Current Mhz: 2496, Mhz Limit: 2496

Memory: 4k page, system-wide physical 3738M (64M free)
TotalPageFile size 15002M (AvailPageFile size 16M)
current process WorkingSet (physical memory assigned to process): 183M, peak: 186M
current process commit charge ("private bytes"): 242M, peak: 275M

vm_info: OpenJDK 64-Bit Server VM (17.0.18+8) for windows-amd64 JRE (17.0.18+8), built on Jan 20 2026 22:28:22 by "admin" with MS VC++ 17.12 (VS2022)

END.
